            --------------------------------------------------------
                             AMBER SQM VERSION 19
 
                                     By
              Ross C. Walker, Michael F. Crowley, Scott Brozell,
                         Tim Giese, Andreas W. Goetz,
                        Tai-Sung Lee and David A. Case
 
            --------------------------------------------------------
 

--------------------------------------------------------------------------------
  QM CALCULATION INFO
--------------------------------------------------------------------------------

| QMMM: Citation for AMBER QMMM Run:
| QMMM: R.C. Walker, M.F. Crowley and D.A. Case, J. COMP. CHEM. 29:1019, 2008

QMMM: SINGLET STATE CALCULATION
QMMM: RHF CALCULATION, NO. OF DOUBLY OCCUPIED LEVELS = 43

| QMMM: *** Selected Hamiltonian *** 
| QMMM: PM3         

| QMMM: *** Parameter sets in use ***
| QMMM: C : J.J.P.STEWART, JCC, 10, 209 (1989)
| QMMM: O : J.J.P.STEWART, JCC, 10, 209 (1989)
| QMMM: N : J.J.P.STEWART, JCC, 10, 209 (1989)
| QMMM: Cl: J.J.P.STEWART, JCC, 10, 209 (1989)
| QMMM: H : J.J.P.STEWART, JCC, 10, 209 (1989)

| QMMM: *** SCF convergence criteria ***
| QMMM: Energy change                :  0.1D-07 kcal/mol
| QMMM: Error matrix |FP-PF|         :  0.1D+00 au
| QMMM: Density matrix change        :  0.5D-05
| QMMM: Maximum number of SCF cycles :     1000

| QMMM: *** Diagonalization Routine Information ***
| QMMM: Pseudo diagonalizations are allowed.
| QMMM: Auto diagonalization routine selection is in use.
| QMMM:
| QMMM: Timing diagonalization routines:
| QMMM:                              norbs =       75
| QMMM:    diag iterations used for timing =       15
| QMMM:
| QMMM:              Internal diag routine = 0.009514 seconds
| QMMM:                 Dspev diag routine = 0.012158 seconds
| QMMM:                Dspevd diag routine = 0.006855 seconds
| QMMM:                Dspevx diag routine = 0.035618 seconds
| QMMM:                 Dsyev diag routine = 0.011761 seconds
| QMMM:                Dsyevd diag routine = 0.006106 seconds
| QMMM:                Dsyevr diag routine = 0.007994 seconds
| QMMM:
| QMMM:                Pseudo diag routine = 0.002998 seconds
| QMMM:
| QMMM: Using dsyevd routine (diag_routine=6).

  QMMM: QM Region Cartesian Coordinates (*=link atom) 
  QMMM: QM_NO.   MM_NO.  ATOM         X         Y         Z
  QMMM:     1        1      C        2.7290   25.2540   34.5130
  QMMM:     2        2      C        3.1580   23.9020   33.9540
  QMMM:     3        3      C        4.2050   23.2170   34.7990
  QMMM:     4        4      O        3.6910   22.7290   36.0390
  QMMM:     5        5      C        2.3880   22.2840   36.0960
  QMMM:     6        6      C        1.9390   21.7250   37.2870
  QMMM:     7        7      C        0.6020   21.3430   37.4060
  QMMM:     8        8      C       -0.2720   21.5120   36.3610
  QMMM:     9        9      C        0.1650   22.0670   35.1720
  QMMM:    10       10      C        1.4950   22.4290   35.0270
  QMMM:    11       11      N        2.0050   23.0080   33.8350
  QMMM:    12       12      C        1.5500   22.7170   32.5910
  QMMM:    13       13      O        1.4670   23.5850   31.7430
  QMMM:    14       14      C        1.2530   21.2570   32.2520
  QMMM:    15       15      Cl       2.7810   20.3620   32.1060
  QMMM:    16       16      Cl       0.3750   21.0670   30.7840
  QMMM:    17       17      H        2.7410   25.2170   35.6120
  QMMM:    18       18      H        3.4240   26.0320   34.1650
  QMMM:    19       19      H        1.7120   25.4890   34.1650
  QMMM:    20       20      H        3.5970   24.1100   32.9670
  QMMM:    21       21      H        4.6140   22.3680   34.2310
  QMMM:    22       22      H        4.9770   23.9640   35.0350
  QMMM:    23       23      H        2.6320   21.5850   38.1290
  QMMM:    24       24      H        0.2440   20.9010   38.3480
  QMMM:    25       25      H       -1.3230   21.2050   36.4700
  QMMM:    26       26      H       -0.5420   22.2210   34.3430
  QMMM:    27       27      H        0.6290   20.8660   33.0690

--------------------------------------------------------------------------------
  RESULTS
--------------------------------------------------------------------------------

 
 Final MO eigenvalues (eV):
 -57.0264  -53.6770  -42.2882  -38.3401  -37.7091  -34.7449  -31.6204  -29.4851
 -28.0751  -26.8991  -25.7074  -22.7832  -22.5607  -20.6418  -19.5440  -18.8684
 -18.4569  -17.4947  -17.0770  -16.9760  -16.4545  -16.1187  -15.9540  -15.3290
 -15.0099  -14.8635  -14.6129  -14.4074  -13.9629  -13.5829  -13.4800  -13.0476
 -13.0265  -12.4357  -12.1733  -11.7799  -11.1350  -11.0556  -10.9765  -10.6171
 -10.5666   -9.7419   -9.0017   -0.3350   -0.0199    0.1007    0.5707    0.8833
   1.3582    1.8544    2.1857    2.4837    2.5516    2.8508    2.9441    3.0286
   3.1245    3.2470    3.4085    3.4311    3.6913    3.7311    3.8909    4.0574
   4.1940    4.3384    4.3756    4.4221    4.6596    4.9137    5.2939    5.4939
   5.9187    6.1588    6.6101

 Heat of formation   =        -45.92608486 kcal/mol  (       -1.99150448 eV)

 Total SCF energy    =     -65838.25668822 kcal/mol  (    -2854.96104628 eV)
 Electronic energy   =    -404783.63418522 kcal/mol  (   -17552.73553555 eV)
 Core-core repulsion =     338945.37749700 kcal/mol  (    14697.77448927 eV)
 
    Atomic Charges for Step       1 :
  Atom    Element       Mulliken Charge
     1      C                 -0.134
     2      C                 -0.099
     3      C                  0.047
     4      O                 -0.182
     5      C                  0.080
     6      C                 -0.115
     7      C                 -0.081
     8      C                 -0.111
     9      C                 -0.104
    10      C                 -0.125
    11      N                  0.068
    12      C                  0.222
    13      O                 -0.322
    14      C                 -0.173
    15      Cl                 0.011
    16      Cl                 0.048
    17      H                  0.056
    18      H                  0.053
    19      H                  0.067
    20      H                  0.101
    21      H                  0.055
    22      H                  0.077
    23      H                  0.122
    24      H                  0.107
    25      H                  0.110
    26      H                  0.115
    27      H                  0.107
 Total Mulliken Charge =       0.000
 
                  X        Y        Z     TOTAL  
  QM DIPOLE     0.255   -0.531    2.299    2.373
 
 Final Structure

  QMMM: QM Region Cartesian Coordinates (*=link atom) 
  QMMM: QM_NO.   MM_NO.  ATOM         X         Y         Z
  QMMM:     1        1      C        2.7290   25.2540   34.5130
  QMMM:     2        2      C        3.1580   23.9020   33.9540
  QMMM:     3        3      C        4.2050   23.2170   34.7990
  QMMM:     4        4      O        3.6910   22.7290   36.0390
  QMMM:     5        5      C        2.3880   22.2840   36.0960
  QMMM:     6        6      C        1.9390   21.7250   37.2870
  QMMM:     7        7      C        0.6020   21.3430   37.4060
  QMMM:     8        8      C       -0.2720   21.5120   36.3610
  QMMM:     9        9      C        0.1650   22.0670   35.1720
  QMMM:    10       10      C        1.4950   22.4290   35.0270
  QMMM:    11       11      N        2.0050   23.0080   33.8350
  QMMM:    12       12      C        1.5500   22.7170   32.5910
  QMMM:    13       13      O        1.4670   23.5850   31.7430
  QMMM:    14       14      C        1.2530   21.2570   32.2520
  QMMM:    15       15      Cl       2.7810   20.3620   32.1060
  QMMM:    16       16      Cl       0.3750   21.0670   30.7840
  QMMM:    17       17      H        2.7410   25.2170   35.6120
  QMMM:    18       18      H        3.4240   26.0320   34.1650
  QMMM:    19       19      H        1.7120   25.4890   34.1650
  QMMM:    20       20      H        3.5970   24.1100   32.9670
  QMMM:    21       21      H        4.6140   22.3680   34.2310
  QMMM:    22       22      H        4.9770   23.9640   35.0350
  QMMM:    23       23      H        2.6320   21.5850   38.1290
  QMMM:    24       24      H        0.2440   20.9010   38.3480
  QMMM:    25       25      H       -1.3230   21.2050   36.4700
  QMMM:    26       26      H       -0.5420   22.2210   34.3430
  QMMM:    27       27      H        0.6290   20.8660   33.0690

           --------- Calculation Completed ----------

