
          -------------------------------------------------------
          Amber 22 PMEMD                              2022
          -------------------------------------------------------

| PMEMD implementation of SANDER, Release 22

|  Compiled date/time: Thu Apr 14 11:06:37 2022
| Run on 09/01/2026 at 11:43:35

|   Executable path: pmemd.cuda
| Working directory: /bigdata/cutlerlab/jjaco081/PYR1_pocket_expansion/data/posecheck/aba_crystal/rep0
|          Hostname: gpu09

  [-O]verwriting output

File Assignments:
|   MDIN: eq2.in                                                                
|  MDOUT: eq2.out                                                               
| INPCRD: eq1.rst7                                                              
|   PARM: /bigdata/cutlerlab/jjaco081/PYR1_pocket_expansion/data/posecheck/aba_c
| RESTRT: eq2.rst7                                                              
|   REFC: refc                                                                  
|  MDVEL: mdvel                                                                 
|   MDEN: mden                                                                  
|  MDCRD: eq2.nc                                                                
| MDINFO: eq2.info                                                              
|  MDFRC: mdfrc                                                                 


 Here is the input file:

NPT equilibration 2, 1 ns, unrestrained                                        
 &cntrl                                                                        
  imin=0, irest=1, ntx=5,                                                      
  nstlim=500000, dt=0.002,                                                     
  ntc=2, ntf=2, cut=10.0,                                                      
  ntb=2, ntp=1, barostat=2, pres0=1.0, taup=2.0,                               
  ntt=3, gamma_ln=2.0, ig=-1, temp0=300.0,                                     
  ntr=0,                                                                       
  ntpr=5000, ntwx=5000, ntwr=50000,                                            
 /                                                                             


Note: ig = -1. Setting random seed to   324462 based on wallclock time in 
      microseconds.
| irandom = 1, using AMBER's internal random number generator (default).
 
|--------------------- INFORMATION ----------------------
| GPU (CUDA) Version of PMEMD in use: NVIDIA GPU IN USE.
|                    Version 18.0.0
| 
|                      03/25/2018
| 
| Implementation by:
|                    Ross C. Walker     (SDSC)
|                    Scott Le Grand     (nVIDIA)
| 
| Version 18 performance extensions by:
|                    David Cerutti     (Rutgers)
| 
| Precision model in use:
|      [SPFP] - Single Precision Forces, 64-bit Fixed Point
|               Accumulation. (Default)
| 
|--------------------------------------------------------
 
|----------------- CITATION INFORMATION -----------------
|
|    When publishing work that utilized the CUDA version
|    of AMBER, please cite the following in addition to
|    the regular AMBER citations:
|
|  - Romelia Salomon-Ferrer; Andreas W. Goetz; Duncan
|    Poole; Scott Le Grand; Ross C. Walker "Routine
|    microsecond molecular dynamics simulations with
|    AMBER - Part II: Particle Mesh Ewald", J. Chem.
|    Theory Comput., 2013, 9 (9), pp3878-3888,
|    DOI: 10.1021/ct400314y.
|
|  - Andreas W. Goetz; Mark J. Williamson; Dong Xu;
|    Duncan Poole; Scott Le Grand; Ross C. Walker
|    "Routine microsecond molecular dynamics simulations
|    with AMBER - Part I: Generalized Born", J. Chem.
|    Theory Comput., 2012, 8 (5), pp1542-1555.
|
|  - Scott Le Grand; Andreas W. Goetz; Ross C. Walker
|    "SPFP: Speed without compromise - a mixed precision
|    model for GPU accelerated molecular dynamics
|    simulations.", Comp. Phys. Comm., 2013, 184
|    pp374-380, DOI: 10.1016/j.cpc.2012.09.022
|
|--------------------------------------------------------
 
|------------------- GPU DEVICE INFO --------------------
|
|            CUDA_VISIBLE_DEVICES: 0
|   CUDA Capable Devices Detected:      1
|           CUDA Device ID in use:      0
|                CUDA Device Name: NVIDIA RTX 6000 Ada Generation
|     CUDA Device Global Mem Size:  48510 MB
| CUDA Device Num Multiprocessors:    142
|           CUDA Device Core Freq:   2.50 GHz
|
|--------------------------------------------------------
 
 
| Conditional Compilation Defines Used:
| PUBFFT
| BINTRAJ
| CUDA
| EMIL

| Largest sphere to fit in unit cell has radius =    30.922

| New format PARM file being parsed.
| Version =    1.000 Date = 09/01/26 Time = 11:33:49

| Note: 1-4 EEL scale factors are being read from the topology file.

| Note: 1-4 VDW scale factors are being read from the topology file.
| INFO:    Virtual site frames will be inferred from bonding patterns.
| Duplicated    0 dihedrals

| Duplicated    0 dihedrals

--------------------------------------------------------------------------------
   1.  RESOURCE   USE: 
--------------------------------------------------------------------------------

 getting box info from netcdf restart file
 NATOM  =   43861 NTYPES =      26 NBONH =   32118 MBONA  =   11708
 NTHETH =    3249 MTHETA =    2007 NPHIH =    6624 MPHIA  =    6358
 NHPARM =       0 NPARM  =       0 NNB   =   87569 NRES   =   10470
 NBONA  =   11708 NTHETA =    2007 NPHIA =    6358 NUMBND =      92
 NUMANG =     206 NPTRA  =     217 NATYP =      50 NPHB   =       0
 IFBOX  =       2 NMXRS  =      38 IFCAP =       0 NEXTRA =   10228
 NCOPY  =       0


| Coordinate Index Table dimensions:    12   12   12
| Direct force subcell size =     6.3119    6.3119    6.3119

     BOX TYPE: TRUNCATED OCTAHEDRON

--------------------------------------------------------------------------------
   2.  CONTROL  DATA  FOR  THE  RUN
--------------------------------------------------------------------------------

default_name                                                                    

General flags:
     imin    =       0, nmropt  =       0

Nature and format of input:
     ntx     =       5, irest   =       1, ntrx    =       1

Nature and format of output:
     ntxo    =       2, ntpr    =    5000, ntrx    =       1, ntwr    =   50000
     iwrap   =       0, ntwx    =    5000, ntwv    =       0, ntwe    =       0
     ioutfm  =       1, ntwprt  =       0, idecomp =       0, rbornstat=      0

Potential function:
     ntf     =       2, ntb     =       2, igb     =       0, nsnb    =      25
     ipol    =       0, gbsa    =       0, iesp    =       0
     dielc   =   1.00000, cut     =  10.00000, intdiel =   1.00000

Frozen or restrained atoms:
     ibelly  =       0, ntr     =       0

Molecular dynamics:
     nstlim  =    500000, nscm    =      1000, nrespa  =         1
     t       =   0.00000, dt      =   0.00200, vlimit  =  -1.00000

Langevin dynamics temperature regulation:
     ig      =  324462
     temp0   = 300.00000, tempi   =   0.00000, gamma_ln=   2.00000

Pressure regulation:
     ntp     =       1
     pres0   =   1.00000, comp    =  44.60000, taup    =   2.00000
     Monte-Carlo Barostat:
     mcbarint  =     100

SHAKE:
     ntc     =       2, jfastw  =       0
     tol     =   0.00001

| Intermolecular bonds treatment:
|     no_intermolecular_bonds =       1

| Energy averages sample interval:
|     ene_avg_sampling =    5000

Extra-points options:
     frameon =       1, chngmask=       1

Ewald parameters:
     verbose =       0, ew_type =       0, nbflag  =       1, use_pme =       1
     vdwmeth =       1, eedmeth =       1, netfrc  =       1
     Box X =   75.743   Box Y =   75.743   Box Z =   75.743
     Alpha =  109.471   Beta  =  109.471   Gamma =  109.471
     NFFT1 =   80       NFFT2 =   80       NFFT3 =   80
     Cutoff=   10.000   Tol   =0.100E-04
     Ewald Coefficient =  0.27511
     Interpolation order =    4
|      EXTRA_PTS, trim_bonds: num bonds BEFORE trim = 32118     0
|      EXTRA_PTS, trim_bonds: num bonds AFTER  trim = 32118     0
|      EXTRA_PTS, trim_bonds: num bonds BEFORE trim = 11708     0
|      EXTRA_PTS, trim_bonds: num bonds AFTER  trim =  1480     0
|      EXTRA_PTS, trim_theta: num angle BEFORE trim =  3249     0
|      EXTRA_PTS, trim_theta: num angle AFTER  trim =  3249     0
|      EXTRA_PTS, trim_theta: num angle BEFORE trim =  2007     0
|      EXTRA_PTS, trim_theta: num angle AFTER  trim =  2007     0
|      EXTRA_PTS, trim_phi:  num diheds BEFORE trim =  6624     0
|      EXTRA_PTS, trim_phi:  num diheds AFTER  trim =  6624     0
|      EXTRA_PTS, trim_phi:  num diheds BEFORE trim =  6358     0
|      EXTRA_PTS, trim_phi:  num diheds AFTER  trim =  6358     0
| MONTE CARLO BAROSTAT IMPORTANT NOTE:
|   The Monte-Carlo barostat does not require the virial to adjust the system volume.
|   Since it is an expensive calculation, it is skipped for efficiency. A side-effect
|   is that the reported pressure is always 0 because it is not calculated.

--------------------------------------------------------------------------------
   3.  ATOMIC COORDINATES AND VELOCITIES
--------------------------------------------------------------------------------

default_name                                                                    
 begin time read from input coords =   700.000 ps

 
 Number of triangulated 3-point waters found:    10228

     Sum of charges from parm topology file =  -0.00094292
     Forcing neutrality...

| Dynamic Memory, Types Used:
| Reals             1887941
| Integers          4330408

| Nonbonded Pairs Initial Allocation:    13266855

| GPU memory information (estimate):
| KB of GPU memory in use:    388389
| KB of CPU memory in use:     97960

--------------------------------------------------------------------------------
   4.  RESULTS
--------------------------------------------------------------------------------

| MC Barostat: Decreasing size of volume moves
| MC Barostat: Decreasing size of volume moves
| MC Barostat: Decreasing size of volume moves
| MC Barostat: Decreasing size of volume moves
| MC Barostat: Decreasing size of volume moves

 NSTEP =     5000   TIME(PS) =     710.000  TEMP(K) =   299.73  PRESS =     0.0
 Etot   =   -117229.2391  EKtot   =     20483.4355  EPtot      =   -137712.6746
 BOND   =       557.0209  ANGLE   =      1480.7841  DIHED      =      1030.0072
 UB     =         0.0000  IMP     =         0.0000  CMAP       =       135.9301
 1-4 NB =       635.7651  1-4 EEL =      5868.9218  VDWAALS    =     16473.3248
 EELEC  =   -163894.4285  EHBOND  =         0.0000  RESTRAINT  =         0.0000
 EKCMT  =         0.0000  VIRIAL  =         0.0000  VOLUME     =    334288.5211
                                                    Density    =         1.0297
 ------------------------------------------------------------------------------

| MC Barostat: Decreasing size of volume moves
| MC Barostat: Decreasing size of volume moves
| MC Barostat: Decreasing size of volume moves

 NSTEP =    10000   TIME(PS) =     720.000  TEMP(K) =   297.28  PRESS =     0.0
 Etot   =   -117463.1793  EKtot   =     20316.2266  EPtot      =   -137779.4059
 BOND   =       566.1426  ANGLE   =      1490.2313  DIHED      =      1019.1440
 UB     =         0.0000  IMP     =         0.0000  CMAP       =       145.6058
 1-4 NB =       644.7004  1-4 EEL =      5811.2389  VDWAALS    =     16198.4340
 EELEC  =   -163654.9029  EHBOND  =         0.0000  RESTRAINT  =         0.0000
 EKCMT  =         0.0000  VIRIAL  =         0.0000  VOLUME     =    335301.6301
                                                    Density    =         1.0265
 ------------------------------------------------------------------------------

| MC Barostat: Decreasing size of volume moves
| MC Barostat: Decreasing size of volume moves
| MC Barostat: Decreasing size of volume moves

 NSTEP =    15000   TIME(PS) =     730.000  TEMP(K) =   299.40  PRESS =     0.0
 Etot   =   -116996.3410  EKtot   =     20461.3027  EPtot      =   -137457.6438
 BOND   =       549.1530  ANGLE   =      1546.9364  DIHED      =      1049.6126
 UB     =         0.0000  IMP     =         0.0000  CMAP       =       143.3484
 1-4 NB =       670.2773  1-4 EEL =      5865.2502  VDWAALS    =     16688.1357
 EELEC  =   -163970.3573  EHBOND  =         0.0000  RESTRAINT  =         0.0000
 EKCMT  =         0.0000  VIRIAL  =         0.0000  VOLUME     =    335173.5829
                                                    Density    =         1.0269
 ------------------------------------------------------------------------------

| MC Barostat: Decreasing size of volume moves
| MC Barostat: Decreasing size of volume moves

 NSTEP =    20000   TIME(PS) =     740.000  TEMP(K) =   299.87  PRESS =     0.0
 Etot   =   -117205.2439  EKtot   =     20493.4258  EPtot      =   -137698.6697
 BOND   =       567.4955  ANGLE   =      1490.4172  DIHED      =      1017.5373
 UB     =         0.0000  IMP     =         0.0000  CMAP       =       147.4810
 1-4 NB =       637.1450  1-4 EEL =      5850.0693  VDWAALS    =     16598.9404
 EELEC  =   -164007.7554  EHBOND  =         0.0000  RESTRAINT  =         0.0000
 EKCMT  =         0.0000  VIRIAL  =         0.0000  VOLUME     =    334063.3407
                                                    Density    =         1.0303
 ------------------------------------------------------------------------------


 NSTEP =    25000   TIME(PS) =     750.000  TEMP(K) =   302.96  PRESS =     0.0
 Etot   =   -116900.9926  EKtot   =     20704.7324  EPtot      =   -137605.7250
 BOND   =       588.2113  ANGLE   =      1523.9712  DIHED      =       995.6926
 UB     =         0.0000  IMP     =         0.0000  CMAP       =       150.8760
 1-4 NB =       659.0723  1-4 EEL =      5871.4133  VDWAALS    =     16445.2109
 EELEC  =   -163840.1725  EHBOND  =         0.0000  RESTRAINT  =         0.0000
 EKCMT  =         0.0000  VIRIAL  =         0.0000  VOLUME     =    333012.9243
                                                    Density    =         1.0336
 ------------------------------------------------------------------------------


 NSTEP =    30000   TIME(PS) =     760.000  TEMP(K) =   300.32  PRESS =     0.0
 Etot   =   -117315.7398  EKtot   =     20524.1113  EPtot      =   -137839.8511
 BOND   =       581.6144  ANGLE   =      1479.7178  DIHED      =       989.9766
 UB     =         0.0000  IMP     =         0.0000  CMAP       =       133.0655
 1-4 NB =       646.7579  1-4 EEL =      5855.4072  VDWAALS    =     16221.3310
 EELEC  =   -163747.7215  EHBOND  =         0.0000  RESTRAINT  =         0.0000
 EKCMT  =         0.0000  VIRIAL  =         0.0000  VOLUME     =    332553.2768
                                                    Density    =         1.0350
 ------------------------------------------------------------------------------


 NSTEP =    35000   TIME(PS) =     770.000  TEMP(K) =   299.63  PRESS =     0.0
 Etot   =   -117068.9155  EKtot   =     20476.7598  EPtot      =   -137545.6753
 BOND   =       550.3946  ANGLE   =      1542.4325  DIHED      =      1001.3154
 UB     =         0.0000  IMP     =         0.0000  CMAP       =       139.2235
 1-4 NB =       652.8081  1-4 EEL =      5856.1853  VDWAALS    =     16515.0376
 EELEC  =   -163803.0722  EHBOND  =         0.0000  RESTRAINT  =         0.0000
 EKCMT  =         0.0000  VIRIAL  =         0.0000  VOLUME     =    333249.7605
                                                    Density    =         1.0329
 ------------------------------------------------------------------------------


 NSTEP =    40000   TIME(PS) =     780.000  TEMP(K) =   301.26  PRESS =     0.0
 Etot   =   -117053.1544  EKtot   =     20588.3633  EPtot      =   -137641.5177
 BOND   =       577.6455  ANGLE   =      1527.9286  DIHED      =      1006.3902
 UB     =         0.0000  IMP     =         0.0000  CMAP       =       139.9399
 1-4 NB =       638.9842  1-4 EEL =      5811.6821  VDWAALS    =     16296.9728
 EELEC  =   -163641.0610  EHBOND  =         0.0000  RESTRAINT  =         0.0000
 EKCMT  =         0.0000  VIRIAL  =         0.0000  VOLUME     =    333517.6404
                                                    Density    =         1.0320
 ------------------------------------------------------------------------------


 NSTEP =    45000   TIME(PS) =     790.000  TEMP(K) =   300.64  PRESS =     0.0
 Etot   =   -117266.0709  EKtot   =     20545.7070  EPtot      =   -137811.7779
 BOND   =       573.4054  ANGLE   =      1489.1262  DIHED      =       972.8459
 UB     =         0.0000  IMP     =         0.0000  CMAP       =       148.7902
 1-4 NB =       640.4615  1-4 EEL =      5814.3565  VDWAALS    =     16368.6570
 EELEC  =   -163819.4206  EHBOND  =         0.0000  RESTRAINT  =         0.0000
 EKCMT  =         0.0000  VIRIAL  =         0.0000  VOLUME     =    334104.8595
                                                    Density    =         1.0302
 ------------------------------------------------------------------------------


 NSTEP =    50000   TIME(PS) =     800.000  TEMP(K) =   299.47  PRESS =     0.0
 Etot   =   -116887.6922  EKtot   =     20465.9277  EPtot      =   -137353.6199
 BOND   =       579.5977  ANGLE   =      1531.0021  DIHED      =      1041.0445
 UB     =         0.0000  IMP     =         0.0000  CMAP       =       144.8849
 1-4 NB =       629.7271  1-4 EEL =      5813.2370  VDWAALS    =     16323.1313
 EELEC  =   -163416.2446  EHBOND  =         0.0000  RESTRAINT  =         0.0000
 EKCMT  =         0.0000  VIRIAL  =         0.0000  VOLUME     =    334523.1123
                                                    Density    =         1.0289
 ------------------------------------------------------------------------------


 NSTEP =    55000   TIME(PS) =     810.000  TEMP(K) =   299.72  PRESS =     0.0
 Etot   =   -116615.9456  EKtot   =     20483.2695  EPtot      =   -137099.2151
 BOND   =       584.3498  ANGLE   =      1515.7577  DIHED      =      1000.5980
 UB     =         0.0000  IMP     =         0.0000  CMAP       =       152.0289
 1-4 NB =       613.5867  1-4 EEL =      5832.7805  VDWAALS    =     16218.0291
 EELEC  =   -163016.3458  EHBOND  =         0.0000  RESTRAINT  =         0.0000
 EKCMT  =         0.0000  VIRIAL  =         0.0000  VOLUME     =    334468.4560
                                                    Density    =         1.0291
 ------------------------------------------------------------------------------


 NSTEP =    60000   TIME(PS) =     820.000  TEMP(K) =   298.58  PRESS =     0.0
 Etot   =   -117292.9970  EKtot   =     20405.1738  EPtot      =   -137698.1708
 BOND   =       532.8777  ANGLE   =      1545.9850  DIHED      =       986.3150
 UB     =         0.0000  IMP     =         0.0000  CMAP       =       132.6630
 1-4 NB =       664.8190  1-4 EEL =      5921.9416  VDWAALS    =     16315.6750
 EELEC  =   -163798.4470  EHBOND  =         0.0000  RESTRAINT  =         0.0000
 EKCMT  =         0.0000  VIRIAL  =         0.0000  VOLUME     =    334389.1525
                                                    Density    =         1.0293
 ------------------------------------------------------------------------------


 NSTEP =    65000   TIME(PS) =     830.000  TEMP(K) =   301.20  PRESS =     0.0
 Etot   =   -117236.1984  EKtot   =     20584.3613  EPtot      =   -137820.5597
 BOND   =       551.4416  ANGLE   =      1528.2520  DIHED      =       974.9158
 UB     =         0.0000  IMP     =         0.0000  CMAP       =       144.9354
 1-4 NB =       634.0291  1-4 EEL =      5822.8662  VDWAALS    =     16664.2626
 EELEC  =   -164141.2624  EHBOND  =         0.0000  RESTRAINT  =         0.0000
 EKCMT  =         0.0000  VIRIAL  =         0.0000  VOLUME     =    332454.2866
                                                    Density    =         1.0353
 ------------------------------------------------------------------------------


 NSTEP =    70000   TIME(PS) =     840.000  TEMP(K) =   297.68  PRESS =     0.0
 Etot   =   -117293.6365  EKtot   =     20343.4688  EPtot      =   -137637.1053
 BOND   =       544.1812  ANGLE   =      1546.8636  DIHED      =      1030.9062
 UB     =         0.0000  IMP     =         0.0000  CMAP       =       132.7660
 1-4 NB =       636.0116  1-4 EEL =      5814.1935  VDWAALS    =     16465.3723
 EELEC  =   -163807.3996  EHBOND  =         0.0000  RESTRAINT  =         0.0000
 EKCMT  =         0.0000  VIRIAL  =         0.0000  VOLUME     =    334549.0656
                                                    Density    =         1.0289
 ------------------------------------------------------------------------------


 NSTEP =    75000   TIME(PS) =     850.000  TEMP(K) =   298.91  PRESS =     0.0
 Etot   =   -117272.7143  EKtot   =     20427.5449  EPtot      =   -137700.2592
 BOND   =       541.0926  ANGLE   =      1516.1048  DIHED      =      1004.2047
 UB     =         0.0000  IMP     =         0.0000  CMAP       =       144.5373
 1-4 NB =       640.8643  1-4 EEL =      5944.2208  VDWAALS    =     16464.0245
 EELEC  =   -163955.3082  EHBOND  =         0.0000  RESTRAINT  =         0.0000
 EKCMT  =         0.0000  VIRIAL  =         0.0000  VOLUME     =    334625.7455
                                                    Density    =         1.0286
 ------------------------------------------------------------------------------


 NSTEP =    80000   TIME(PS) =     860.000  TEMP(K) =   298.86  PRESS =     0.0
 Etot   =   -117057.6742  EKtot   =     20424.2520  EPtot      =   -137481.9262
 BOND   =       564.4841  ANGLE   =      1528.2773  DIHED      =      1016.0462
 UB     =         0.0000  IMP     =         0.0000  CMAP       =       141.8096
 1-4 NB =       647.2688  1-4 EEL =      5824.5015  VDWAALS    =     16472.0788
 EELEC  =   -163676.3923  EHBOND  =         0.0000  RESTRAINT  =         0.0000
 EKCMT  =         0.0000  VIRIAL  =         0.0000  VOLUME     =    333977.4627
                                                    Density    =         1.0306
 ------------------------------------------------------------------------------


 NSTEP =    85000   TIME(PS) =     870.000  TEMP(K) =   300.37  PRESS =     0.0
 Etot   =   -117448.3540  EKtot   =     20527.3008  EPtot      =   -137975.6548
 BOND   =       572.8495  ANGLE   =      1557.9440  DIHED      =       959.4251
 UB     =         0.0000  IMP     =         0.0000  CMAP       =       141.9457
 1-4 NB =       635.3919  1-4 EEL =      5881.4596  VDWAALS    =     16829.4943
 EELEC  =   -164554.1649  EHBOND  =         0.0000  RESTRAINT  =         0.0000
 EKCMT  =         0.0000  VIRIAL  =         0.0000  VOLUME     =    334301.0121
                                                    Density    =         1.0296
 ------------------------------------------------------------------------------


 NSTEP =    90000   TIME(PS) =     880.000  TEMP(K) =   297.42  PRESS =     0.0
 Etot   =   -117283.3160  EKtot   =     20326.1562  EPtot      =   -137609.4722
 BOND   =       574.3234  ANGLE   =      1485.4695  DIHED      =      1009.9938
 UB     =         0.0000  IMP     =         0.0000  CMAP       =       141.5787
 1-4 NB =       653.3181  1-4 EEL =      5822.7847  VDWAALS    =     16508.6605
 EELEC  =   -163805.6009  EHBOND  =         0.0000  RESTRAINT  =         0.0000
 EKCMT  =         0.0000  VIRIAL  =         0.0000  VOLUME     =    334454.2960
                                                    Density    =         1.0291
 ------------------------------------------------------------------------------


 NSTEP =    95000   TIME(PS) =     890.000  TEMP(K) =   301.00  PRESS =     0.0
 Etot   =   -117066.7176  EKtot   =     20570.2305  EPtot      =   -137636.9480
 BOND   =       547.4320  ANGLE   =      1497.2540  DIHED      =      1007.2373
 UB     =         0.0000  IMP     =         0.0000  CMAP       =       136.9233
 1-4 NB =       647.8341  1-4 EEL =      5863.9035  VDWAALS    =     16266.9984
 EELEC  =   -163604.5306  EHBOND  =         0.0000  RESTRAINT  =         0.0000
 EKCMT  =         0.0000  VIRIAL  =         0.0000  VOLUME     =    334356.2938
                                                    Density    =         1.0294
 ------------------------------------------------------------------------------


 NSTEP =   100000   TIME(PS) =     900.000  TEMP(K) =   299.43  PRESS =     0.0
 Etot   =   -117173.7644  EKtot   =     20463.4121  EPtot      =   -137637.1765
 BOND   =       570.1980  ANGLE   =      1531.5870  DIHED      =       986.7144
 UB     =         0.0000  IMP     =         0.0000  CMAP       =       129.3410
 1-4 NB =       648.8326  1-4 EEL =      5902.3930  VDWAALS    =     16437.4506
 EELEC  =   -163843.6932  EHBOND  =         0.0000  RESTRAINT  =         0.0000
 EKCMT  =         0.0000  VIRIAL  =         0.0000  VOLUME     =    334630.2028
                                                    Density    =         1.0286
 ------------------------------------------------------------------------------


 NSTEP =   105000   TIME(PS) =     910.000  TEMP(K) =   300.27  PRESS =     0.0
 Etot   =   -117249.4713  EKtot   =     20520.3691  EPtot      =   -137769.8404
 BOND   =       555.0643  ANGLE   =      1540.5053  DIHED      =      1003.6520
 UB     =         0.0000  IMP     =         0.0000  CMAP       =       141.3997
 1-4 NB =       644.6359  1-4 EEL =      5866.0170  VDWAALS    =     16234.9364
 EELEC  =   -163756.0510  EHBOND  =         0.0000  RESTRAINT  =         0.0000
 EKCMT  =         0.0000  VIRIAL  =         0.0000  VOLUME     =    334007.9992
                                                    Density    =         1.0305
 ------------------------------------------------------------------------------


 NSTEP =   110000   TIME(PS) =     920.000  TEMP(K) =   297.22  PRESS =     0.0
 Etot   =   -117204.2038  EKtot   =     20312.0254  EPtot      =   -137516.2292
 BOND   =       528.8054  ANGLE   =      1462.0484  DIHED      =      1034.9304
 UB     =         0.0000  IMP     =         0.0000  CMAP       =       137.9680
 1-4 NB =       667.0201  1-4 EEL =      5894.2269  VDWAALS    =     16228.1718
 EELEC  =   -163469.4003  EHBOND  =         0.0000  RESTRAINT  =         0.0000
 EKCMT  =         0.0000  VIRIAL  =         0.0000  VOLUME     =    333815.2507
                                                    Density    =         1.0311
 ------------------------------------------------------------------------------


 NSTEP =   115000   TIME(PS) =     930.000  TEMP(K) =   298.55  PRESS =     0.0
 Etot   =   -116964.2086  EKtot   =     20403.3066  EPtot      =   -137367.5152
 BOND   =       551.4300  ANGLE   =      1542.6836  DIHED      =      1004.3445
 UB     =         0.0000  IMP     =         0.0000  CMAP       =       138.4593
 1-4 NB =       634.3046  1-4 EEL =      5858.0825  VDWAALS    =     16260.9782
 EELEC  =   -163357.7980  EHBOND  =         0.0000  RESTRAINT  =         0.0000
 EKCMT  =         0.0000  VIRIAL  =         0.0000  VOLUME     =    334190.1975
                                                    Density    =         1.0300
 ------------------------------------------------------------------------------


 NSTEP =   120000   TIME(PS) =     940.000  TEMP(K) =   302.65  PRESS =     0.0
 Etot   =   -116944.9655  EKtot   =     20683.2520  EPtot      =   -137628.2175
 BOND   =       540.6908  ANGLE   =      1579.1623  DIHED      =      1017.5905
 UB     =         0.0000  IMP     =         0.0000  CMAP       =       145.9708
 1-4 NB =       662.8038  1-4 EEL =      5864.4683  VDWAALS    =     16447.7310
 EELEC  =   -163886.6350  EHBOND  =         0.0000  RESTRAINT  =         0.0000
 EKCMT  =         0.0000  VIRIAL  =         0.0000  VOLUME     =    333376.5266
                                                    Density    =         1.0325
 ------------------------------------------------------------------------------


 NSTEP =   125000   TIME(PS) =     950.000  TEMP(K) =   302.41  PRESS =     0.0
 Etot   =   -117096.1010  EKtot   =     20666.6621  EPtot      =   -137762.7632
 BOND   =       574.7776  ANGLE   =      1560.7904  DIHED      =      1002.4910
 UB     =         0.0000  IMP     =         0.0000  CMAP       =       140.6228
 1-4 NB =       635.6910  1-4 EEL =      5822.6758  VDWAALS    =     16341.8255
 EELEC  =   -163841.6373  EHBOND  =         0.0000  RESTRAINT  =         0.0000
 EKCMT  =         0.0000  VIRIAL  =         0.0000  VOLUME     =    333785.8883
                                                    Density    =         1.0312
 ------------------------------------------------------------------------------


 NSTEP =   130000   TIME(PS) =     960.000  TEMP(K) =   298.57  PRESS =     0.0
 Etot   =   -117299.6482  EKtot   =     20404.5098  EPtot      =   -137704.1579
 BOND   =       571.2124  ANGLE   =      1576.2889  DIHED      =       993.7342
 UB     =         0.0000  IMP     =         0.0000  CMAP       =       139.4703
 1-4 NB =       650.1509  1-4 EEL =      5830.1579  VDWAALS    =     16191.2174
 EELEC  =   -163656.3900  EHBOND  =         0.0000  RESTRAINT  =         0.0000
 EKCMT  =         0.0000  VIRIAL  =         0.0000  VOLUME     =    333985.0573
                                                    Density    =         1.0306
 ------------------------------------------------------------------------------


 NSTEP =   135000   TIME(PS) =     970.000  TEMP(K) =   301.25  PRESS =     0.0
 Etot   =   -117036.7268  EKtot   =     20587.6094  EPtot      =   -137624.3362
 BOND   =       562.1939  ANGLE   =      1523.3802  DIHED      =       971.0812
 UB     =         0.0000  IMP     =         0.0000  CMAP       =       144.5742
 1-4 NB =       645.7092  1-4 EEL =      5836.4615  VDWAALS    =     16319.3151
 EELEC  =   -163627.0515  EHBOND  =         0.0000  RESTRAINT  =         0.0000
 EKCMT  =         0.0000  VIRIAL  =         0.0000  VOLUME     =    332888.3541
                                                    Density    =         1.0340
 ------------------------------------------------------------------------------


 NSTEP =   140000   TIME(PS) =     980.000  TEMP(K) =   302.05  PRESS =     0.0
 Etot   =   -116888.8167  EKtot   =     20642.5137  EPtot      =   -137531.3304
 BOND   =       561.6517  ANGLE   =      1465.2379  DIHED      =       981.0613
 UB     =         0.0000  IMP     =         0.0000  CMAP       =       153.8103
 1-4 NB =       637.8589  1-4 EEL =      5914.0098  VDWAALS    =     16308.1757
 EELEC  =   -163553.1361  EHBOND  =         0.0000  RESTRAINT  =         0.0000
 EKCMT  =         0.0000  VIRIAL  =         0.0000  VOLUME     =    333880.2485
                                                    Density    =         1.0309
 ------------------------------------------------------------------------------


 NSTEP =   145000   TIME(PS) =     990.000  TEMP(K) =   301.65  PRESS =     0.0
 Etot   =   -116895.2417  EKtot   =     20614.7441  EPtot      =   -137509.9858
 BOND   =       559.3463  ANGLE   =      1515.7854  DIHED      =       965.1397
 UB     =         0.0000  IMP     =         0.0000  CMAP       =       149.2285
 1-4 NB =       636.9187  1-4 EEL =      5844.9418  VDWAALS    =     16475.6242
 EELEC  =   -163656.9703  EHBOND  =         0.0000  RESTRAINT  =         0.0000
 EKCMT  =         0.0000  VIRIAL  =         0.0000  VOLUME     =    334552.7822
                                                    Density    =         1.0288
 ------------------------------------------------------------------------------


 NSTEP =   150000   TIME(PS) =    1000.000  TEMP(K) =   300.21  PRESS =     0.0
 Etot   =   -117499.5917  EKtot   =     20516.3008  EPtot      =   -138015.8925
 BOND   =       567.8837  ANGLE   =      1502.3640  DIHED      =       995.3206
 UB     =         0.0000  IMP     =         0.0000  CMAP       =       144.4799
 1-4 NB =       658.8821  1-4 EEL =      5878.3422  VDWAALS    =     16899.8628
 EELEC  =   -164663.0278  EHBOND  =         0.0000  RESTRAINT  =         0.0000
 EKCMT  =         0.0000  VIRIAL  =         0.0000  VOLUME     =    332626.1198
                                                    Density    =         1.0348
 ------------------------------------------------------------------------------


 NSTEP =   155000   TIME(PS) =    1010.000  TEMP(K) =   302.47  PRESS =     0.0
 Etot   =   -117146.4895  EKtot   =     20670.8477  EPtot      =   -137817.3372
 BOND   =       539.0283  ANGLE   =      1552.9600  DIHED      =      1017.5930
 UB     =         0.0000  IMP     =         0.0000  CMAP       =       141.3448
 1-4 NB =       646.5797  1-4 EEL =      5784.4707  VDWAALS    =     16415.7263
 EELEC  =   -163915.0400  EHBOND  =         0.0000  RESTRAINT  =         0.0000
 EKCMT  =         0.0000  VIRIAL  =         0.0000  VOLUME     =    333182.6388
                                                    Density    =         1.0331
 ------------------------------------------------------------------------------


 NSTEP =   160000   TIME(PS) =    1020.000  TEMP(K) =   298.76  PRESS =     0.0
 Etot   =   -117302.8327  EKtot   =     20417.4102  EPtot      =   -137720.2429
 BOND   =       542.3541  ANGLE   =      1535.2656  DIHED      =      1015.0715
 UB     =         0.0000  IMP     =         0.0000  CMAP       =       138.8972
 1-4 NB =       670.4050  1-4 EEL =      5877.8679  VDWAALS    =     16613.7202
 EELEC  =   -164113.8244  EHBOND  =         0.0000  RESTRAINT  =         0.0000
 EKCMT  =         0.0000  VIRIAL  =         0.0000  VOLUME     =    332492.2291
                                                    Density    =         1.0352
 ------------------------------------------------------------------------------


 NSTEP =   165000   TIME(PS) =    1030.000  TEMP(K) =   299.55  PRESS =     0.0
 Etot   =   -117168.8363  EKtot   =     20471.3223  EPtot      =   -137640.1585
 BOND   =       558.8484  ANGLE   =      1462.2448  DIHED      =      1004.6166
 UB     =         0.0000  IMP     =         0.0000  CMAP       =       142.7567
 1-4 NB =       663.0763  1-4 EEL =      5877.5380  VDWAALS    =     16383.7854
 EELEC  =   -163733.0247  EHBOND  =         0.0000  RESTRAINT  =         0.0000
 EKCMT  =         0.0000  VIRIAL  =         0.0000  VOLUME     =    334645.2394
                                                    Density    =         1.0286
 ------------------------------------------------------------------------------


 NSTEP =   170000   TIME(PS) =    1040.000  TEMP(K) =   303.77  PRESS =     0.0
 Etot   =   -116727.5867  EKtot   =     20759.7090  EPtot      =   -137487.2957
 BOND   =       522.8861  ANGLE   =      1431.4285  DIHED      =      1008.9292
 UB     =         0.0000  IMP     =         0.0000  CMAP       =       137.9357
 1-4 NB =       645.1653  1-4 EEL =      5898.0347  VDWAALS    =     16160.6404
 EELEC  =   -163292.3155  EHBOND  =         0.0000  RESTRAINT  =         0.0000
 EKCMT  =         0.0000  VIRIAL  =         0.0000  VOLUME     =    334008.9715
                                                    Density    =         1.0305
 ------------------------------------------------------------------------------


 NSTEP =   175000   TIME(PS) =    1050.000  TEMP(K) =   298.17  PRESS =     0.0
 Etot   =   -117234.7705  EKtot   =     20377.1602  EPtot      =   -137611.9306
 BOND   =       573.1648  ANGLE   =      1538.9441  DIHED      =       998.5817
 UB     =         0.0000  IMP     =         0.0000  CMAP       =       135.6058
 1-4 NB =       626.3183  1-4 EEL =      5814.1620  VDWAALS    =     16675.3276
 EELEC  =   -163974.0349  EHBOND  =         0.0000  RESTRAINT  =         0.0000
 EKCMT  =         0.0000  VIRIAL  =         0.0000  VOLUME     =    335132.8054
                                                    Density    =         1.0271
 ------------------------------------------------------------------------------


 NSTEP =   180000   TIME(PS) =    1060.000  TEMP(K) =   300.00  PRESS =     0.0
 Etot   =   -117164.0530  EKtot   =     20502.1309  EPtot      =   -137666.1839
 BOND   =       578.2749  ANGLE   =      1495.2210  DIHED      =      1029.8070
 UB     =         0.0000  IMP     =         0.0000  CMAP       =       149.6743
 1-4 NB =       656.8483  1-4 EEL =      5859.3101  VDWAALS    =     16375.1392
 EELEC  =   -163810.4587  EHBOND  =         0.0000  RESTRAINT  =         0.0000
 EKCMT  =         0.0000  VIRIAL  =         0.0000  VOLUME     =    333477.7695
                                                    Density    =         1.0322
 ------------------------------------------------------------------------------


 NSTEP =   185000   TIME(PS) =    1070.000  TEMP(K) =   303.48  PRESS =     0.0
 Etot   =   -116849.4324  EKtot   =     20739.8301  EPtot      =   -137589.2625
 BOND   =       597.6954  ANGLE   =      1548.3680  DIHED      =       984.5836
 UB     =         0.0000  IMP     =         0.0000  CMAP       =       141.4151
 1-4 NB =       639.5859  1-4 EEL =      5800.1758  VDWAALS    =     16297.8796
 EELEC  =   -163598.9659  EHBOND  =         0.0000  RESTRAINT  =         0.0000
 EKCMT  =         0.0000  VIRIAL  =         0.0000  VOLUME     =    334810.3079
                                                    Density    =         1.0280
 ------------------------------------------------------------------------------


 NSTEP =   190000   TIME(PS) =    1080.000  TEMP(K) =   296.73  PRESS =     0.0
 Etot   =   -117451.1677  EKtot   =     20278.5859  EPtot      =   -137729.7536
 BOND   =       566.0061  ANGLE   =      1498.9724  DIHED      =      1005.3252
 UB     =         0.0000  IMP     =         0.0000  CMAP       =       140.8420
 1-4 NB =       647.0879  1-4 EEL =      5804.9627  VDWAALS    =     16534.7781
 EELEC  =   -163927.7279  EHBOND  =         0.0000  RESTRAINT  =         0.0000
 EKCMT  =         0.0000  VIRIAL  =         0.0000  VOLUME     =    333100.2336
                                                    Density    =         1.0333
 ------------------------------------------------------------------------------


 NSTEP =   195000   TIME(PS) =    1090.000  TEMP(K) =   300.35  PRESS =     0.0
 Etot   =   -117536.2460  EKtot   =     20526.0781  EPtot      =   -138062.3241
 BOND   =       577.1273  ANGLE   =      1480.6173  DIHED      =      1005.2630
 UB     =         0.0000  IMP     =         0.0000  CMAP       =       150.1248
 1-4 NB =       639.8498  1-4 EEL =      5814.6772  VDWAALS    =     16556.7702
 EELEC  =   -164286.7537  EHBOND  =         0.0000  RESTRAINT  =         0.0000
 EKCMT  =         0.0000  VIRIAL  =         0.0000  VOLUME     =    334192.4899
                                                    Density    =         1.0299
 ------------------------------------------------------------------------------


 NSTEP =   200000   TIME(PS) =    1100.000  TEMP(K) =   298.80  PRESS =     0.0
 Etot   =   -117336.1448  EKtot   =     20420.4453  EPtot      =   -137756.5901
 BOND   =       575.7314  ANGLE   =      1515.7241  DIHED      =      1005.8790
 UB     =         0.0000  IMP     =         0.0000  CMAP       =       157.5747
 1-4 NB =       656.7000  1-4 EEL =      5860.1540  VDWAALS    =     16406.5658
 EELEC  =   -163934.9191  EHBOND  =         0.0000  RESTRAINT  =         0.0000
 EKCMT  =         0.0000  VIRIAL  =         0.0000  VOLUME     =    334229.7325
                                                    Density    =         1.0298
 ------------------------------------------------------------------------------


 NSTEP =   205000   TIME(PS) =    1110.000  TEMP(K) =   298.44  PRESS =     0.0
 Etot   =   -117230.0171  EKtot   =     20395.2598  EPtot      =   -137625.2769
 BOND   =       566.8376  ANGLE   =      1524.4729  DIHED      =       979.7773
 UB     =         0.0000  IMP     =         0.0000  CMAP       =       145.4562
 1-4 NB =       648.0316  1-4 EEL =      5882.0177  VDWAALS    =     16500.9118
 EELEC  =   -163872.7820  EHBOND  =         0.0000  RESTRAINT  =         0.0000
 EKCMT  =         0.0000  VIRIAL  =         0.0000  VOLUME     =    333862.4368
                                                    Density    =         1.0310
 ------------------------------------------------------------------------------


 NSTEP =   210000   TIME(PS) =    1120.000  TEMP(K) =   301.12  PRESS =     0.0
 Etot   =   -116824.6111  EKtot   =     20578.5059  EPtot      =   -137403.1169
 BOND   =       557.3795  ANGLE   =      1547.1081  DIHED      =      1006.1500
 UB     =         0.0000  IMP     =         0.0000  CMAP       =       142.2482
 1-4 NB =       640.6864  1-4 EEL =      5810.3536  VDWAALS    =     16314.3891
 EELEC  =   -163421.4319  EHBOND  =         0.0000  RESTRAINT  =         0.0000
 EKCMT  =         0.0000  VIRIAL  =         0.0000  VOLUME     =    334376.2038
                                                    Density    =         1.0294
 ------------------------------------------------------------------------------


 NSTEP =   215000   TIME(PS) =    1130.000  TEMP(K) =   299.88  PRESS =     0.0
 Etot   =   -116748.8134  EKtot   =     20494.1992  EPtot      =   -137243.0126
 BOND   =       561.2097  ANGLE   =      1555.7076  DIHED      =      1017.1430
 UB     =         0.0000  IMP     =         0.0000  CMAP       =       141.6192
 1-4 NB =       649.3526  1-4 EEL =      5849.7409  VDWAALS    =     16475.3297
 EELEC  =   -163493.1152  EHBOND  =         0.0000  RESTRAINT  =         0.0000
 EKCMT  =         0.0000  VIRIAL  =         0.0000  VOLUME     =    335185.3521
                                                    Density    =         1.0269
 ------------------------------------------------------------------------------


 NSTEP =   220000   TIME(PS) =    1140.000  TEMP(K) =   297.92  PRESS =     0.0
 Etot   =   -117331.5242  EKtot   =     20360.1270  EPtot      =   -137691.6511
 BOND   =       593.7049  ANGLE   =      1534.5131  DIHED      =       981.8004
 UB     =         0.0000  IMP     =         0.0000  CMAP       =       132.9769
 1-4 NB =       646.0112  1-4 EEL =      5843.5905  VDWAALS    =     16436.0640
 EELEC  =   -163860.3122  EHBOND  =         0.0000  RESTRAINT  =         0.0000
 EKCMT  =         0.0000  VIRIAL  =         0.0000  VOLUME     =    335590.9401
                                                    Density    =         1.0257
 ------------------------------------------------------------------------------


 NSTEP =   225000   TIME(PS) =    1150.000  TEMP(K) =   302.72  PRESS =     0.0
 Etot   =   -117044.1052  EKtot   =     20688.3477  EPtot      =   -137732.4529
 BOND   =       562.6146  ANGLE   =      1481.1930  DIHED      =      1009.0679
 UB     =         0.0000  IMP     =         0.0000  CMAP       =       152.0387
 1-4 NB =       621.5586  1-4 EEL =      5815.2727  VDWAALS    =     16673.1794
 EELEC  =   -164047.3777  EHBOND  =         0.0000  RESTRAINT  =         0.0000
 EKCMT  =         0.0000  VIRIAL  =         0.0000  VOLUME     =    334485.1367
                                                    Density    =         1.0290
 ------------------------------------------------------------------------------


 NSTEP =   230000   TIME(PS) =    1160.000  TEMP(K) =   296.88  PRESS =     0.0
 Etot   =   -117421.1395  EKtot   =     20289.0117  EPtot      =   -137710.1512
 BOND   =       537.4161  ANGLE   =      1463.9855  DIHED      =      1021.7352
 UB     =         0.0000  IMP     =         0.0000  CMAP       =       140.8728
 1-4 NB =       637.0164  1-4 EEL =      5811.4974  VDWAALS    =     16353.9638
 EELEC  =   -163676.6384  EHBOND  =         0.0000  RESTRAINT  =         0.0000
 EKCMT  =         0.0000  VIRIAL  =         0.0000  VOLUME     =    333974.7667
                                                    Density    =         1.0306
 ------------------------------------------------------------------------------


 NSTEP =   235000   TIME(PS) =    1170.000  TEMP(K) =   298.00  PRESS =     0.0
 Etot   =   -117404.5768  EKtot   =     20365.2656  EPtot      =   -137769.8425
 BOND   =       544.8278  ANGLE   =      1531.5893  DIHED      =      1004.4969
 UB     =         0.0000  IMP     =         0.0000  CMAP       =       140.8929
 1-4 NB =       639.1625  1-4 EEL =      5858.2226  VDWAALS    =     16263.7412
 EELEC  =   -163752.7756  EHBOND  =         0.0000  RESTRAINT  =         0.0000
 EKCMT  =         0.0000  VIRIAL  =         0.0000  VOLUME     =    333034.5472
                                                    Density    =         1.0335
 ------------------------------------------------------------------------------


 NSTEP =   240000   TIME(PS) =    1180.000  TEMP(K) =   299.00  PRESS =     0.0
 Etot   =   -117059.5003  EKtot   =     20433.5371  EPtot      =   -137493.0375
 BOND   =       589.0429  ANGLE   =      1520.7246  DIHED      =      1011.8423
 UB     =         0.0000  IMP     =         0.0000  CMAP       =       138.4341
 1-4 NB =       661.8103  1-4 EEL =      5859.9950  VDWAALS    =     16465.9269
 EELEC  =   -163740.8135  EHBOND  =         0.0000  RESTRAINT  =         0.0000
 EKCMT  =         0.0000  VIRIAL  =         0.0000  VOLUME     =    333467.6603
                                                    Density    =         1.0322
 ------------------------------------------------------------------------------


 NSTEP =   245000   TIME(PS) =    1190.000  TEMP(K) =   299.65  PRESS =     0.0
 Etot   =   -117262.8765  EKtot   =     20478.2988  EPtot      =   -137741.1753
 BOND   =       581.1194  ANGLE   =      1488.7368  DIHED      =       995.6902
 UB     =         0.0000  IMP     =         0.0000  CMAP       =       143.6839
 1-4 NB =       651.6423  1-4 EEL =      5885.1645  VDWAALS    =     16244.6288
 EELEC  =   -163731.8413  EHBOND  =         0.0000  RESTRAINT  =         0.0000
 EKCMT  =         0.0000  VIRIAL  =         0.0000  VOLUME     =    334115.0539
                                                    Density    =         1.0302
 ------------------------------------------------------------------------------


 NSTEP =   250000   TIME(PS) =    1200.000  TEMP(K) =   300.42  PRESS =     0.0
 Etot   =   -116949.0608  EKtot   =     20531.0469  EPtot      =   -137480.1077
 BOND   =       564.9725  ANGLE   =      1546.0029  DIHED      =      1045.8282
 UB     =         0.0000  IMP     =         0.0000  CMAP       =       139.5142
 1-4 NB =       647.3131  1-4 EEL =      5831.6158  VDWAALS    =     16545.2351
 EELEC  =   -163800.5896  EHBOND  =         0.0000  RESTRAINT  =         0.0000
 EKCMT  =         0.0000  VIRIAL  =         0.0000  VOLUME     =    332909.5530
                                                    Density    =         1.0339
 ------------------------------------------------------------------------------


 NSTEP =   255000   TIME(PS) =    1210.000  TEMP(K) =   301.17  PRESS =     0.0
 Etot   =   -117138.1700  EKtot   =     20581.9785  EPtot      =   -137720.1486
 BOND   =       539.4077  ANGLE   =      1533.6141  DIHED      =      1005.9346
 UB     =         0.0000  IMP     =         0.0000  CMAP       =       137.6338
 1-4 NB =       636.9524  1-4 EEL =      5818.9289  VDWAALS    =     16445.4630
 EELEC  =   -163838.0830  EHBOND  =         0.0000  RESTRAINT  =         0.0000
 EKCMT  =         0.0000  VIRIAL  =         0.0000  VOLUME     =    333960.5204
                                                    Density    =         1.0307
 ------------------------------------------------------------------------------


 NSTEP =   260000   TIME(PS) =    1220.000  TEMP(K) =   300.37  PRESS =     0.0
 Etot   =   -117392.9011  EKtot   =     20527.4824  EPtot      =   -137920.3835
 BOND   =       607.1028  ANGLE   =      1480.4840  DIHED      =      1019.1872
 UB     =         0.0000  IMP     =         0.0000  CMAP       =       136.3128
 1-4 NB =       654.6266  1-4 EEL =      5843.0326  VDWAALS    =     16578.9176
 EELEC  =   -164240.0472  EHBOND  =         0.0000  RESTRAINT  =         0.0000
 EKCMT  =         0.0000  VIRIAL  =         0.0000  VOLUME     =    333553.1320
                                                    Density    =         1.0319
 ------------------------------------------------------------------------------


 NSTEP =   265000   TIME(PS) =    1230.000  TEMP(K) =   301.44  PRESS =     0.0
 Etot   =   -116927.1709  EKtot   =     20600.3965  EPtot      =   -137527.5674
 BOND   =       546.1923  ANGLE   =      1532.8485  DIHED      =       980.4671
 UB     =         0.0000  IMP     =         0.0000  CMAP       =       134.4008
 1-4 NB =       648.9364  1-4 EEL =      5866.2361  VDWAALS    =     16211.8496
 EELEC  =   -163448.4983  EHBOND  =         0.0000  RESTRAINT  =         0.0000
 EKCMT  =         0.0000  VIRIAL  =         0.0000  VOLUME     =    334751.0468
                                                    Density    =         1.0282
 ------------------------------------------------------------------------------


 NSTEP =   270000   TIME(PS) =    1240.000  TEMP(K) =   300.89  PRESS =     0.0
 Etot   =   -117102.4898  EKtot   =     20562.9707  EPtot      =   -137665.4605
 BOND   =       533.7313  ANGLE   =      1489.8448  DIHED      =      1025.2977
 UB     =         0.0000  IMP     =         0.0000  CMAP       =       130.7217
 1-4 NB =       664.7878  1-4 EEL =      5882.6385  VDWAALS    =     16440.0180
 EELEC  =   -163832.5004  EHBOND  =         0.0000  RESTRAINT  =         0.0000
 EKCMT  =         0.0000  VIRIAL  =         0.0000  VOLUME     =    334622.2041
                                                    Density    =         1.0286
 ------------------------------------------------------------------------------


 NSTEP =   275000   TIME(PS) =    1250.000  TEMP(K) =   303.62  PRESS =     0.0
 Etot   =   -117203.0329  EKtot   =     20749.2773  EPtot      =   -137952.3103
 BOND   =       546.9333  ANGLE   =      1464.8314  DIHED      =       979.4918
 UB     =         0.0000  IMP     =         0.0000  CMAP       =       135.9999
 1-4 NB =       638.8338  1-4 EEL =      5847.8094  VDWAALS    =     16332.8471
 EELEC  =   -163899.0571  EHBOND  =         0.0000  RESTRAINT  =         0.0000
 EKCMT  =         0.0000  VIRIAL  =         0.0000  VOLUME     =    333711.0078
                                                    Density    =         1.0314
 ------------------------------------------------------------------------------


 NSTEP =   280000   TIME(PS) =    1260.000  TEMP(K) =   301.87  PRESS =     0.0
 Etot   =   -116691.5849  EKtot   =     20630.1289  EPtot      =   -137321.7138
 BOND   =       569.6108  ANGLE   =      1506.5101  DIHED      =      1028.3474
 UB     =         0.0000  IMP     =         0.0000  CMAP       =       135.0041
 1-4 NB =       635.2201  1-4 EEL =      5816.2104  VDWAALS    =     16193.3629
 EELEC  =   -163205.9796  EHBOND  =         0.0000  RESTRAINT  =         0.0000
 EKCMT  =         0.0000  VIRIAL  =         0.0000  VOLUME     =    334578.9244
                                                    Density    =         1.0288
 ------------------------------------------------------------------------------


 NSTEP =   285000   TIME(PS) =    1270.000  TEMP(K) =   302.10  PRESS =     0.0
 Etot   =   -116896.7042  EKtot   =     20645.5527  EPtot      =   -137542.2570
 BOND   =       542.8815  ANGLE   =      1476.1019  DIHED      =       991.4487
 UB     =         0.0000  IMP     =         0.0000  CMAP       =       141.8814
 1-4 NB =       652.0785  1-4 EEL =      5834.0844  VDWAALS    =     16592.9647
 EELEC  =   -163773.6981  EHBOND  =         0.0000  RESTRAINT  =         0.0000
 EKCMT  =         0.0000  VIRIAL  =         0.0000  VOLUME     =    334080.9227
                                                    Density    =         1.0303
 ------------------------------------------------------------------------------


 NSTEP =   290000   TIME(PS) =    1280.000  TEMP(K) =   299.69  PRESS =     0.0
 Etot   =   -117189.5586  EKtot   =     20480.8340  EPtot      =   -137670.3926
 BOND   =       542.3621  ANGLE   =      1529.7410  DIHED      =      1002.3642
 UB     =         0.0000  IMP     =         0.0000  CMAP       =       139.1195
 1-4 NB =       653.8815  1-4 EEL =      5863.3199  VDWAALS    =     16433.6964
 EELEC  =   -163834.8772  EHBOND  =         0.0000  RESTRAINT  =         0.0000
 EKCMT  =         0.0000  VIRIAL  =         0.0000  VOLUME     =    335040.1098
                                                    Density    =         1.0273
 ------------------------------------------------------------------------------


 NSTEP =   295000   TIME(PS) =    1290.000  TEMP(K) =   301.66  PRESS =     0.0
 Etot   =   -117002.8998  EKtot   =     20615.9375  EPtot      =   -137618.8373
 BOND   =       610.5628  ANGLE   =      1487.1487  DIHED      =       983.1312
 UB     =         0.0000  IMP     =         0.0000  CMAP       =       134.4828
 1-4 NB =       646.8125  1-4 EEL =      5872.6514  VDWAALS    =     16410.0490
 EELEC  =   -163763.6757  EHBOND  =         0.0000  RESTRAINT  =         0.0000
 EKCMT  =         0.0000  VIRIAL  =         0.0000  VOLUME     =    332539.9664
                                                    Density    =         1.0351
 ------------------------------------------------------------------------------


 NSTEP =   300000   TIME(PS) =    1300.000  TEMP(K) =   299.04  PRESS =     0.0
 Etot   =   -117483.5586  EKtot   =     20436.7949  EPtot      =   -137920.3535
 BOND   =       570.2910  ANGLE   =      1456.6210  DIHED      =       979.0662
 UB     =         0.0000  IMP     =         0.0000  CMAP       =       136.5200
 1-4 NB =       655.6664  1-4 EEL =      5808.3073  VDWAALS    =     16585.5857
 EELEC  =   -164112.4112  EHBOND  =         0.0000  RESTRAINT  =         0.0000
 EKCMT  =         0.0000  VIRIAL  =         0.0000  VOLUME     =    332813.1750
                                                    Density    =         1.0342
 ------------------------------------------------------------------------------


 NSTEP =   305000   TIME(PS) =    1310.000  TEMP(K) =   298.94  PRESS =     0.0
 Etot   =   -117031.1135  EKtot   =     20429.4512  EPtot      =   -137460.5647
 BOND   =       532.8461  ANGLE   =      1504.2976  DIHED      =       985.8887
 UB     =         0.0000  IMP     =         0.0000  CMAP       =       153.8968
 1-4 NB =       638.8428  1-4 EEL =      5823.7058  VDWAALS    =     16294.0296
 EELEC  =   -163394.0721  EHBOND  =         0.0000  RESTRAINT  =         0.0000
 EKCMT  =         0.0000  VIRIAL  =         0.0000  VOLUME     =    332800.5846
                                                    Density    =         1.0343
 ------------------------------------------------------------------------------


 NSTEP =   310000   TIME(PS) =    1320.000  TEMP(K) =   297.60  PRESS =     0.0
 Etot   =   -117169.4182  EKtot   =     20337.8691  EPtot      =   -137507.2873
 BOND   =       560.5707  ANGLE   =      1524.8394  DIHED      =       990.2396
 UB     =         0.0000  IMP     =         0.0000  CMAP       =       143.1101
 1-4 NB =       642.9029  1-4 EEL =      5827.8843  VDWAALS    =     16221.2425
 EELEC  =   -163418.0769  EHBOND  =         0.0000  RESTRAINT  =         0.0000
 EKCMT  =         0.0000  VIRIAL  =         0.0000  VOLUME     =    335183.0466
                                                    Density    =         1.0269
 ------------------------------------------------------------------------------


 NSTEP =   315000   TIME(PS) =    1330.000  TEMP(K) =   298.42  PRESS =     0.0
 Etot   =   -117325.8836  EKtot   =     20394.1270  EPtot      =   -137720.0106
 BOND   =       545.2118  ANGLE   =      1475.0197  DIHED      =       966.0653
 UB     =         0.0000  IMP     =         0.0000  CMAP       =       154.1571
 1-4 NB =       652.7240  1-4 EEL =      5816.6547  VDWAALS    =     16446.0919
 EELEC  =   -163775.9352  EHBOND  =         0.0000  RESTRAINT  =         0.0000
 EKCMT  =         0.0000  VIRIAL  =         0.0000  VOLUME     =    333377.6966
                                                    Density    =         1.0325
 ------------------------------------------------------------------------------


 NSTEP =   320000   TIME(PS) =    1340.000  TEMP(K) =   298.20  PRESS =     0.0
 Etot   =   -117229.4313  EKtot   =     20379.2910  EPtot      =   -137608.7224
 BOND   =       561.4218  ANGLE   =      1534.4249  DIHED      =       977.7155
 UB     =         0.0000  IMP     =         0.0000  CMAP       =       148.0363
 1-4 NB =       650.4029  1-4 EEL =      5854.3841  VDWAALS    =     16367.8658
 EELEC  =   -163702.9739  EHBOND  =         0.0000  RESTRAINT  =         0.0000
 EKCMT  =         0.0000  VIRIAL  =         0.0000  VOLUME     =    333648.9567
                                                    Density    =         1.0316
 ------------------------------------------------------------------------------


 NSTEP =   325000   TIME(PS) =    1350.000  TEMP(K) =   297.62  PRESS =     0.0
 Etot   =   -117146.5378  EKtot   =     20339.2949  EPtot      =   -137485.8327
 BOND   =       587.6585  ANGLE   =      1510.5359  DIHED      =       993.4328
 UB     =         0.0000  IMP     =         0.0000  CMAP       =       154.4825
 1-4 NB =       642.2976  1-4 EEL =      5832.9959  VDWAALS    =     16003.5469
 EELEC  =   -163210.7828  EHBOND  =         0.0000  RESTRAINT  =         0.0000
 EKCMT  =         0.0000  VIRIAL  =         0.0000  VOLUME     =    334464.5453
                                                    Density    =         1.0291
 ------------------------------------------------------------------------------


 NSTEP =   330000   TIME(PS) =    1360.000  TEMP(K) =   300.49  PRESS =     0.0
 Etot   =   -117597.5395  EKtot   =     20535.7090  EPtot      =   -138133.2485
 BOND   =       552.3911  ANGLE   =      1472.2125  DIHED      =       997.5970
 UB     =         0.0000  IMP     =         0.0000  CMAP       =       151.5762
 1-4 NB =       640.5504  1-4 EEL =      5747.6799  VDWAALS    =     16763.0388
 EELEC  =   -164458.2945  EHBOND  =         0.0000  RESTRAINT  =         0.0000
 EKCMT  =         0.0000  VIRIAL  =         0.0000  VOLUME     =    333070.7848
                                                    Density    =         1.0334
 ------------------------------------------------------------------------------


 NSTEP =   335000   TIME(PS) =    1370.000  TEMP(K) =   300.08  PRESS =     0.0
 Etot   =   -117285.8153  EKtot   =     20507.8223  EPtot      =   -137793.6376
 BOND   =       585.2550  ANGLE   =      1569.0313  DIHED      =       967.5465
 UB     =         0.0000  IMP     =         0.0000  CMAP       =       150.9810
 1-4 NB =       647.6167  1-4 EEL =      5805.1360  VDWAALS    =     16502.3631
 EELEC  =   -164021.5672  EHBOND  =         0.0000  RESTRAINT  =         0.0000
 EKCMT  =         0.0000  VIRIAL  =         0.0000  VOLUME     =    334384.2271
                                                    Density    =         1.0294
 ------------------------------------------------------------------------------


 NSTEP =   340000   TIME(PS) =    1380.000  TEMP(K) =   300.48  PRESS =     0.0
 Etot   =   -116843.1291  EKtot   =     20534.8613  EPtot      =   -137377.9904
 BOND   =       575.8752  ANGLE   =      1498.8915  DIHED      =      1005.4708
 UB     =         0.0000  IMP     =         0.0000  CMAP       =       140.5297
 1-4 NB =       665.4427  1-4 EEL =      5853.4678  VDWAALS    =     16477.1729
 EELEC  =   -163594.8410  EHBOND  =         0.0000  RESTRAINT  =         0.0000
 EKCMT  =         0.0000  VIRIAL  =         0.0000  VOLUME     =    334186.7448
                                                    Density    =         1.0300
 ------------------------------------------------------------------------------


 NSTEP =   345000   TIME(PS) =    1390.000  TEMP(K) =   296.76  PRESS =     0.0
 Etot   =   -117300.7817  EKtot   =     20280.8535  EPtot      =   -137581.6352
 BOND   =       552.8638  ANGLE   =      1508.2490  DIHED      =       991.8322
 UB     =         0.0000  IMP     =         0.0000  CMAP       =       136.3898
 1-4 NB =       657.0268  1-4 EEL =      5892.5372  VDWAALS    =     16431.2046
 EELEC  =   -163751.7385  EHBOND  =         0.0000  RESTRAINT  =         0.0000
 EKCMT  =         0.0000  VIRIAL  =         0.0000  VOLUME     =    333609.4767
                                                    Density    =         1.0317
 ------------------------------------------------------------------------------


 NSTEP =   350000   TIME(PS) =    1400.000  TEMP(K) =   301.17  PRESS =     0.0
 Etot   =   -117040.0864  EKtot   =     20582.1680  EPtot      =   -137622.2544
 BOND   =       552.0079  ANGLE   =      1490.9864  DIHED      =       996.3359
 UB     =         0.0000  IMP     =         0.0000  CMAP       =       148.5502
 1-4 NB =       637.2374  1-4 EEL =      5878.4632  VDWAALS    =     16307.9235
 EELEC  =   -163633.7588  EHBOND  =         0.0000  RESTRAINT  =         0.0000
 EKCMT  =         0.0000  VIRIAL  =         0.0000  VOLUME     =    334480.4271
                                                    Density    =         1.0291
 ------------------------------------------------------------------------------


 NSTEP =   355000   TIME(PS) =    1410.000  TEMP(K) =   300.75  PRESS =     0.0
 Etot   =   -117171.2024  EKtot   =     20553.2695  EPtot      =   -137724.4719
 BOND   =       544.8729  ANGLE   =      1511.7831  DIHED      =       997.7789
 UB     =         0.0000  IMP     =         0.0000  CMAP       =       150.3515
 1-4 NB =       645.6669  1-4 EEL =      5883.8610  VDWAALS    =     16482.2043
 EELEC  =   -163940.9904  EHBOND  =         0.0000  RESTRAINT  =         0.0000
 EKCMT  =         0.0000  VIRIAL  =         0.0000  VOLUME     =    334283.2205
                                                    Density    =         1.0297
 ------------------------------------------------------------------------------


 NSTEP =   360000   TIME(PS) =    1420.000  TEMP(K) =   298.38  PRESS =     0.0
 Etot   =   -117125.4334  EKtot   =     20391.4629  EPtot      =   -137516.8963
 BOND   =       549.1907  ANGLE   =      1469.6470  DIHED      =       992.5385
 UB     =         0.0000  IMP     =         0.0000  CMAP       =       146.4051
 1-4 NB =       647.1180  1-4 EEL =      5840.6720  VDWAALS    =     15920.8881
 EELEC  =   -163083.3557  EHBOND  =         0.0000  RESTRAINT  =         0.0000
 EKCMT  =         0.0000  VIRIAL  =         0.0000  VOLUME     =    333264.9381
                                                    Density    =         1.0328
 ------------------------------------------------------------------------------


 NSTEP =   365000   TIME(PS) =    1430.000  TEMP(K) =   303.46  PRESS =     0.0
 Etot   =   -116780.4584  EKtot   =     20738.5527  EPtot      =   -137519.0112
 BOND   =       586.6332  ANGLE   =      1512.1112  DIHED      =      1017.5023
 UB     =         0.0000  IMP     =         0.0000  CMAP       =       147.2822
 1-4 NB =       643.0977  1-4 EEL =      5789.9441  VDWAALS    =     16490.4745
 EELEC  =   -163706.0564  EHBOND  =         0.0000  RESTRAINT  =         0.0000
 EKCMT  =         0.0000  VIRIAL  =         0.0000  VOLUME     =    334544.9803
                                                    Density    =         1.0289
 ------------------------------------------------------------------------------


 NSTEP =   370000   TIME(PS) =    1440.000  TEMP(K) =   298.78  PRESS =     0.0
 Etot   =   -117324.8010  EKtot   =     20418.7539  EPtot      =   -137743.5550
 BOND   =       566.0909  ANGLE   =      1463.9176  DIHED      =       999.1622
 UB     =         0.0000  IMP     =         0.0000  CMAP       =       140.3462
 1-4 NB =       651.4685  1-4 EEL =      5894.7244  VDWAALS    =     16465.7332
 EELEC  =   -163924.9980  EHBOND  =         0.0000  RESTRAINT  =         0.0000
 EKCMT  =         0.0000  VIRIAL  =         0.0000  VOLUME     =    333886.2028
                                                    Density    =         1.0309
 ------------------------------------------------------------------------------


 NSTEP =   375000   TIME(PS) =    1450.000  TEMP(K) =   299.93  PRESS =     0.0
 Etot   =   -117124.3213  EKtot   =     20497.3164  EPtot      =   -137621.6377
 BOND   =       560.2579  ANGLE   =      1514.5626  DIHED      =      1006.0549
 UB     =         0.0000  IMP     =         0.0000  CMAP       =       128.9396
 1-4 NB =       656.7624  1-4 EEL =      5838.5802  VDWAALS    =     16279.6375
 EELEC  =   -163606.4328  EHBOND  =         0.0000  RESTRAINT  =         0.0000
 EKCMT  =         0.0000  VIRIAL  =         0.0000  VOLUME     =    333474.1262
                                                    Density    =         1.0322
 ------------------------------------------------------------------------------


 NSTEP =   380000   TIME(PS) =    1460.000  TEMP(K) =   298.08  PRESS =     0.0
 Etot   =   -117435.6378  EKtot   =     20371.0625  EPtot      =   -137806.7003
 BOND   =       529.7441  ANGLE   =      1510.4437  DIHED      =      1000.4209
 UB     =         0.0000  IMP     =         0.0000  CMAP       =       143.3813
 1-4 NB =       648.9028  1-4 EEL =      5803.9059  VDWAALS    =     16296.9844
 EELEC  =   -163740.4834  EHBOND  =         0.0000  RESTRAINT  =         0.0000
 EKCMT  =         0.0000  VIRIAL  =         0.0000  VOLUME     =    332983.6255
                                                    Density    =         1.0337
 ------------------------------------------------------------------------------


 NSTEP =   385000   TIME(PS) =    1470.000  TEMP(K) =   298.95  PRESS =     0.0
 Etot   =   -117385.6079  EKtot   =     20430.6113  EPtot      =   -137816.2192
 BOND   =       556.8636  ANGLE   =      1518.8173  DIHED      =       996.3156
 UB     =         0.0000  IMP     =         0.0000  CMAP       =       137.8266
 1-4 NB =       645.7127  1-4 EEL =      5815.2051  VDWAALS    =     16324.2816
 EELEC  =   -163811.2416  EHBOND  =         0.0000  RESTRAINT  =         0.0000
 EKCMT  =         0.0000  VIRIAL  =         0.0000  VOLUME     =    333440.8070
                                                    Density    =         1.0323
 ------------------------------------------------------------------------------


 NSTEP =   390000   TIME(PS) =    1480.000  TEMP(K) =   303.11  PRESS =     0.0
 Etot   =   -116967.3279  EKtot   =     20714.9473  EPtot      =   -137682.2752
 BOND   =       565.9608  ANGLE   =      1535.0833  DIHED      =      1002.7638
 UB     =         0.0000  IMP     =         0.0000  CMAP       =       146.4864
 1-4 NB =       645.3179  1-4 EEL =      5858.9283  VDWAALS    =     16385.7121
 EELEC  =   -163822.5278  EHBOND  =         0.0000  RESTRAINT  =         0.0000
 EKCMT  =         0.0000  VIRIAL  =         0.0000  VOLUME     =    333259.8466
                                                    Density    =         1.0328
 ------------------------------------------------------------------------------


 NSTEP =   395000   TIME(PS) =    1490.000  TEMP(K) =   301.89  PRESS =     0.0
 Etot   =   -116783.1159  EKtot   =     20631.4277  EPtot      =   -137414.5437
 BOND   =       540.5536  ANGLE   =      1552.1452  DIHED      =      1021.7117
 UB     =         0.0000  IMP     =         0.0000  CMAP       =       134.4352
 1-4 NB =       661.4397  1-4 EEL =      5814.3353  VDWAALS    =     16516.2795
 EELEC  =   -163655.4439  EHBOND  =         0.0000  RESTRAINT  =         0.0000
 EKCMT  =         0.0000  VIRIAL  =         0.0000  VOLUME     =    334369.6499
                                                    Density    =         1.0294
 ------------------------------------------------------------------------------


 NSTEP =   400000   TIME(PS) =    1500.000  TEMP(K) =   298.26  PRESS =     0.0
 Etot   =   -117399.4066  EKtot   =     20383.0527  EPtot      =   -137782.4594
 BOND   =       542.6849  ANGLE   =      1519.4113  DIHED      =       993.2011
 UB     =         0.0000  IMP     =         0.0000  CMAP       =       142.3878
 1-4 NB =       653.4004  1-4 EEL =      5796.7455  VDWAALS    =     16467.8980
 EELEC  =   -163898.1885  EHBOND  =         0.0000  RESTRAINT  =         0.0000
 EKCMT  =         0.0000  VIRIAL  =         0.0000  VOLUME     =    334161.1000
                                                    Density    =         1.0300
 ------------------------------------------------------------------------------


 NSTEP =   405000   TIME(PS) =    1510.000  TEMP(K) =   301.81  PRESS =     0.0
 Etot   =   -116911.7201  EKtot   =     20626.1035  EPtot      =   -137537.8236
 BOND   =       591.7548  ANGLE   =      1480.4769  DIHED      =      1000.3978
 UB     =         0.0000  IMP     =         0.0000  CMAP       =       150.6041
 1-4 NB =       630.0691  1-4 EEL =      5797.4552  VDWAALS    =     16321.2671
 EELEC  =   -163509.8487  EHBOND  =         0.0000  RESTRAINT  =         0.0000
 EKCMT  =         0.0000  VIRIAL  =         0.0000  VOLUME     =    333841.6600
                                                    Density    =         1.0310
 ------------------------------------------------------------------------------


 NSTEP =   410000   TIME(PS) =    1520.000  TEMP(K) =   300.88  PRESS =     0.0
 Etot   =   -117263.9747  EKtot   =     20562.1562  EPtot      =   -137826.1310
 BOND   =       557.8014  ANGLE   =      1526.7368  DIHED      =      1004.9672
 UB     =         0.0000  IMP     =         0.0000  CMAP       =       133.3289
 1-4 NB =       639.7562  1-4 EEL =      5770.7563  VDWAALS    =     16494.8723
 EELEC  =   -163954.3500  EHBOND  =         0.0000  RESTRAINT  =         0.0000
 EKCMT  =         0.0000  VIRIAL  =         0.0000  VOLUME     =    334502.9183
                                                    Density    =         1.0290
 ------------------------------------------------------------------------------


 NSTEP =   415000   TIME(PS) =    1530.000  TEMP(K) =   302.11  PRESS =     0.0
 Etot   =   -117075.4071  EKtot   =     20646.1094  EPtot      =   -137721.5165
 BOND   =       591.0295  ANGLE   =      1514.9582  DIHED      =      1011.9932
 UB     =         0.0000  IMP     =         0.0000  CMAP       =       136.6069
 1-4 NB =       633.8680  1-4 EEL =      5866.8763  VDWAALS    =     16492.6696
 EELEC  =   -163969.5183  EHBOND  =         0.0000  RESTRAINT  =         0.0000
 EKCMT  =         0.0000  VIRIAL  =         0.0000  VOLUME     =    333766.6327
                                                    Density    =         1.0313
 ------------------------------------------------------------------------------


 NSTEP =   420000   TIME(PS) =    1540.000  TEMP(K) =   300.22  PRESS =     0.0
 Etot   =   -117248.4997  EKtot   =     20517.3477  EPtot      =   -137765.8473
 BOND   =       571.7913  ANGLE   =      1485.1684  DIHED      =       983.8023
 UB     =         0.0000  IMP     =         0.0000  CMAP       =       143.8906
 1-4 NB =       645.6749  1-4 EEL =      5857.2205  VDWAALS    =     16488.1001
 EELEC  =   -163941.4954  EHBOND  =         0.0000  RESTRAINT  =         0.0000
 EKCMT  =         0.0000  VIRIAL  =         0.0000  VOLUME     =    334583.6058
                                                    Density    =         1.0287
 ------------------------------------------------------------------------------


 NSTEP =   425000   TIME(PS) =    1550.000  TEMP(K) =   298.53  PRESS =     0.0
 Etot   =   -117305.3629  EKtot   =     20401.6875  EPtot      =   -137707.0504
 BOND   =       525.2603  ANGLE   =      1556.6619  DIHED      =      1023.2294
 UB     =         0.0000  IMP     =         0.0000  CMAP       =       142.1390
 1-4 NB =       662.2194  1-4 EEL =      5826.1355  VDWAALS    =     16435.8919
 EELEC  =   -163878.5878  EHBOND  =         0.0000  RESTRAINT  =         0.0000
 EKCMT  =         0.0000  VIRIAL  =         0.0000  VOLUME     =    333922.7999
                                                    Density    =         1.0308
 ------------------------------------------------------------------------------


 NSTEP =   430000   TIME(PS) =    1560.000  TEMP(K) =   298.99  PRESS =     0.0
 Etot   =   -117462.2364  EKtot   =     20433.3613  EPtot      =   -137895.5977
 BOND   =       570.2072  ANGLE   =      1519.0245  DIHED      =       980.0458
 UB     =         0.0000  IMP     =         0.0000  CMAP       =       143.3743
 1-4 NB =       654.0457  1-4 EEL =      5858.5242  VDWAALS    =     16327.0335
 EELEC  =   -163947.8529  EHBOND  =         0.0000  RESTRAINT  =         0.0000
 EKCMT  =         0.0000  VIRIAL  =         0.0000  VOLUME     =    333338.7946
                                                    Density    =         1.0326
 ------------------------------------------------------------------------------


 NSTEP =   435000   TIME(PS) =    1570.000  TEMP(K) =   301.78  PRESS =     0.0
 Etot   =   -117451.1281  EKtot   =     20623.7988  EPtot      =   -138074.9269
 BOND   =       558.9549  ANGLE   =      1459.2786  DIHED      =       989.8175
 UB     =         0.0000  IMP     =         0.0000  CMAP       =       150.7301
 1-4 NB =       642.4588  1-4 EEL =      5823.6359  VDWAALS    =     16810.8732
 EELEC  =   -164510.6759  EHBOND  =         0.0000  RESTRAINT  =         0.0000
 EKCMT  =         0.0000  VIRIAL  =         0.0000  VOLUME     =    332544.7302
                                                    Density    =         1.0351
 ------------------------------------------------------------------------------


 NSTEP =   440000   TIME(PS) =    1580.000  TEMP(K) =   300.21  PRESS =     0.0
 Etot   =   -117030.7329  EKtot   =     20516.2793  EPtot      =   -137547.0121
 BOND   =       566.4400  ANGLE   =      1514.7485  DIHED      =       988.3650
 UB     =         0.0000  IMP     =         0.0000  CMAP       =       139.7281
 1-4 NB =       641.4856  1-4 EEL =      5824.9525  VDWAALS    =     16159.1066
 EELEC  =   -163381.8385  EHBOND  =         0.0000  RESTRAINT  =         0.0000
 EKCMT  =         0.0000  VIRIAL  =         0.0000  VOLUME     =    333407.5806
                                                    Density    =         1.0324
 ------------------------------------------------------------------------------


 NSTEP =   445000   TIME(PS) =    1590.000  TEMP(K) =   301.67  PRESS =     0.0
 Etot   =   -116962.9487  EKtot   =     20616.0508  EPtot      =   -137578.9995
 BOND   =       573.6266  ANGLE   =      1506.2943  DIHED      =       988.1001
 UB     =         0.0000  IMP     =         0.0000  CMAP       =       151.4802
 1-4 NB =       651.2723  1-4 EEL =      5782.1143  VDWAALS    =     16399.9927
 EELEC  =   -163631.8800  EHBOND  =         0.0000  RESTRAINT  =         0.0000
 EKCMT  =         0.0000  VIRIAL  =         0.0000  VOLUME     =    333284.4573
                                                    Density    =         1.0328
 ------------------------------------------------------------------------------


 NSTEP =   450000   TIME(PS) =    1600.000  TEMP(K) =   298.91  PRESS =     0.0
 Etot   =   -117127.2518  EKtot   =     20427.6797  EPtot      =   -137554.9315
 BOND   =       575.7708  ANGLE   =      1525.0367  DIHED      =      1020.9794
 UB     =         0.0000  IMP     =         0.0000  CMAP       =       148.5045
 1-4 NB =       627.2526  1-4 EEL =      5803.5376  VDWAALS    =     16493.4589
 EELEC  =   -163749.4719  EHBOND  =         0.0000  RESTRAINT  =         0.0000
 EKCMT  =         0.0000  VIRIAL  =         0.0000  VOLUME     =    333811.5025
                                                    Density    =         1.0311
 ------------------------------------------------------------------------------


 NSTEP =   455000   TIME(PS) =    1610.000  TEMP(K) =   299.36  PRESS =     0.0
 Etot   =   -117364.7135  EKtot   =     20458.1953  EPtot      =   -137822.9088
 BOND   =       536.2587  ANGLE   =      1541.3535  DIHED      =       984.6602
 UB     =         0.0000  IMP     =         0.0000  CMAP       =       132.2602
 1-4 NB =       654.0421  1-4 EEL =      5853.1728  VDWAALS    =     16470.1197
 EELEC  =   -163994.7761  EHBOND  =         0.0000  RESTRAINT  =         0.0000
 EKCMT  =         0.0000  VIRIAL  =         0.0000  VOLUME     =    334003.3930
                                                    Density    =         1.0305
 ------------------------------------------------------------------------------


 NSTEP =   460000   TIME(PS) =    1620.000  TEMP(K) =   301.01  PRESS =     0.0
 Etot   =   -117243.6013  EKtot   =     20571.3457  EPtot      =   -137814.9470
 BOND   =       551.3783  ANGLE   =      1503.7361  DIHED      =      1010.9268
 UB     =         0.0000  IMP     =         0.0000  CMAP       =       151.3084
 1-4 NB =       653.1673  1-4 EEL =      5840.5402  VDWAALS    =     16554.8717
 EELEC  =   -164080.8757  EHBOND  =         0.0000  RESTRAINT  =         0.0000
 EKCMT  =         0.0000  VIRIAL  =         0.0000  VOLUME     =    333914.8888
                                                    Density    =         1.0308
 ------------------------------------------------------------------------------


 NSTEP =   465000   TIME(PS) =    1630.000  TEMP(K) =   297.70  PRESS =     0.0
 Etot   =   -117278.0280  EKtot   =     20345.2695  EPtot      =   -137623.2975
 BOND   =       571.0141  ANGLE   =      1510.8260  DIHED      =      1017.8652
 UB     =         0.0000  IMP     =         0.0000  CMAP       =       160.8535
 1-4 NB =       638.9107  1-4 EEL =      5825.1246  VDWAALS    =     16519.6523
 EELEC  =   -163867.5439  EHBOND  =         0.0000  RESTRAINT  =         0.0000
 EKCMT  =         0.0000  VIRIAL  =         0.0000  VOLUME     =    332690.7248
                                                    Density    =         1.0346
 ------------------------------------------------------------------------------


 NSTEP =   470000   TIME(PS) =    1640.000  TEMP(K) =   300.85  PRESS =     0.0
 Etot   =   -116989.7019  EKtot   =     20560.3301  EPtot      =   -137550.0320
 BOND   =       574.3444  ANGLE   =      1498.5367  DIHED      =      1011.1767
 UB     =         0.0000  IMP     =         0.0000  CMAP       =       147.3067
 1-4 NB =       639.6293  1-4 EEL =      5816.7287  VDWAALS    =     16442.6273
 EELEC  =   -163680.3818  EHBOND  =         0.0000  RESTRAINT  =         0.0000
 EKCMT  =         0.0000  VIRIAL  =         0.0000  VOLUME     =    333602.8334
                                                    Density    =         1.0318
 ------------------------------------------------------------------------------


 NSTEP =   475000   TIME(PS) =    1650.000  TEMP(K) =   299.08  PRESS =     0.0
 Etot   =   -117377.1136  EKtot   =     20439.2344  EPtot      =   -137816.3479
 BOND   =       519.3892  ANGLE   =      1536.1050  DIHED      =      1007.6879
 UB     =         0.0000  IMP     =         0.0000  CMAP       =       141.8054
 1-4 NB =       660.0093  1-4 EEL =      5810.2750  VDWAALS    =     16627.2508
 EELEC  =   -164118.8707  EHBOND  =         0.0000  RESTRAINT  =         0.0000
 EKCMT  =         0.0000  VIRIAL  =         0.0000  VOLUME     =    334587.9410
                                                    Density    =         1.0287
 ------------------------------------------------------------------------------


 NSTEP =   480000   TIME(PS) =    1660.000  TEMP(K) =   298.43  PRESS =     0.0
 Etot   =   -117771.7131  EKtot   =     20394.8086  EPtot      =   -138166.5217
 BOND   =       575.8785  ANGLE   =      1457.8116  DIHED      =      1017.8358
 UB     =         0.0000  IMP     =         0.0000  CMAP       =       144.3973
 1-4 NB =       641.9169  1-4 EEL =      5820.1688  VDWAALS    =     16781.6935
 EELEC  =   -164606.2241  EHBOND  =         0.0000  RESTRAINT  =         0.0000
 EKCMT  =         0.0000  VIRIAL  =         0.0000  VOLUME     =    333371.0042
                                                    Density    =         1.0325
 ------------------------------------------------------------------------------


 NSTEP =   485000   TIME(PS) =    1670.000  TEMP(K) =   298.49  PRESS =     0.0
 Etot   =   -117360.7015  EKtot   =     20398.8281  EPtot      =   -137759.5296
 BOND   =       577.5842  ANGLE   =      1518.6214  DIHED      =      1002.3611
 UB     =         0.0000  IMP     =         0.0000  CMAP       =       143.7772
 1-4 NB =       649.1359  1-4 EEL =      5786.5259  VDWAALS    =     16560.3267
 EELEC  =   -163997.8621  EHBOND  =         0.0000  RESTRAINT  =         0.0000
 EKCMT  =         0.0000  VIRIAL  =         0.0000  VOLUME     =    333683.4182
                                                    Density    =         1.0315
 ------------------------------------------------------------------------------


 NSTEP =   490000   TIME(PS) =    1680.000  TEMP(K) =   298.65  PRESS =     0.0
 Etot   =   -117129.8476  EKtot   =     20410.0098  EPtot      =   -137539.8573
 BOND   =       590.0853  ANGLE   =      1519.2300  DIHED      =       983.1388
 UB     =         0.0000  IMP     =         0.0000  CMAP       =       140.0515
 1-4 NB =       626.0207  1-4 EEL =      5792.2266  VDWAALS    =     16491.3181
 EELEC  =   -163681.9284  EHBOND  =         0.0000  RESTRAINT  =         0.0000
 EKCMT  =         0.0000  VIRIAL  =         0.0000  VOLUME     =    333714.0062
                                                    Density    =         1.0314
 ------------------------------------------------------------------------------


 NSTEP =   495000   TIME(PS) =    1690.000  TEMP(K) =   301.12  PRESS =     0.0
 Etot   =   -117136.5817  EKtot   =     20579.0059  EPtot      =   -137715.5876
 BOND   =       573.4278  ANGLE   =      1526.8467  DIHED      =       988.9747
 UB     =         0.0000  IMP     =         0.0000  CMAP       =       150.1741
 1-4 NB =       647.7099  1-4 EEL =      5811.3916  VDWAALS    =     16388.8916
 EELEC  =   -163803.0039  EHBOND  =         0.0000  RESTRAINT  =         0.0000
 EKCMT  =         0.0000  VIRIAL  =         0.0000  VOLUME     =    333810.4404
                                                    Density    =         1.0311
 ------------------------------------------------------------------------------


 NSTEP =   500000   TIME(PS) =    1700.000  TEMP(K) =   299.29  PRESS =     0.0
 Etot   =   -117318.7560  EKtot   =     20453.7422  EPtot      =   -137772.4982
 BOND   =       558.2351  ANGLE   =      1529.8850  DIHED      =       984.3454
 UB     =         0.0000  IMP     =         0.0000  CMAP       =       149.6746
 1-4 NB =       644.3956  1-4 EEL =      5801.1301  VDWAALS    =     16265.9350
 EELEC  =   -163706.0990  EHBOND  =         0.0000  RESTRAINT  =         0.0000
 EKCMT  =         0.0000  VIRIAL  =         0.0000  VOLUME     =    333905.4602
                                                    Density    =         1.0308
 ------------------------------------------------------------------------------


      A V E R A G E S   O V E R     100 S T E P S


 NSTEP =   500000   TIME(PS) =    1700.000  TEMP(K) =   299.97  PRESS =     0.0
 Etot   =   -117167.0579  EKtot   =     20500.0818  EPtot      =   -137667.1396
 BOND   =       562.0547  ANGLE   =      1512.6356  DIHED      =      1001.1343
 UB     =         0.0000  IMP     =         0.0000  CMAP       =       142.8119
 1-4 NB =       646.3060  1-4 EEL =      5839.8854  VDWAALS    =     16423.6804
 EELEC  =   -163795.6479  EHBOND  =         0.0000  RESTRAINT  =         0.0000
 EKCMT  =         0.0000  VIRIAL  =         0.0000  VOLUME     =    333901.9190
                                                    Density    =         1.0308
 ------------------------------------------------------------------------------


      R M S  F L U C T U A T I O N S


 NSTEP =   500000   TIME(PS) =    1700.000  TEMP(K) =     1.69  PRESS =     0.0
 Etot   =       215.6235  EKtot   =       115.3973  EPtot      =       180.1867
 BOND   =        18.7545  ANGLE   =        30.0629  DIHED      =        17.8565
 UB     =         0.0000  IMP     =         0.0000  CMAP       =         6.5304
 1-4 NB =        10.5925  1-4 EEL =        34.8380  VDWAALS    =       165.3248
 EELEC  =       289.4667  EHBOND  =         0.0000  RESTRAINT  =         0.0000
 EKCMT  =         0.0000  VIRIAL  =         0.0000  VOLUME     =       701.6000
                                                    Density    =         0.0022
 ------------------------------------------------------------------------------

| MC Barostat:       5000 volume changes attempted.
| MC Barostat:       1883 changes successful ( 37.66%)
 ------------------------------------------------------------------------------

--------------------------------------------------------------------------------
   5.  TIMINGS
--------------------------------------------------------------------------------

|  NonSetup CPU Time in Major Routines:
|
|     Routine           Sec        %
|     ------------------------------
|     Nonbond          25.70   13.29
|     Bond              0.00    0.00
|     Angle             0.00    0.00
|     Dihedral          0.00    0.00
|     Shake             2.42    1.25
|     RunMD           160.47   83.01
|     Other             4.73    2.45
|     ------------------------------
|     Total           193.33

|  PME Nonbond Pairlist CPU Time:
|
|     Routine              Sec        %
|     ---------------------------------
|     Set Up Cit           0.00    0.00
|     Build List           0.00    0.00
|     ---------------------------------
|     Total                0.00    0.00

|  PME Direct Force CPU Time:
|
|     Routine              Sec        %
|     ---------------------------------
|     NonBonded Calc       0.00    0.00
|     Exclude Masked       0.00    0.00
|     Other                0.76    0.39
|     ---------------------------------
|     Total                0.76    0.39

|  PME Reciprocal Force CPU Time:
|
|     Routine              Sec        %
|     ---------------------------------
|     1D bspline           0.00    0.00
|     Grid Charges         0.00    0.00
|     Scalar Sum           0.00    0.00
|     Gradient Sum         0.00    0.00
|     FFT                  0.00    0.00
|     ---------------------------------
|     Total                0.00    0.00

|  Final Performance Info:
|     -----------------------------------------------------
|     Average timings for last   30000 steps:
|     Elapsed(s) =      11.66 Per Step(ms) =       0.39
|         ns/day =     444.67   seconds/ns =     194.30
|
|     Average timings for all steps:
|     Elapsed(s) =     193.94 Per Step(ms) =       0.39
|         ns/day =     445.49   seconds/ns =     193.94
|     -----------------------------------------------------

|  Setup CPU time:            0.54 seconds
|  NonSetup CPU time:       193.33 seconds
|  Total CPU time:          193.86 seconds     0.05 hours

|  Setup wall time:           1    seconds
|  NonSetup wall time:      194    seconds
|  Total wall time:         195    seconds     0.05 hours
