            --------------------------------------------------------
                             AMBER SQM VERSION 19
 
                                     By
              Ross C. Walker, Michael F. Crowley, Scott Brozell,
                         Tim Giese, Andreas W. Goetz,
                        Tai-Sung Lee and David A. Case
 
            --------------------------------------------------------
 

--------------------------------------------------------------------------------
  QM CALCULATION INFO
--------------------------------------------------------------------------------

| QMMM: Citation for AMBER QMMM Run:
| QMMM: R.C. Walker, M.F. Crowley and D.A. Case, J. COMP. CHEM. 29:1019, 2008

QMMM: SINGLET STATE CALCULATION
QMMM: RHF CALCULATION, NO. OF DOUBLY OCCUPIED LEVELS = 45

| QMMM: *** Selected Hamiltonian *** 
| QMMM: PM3         

| QMMM: *** Parameter sets in use ***
| QMMM: N : J.J.P.STEWART, JCC, 10, 209 (1989)
| QMMM: C : J.J.P.STEWART, JCC, 10, 209 (1989)
| QMMM: O : J.J.P.STEWART, JCC, 10, 209 (1989)
| QMMM: F : J.J.P.STEWART, JCC, 10, 209 (1989)
| QMMM: H : J.J.P.STEWART, JCC, 10, 209 (1989)

| QMMM: *** SCF convergence criteria ***
| QMMM: Energy change                :  0.1D-07 kcal/mol
| QMMM: Error matrix |FP-PF|         :  0.1D+00 au
| QMMM: Density matrix change        :  0.5D-05
| QMMM: Maximum number of SCF cycles :     1000

| QMMM: *** Diagonalization Routine Information ***
| QMMM: Pseudo diagonalizations are allowed.
| QMMM: Auto diagonalization routine selection is in use.
| QMMM:
| QMMM: Timing diagonalization routines:
| QMMM:                              norbs =       78
| QMMM:    diag iterations used for timing =       15
| QMMM:
| QMMM:              Internal diag routine = 0.010612 seconds
| QMMM:                 Dspev diag routine = 0.013324 seconds
| QMMM:                Dspevd diag routine = 0.007218 seconds
| QMMM:                Dspevx diag routine = 0.038039 seconds
| QMMM:                 Dsyev diag routine = 0.012829 seconds
| QMMM:                Dsyevd diag routine = 0.006429 seconds
| QMMM:                Dsyevr diag routine = 0.008433 seconds
| QMMM:
| QMMM:                Pseudo diag routine = 0.003309 seconds
| QMMM:
| QMMM: Using dsyevd routine (diag_routine=6).

  QMMM: QM Region Cartesian Coordinates (*=link atom) 
  QMMM: QM_NO.   MM_NO.  ATOM         X         Y         Z
  QMMM:     1        1      N        4.5010   20.4570   34.6860
  QMMM:     2        2      C        4.2230   21.5670   34.4360
  QMMM:     3        3      C        3.8470   22.8910   34.1450
  QMMM:     4        4      C        4.6820   23.9010   33.7550
  QMMM:     5        5      N        3.9610   25.0180   33.5570
  QMMM:     6        6      C        2.6820   24.7470   33.8190
  QMMM:     7        7      C        2.5750   23.4290   34.1950
  QMMM:     8        8      C        1.3370   22.7340   34.5440
  QMMM:     9        9      C        0.8220   22.7330   35.8420
  QMMM:    10       10      C       -0.3440   22.0200   36.1370
  QMMM:    11       11      C       -1.0050   21.2940   35.1660
  QMMM:    12       12      C       -0.4760   21.3060   33.8750
  QMMM:    13       13      C        0.6540   22.0100   33.5780
  QMMM:    14       14      O        0.9460   21.8710   32.2610
  QMMM:    15       15      C        0.0200   20.9270   31.7110
  QMMM:    16       16      F        0.6740   19.7830   31.4140
  QMMM:    17       17      F       -0.5820   21.4170   30.6340
  QMMM:    18       18      O       -0.9390   20.6650   32.7570
  QMMM:    19       19      H        5.7710   23.8130   33.6240
  QMMM:    20       20      H        4.3330   25.9290   33.2540
  QMMM:    21       21      H        1.8490   25.4610   33.7460
  QMMM:    22       22      H        1.3360   23.2950   36.6360
  QMMM:    23       23      H       -0.7420   22.0380   37.1620
  QMMM:    24       24      H       -1.9170   20.7260   35.4020

--------------------------------------------------------------------------------
  RESULTS
--------------------------------------------------------------------------------

 
 Final MO eigenvalues (eV):
 -43.0483  -41.0077  -37.5594  -36.0101  -31.6042  -30.7356  -30.4889  -27.6571
 -27.4834  -26.7597  -24.7798  -23.0703  -22.9477  -21.8391  -21.2605  -20.3702
 -20.1433  -19.6198  -19.2258  -18.9734  -18.0424  -17.3303  -17.0246  -16.8851
 -16.7289  -16.4417  -16.0851  -15.9150  -15.5235  -15.4676  -15.0538  -15.0032
 -14.8518  -14.5289  -14.3173  -13.5970  -13.1240  -13.0293  -12.7012  -12.2485
 -12.1664  -10.0076   -9.8829   -9.7054   -9.6220   -0.1939   -0.0424    0.3293
   0.7367    0.8880    0.9510    1.3778    1.6266    2.2673    2.2939    2.4524
   2.6017    2.6945    2.7917    2.9541    3.0552    3.1282    3.1881    3.2900
   3.6535    3.6855    3.9261    4.2132    4.3878    4.5269    4.5624    5.0377
   5.1568    5.4330    5.7275    5.7702    5.8934    7.1624

 Heat of formation   =        -73.98564702 kcal/mol  (       -3.20825840 eV)

 Total SCF energy    =     -76203.62684218 kcal/mol  (    -3304.43722485 eV)
 Electronic energy   =    -437288.45179072 kcal/mol  (   -18962.25019690 eV)
 Core-core repulsion =     361084.82494854 kcal/mol  (    15657.81297205 eV)
 
    Atomic Charges for Step       1 :
  Atom    Element       Mulliken Charge
     1      N                 -0.084
     2      C                 -0.049
     3      C                 -0.011
     4      C                 -0.322
     5      N                  0.486
     6      C                 -0.331
     7      C                 -0.077
     8      C                  0.025
     9      C                 -0.082
    10      C                 -0.100
    11      C                 -0.069
    12      C                  0.006
    13      C                  0.027
    14      O                 -0.188
    15      C                  0.445
    16      F                 -0.115
    17      F                 -0.094
    18      O                 -0.195
    19      H                  0.156
    20      H                  0.066
    21      H                  0.156
    22      H                  0.116
    23      H                  0.111
    24      H                  0.123
 Total Mulliken Charge =       0.000
 
                  X        Y        Z     TOTAL  
  QM DIPOLE     0.285    6.663    0.795    6.716
 
 Final Structure

  QMMM: QM Region Cartesian Coordinates (*=link atom) 
  QMMM: QM_NO.   MM_NO.  ATOM         X         Y         Z
  QMMM:     1        1      N        4.5010   20.4570   34.6860
  QMMM:     2        2      C        4.2230   21.5670   34.4360
  QMMM:     3        3      C        3.8470   22.8910   34.1450
  QMMM:     4        4      C        4.6820   23.9010   33.7550
  QMMM:     5        5      N        3.9610   25.0180   33.5570
  QMMM:     6        6      C        2.6820   24.7470   33.8190
  QMMM:     7        7      C        2.5750   23.4290   34.1950
  QMMM:     8        8      C        1.3370   22.7340   34.5440
  QMMM:     9        9      C        0.8220   22.7330   35.8420
  QMMM:    10       10      C       -0.3440   22.0200   36.1370
  QMMM:    11       11      C       -1.0050   21.2940   35.1660
  QMMM:    12       12      C       -0.4760   21.3060   33.8750
  QMMM:    13       13      C        0.6540   22.0100   33.5780
  QMMM:    14       14      O        0.9460   21.8710   32.2610
  QMMM:    15       15      C        0.0200   20.9270   31.7110
  QMMM:    16       16      F        0.6740   19.7830   31.4140
  QMMM:    17       17      F       -0.5820   21.4170   30.6340
  QMMM:    18       18      O       -0.9390   20.6650   32.7570
  QMMM:    19       19      H        5.7710   23.8130   33.6240
  QMMM:    20       20      H        4.3330   25.9290   33.2540
  QMMM:    21       21      H        1.8490   25.4610   33.7460
  QMMM:    22       22      H        1.3360   23.2950   36.6360
  QMMM:    23       23      H       -0.7420   22.0380   37.1620
  QMMM:    24       24      H       -1.9170   20.7260   35.4020

           --------- Calculation Completed ----------

