
          -------------------------------------------------------
          Amber 22 PMEMD                              2022
          -------------------------------------------------------

| PMEMD implementation of SANDER, Release 22

|  Compiled date/time: Thu Apr 14 11:06:37 2022
| Run on 09/01/2026 at 12:54:22

|   Executable path: pmemd.cuda
| Working directory: /bigdata/cutlerlab/jjaco081/PYR1_pocket_expansion/data/posecheck/mandi_crystal/rep2
|          Hostname: gpu09

  [-O]verwriting output

File Assignments:
|   MDIN: eq2.in                                                                
|  MDOUT: eq2.out                                                               
| INPCRD: eq1.rst7                                                              
|   PARM: /bigdata/cutlerlab/jjaco081/PYR1_pocket_expansion/data/posecheck/mandi
| RESTRT: eq2.rst7                                                              
|   REFC: refc                                                                  
|  MDVEL: mdvel                                                                 
|   MDEN: mden                                                                  
|  MDCRD: eq2.nc                                                                
| MDINFO: eq2.info                                                              
|  MDFRC: mdfrc                                                                 


 Here is the input file:

NPT equilibration 2, 1 ns, unrestrained                                        
 &cntrl                                                                        
  imin=0, irest=1, ntx=5,                                                      
  nstlim=500000, dt=0.002,                                                     
  ntc=2, ntf=2, cut=10.0,                                                      
  ntb=2, ntp=1, barostat=2, pres0=1.0, taup=2.0,                               
  ntt=3, gamma_ln=2.0, ig=-1, temp0=300.0,                                     
  ntr=0,                                                                       
  ntpr=5000, ntwx=5000, ntwr=50000,                                            
 /                                                                             


Note: ig = -1. Setting random seed to   346752 based on wallclock time in 
      microseconds.
| irandom = 1, using AMBER's internal random number generator (default).
 
|--------------------- INFORMATION ----------------------
| GPU (CUDA) Version of PMEMD in use: NVIDIA GPU IN USE.
|                    Version 18.0.0
| 
|                      03/25/2018
| 
| Implementation by:
|                    Ross C. Walker     (SDSC)
|                    Scott Le Grand     (nVIDIA)
| 
| Version 18 performance extensions by:
|                    David Cerutti     (Rutgers)
| 
| Precision model in use:
|      [SPFP] - Single Precision Forces, 64-bit Fixed Point
|               Accumulation. (Default)
| 
|--------------------------------------------------------
 
|----------------- CITATION INFORMATION -----------------
|
|    When publishing work that utilized the CUDA version
|    of AMBER, please cite the following in addition to
|    the regular AMBER citations:
|
|  - Romelia Salomon-Ferrer; Andreas W. Goetz; Duncan
|    Poole; Scott Le Grand; Ross C. Walker "Routine
|    microsecond molecular dynamics simulations with
|    AMBER - Part II: Particle Mesh Ewald", J. Chem.
|    Theory Comput., 2013, 9 (9), pp3878-3888,
|    DOI: 10.1021/ct400314y.
|
|  - Andreas W. Goetz; Mark J. Williamson; Dong Xu;
|    Duncan Poole; Scott Le Grand; Ross C. Walker
|    "Routine microsecond molecular dynamics simulations
|    with AMBER - Part I: Generalized Born", J. Chem.
|    Theory Comput., 2012, 8 (5), pp1542-1555.
|
|  - Scott Le Grand; Andreas W. Goetz; Ross C. Walker
|    "SPFP: Speed without compromise - a mixed precision
|    model for GPU accelerated molecular dynamics
|    simulations.", Comp. Phys. Comm., 2013, 184
|    pp374-380, DOI: 10.1016/j.cpc.2012.09.022
|
|--------------------------------------------------------
 
|------------------- GPU DEVICE INFO --------------------
|
|            CUDA_VISIBLE_DEVICES: 0
|   CUDA Capable Devices Detected:      1
|           CUDA Device ID in use:      0
|                CUDA Device Name: NVIDIA RTX 6000 Ada Generation
|     CUDA Device Global Mem Size:  48510 MB
| CUDA Device Num Multiprocessors:    142
|           CUDA Device Core Freq:   2.50 GHz
|
|--------------------------------------------------------
 
 
| Conditional Compilation Defines Used:
| PUBFFT
| BINTRAJ
| CUDA
| EMIL

| Largest sphere to fit in unit cell has radius =    30.912

| New format PARM file being parsed.
| Version =    1.000 Date = 09/01/26 Time = 11:33:59

| Note: 1-4 EEL scale factors are being read from the topology file.

| Note: 1-4 VDW scale factors are being read from the topology file.
| INFO:    Virtual site frames will be inferred from bonding patterns.
| Duplicated    0 dihedrals

| Duplicated    0 dihedrals

--------------------------------------------------------------------------------
   1.  RESOURCE   USE: 
--------------------------------------------------------------------------------

 getting box info from netcdf restart file
 NATOM  =   43893 NTYPES =      30 NBONH =   32136 MBONA  =   11724
 NTHETH =    3258 MTHETA =    2016 NPHIH =    6625 MPHIA  =    6376
 NHPARM =       0 NPARM  =       0 NNB   =   87650 NRES   =   10474
 NBONA  =   11724 NTHETA =    2016 NPHIA =    6376 NUMBND =      93
 NUMANG =     205 NPTRA  =     215 NATYP =      52 NPHB   =       0
 IFBOX  =       2 NMXRS  =      51 IFCAP =       0 NEXTRA =   10233
 NCOPY  =       0


| Coordinate Index Table dimensions:    12   12   12
| Direct force subcell size =     6.3098    6.3098    6.3098

     BOX TYPE: TRUNCATED OCTAHEDRON

--------------------------------------------------------------------------------
   2.  CONTROL  DATA  FOR  THE  RUN
--------------------------------------------------------------------------------

default_name                                                                    

General flags:
     imin    =       0, nmropt  =       0

Nature and format of input:
     ntx     =       5, irest   =       1, ntrx    =       1

Nature and format of output:
     ntxo    =       2, ntpr    =    5000, ntrx    =       1, ntwr    =   50000
     iwrap   =       0, ntwx    =    5000, ntwv    =       0, ntwe    =       0
     ioutfm  =       1, ntwprt  =       0, idecomp =       0, rbornstat=      0

Potential function:
     ntf     =       2, ntb     =       2, igb     =       0, nsnb    =      25
     ipol    =       0, gbsa    =       0, iesp    =       0
     dielc   =   1.00000, cut     =  10.00000, intdiel =   1.00000

Frozen or restrained atoms:
     ibelly  =       0, ntr     =       0

Molecular dynamics:
     nstlim  =    500000, nscm    =      1000, nrespa  =         1
     t       =   0.00000, dt      =   0.00200, vlimit  =  -1.00000

Langevin dynamics temperature regulation:
     ig      =  346752
     temp0   = 300.00000, tempi   =   0.00000, gamma_ln=   2.00000

Pressure regulation:
     ntp     =       1
     pres0   =   1.00000, comp    =  44.60000, taup    =   2.00000
     Monte-Carlo Barostat:
     mcbarint  =     100

SHAKE:
     ntc     =       2, jfastw  =       0
     tol     =   0.00001

| Intermolecular bonds treatment:
|     no_intermolecular_bonds =       1

| Energy averages sample interval:
|     ene_avg_sampling =    5000

Extra-points options:
     frameon =       1, chngmask=       1

Ewald parameters:
     verbose =       0, ew_type =       0, nbflag  =       1, use_pme =       1
     vdwmeth =       1, eedmeth =       1, netfrc  =       1
     Box X =   75.718   Box Y =   75.718   Box Z =   75.718
     Alpha =  109.471   Beta  =  109.471   Gamma =  109.471
     NFFT1 =   80       NFFT2 =   80       NFFT3 =   80
     Cutoff=   10.000   Tol   =0.100E-04
     Ewald Coefficient =  0.27511
     Interpolation order =    4
|      EXTRA_PTS, trim_bonds: num bonds BEFORE trim = 32136     0
|      EXTRA_PTS, trim_bonds: num bonds AFTER  trim = 32136     0
|      EXTRA_PTS, trim_bonds: num bonds BEFORE trim = 11724     0
|      EXTRA_PTS, trim_bonds: num bonds AFTER  trim =  1491     0
|      EXTRA_PTS, trim_theta: num angle BEFORE trim =  3258     0
|      EXTRA_PTS, trim_theta: num angle AFTER  trim =  3258     0
|      EXTRA_PTS, trim_theta: num angle BEFORE trim =  2016     0
|      EXTRA_PTS, trim_theta: num angle AFTER  trim =  2016     0
|      EXTRA_PTS, trim_phi:  num diheds BEFORE trim =  6625     0
|      EXTRA_PTS, trim_phi:  num diheds AFTER  trim =  6625     0
|      EXTRA_PTS, trim_phi:  num diheds BEFORE trim =  6376     0
|      EXTRA_PTS, trim_phi:  num diheds AFTER  trim =  6376     0
| MONTE CARLO BAROSTAT IMPORTANT NOTE:
|   The Monte-Carlo barostat does not require the virial to adjust the system volume.
|   Since it is an expensive calculation, it is skipped for efficiency. A side-effect
|   is that the reported pressure is always 0 because it is not calculated.

--------------------------------------------------------------------------------
   3.  ATOMIC COORDINATES AND VELOCITIES
--------------------------------------------------------------------------------

default_name                                                                    
 begin time read from input coords =   700.000 ps

 
 Number of triangulated 3-point waters found:    10233

     Sum of charges from parm topology file =  -0.00094390
     Forcing neutrality...

| Dynamic Memory, Types Used:
| Reals             1889452
| Integers          4334775

| Nonbonded Pairs Initial Allocation:    13276535

| GPU memory information (estimate):
| KB of GPU memory in use:    388501
| KB of CPU memory in use:     97976

--------------------------------------------------------------------------------
   4.  RESULTS
--------------------------------------------------------------------------------

| MC Barostat: Decreasing size of volume moves
| MC Barostat: Decreasing size of volume moves
| MC Barostat: Decreasing size of volume moves
| MC Barostat: Decreasing size of volume moves

 NSTEP =     5000   TIME(PS) =     710.000  TEMP(K) =   299.25  PRESS =     0.0
 Etot   =   -117023.1667  EKtot   =     20469.9180  EPtot      =   -137493.0847
 BOND   =       534.3285  ANGLE   =      1529.4846  DIHED      =      1031.4642
 UB     =         0.0000  IMP     =         0.0000  CMAP       =       139.1090
 1-4 NB =       655.7129  1-4 EEL =      5928.2337  VDWAALS    =     16575.4167
 EELEC  =   -163886.8343  EHBOND  =         0.0000  RESTRAINT  =         0.0000
 EKCMT  =         0.0000  VIRIAL  =         0.0000  VOLUME     =    332360.0809
                                                    Density    =         1.0366
 ------------------------------------------------------------------------------

| MC Barostat: Decreasing size of volume moves
| MC Barostat: Decreasing size of volume moves
| MC Barostat: Decreasing size of volume moves
| MC Barostat: Decreasing size of volume moves

 NSTEP =    10000   TIME(PS) =     720.000  TEMP(K) =   302.71  PRESS =     0.0
 Etot   =   -116844.8913  EKtot   =     20706.2910  EPtot      =   -137551.1823
 BOND   =       583.6175  ANGLE   =      1567.3853  DIHED      =       999.2945
 UB     =         0.0000  IMP     =         0.0000  CMAP       =       135.4377
 1-4 NB =       634.0862  1-4 EEL =      5831.2239  VDWAALS    =     16383.4910
 EELEC  =   -163685.7183  EHBOND  =         0.0000  RESTRAINT  =         0.0000
 EKCMT  =         0.0000  VIRIAL  =         0.0000  VOLUME     =    334523.8593
                                                    Density    =         1.0299
 ------------------------------------------------------------------------------

| MC Barostat: Decreasing size of volume moves

 NSTEP =    15000   TIME(PS) =     730.000  TEMP(K) =   301.00  PRESS =     0.0
 Etot   =   -116582.0400  EKtot   =     20589.4902  EPtot      =   -137171.5302
 BOND   =       549.4353  ANGLE   =      1533.6294  DIHED      =       979.6645
 UB     =         0.0000  IMP     =         0.0000  CMAP       =       141.6263
 1-4 NB =       658.3340  1-4 EEL =      5842.2701  VDWAALS    =     16254.9361
 EELEC  =   -163131.4259  EHBOND  =         0.0000  RESTRAINT  =         0.0000
 EKCMT  =         0.0000  VIRIAL  =         0.0000  VOLUME     =    334966.0248
                                                    Density    =         1.0286
 ------------------------------------------------------------------------------

| MC Barostat: Decreasing size of volume moves
| MC Barostat: Decreasing size of volume moves

 NSTEP =    20000   TIME(PS) =     740.000  TEMP(K) =   299.15  PRESS =     0.0
 Etot   =   -117159.6961  EKtot   =     20462.7246  EPtot      =   -137622.4207
 BOND   =       551.5340  ANGLE   =      1545.7363  DIHED      =       993.9525
 UB     =         0.0000  IMP     =         0.0000  CMAP       =       150.8247
 1-4 NB =       641.2128  1-4 EEL =      5842.5576  VDWAALS    =     16638.5367
 EELEC  =   -163986.7753  EHBOND  =         0.0000  RESTRAINT  =         0.0000
 EKCMT  =         0.0000  VIRIAL  =         0.0000  VOLUME     =    335148.2972
                                                    Density    =         1.0280
 ------------------------------------------------------------------------------


 NSTEP =    25000   TIME(PS) =     750.000  TEMP(K) =   302.16  PRESS =     0.0
 Etot   =   -116863.2958  EKtot   =     20668.3809  EPtot      =   -137531.6767
 BOND   =       525.0084  ANGLE   =      1517.2119  DIHED      =       974.4930
 UB     =         0.0000  IMP     =         0.0000  CMAP       =       143.3354
 1-4 NB =       647.9244  1-4 EEL =      5946.7126  VDWAALS    =     16243.3002
 EELEC  =   -163529.6626  EHBOND  =         0.0000  RESTRAINT  =         0.0000
 EKCMT  =         0.0000  VIRIAL  =         0.0000  VOLUME     =    334536.2299
                                                    Density    =         1.0299
 ------------------------------------------------------------------------------

| MC Barostat: Decreasing size of volume moves

 NSTEP =    30000   TIME(PS) =     760.000  TEMP(K) =   300.90  PRESS =     0.0
 Etot   =   -116744.0520  EKtot   =     20582.3711  EPtot      =   -137326.4231
 BOND   =       567.7609  ANGLE   =      1536.1137  DIHED      =       993.2713
 UB     =         0.0000  IMP     =         0.0000  CMAP       =       141.9237
 1-4 NB =       657.9062  1-4 EEL =      5847.4214  VDWAALS    =     16430.2073
 EELEC  =   -163501.0276  EHBOND  =         0.0000  RESTRAINT  =         0.0000
 EKCMT  =         0.0000  VIRIAL  =         0.0000  VOLUME     =    334491.4354
                                                    Density    =         1.0300
 ------------------------------------------------------------------------------


 NSTEP =    35000   TIME(PS) =     770.000  TEMP(K) =   300.10  PRESS =     0.0
 Etot   =   -116951.1485  EKtot   =     20528.0898  EPtot      =   -137479.2383
 BOND   =       541.7942  ANGLE   =      1489.0413  DIHED      =       996.1916
 UB     =         0.0000  IMP     =         0.0000  CMAP       =       142.3546
 1-4 NB =       647.3887  1-4 EEL =      5825.9438  VDWAALS    =     16339.9408
 EELEC  =   -163461.8933  EHBOND  =         0.0000  RESTRAINT  =         0.0000
 EKCMT  =         0.0000  VIRIAL  =         0.0000  VOLUME     =    333396.5860
                                                    Density    =         1.0334
 ------------------------------------------------------------------------------


 NSTEP =    40000   TIME(PS) =     780.000  TEMP(K) =   299.64  PRESS =     0.0
 Etot   =   -117069.2255  EKtot   =     20496.2031  EPtot      =   -137565.4286
 BOND   =       550.4784  ANGLE   =      1521.9568  DIHED      =       986.3363
 UB     =         0.0000  IMP     =         0.0000  CMAP       =       152.3127
 1-4 NB =       645.8008  1-4 EEL =      5939.9507  VDWAALS    =     16392.0187
 EELEC  =   -163754.2830  EHBOND  =         0.0000  RESTRAINT  =         0.0000
 EKCMT  =         0.0000  VIRIAL  =         0.0000  VOLUME     =    335714.2044
                                                    Density    =         1.0263
 ------------------------------------------------------------------------------


 NSTEP =    45000   TIME(PS) =     790.000  TEMP(K) =   299.70  PRESS =     0.0
 Etot   =   -116869.5922  EKtot   =     20500.6035  EPtot      =   -137370.1958
 BOND   =       594.8141  ANGLE   =      1480.2047  DIHED      =      1010.2052
 UB     =         0.0000  IMP     =         0.0000  CMAP       =       141.2093
 1-4 NB =       654.2347  1-4 EEL =      5883.5735  VDWAALS    =     16287.2864
 EELEC  =   -163421.7237  EHBOND  =         0.0000  RESTRAINT  =         0.0000
 EKCMT  =         0.0000  VIRIAL  =         0.0000  VOLUME     =    335154.0167
                                                    Density    =         1.0280
 ------------------------------------------------------------------------------


 NSTEP =    50000   TIME(PS) =     800.000  TEMP(K) =   298.99  PRESS =     0.0
 Etot   =   -116761.9484  EKtot   =     20452.0645  EPtot      =   -137214.0129
 BOND   =       574.9735  ANGLE   =      1522.4217  DIHED      =      1018.1244
 UB     =         0.0000  IMP     =         0.0000  CMAP       =       140.8206
 1-4 NB =       646.4692  1-4 EEL =      5883.5684  VDWAALS    =     16618.8903
 EELEC  =   -163619.2807  EHBOND  =         0.0000  RESTRAINT  =         0.0000
 EKCMT  =         0.0000  VIRIAL  =         0.0000  VOLUME     =    335086.0179
                                                    Density    =         1.0282
 ------------------------------------------------------------------------------


 NSTEP =    55000   TIME(PS) =     810.000  TEMP(K) =   300.14  PRESS =     0.0
 Etot   =   -117226.7241  EKtot   =     20530.8242  EPtot      =   -137757.5483
 BOND   =       559.9605  ANGLE   =      1548.6436  DIHED      =      1012.0554
 UB     =         0.0000  IMP     =         0.0000  CMAP       =       136.8547
 1-4 NB =       649.1356  1-4 EEL =      5877.1703  VDWAALS    =     16416.8344
 EELEC  =   -163958.2028  EHBOND  =         0.0000  RESTRAINT  =         0.0000
 EKCMT  =         0.0000  VIRIAL  =         0.0000  VOLUME     =    333352.2272
                                                    Density    =         1.0335
 ------------------------------------------------------------------------------


 NSTEP =    60000   TIME(PS) =     820.000  TEMP(K) =   302.91  PRESS =     0.0
 Etot   =   -116764.1490  EKtot   =     20720.3066  EPtot      =   -137484.4556
 BOND   =       576.8880  ANGLE   =      1506.5671  DIHED      =      1011.2735
 UB     =         0.0000  IMP     =         0.0000  CMAP       =       135.6448
 1-4 NB =       645.7668  1-4 EEL =      5823.3665  VDWAALS    =     16202.1687
 EELEC  =   -163386.1309  EHBOND  =         0.0000  RESTRAINT  =         0.0000
 EKCMT  =         0.0000  VIRIAL  =         0.0000  VOLUME     =    334033.3605
                                                    Density    =         1.0314
 ------------------------------------------------------------------------------


 NSTEP =    65000   TIME(PS) =     830.000  TEMP(K) =   300.42  PRESS =     0.0
 Etot   =   -116867.6073  EKtot   =     20549.9043  EPtot      =   -137417.5116
 BOND   =       591.4449  ANGLE   =      1521.5989  DIHED      =       991.3590
 UB     =         0.0000  IMP     =         0.0000  CMAP       =       149.9687
 1-4 NB =       644.6000  1-4 EEL =      5898.6141  VDWAALS    =     16354.6187
 EELEC  =   -163569.7161  EHBOND  =         0.0000  RESTRAINT  =         0.0000
 EKCMT  =         0.0000  VIRIAL  =         0.0000  VOLUME     =    333915.0018
                                                    Density    =         1.0318
 ------------------------------------------------------------------------------


 NSTEP =    70000   TIME(PS) =     840.000  TEMP(K) =   304.11  PRESS =     0.0
 Etot   =   -116584.5345  EKtot   =     20802.0371  EPtot      =   -137386.5716
 BOND   =       566.0952  ANGLE   =      1522.7111  DIHED      =      1025.7508
 UB     =         0.0000  IMP     =         0.0000  CMAP       =       140.7455
 1-4 NB =       636.7902  1-4 EEL =      5874.6149  VDWAALS    =     16285.0833
 EELEC  =   -163438.3625  EHBOND  =         0.0000  RESTRAINT  =         0.0000
 EKCMT  =         0.0000  VIRIAL  =         0.0000  VOLUME     =    331398.3679
                                                    Density    =         1.0396
 ------------------------------------------------------------------------------


 NSTEP =    75000   TIME(PS) =     850.000  TEMP(K) =   298.28  PRESS =     0.0
 Etot   =   -117195.3752  EKtot   =     20403.0176  EPtot      =   -137598.3927
 BOND   =       578.3225  ANGLE   =      1525.8399  DIHED      =       990.0257
 UB     =         0.0000  IMP     =         0.0000  CMAP       =       146.9733
 1-4 NB =       630.1832  1-4 EEL =      5813.8313  VDWAALS    =     16341.4501
 EELEC  =   -163625.0187  EHBOND  =         0.0000  RESTRAINT  =         0.0000
 EKCMT  =         0.0000  VIRIAL  =         0.0000  VOLUME     =    332183.2481
                                                    Density    =         1.0372
 ------------------------------------------------------------------------------


 NSTEP =    80000   TIME(PS) =     860.000  TEMP(K) =   297.59  PRESS =     0.0
 Etot   =   -117648.0789  EKtot   =     20356.3906  EPtot      =   -138004.4696
 BOND   =       524.7237  ANGLE   =      1506.7709  DIHED      =       992.2257
 UB     =         0.0000  IMP     =         0.0000  CMAP       =       150.4705
 1-4 NB =       668.0849  1-4 EEL =      5898.5711  VDWAALS    =     16731.9698
 EELEC  =   -164477.2863  EHBOND  =         0.0000  RESTRAINT  =         0.0000
 EKCMT  =         0.0000  VIRIAL  =         0.0000  VOLUME     =    334237.0642
                                                    Density    =         1.0308
 ------------------------------------------------------------------------------


 NSTEP =    85000   TIME(PS) =     870.000  TEMP(K) =   298.61  PRESS =     0.0
 Etot   =   -117005.2311  EKtot   =     20425.8730  EPtot      =   -137431.1041
 BOND   =       559.4750  ANGLE   =      1501.2975  DIHED      =       996.4065
 UB     =         0.0000  IMP     =         0.0000  CMAP       =       142.2286
 1-4 NB =       649.3691  1-4 EEL =      5915.0730  VDWAALS    =     16286.4241
 EELEC  =   -163481.3779  EHBOND  =         0.0000  RESTRAINT  =         0.0000
 EKCMT  =         0.0000  VIRIAL  =         0.0000  VOLUME     =    334874.9501
                                                    Density    =         1.0288
 ------------------------------------------------------------------------------


 NSTEP =    90000   TIME(PS) =     880.000  TEMP(K) =   298.68  PRESS =     0.0
 Etot   =   -117227.5500  EKtot   =     20430.3711  EPtot      =   -137657.9211
 BOND   =       585.8060  ANGLE   =      1515.3536  DIHED      =       967.0069
 UB     =         0.0000  IMP     =         0.0000  CMAP       =       137.7384
 1-4 NB =       649.8213  1-4 EEL =      5849.7823  VDWAALS    =     16317.6812
 EELEC  =   -163681.1109  EHBOND  =         0.0000  RESTRAINT  =         0.0000
 EKCMT  =         0.0000  VIRIAL  =         0.0000  VOLUME     =    334622.4678
                                                    Density    =         1.0296
 ------------------------------------------------------------------------------


 NSTEP =    95000   TIME(PS) =     890.000  TEMP(K) =   298.91  PRESS =     0.0
 Etot   =   -117424.4381  EKtot   =     20446.1465  EPtot      =   -137870.5846
 BOND   =       586.3850  ANGLE   =      1449.7094  DIHED      =      1014.7104
 UB     =         0.0000  IMP     =         0.0000  CMAP       =       142.8519
 1-4 NB =       628.2858  1-4 EEL =      5904.4915  VDWAALS    =     16796.5273
 EELEC  =   -164393.5460  EHBOND  =         0.0000  RESTRAINT  =         0.0000
 EKCMT  =         0.0000  VIRIAL  =         0.0000  VOLUME     =    334572.9758
                                                    Density    =         1.0298
 ------------------------------------------------------------------------------


 NSTEP =   100000   TIME(PS) =     900.000  TEMP(K) =   299.37  PRESS =     0.0
 Etot   =   -116891.4299  EKtot   =     20477.5703  EPtot      =   -137369.0002
 BOND   =       569.2409  ANGLE   =      1554.7034  DIHED      =       997.7462
 UB     =         0.0000  IMP     =         0.0000  CMAP       =       144.1840
 1-4 NB =       642.6873  1-4 EEL =      5853.6412  VDWAALS    =     16481.1609
 EELEC  =   -163612.3641  EHBOND  =         0.0000  RESTRAINT  =         0.0000
 EKCMT  =         0.0000  VIRIAL  =         0.0000  VOLUME     =    334238.9979
                                                    Density    =         1.0308
 ------------------------------------------------------------------------------


 NSTEP =   105000   TIME(PS) =     910.000  TEMP(K) =   303.08  PRESS =     0.0
 Etot   =   -116767.4629  EKtot   =     20731.6055  EPtot      =   -137499.0683
 BOND   =       586.0823  ANGLE   =      1523.9527  DIHED      =       979.3762
 UB     =         0.0000  IMP     =         0.0000  CMAP       =       130.0848
 1-4 NB =       652.9876  1-4 EEL =      5872.9886  VDWAALS    =     16503.5358
 EELEC  =   -163748.0763  EHBOND  =         0.0000  RESTRAINT  =         0.0000
 EKCMT  =         0.0000  VIRIAL  =         0.0000  VOLUME     =    333328.3899
                                                    Density    =         1.0336
 ------------------------------------------------------------------------------


 NSTEP =   110000   TIME(PS) =     920.000  TEMP(K) =   300.25  PRESS =     0.0
 Etot   =   -116823.8210  EKtot   =     20538.1172  EPtot      =   -137361.9382
 BOND   =       582.1497  ANGLE   =      1540.4653  DIHED      =       996.0215
 UB     =         0.0000  IMP     =         0.0000  CMAP       =       146.4639
 1-4 NB =       639.9748  1-4 EEL =      5895.1960  VDWAALS    =     16463.2656
 EELEC  =   -163625.4750  EHBOND  =         0.0000  RESTRAINT  =         0.0000
 EKCMT  =         0.0000  VIRIAL  =         0.0000  VOLUME     =    333738.4724
                                                    Density    =         1.0323
 ------------------------------------------------------------------------------


 NSTEP =   115000   TIME(PS) =     930.000  TEMP(K) =   299.81  PRESS =     0.0
 Etot   =   -116894.9366  EKtot   =     20507.8887  EPtot      =   -137402.8253
 BOND   =       546.4235  ANGLE   =      1593.7324  DIHED      =       987.1098
 UB     =         0.0000  IMP     =         0.0000  CMAP       =       146.9702
 1-4 NB =       647.8426  1-4 EEL =      5857.3989  VDWAALS    =     16588.1439
 EELEC  =   -163770.4466  EHBOND  =         0.0000  RESTRAINT  =         0.0000
 EKCMT  =         0.0000  VIRIAL  =         0.0000  VOLUME     =    334558.1171
                                                    Density    =         1.0298
 ------------------------------------------------------------------------------


 NSTEP =   120000   TIME(PS) =     940.000  TEMP(K) =   299.22  PRESS =     0.0
 Etot   =   -117024.3143  EKtot   =     20467.4531  EPtot      =   -137491.7674
 BOND   =       558.4182  ANGLE   =      1464.9979  DIHED      =       994.1903
 UB     =         0.0000  IMP     =         0.0000  CMAP       =       148.9918
 1-4 NB =       653.6710  1-4 EEL =      5912.4867  VDWAALS    =     16377.6252
 EELEC  =   -163602.1485  EHBOND  =         0.0000  RESTRAINT  =         0.0000
 EKCMT  =         0.0000  VIRIAL  =         0.0000  VOLUME     =    333439.8207
                                                    Density    =         1.0333
 ------------------------------------------------------------------------------


 NSTEP =   125000   TIME(PS) =     950.000  TEMP(K) =   302.47  PRESS =     0.0
 Etot   =   -117195.3471  EKtot   =     20689.8906  EPtot      =   -137885.2378
 BOND   =       550.9447  ANGLE   =      1512.8958  DIHED      =       968.7279
 UB     =         0.0000  IMP     =         0.0000  CMAP       =       145.4262
 1-4 NB =       636.1807  1-4 EEL =      5849.0516  VDWAALS    =     16537.1405
 EELEC  =   -164085.6051  EHBOND  =         0.0000  RESTRAINT  =         0.0000
 EKCMT  =         0.0000  VIRIAL  =         0.0000  VOLUME     =    333543.1951
                                                    Density    =         1.0329
 ------------------------------------------------------------------------------


 NSTEP =   130000   TIME(PS) =     960.000  TEMP(K) =   299.18  PRESS =     0.0
 Etot   =   -117473.6491  EKtot   =     20465.0488  EPtot      =   -137938.6979
 BOND   =       587.1236  ANGLE   =      1562.9383  DIHED      =       986.9746
 UB     =         0.0000  IMP     =         0.0000  CMAP       =       139.8392
 1-4 NB =       640.8774  1-4 EEL =      5799.7366  VDWAALS    =     16905.5159
 EELEC  =   -164561.7035  EHBOND  =         0.0000  RESTRAINT  =         0.0000
 EKCMT  =         0.0000  VIRIAL  =         0.0000  VOLUME     =    334201.4140
                                                    Density    =         1.0309
 ------------------------------------------------------------------------------


 NSTEP =   135000   TIME(PS) =     970.000  TEMP(K) =   296.58  PRESS =     0.0
 Etot   =   -117217.0473  EKtot   =     20287.2949  EPtot      =   -137504.3422
 BOND   =       571.4424  ANGLE   =      1499.1812  DIHED      =       997.9853
 UB     =         0.0000  IMP     =         0.0000  CMAP       =       146.1266
 1-4 NB =       640.4249  1-4 EEL =      5887.9430  VDWAALS    =     16536.3107
 EELEC  =   -163783.7564  EHBOND  =         0.0000  RESTRAINT  =         0.0000
 EKCMT  =         0.0000  VIRIAL  =         0.0000  VOLUME     =    334471.6573
                                                    Density    =         1.0301
 ------------------------------------------------------------------------------


 NSTEP =   140000   TIME(PS) =     980.000  TEMP(K) =   300.76  PRESS =     0.0
 Etot   =   -117059.4487  EKtot   =     20572.6621  EPtot      =   -137632.1109
 BOND   =       544.0965  ANGLE   =      1549.5677  DIHED      =       990.5404
 UB     =         0.0000  IMP     =         0.0000  CMAP       =       153.3511
 1-4 NB =       652.9143  1-4 EEL =      5871.7602  VDWAALS    =     16371.3361
 EELEC  =   -163765.6773  EHBOND  =         0.0000  RESTRAINT  =         0.0000
 EKCMT  =         0.0000  VIRIAL  =         0.0000  VOLUME     =    334240.0223
                                                    Density    =         1.0308
 ------------------------------------------------------------------------------


 NSTEP =   145000   TIME(PS) =     990.000  TEMP(K) =   301.40  PRESS =     0.0
 Etot   =   -117221.0781  EKtot   =     20616.8379  EPtot      =   -137837.9159
 BOND   =       557.8998  ANGLE   =      1525.3571  DIHED      =       978.2671
 UB     =         0.0000  IMP     =         0.0000  CMAP       =       152.0184
 1-4 NB =       639.0804  1-4 EEL =      5879.6368  VDWAALS    =     16345.3569
 EELEC  =   -163915.5325  EHBOND  =         0.0000  RESTRAINT  =         0.0000
 EKCMT  =         0.0000  VIRIAL  =         0.0000  VOLUME     =    334327.4343
                                                    Density    =         1.0305
 ------------------------------------------------------------------------------


 NSTEP =   150000   TIME(PS) =    1000.000  TEMP(K) =   299.68  PRESS =     0.0
 Etot   =   -117453.4378  EKtot   =     20499.0664  EPtot      =   -137952.5042
 BOND   =       571.4091  ANGLE   =      1531.9891  DIHED      =       966.1169
 UB     =         0.0000  IMP     =         0.0000  CMAP       =       147.0395
 1-4 NB =       661.5702  1-4 EEL =      5868.2889  VDWAALS    =     16505.8010
 EELEC  =   -164204.7190  EHBOND  =         0.0000  RESTRAINT  =         0.0000
 EKCMT  =         0.0000  VIRIAL  =         0.0000  VOLUME     =    333383.5471
                                                    Density    =         1.0334
 ------------------------------------------------------------------------------


 NSTEP =   155000   TIME(PS) =    1010.000  TEMP(K) =   304.65  PRESS =     0.0
 Etot   =   -116810.1844  EKtot   =     20839.2793  EPtot      =   -137649.4637
 BOND   =       553.3131  ANGLE   =      1520.5609  DIHED      =       990.5878
 UB     =         0.0000  IMP     =         0.0000  CMAP       =       156.1254
 1-4 NB =       649.9158  1-4 EEL =      5872.2331  VDWAALS    =     16372.8299
 EELEC  =   -163765.0295  EHBOND  =         0.0000  RESTRAINT  =         0.0000
 EKCMT  =         0.0000  VIRIAL  =         0.0000  VOLUME     =    333919.0307
                                                    Density    =         1.0318
 ------------------------------------------------------------------------------


 NSTEP =   160000   TIME(PS) =    1020.000  TEMP(K) =   297.30  PRESS =     0.0
 Etot   =   -117633.5549  EKtot   =     20336.4219  EPtot      =   -137969.9768
 BOND   =       588.4644  ANGLE   =      1518.9981  DIHED      =       984.4492
 UB     =         0.0000  IMP     =         0.0000  CMAP       =       143.6780
 1-4 NB =       641.8370  1-4 EEL =      5862.7494  VDWAALS    =     16439.6112
 EELEC  =   -164149.7642  EHBOND  =         0.0000  RESTRAINT  =         0.0000
 EKCMT  =         0.0000  VIRIAL  =         0.0000  VOLUME     =    334125.3757
                                                    Density    =         1.0311
 ------------------------------------------------------------------------------


 NSTEP =   165000   TIME(PS) =    1030.000  TEMP(K) =   300.51  PRESS =     0.0
 Etot   =   -116838.6807  EKtot   =     20555.5840  EPtot      =   -137394.2647
 BOND   =       584.6082  ANGLE   =      1507.1554  DIHED      =       996.7757
 UB     =         0.0000  IMP     =         0.0000  CMAP       =       150.5866
 1-4 NB =       639.7089  1-4 EEL =      5848.3992  VDWAALS    =     16204.5176
 EELEC  =   -163326.0162  EHBOND  =         0.0000  RESTRAINT  =         0.0000
 EKCMT  =         0.0000  VIRIAL  =         0.0000  VOLUME     =    334763.5176
                                                    Density    =         1.0292
 ------------------------------------------------------------------------------


 NSTEP =   170000   TIME(PS) =    1040.000  TEMP(K) =   301.96  PRESS =     0.0
 Etot   =   -116846.7794  EKtot   =     20655.3008  EPtot      =   -137502.0801
 BOND   =       568.4202  ANGLE   =      1553.6230  DIHED      =      1003.6149
 UB     =         0.0000  IMP     =         0.0000  CMAP       =       140.2627
 1-4 NB =       645.5883  1-4 EEL =      5843.1793  VDWAALS    =     16456.1974
 EELEC  =   -163712.9659  EHBOND  =         0.0000  RESTRAINT  =         0.0000
 EKCMT  =         0.0000  VIRIAL  =         0.0000  VOLUME     =    333980.2117
                                                    Density    =         1.0316
 ------------------------------------------------------------------------------


 NSTEP =   175000   TIME(PS) =    1050.000  TEMP(K) =   300.12  PRESS =     0.0
 Etot   =   -116836.5184  EKtot   =     20529.2070  EPtot      =   -137365.7254
 BOND   =       566.8493  ANGLE   =      1516.8243  DIHED      =       998.3020
 UB     =         0.0000  IMP     =         0.0000  CMAP       =       137.6075
 1-4 NB =       641.3737  1-4 EEL =      5837.1267  VDWAALS    =     16271.1473
 EELEC  =   -163334.9562  EHBOND  =         0.0000  RESTRAINT  =         0.0000
 EKCMT  =         0.0000  VIRIAL  =         0.0000  VOLUME     =    333906.2049
                                                    Density    =         1.0318
 ------------------------------------------------------------------------------


 NSTEP =   180000   TIME(PS) =    1060.000  TEMP(K) =   297.29  PRESS =     0.0
 Etot   =   -117319.2610  EKtot   =     20335.7148  EPtot      =   -137654.9758
 BOND   =       574.3526  ANGLE   =      1506.7814  DIHED      =       987.0694
 UB     =         0.0000  IMP     =         0.0000  CMAP       =       143.2573
 1-4 NB =       658.7181  1-4 EEL =      5885.8956  VDWAALS    =     16216.5342
 EELEC  =   -163627.5845  EHBOND  =         0.0000  RESTRAINT  =         0.0000
 EKCMT  =         0.0000  VIRIAL  =         0.0000  VOLUME     =    333232.3225
                                                    Density    =         1.0339
 ------------------------------------------------------------------------------


 NSTEP =   185000   TIME(PS) =    1070.000  TEMP(K) =   300.04  PRESS =     0.0
 Etot   =   -116961.2607  EKtot   =     20523.8086  EPtot      =   -137485.0693
 BOND   =       546.6186  ANGLE   =      1502.2755  DIHED      =       981.1510
 UB     =         0.0000  IMP     =         0.0000  CMAP       =       152.8522
 1-4 NB =       645.0417  1-4 EEL =      5884.6554  VDWAALS    =     16321.7708
 EELEC  =   -163519.4344  EHBOND  =         0.0000  RESTRAINT  =         0.0000
 EKCMT  =         0.0000  VIRIAL  =         0.0000  VOLUME     =    335329.8841
                                                    Density    =         1.0274
 ------------------------------------------------------------------------------


 NSTEP =   190000   TIME(PS) =    1080.000  TEMP(K) =   298.58  PRESS =     0.0
 Etot   =   -117004.0999  EKtot   =     20424.0430  EPtot      =   -137428.1429
 BOND   =       550.5417  ANGLE   =      1549.3270  DIHED      =       988.9304
 UB     =         0.0000  IMP     =         0.0000  CMAP       =       149.2973
 1-4 NB =       649.4007  1-4 EEL =      5825.1703  VDWAALS    =     16613.9588
 EELEC  =   -163754.7690  EHBOND  =         0.0000  RESTRAINT  =         0.0000
 EKCMT  =         0.0000  VIRIAL  =         0.0000  VOLUME     =    334658.5956
                                                    Density    =         1.0295
 ------------------------------------------------------------------------------


 NSTEP =   195000   TIME(PS) =    1090.000  TEMP(K) =   298.12  PRESS =     0.0
 Etot   =   -116800.5322  EKtot   =     20392.5820  EPtot      =   -137193.1143
 BOND   =       557.5820  ANGLE   =      1534.9864  DIHED      =       984.7928
 UB     =         0.0000  IMP     =         0.0000  CMAP       =       144.5707
 1-4 NB =       632.7576  1-4 EEL =      5906.6112  VDWAALS    =     16064.0606
 EELEC  =   -163018.4754  EHBOND  =         0.0000  RESTRAINT  =         0.0000
 EKCMT  =         0.0000  VIRIAL  =         0.0000  VOLUME     =    333868.0716
                                                    Density    =         1.0319
 ------------------------------------------------------------------------------


 NSTEP =   200000   TIME(PS) =    1100.000  TEMP(K) =   300.30  PRESS =     0.0
 Etot   =   -116917.1153  EKtot   =     20541.2754  EPtot      =   -137458.3907
 BOND   =       563.8363  ANGLE   =      1519.3882  DIHED      =      1007.8060
 UB     =         0.0000  IMP     =         0.0000  CMAP       =       149.6257
 1-4 NB =       658.2695  1-4 EEL =      5882.7658  VDWAALS    =     16727.5517
 EELEC  =   -163967.6340  EHBOND  =         0.0000  RESTRAINT  =         0.0000
 EKCMT  =         0.0000  VIRIAL  =         0.0000  VOLUME     =    333976.2928
                                                    Density    =         1.0316
 ------------------------------------------------------------------------------


 NSTEP =   205000   TIME(PS) =    1110.000  TEMP(K) =   301.69  PRESS =     0.0
 Etot   =   -116898.9981  EKtot   =     20636.5137  EPtot      =   -137535.5117
 BOND   =       555.4137  ANGLE   =      1456.0797  DIHED      =       978.9770
 UB     =         0.0000  IMP     =         0.0000  CMAP       =       136.4607
 1-4 NB =       653.4097  1-4 EEL =      5899.7394  VDWAALS    =     16387.1086
 EELEC  =   -163602.7006  EHBOND  =         0.0000  RESTRAINT  =         0.0000
 EKCMT  =         0.0000  VIRIAL  =         0.0000  VOLUME     =    334191.0692
                                                    Density    =         1.0309
 ------------------------------------------------------------------------------


 NSTEP =   210000   TIME(PS) =    1120.000  TEMP(K) =   302.30  PRESS =     0.0
 Etot   =   -116805.5514  EKtot   =     20678.2246  EPtot      =   -137483.7760
 BOND   =       563.6246  ANGLE   =      1519.4117  DIHED      =       973.8592
 UB     =         0.0000  IMP     =         0.0000  CMAP       =       140.0471
 1-4 NB =       647.7182  1-4 EEL =      5858.5692  VDWAALS    =     16185.4776
 EELEC  =   -163372.4834  EHBOND  =         0.0000  RESTRAINT  =         0.0000
 EKCMT  =         0.0000  VIRIAL  =         0.0000  VOLUME     =    333874.7758
                                                    Density    =         1.0319
 ------------------------------------------------------------------------------


 NSTEP =   215000   TIME(PS) =    1130.000  TEMP(K) =   302.11  PRESS =     0.0
 Etot   =   -116635.2337  EKtot   =     20664.9375  EPtot      =   -137300.1712
 BOND   =       540.0381  ANGLE   =      1485.3014  DIHED      =       978.8241
 UB     =         0.0000  IMP     =         0.0000  CMAP       =       151.3106
 1-4 NB =       640.4490  1-4 EEL =      5832.1617  VDWAALS    =     16336.1612
 EELEC  =   -163264.4173  EHBOND  =         0.0000  RESTRAINT  =         0.0000
 EKCMT  =         0.0000  VIRIAL  =         0.0000  VOLUME     =    332434.5397
                                                    Density    =         1.0364
 ------------------------------------------------------------------------------


 NSTEP =   220000   TIME(PS) =    1140.000  TEMP(K) =   300.64  PRESS =     0.0
 Etot   =   -116773.7610  EKtot   =     20564.9668  EPtot      =   -137338.7278
 BOND   =       550.9199  ANGLE   =      1497.0059  DIHED      =       970.2702
 UB     =         0.0000  IMP     =         0.0000  CMAP       =       146.4242
 1-4 NB =       646.3818  1-4 EEL =      5870.4690  VDWAALS    =     15961.3722
 EELEC  =   -162981.5709  EHBOND  =         0.0000  RESTRAINT  =         0.0000
 EKCMT  =         0.0000  VIRIAL  =         0.0000  VOLUME     =    333677.3407
                                                    Density    =         1.0325
 ------------------------------------------------------------------------------


 NSTEP =   225000   TIME(PS) =    1150.000  TEMP(K) =   299.03  PRESS =     0.0
 Etot   =   -117461.2534  EKtot   =     20454.5293  EPtot      =   -137915.7827
 BOND   =       559.2594  ANGLE   =      1511.4459  DIHED      =       990.4812
 UB     =         0.0000  IMP     =         0.0000  CMAP       =       148.2199
 1-4 NB =       642.3013  1-4 EEL =      5896.1084  VDWAALS    =     16187.3729
 EELEC  =   -163850.9716  EHBOND  =         0.0000  RESTRAINT  =         0.0000
 EKCMT  =         0.0000  VIRIAL  =         0.0000  VOLUME     =    332658.9726
                                                    Density    =         1.0357
 ------------------------------------------------------------------------------


 NSTEP =   230000   TIME(PS) =    1160.000  TEMP(K) =   300.29  PRESS =     0.0
 Etot   =   -116694.0634  EKtot   =     20540.6289  EPtot      =   -137234.6923
 BOND   =       552.4313  ANGLE   =      1524.8054  DIHED      =      1010.1094
 UB     =         0.0000  IMP     =         0.0000  CMAP       =       148.6760
 1-4 NB =       650.3353  1-4 EEL =      5930.2760  VDWAALS    =     16407.6761
 EELEC  =   -163459.0019  EHBOND  =         0.0000  RESTRAINT  =         0.0000
 EKCMT  =         0.0000  VIRIAL  =         0.0000  VOLUME     =    333903.3025
                                                    Density    =         1.0318
 ------------------------------------------------------------------------------


 NSTEP =   235000   TIME(PS) =    1170.000  TEMP(K) =   300.97  PRESS =     0.0
 Etot   =   -116907.5770  EKtot   =     20587.0898  EPtot      =   -137494.6669
 BOND   =       531.9273  ANGLE   =      1486.1268  DIHED      =      1016.5622
 UB     =         0.0000  IMP     =         0.0000  CMAP       =       136.5706
 1-4 NB =       667.4693  1-4 EEL =      5943.7462  VDWAALS    =     16427.5865
 EELEC  =   -163704.6558  EHBOND  =         0.0000  RESTRAINT  =         0.0000
 EKCMT  =         0.0000  VIRIAL  =         0.0000  VOLUME     =    333347.7619
                                                    Density    =         1.0336
 ------------------------------------------------------------------------------


 NSTEP =   240000   TIME(PS) =    1180.000  TEMP(K) =   299.78  PRESS =     0.0
 Etot   =   -117235.6989  EKtot   =     20505.8438  EPtot      =   -137741.5427
 BOND   =       541.7341  ANGLE   =      1498.1003  DIHED      =       980.7506
 UB     =         0.0000  IMP     =         0.0000  CMAP       =       148.0919
 1-4 NB =       653.3092  1-4 EEL =      5870.3229  VDWAALS    =     16311.6042
 EELEC  =   -163745.4558  EHBOND  =         0.0000  RESTRAINT  =         0.0000
 EKCMT  =         0.0000  VIRIAL  =         0.0000  VOLUME     =    334330.6506
                                                    Density    =         1.0305
 ------------------------------------------------------------------------------


 NSTEP =   245000   TIME(PS) =    1190.000  TEMP(K) =   299.82  PRESS =     0.0
 Etot   =   -116864.3395  EKtot   =     20508.4863  EPtot      =   -137372.8258
 BOND   =       554.7826  ANGLE   =      1515.3400  DIHED      =       986.6527
 UB     =         0.0000  IMP     =         0.0000  CMAP       =       135.9782
 1-4 NB =       649.9799  1-4 EEL =      5867.5671  VDWAALS    =     16616.6451
 EELEC  =   -163699.7713  EHBOND  =         0.0000  RESTRAINT  =         0.0000
 EKCMT  =         0.0000  VIRIAL  =         0.0000  VOLUME     =    334487.7941
                                                    Density    =         1.0300
 ------------------------------------------------------------------------------


 NSTEP =   250000   TIME(PS) =    1200.000  TEMP(K) =   297.78  PRESS =     0.0
 Etot   =   -117462.0440  EKtot   =     20368.9746  EPtot      =   -137831.0186
 BOND   =       585.4404  ANGLE   =      1527.3338  DIHED      =       966.2153
 UB     =         0.0000  IMP     =         0.0000  CMAP       =       146.4495
 1-4 NB =       645.3605  1-4 EEL =      5827.6871  VDWAALS    =     16583.0085
 EELEC  =   -164112.5138  EHBOND  =         0.0000  RESTRAINT  =         0.0000
 EKCMT  =         0.0000  VIRIAL  =         0.0000  VOLUME     =    334407.4875
                                                    Density    =         1.0303
 ------------------------------------------------------------------------------


 NSTEP =   255000   TIME(PS) =    1210.000  TEMP(K) =   298.22  PRESS =     0.0
 Etot   =   -117281.9764  EKtot   =     20399.3223  EPtot      =   -137681.2986
 BOND   =       562.3291  ANGLE   =      1496.4733  DIHED      =       971.1681
 UB     =         0.0000  IMP     =         0.0000  CMAP       =       150.1773
 1-4 NB =       671.6886  1-4 EEL =      5872.1587  VDWAALS    =     16217.8976
 EELEC  =   -163623.1914  EHBOND  =         0.0000  RESTRAINT  =         0.0000
 EKCMT  =         0.0000  VIRIAL  =         0.0000  VOLUME     =    335028.4187
                                                    Density    =         1.0284
 ------------------------------------------------------------------------------


 NSTEP =   260000   TIME(PS) =    1220.000  TEMP(K) =   299.08  PRESS =     0.0
 Etot   =   -116819.5350  EKtot   =     20458.1816  EPtot      =   -137277.7167
 BOND   =       570.1107  ANGLE   =      1555.1150  DIHED      =       984.9569
 UB     =         0.0000  IMP     =         0.0000  CMAP       =       138.9529
 1-4 NB =       650.2547  1-4 EEL =      5818.8176  VDWAALS    =     16052.0396
 EELEC  =   -163047.9640  EHBOND  =         0.0000  RESTRAINT  =         0.0000
 EKCMT  =         0.0000  VIRIAL  =         0.0000  VOLUME     =    333561.2477
                                                    Density    =         1.0329
 ------------------------------------------------------------------------------


 NSTEP =   265000   TIME(PS) =    1230.000  TEMP(K) =   299.63  PRESS =     0.0
 Etot   =   -117294.3853  EKtot   =     20495.5879  EPtot      =   -137789.9731
 BOND   =       551.0704  ANGLE   =      1544.2233  DIHED      =       991.2947
 UB     =         0.0000  IMP     =         0.0000  CMAP       =       144.5994
 1-4 NB =       657.8441  1-4 EEL =      5897.8894  VDWAALS    =     16742.8864
 EELEC  =   -164319.7810  EHBOND  =         0.0000  RESTRAINT  =         0.0000
 EKCMT  =         0.0000  VIRIAL  =         0.0000  VOLUME     =    334354.6122
                                                    Density    =         1.0304
 ------------------------------------------------------------------------------


 NSTEP =   270000   TIME(PS) =    1240.000  TEMP(K) =   300.77  PRESS =     0.0
 Etot   =   -116826.7184  EKtot   =     20573.5312  EPtot      =   -137400.2497
 BOND   =       596.6507  ANGLE   =      1501.4622  DIHED      =       994.4975
 UB     =         0.0000  IMP     =         0.0000  CMAP       =       139.2295
 1-4 NB =       655.3780  1-4 EEL =      5897.2179  VDWAALS    =     16595.3401
 EELEC  =   -163780.0256  EHBOND  =         0.0000  RESTRAINT  =         0.0000
 EKCMT  =         0.0000  VIRIAL  =         0.0000  VOLUME     =    332907.8685
                                                    Density    =         1.0349
 ------------------------------------------------------------------------------


 NSTEP =   275000   TIME(PS) =    1250.000  TEMP(K) =   298.57  PRESS =     0.0
 Etot   =   -117215.7615  EKtot   =     20423.3770  EPtot      =   -137639.1384
 BOND   =       569.7531  ANGLE   =      1461.4415  DIHED      =      1015.1842
 UB     =         0.0000  IMP     =         0.0000  CMAP       =       146.7907
 1-4 NB =       642.1000  1-4 EEL =      5862.1381  VDWAALS    =     16700.0425
 EELEC  =   -164036.5887  EHBOND  =         0.0000  RESTRAINT  =         0.0000
 EKCMT  =         0.0000  VIRIAL  =         0.0000  VOLUME     =    334516.5161
                                                    Density    =         1.0299
 ------------------------------------------------------------------------------


 NSTEP =   280000   TIME(PS) =    1260.000  TEMP(K) =   299.67  PRESS =     0.0
 Etot   =   -116976.2011  EKtot   =     20498.6855  EPtot      =   -137474.8866
 BOND   =       601.3921  ANGLE   =      1513.5159  DIHED      =      1026.3552
 UB     =         0.0000  IMP     =         0.0000  CMAP       =       137.6482
 1-4 NB =       653.4322  1-4 EEL =      5898.9275  VDWAALS    =     16420.7884
 EELEC  =   -163726.9460  EHBOND  =         0.0000  RESTRAINT  =         0.0000
 EKCMT  =         0.0000  VIRIAL  =         0.0000  VOLUME     =    333654.5795
                                                    Density    =         1.0326
 ------------------------------------------------------------------------------


 NSTEP =   285000   TIME(PS) =    1270.000  TEMP(K) =   302.50  PRESS =     0.0
 Etot   =   -116901.3039  EKtot   =     20692.1719  EPtot      =   -137593.4758
 BOND   =       577.9780  ANGLE   =      1554.7798  DIHED      =      1005.8843
 UB     =         0.0000  IMP     =         0.0000  CMAP       =       130.0127
 1-4 NB =       642.1934  1-4 EEL =      5870.8287  VDWAALS    =     16576.2976
 EELEC  =   -163951.4502  EHBOND  =         0.0000  RESTRAINT  =         0.0000
 EKCMT  =         0.0000  VIRIAL  =         0.0000  VOLUME     =    334619.0513
                                                    Density    =         1.0296
 ------------------------------------------------------------------------------


 NSTEP =   290000   TIME(PS) =    1280.000  TEMP(K) =   301.00  PRESS =     0.0
 Etot   =   -117034.6627  EKtot   =     20589.6152  EPtot      =   -137624.2780
 BOND   =       554.0905  ANGLE   =      1538.4877  DIHED      =       984.3546
 UB     =         0.0000  IMP     =         0.0000  CMAP       =       135.7161
 1-4 NB =       648.5261  1-4 EEL =      5924.8030  VDWAALS    =     16634.0541
 EELEC  =   -164044.3101  EHBOND  =         0.0000  RESTRAINT  =         0.0000
 EKCMT  =         0.0000  VIRIAL  =         0.0000  VOLUME     =    334834.4553
                                                    Density    =         1.0290
 ------------------------------------------------------------------------------


 NSTEP =   295000   TIME(PS) =    1290.000  TEMP(K) =   300.71  PRESS =     0.0
 Etot   =   -116899.5790  EKtot   =     20569.4980  EPtot      =   -137469.0770
 BOND   =       548.9794  ANGLE   =      1530.5669  DIHED      =      1018.5902
 UB     =         0.0000  IMP     =         0.0000  CMAP       =       129.3940
 1-4 NB =       643.8993  1-4 EEL =      5808.9566  VDWAALS    =     16290.4761
 EELEC  =   -163439.9395  EHBOND  =         0.0000  RESTRAINT  =         0.0000
 EKCMT  =         0.0000  VIRIAL  =         0.0000  VOLUME     =    333731.4521
                                                    Density    =         1.0324
 ------------------------------------------------------------------------------


 NSTEP =   300000   TIME(PS) =    1300.000  TEMP(K) =   296.12  PRESS =     0.0
 Etot   =   -117261.9535  EKtot   =     20255.2617  EPtot      =   -137517.2152
 BOND   =       573.0144  ANGLE   =      1504.2814  DIHED      =      1011.3086
 UB     =         0.0000  IMP     =         0.0000  CMAP       =       137.2561
 1-4 NB =       632.1949  1-4 EEL =      5838.5697  VDWAALS    =     16265.0937
 EELEC  =   -163478.9340  EHBOND  =         0.0000  RESTRAINT  =         0.0000
 EKCMT  =         0.0000  VIRIAL  =         0.0000  VOLUME     =    334388.3284
                                                    Density    =         1.0303
 ------------------------------------------------------------------------------


 NSTEP =   305000   TIME(PS) =    1310.000  TEMP(K) =   299.85  PRESS =     0.0
 Etot   =   -116776.6296  EKtot   =     20510.3906  EPtot      =   -137287.0202
 BOND   =       595.0751  ANGLE   =      1524.2358  DIHED      =       998.2997
 UB     =         0.0000  IMP     =         0.0000  CMAP       =       130.2355
 1-4 NB =       635.6282  1-4 EEL =      5801.0605  VDWAALS    =     15947.1524
 EELEC  =   -162918.7073  EHBOND  =         0.0000  RESTRAINT  =         0.0000
 EKCMT  =         0.0000  VIRIAL  =         0.0000  VOLUME     =    335717.4524
                                                    Density    =         1.0263
 ------------------------------------------------------------------------------


 NSTEP =   310000   TIME(PS) =    1320.000  TEMP(K) =   298.56  PRESS =     0.0
 Etot   =   -117197.7835  EKtot   =     20422.7578  EPtot      =   -137620.5413
 BOND   =       567.0034  ANGLE   =      1517.0419  DIHED      =       997.0225
 UB     =         0.0000  IMP     =         0.0000  CMAP       =       141.0708
 1-4 NB =       641.1135  1-4 EEL =      5825.9376  VDWAALS    =     16285.4547
 EELEC  =   -163595.1858  EHBOND  =         0.0000  RESTRAINT  =         0.0000
 EKCMT  =         0.0000  VIRIAL  =         0.0000  VOLUME     =    333282.8328
                                                    Density    =         1.0338
 ------------------------------------------------------------------------------


 NSTEP =   315000   TIME(PS) =    1330.000  TEMP(K) =   298.63  PRESS =     0.0
 Etot   =   -117075.9478  EKtot   =     20427.3828  EPtot      =   -137503.3306
 BOND   =       552.5799  ANGLE   =      1493.9697  DIHED      =      1016.2465
 UB     =         0.0000  IMP     =         0.0000  CMAP       =       140.2570
 1-4 NB =       654.5261  1-4 EEL =      5865.6843  VDWAALS    =     16602.9186
 EELEC  =   -163829.5126  EHBOND  =         0.0000  RESTRAINT  =         0.0000
 EKCMT  =         0.0000  VIRIAL  =         0.0000  VOLUME     =    334734.0405
                                                    Density    =         1.0293
 ------------------------------------------------------------------------------


 NSTEP =   320000   TIME(PS) =    1340.000  TEMP(K) =   301.28  PRESS =     0.0
 Etot   =   -116411.6795  EKtot   =     20608.6250  EPtot      =   -137020.3045
 BOND   =       575.3823  ANGLE   =      1538.7266  DIHED      =      1016.5793
 UB     =         0.0000  IMP     =         0.0000  CMAP       =       135.9806
 1-4 NB =       640.6712  1-4 EEL =      5796.3021  VDWAALS    =     16308.2622
 EELEC  =   -163032.2088  EHBOND  =         0.0000  RESTRAINT  =         0.0000
 EKCMT  =         0.0000  VIRIAL  =         0.0000  VOLUME     =    335004.4258
                                                    Density    =         1.0284
 ------------------------------------------------------------------------------


 NSTEP =   325000   TIME(PS) =    1350.000  TEMP(K) =   299.93  PRESS =     0.0
 Etot   =   -117322.8381  EKtot   =     20515.9805  EPtot      =   -137838.8185
 BOND   =       553.8834  ANGLE   =      1515.0808  DIHED      =      1006.9497
 UB     =         0.0000  IMP     =         0.0000  CMAP       =       136.1379
 1-4 NB =       637.5751  1-4 EEL =      5915.1391  VDWAALS    =     16706.9396
 EELEC  =   -164310.5243  EHBOND  =         0.0000  RESTRAINT  =         0.0000
 EKCMT  =         0.0000  VIRIAL  =         0.0000  VOLUME     =    334870.0643
                                                    Density    =         1.0289
 ------------------------------------------------------------------------------


 NSTEP =   330000   TIME(PS) =    1360.000  TEMP(K) =   298.27  PRESS =     0.0
 Etot   =   -116845.9064  EKtot   =     20402.3242  EPtot      =   -137248.2306
 BOND   =       578.2413  ANGLE   =      1531.3961  DIHED      =      1023.0758
 UB     =         0.0000  IMP     =         0.0000  CMAP       =       140.3566
 1-4 NB =       650.4602  1-4 EEL =      5785.3639  VDWAALS    =     16522.9480
 EELEC  =   -163480.0725  EHBOND  =         0.0000  RESTRAINT  =         0.0000
 EKCMT  =         0.0000  VIRIAL  =         0.0000  VOLUME     =    334365.3293
                                                    Density    =         1.0304
 ------------------------------------------------------------------------------


 NSTEP =   335000   TIME(PS) =    1370.000  TEMP(K) =   301.45  PRESS =     0.0
 Etot   =   -116770.0359  EKtot   =     20620.4043  EPtot      =   -137390.4402
 BOND   =       559.7948  ANGLE   =      1529.2100  DIHED      =      1015.4234
 UB     =         0.0000  IMP     =         0.0000  CMAP       =       138.2201
 1-4 NB =       658.1569  1-4 EEL =      5886.8195  VDWAALS    =     16273.5023
 EELEC  =   -163451.5671  EHBOND  =         0.0000  RESTRAINT  =         0.0000
 EKCMT  =         0.0000  VIRIAL  =         0.0000  VOLUME     =    335966.8114
                                                    Density    =         1.0255
 ------------------------------------------------------------------------------


 NSTEP =   340000   TIME(PS) =    1380.000  TEMP(K) =   298.15  PRESS =     0.0
 Etot   =   -117117.9984  EKtot   =     20394.2617  EPtot      =   -137512.2601
 BOND   =       592.7492  ANGLE   =      1463.7471  DIHED      =       974.8195
 UB     =         0.0000  IMP     =         0.0000  CMAP       =       143.4097
 1-4 NB =       659.3198  1-4 EEL =      5899.9597  VDWAALS    =     16108.2622
 EELEC  =   -163354.5274  EHBOND  =         0.0000  RESTRAINT  =         0.0000
 EKCMT  =         0.0000  VIRIAL  =         0.0000  VOLUME     =    334200.0045
                                                    Density    =         1.0309
 ------------------------------------------------------------------------------


 NSTEP =   345000   TIME(PS) =    1390.000  TEMP(K) =   301.72  PRESS =     0.0
 Etot   =   -116866.5461  EKtot   =     20638.7227  EPtot      =   -137505.2688
 BOND   =       540.8486  ANGLE   =      1548.5180  DIHED      =       976.7496
 UB     =         0.0000  IMP     =         0.0000  CMAP       =       144.0523
 1-4 NB =       651.5416  1-4 EEL =      5885.5653  VDWAALS    =     16144.5264
 EELEC  =   -163397.0707  EHBOND  =         0.0000  RESTRAINT  =         0.0000
 EKCMT  =         0.0000  VIRIAL  =         0.0000  VOLUME     =    333446.4939
                                                    Density    =         1.0332
 ------------------------------------------------------------------------------


 NSTEP =   350000   TIME(PS) =    1400.000  TEMP(K) =   299.67  PRESS =     0.0
 Etot   =   -117307.8920  EKtot   =     20498.3926  EPtot      =   -137806.2845
 BOND   =       578.0178  ANGLE   =      1529.0143  DIHED      =       993.8288
 UB     =         0.0000  IMP     =         0.0000  CMAP       =       154.2249
 1-4 NB =       646.8712  1-4 EEL =      5847.5216  VDWAALS    =     16407.1727
 EELEC  =   -163962.9361  EHBOND  =         0.0000  RESTRAINT  =         0.0000
 EKCMT  =         0.0000  VIRIAL  =         0.0000  VOLUME     =    332819.7787
                                                    Density    =         1.0352
 ------------------------------------------------------------------------------


 NSTEP =   355000   TIME(PS) =    1410.000  TEMP(K) =   302.34  PRESS =     0.0
 Etot   =   -116853.2726  EKtot   =     20681.3145  EPtot      =   -137534.5870
 BOND   =       605.4793  ANGLE   =      1496.7839  DIHED      =      1003.4216
 UB     =         0.0000  IMP     =         0.0000  CMAP       =       143.4708
 1-4 NB =       638.4119  1-4 EEL =      5836.4949  VDWAALS    =     16196.5443
 EELEC  =   -163455.1939  EHBOND  =         0.0000  RESTRAINT  =         0.0000
 EKCMT  =         0.0000  VIRIAL  =         0.0000  VOLUME     =    334283.7748
                                                    Density    =         1.0307
 ------------------------------------------------------------------------------


 NSTEP =   360000   TIME(PS) =    1420.000  TEMP(K) =   298.39  PRESS =     0.0
 Etot   =   -116948.8895  EKtot   =     20410.7285  EPtot      =   -137359.6180
 BOND   =       591.7977  ANGLE   =      1528.7300  DIHED      =      1017.9430
 UB     =         0.0000  IMP     =         0.0000  CMAP       =       150.4094
 1-4 NB =       642.2166  1-4 EEL =      5847.7299  VDWAALS    =     16342.7858
 EELEC  =   -163481.2303  EHBOND  =         0.0000  RESTRAINT  =         0.0000
 EKCMT  =         0.0000  VIRIAL  =         0.0000  VOLUME     =    334312.9292
                                                    Density    =         1.0306
 ------------------------------------------------------------------------------


 NSTEP =   365000   TIME(PS) =    1430.000  TEMP(K) =   297.97  PRESS =     0.0
 Etot   =   -117028.4261  EKtot   =     20382.0293  EPtot      =   -137410.4554
 BOND   =       572.3247  ANGLE   =      1451.3963  DIHED      =      1001.2085
 UB     =         0.0000  IMP     =         0.0000  CMAP       =       141.6768
 1-4 NB =       652.6778  1-4 EEL =      5881.6115  VDWAALS    =     16381.8098
 EELEC  =   -163493.1609  EHBOND  =         0.0000  RESTRAINT  =         0.0000
 EKCMT  =         0.0000  VIRIAL  =         0.0000  VOLUME     =    333576.4120
                                                    Density    =         1.0328
 ------------------------------------------------------------------------------


 NSTEP =   370000   TIME(PS) =    1440.000  TEMP(K) =   301.77  PRESS =     0.0
 Etot   =   -116830.7172  EKtot   =     20642.3301  EPtot      =   -137473.0472
 BOND   =       571.3269  ANGLE   =      1569.5005  DIHED      =      1016.2935
 UB     =         0.0000  IMP     =         0.0000  CMAP       =       137.1033
 1-4 NB =       639.9709  1-4 EEL =      5829.8307  VDWAALS    =     16101.6065
 EELEC  =   -163338.6796  EHBOND  =         0.0000  RESTRAINT  =         0.0000
 EKCMT  =         0.0000  VIRIAL  =         0.0000  VOLUME     =    334340.6668
                                                    Density    =         1.0305
 ------------------------------------------------------------------------------


 NSTEP =   375000   TIME(PS) =    1450.000  TEMP(K) =   299.45  PRESS =     0.0
 Etot   =   -117301.5822  EKtot   =     20483.5781  EPtot      =   -137785.1603
 BOND   =       570.9855  ANGLE   =      1493.7565  DIHED      =      1022.4519
 UB     =         0.0000  IMP     =         0.0000  CMAP       =       144.1377
 1-4 NB =       648.2398  1-4 EEL =      5905.1645  VDWAALS    =     16464.1139
 EELEC  =   -164034.0103  EHBOND  =         0.0000  RESTRAINT  =         0.0000
 EKCMT  =         0.0000  VIRIAL  =         0.0000  VOLUME     =    334844.4274
                                                    Density    =         1.0289
 ------------------------------------------------------------------------------


 NSTEP =   380000   TIME(PS) =    1460.000  TEMP(K) =   297.26  PRESS =     0.0
 Etot   =   -117366.0929  EKtot   =     20333.1973  EPtot      =   -137699.2901
 BOND   =       584.3810  ANGLE   =      1570.8428  DIHED      =      1004.0904
 UB     =         0.0000  IMP     =         0.0000  CMAP       =       142.7255
 1-4 NB =       644.6187  1-4 EEL =      5887.7334  VDWAALS    =     16232.1481
 EELEC  =   -163765.8300  EHBOND  =         0.0000  RESTRAINT  =         0.0000
 EKCMT  =         0.0000  VIRIAL  =         0.0000  VOLUME     =    333295.9193
                                                    Density    =         1.0337
 ------------------------------------------------------------------------------


 NSTEP =   385000   TIME(PS) =    1470.000  TEMP(K) =   297.03  PRESS =     0.0
 Etot   =   -117383.5546  EKtot   =     20317.6562  EPtot      =   -137701.2108
 BOND   =       571.1863  ANGLE   =      1527.6782  DIHED      =       993.9759
 UB     =         0.0000  IMP     =         0.0000  CMAP       =       148.2556
 1-4 NB =       650.5592  1-4 EEL =      5848.4415  VDWAALS    =     16606.6159
 EELEC  =   -164047.9235  EHBOND  =         0.0000  RESTRAINT  =         0.0000
 EKCMT  =         0.0000  VIRIAL  =         0.0000  VOLUME     =    334265.5690
                                                    Density    =         1.0307
 ------------------------------------------------------------------------------


 NSTEP =   390000   TIME(PS) =    1480.000  TEMP(K) =   300.71  PRESS =     0.0
 Etot   =   -116932.1212  EKtot   =     20569.4961  EPtot      =   -137501.6173
 BOND   =       584.0603  ANGLE   =      1455.4858  DIHED      =      1027.2934
 UB     =         0.0000  IMP     =         0.0000  CMAP       =       150.6154
 1-4 NB =       643.3892  1-4 EEL =      5821.2954  VDWAALS    =     16304.4153
 EELEC  =   -163488.1721  EHBOND  =         0.0000  RESTRAINT  =         0.0000
 EKCMT  =         0.0000  VIRIAL  =         0.0000  VOLUME     =    334179.8547
                                                    Density    =         1.0310
 ------------------------------------------------------------------------------


 NSTEP =   395000   TIME(PS) =    1490.000  TEMP(K) =   299.14  PRESS =     0.0
 Etot   =   -117029.6976  EKtot   =     20462.3203  EPtot      =   -137492.0179
 BOND   =       603.4884  ANGLE   =      1527.0387  DIHED      =      1000.9577
 UB     =         0.0000  IMP     =         0.0000  CMAP       =       140.3237
 1-4 NB =       652.7049  1-4 EEL =      5881.0326  VDWAALS    =     16262.2663
 EELEC  =   -163559.8303  EHBOND  =         0.0000  RESTRAINT  =         0.0000
 EKCMT  =         0.0000  VIRIAL  =         0.0000  VOLUME     =    334434.7049
                                                    Density    =         1.0302
 ------------------------------------------------------------------------------


 NSTEP =   400000   TIME(PS) =    1500.000  TEMP(K) =   298.71  PRESS =     0.0
 Etot   =   -116915.9865  EKtot   =     20432.9785  EPtot      =   -137348.9651
 BOND   =       568.3852  ANGLE   =      1484.6924  DIHED      =      1026.1422
 UB     =         0.0000  IMP     =         0.0000  CMAP       =       140.4960
 1-4 NB =       662.5072  1-4 EEL =      5881.7552  VDWAALS    =     16490.1756
 EELEC  =   -163603.1189  EHBOND  =         0.0000  RESTRAINT  =         0.0000
 EKCMT  =         0.0000  VIRIAL  =         0.0000  VOLUME     =    333227.4125
                                                    Density    =         1.0339
 ------------------------------------------------------------------------------


 NSTEP =   405000   TIME(PS) =    1510.000  TEMP(K) =   300.53  PRESS =     0.0
 Etot   =   -117169.7267  EKtot   =     20557.1953  EPtot      =   -137726.9220
 BOND   =       510.0352  ANGLE   =      1528.3977  DIHED      =       979.7292
 UB     =         0.0000  IMP     =         0.0000  CMAP       =       138.9427
 1-4 NB =       668.4074  1-4 EEL =      5880.6088  VDWAALS    =     16783.7021
 EELEC  =   -164216.7451  EHBOND  =         0.0000  RESTRAINT  =         0.0000
 EKCMT  =         0.0000  VIRIAL  =         0.0000  VOLUME     =    332708.7569
                                                    Density    =         1.0355
 ------------------------------------------------------------------------------


 NSTEP =   410000   TIME(PS) =    1520.000  TEMP(K) =   298.61  PRESS =     0.0
 Etot   =   -117246.2939  EKtot   =     20425.7500  EPtot      =   -137672.0439
 BOND   =       514.8607  ANGLE   =      1514.9443  DIHED      =      1014.8216
 UB     =         0.0000  IMP     =         0.0000  CMAP       =       136.2844
 1-4 NB =       655.4519  1-4 EEL =      5876.9538  VDWAALS    =     16381.8498
 EELEC  =   -163767.2103  EHBOND  =         0.0000  RESTRAINT  =         0.0000
 EKCMT  =         0.0000  VIRIAL  =         0.0000  VOLUME     =    334889.1971
                                                    Density    =         1.0288
 ------------------------------------------------------------------------------


 NSTEP =   415000   TIME(PS) =    1530.000  TEMP(K) =   301.16  PRESS =     0.0
 Etot   =   -116930.0958  EKtot   =     20600.0762  EPtot      =   -137530.1719
 BOND   =       569.7436  ANGLE   =      1534.0694  DIHED      =       983.2990
 UB     =         0.0000  IMP     =         0.0000  CMAP       =       153.2272
 1-4 NB =       647.8776  1-4 EEL =      5819.6180  VDWAALS    =     16497.8530
 EELEC  =   -163735.8596  EHBOND  =         0.0000  RESTRAINT  =         0.0000
 EKCMT  =         0.0000  VIRIAL  =         0.0000  VOLUME     =    334159.7339
                                                    Density    =         1.0310
 ------------------------------------------------------------------------------


 NSTEP =   420000   TIME(PS) =    1540.000  TEMP(K) =   301.54  PRESS =     0.0
 Etot   =   -116767.4286  EKtot   =     20626.3301  EPtot      =   -137393.7586
 BOND   =       567.4578  ANGLE   =      1492.4359  DIHED      =       978.8902
 UB     =         0.0000  IMP     =         0.0000  CMAP       =       150.4998
 1-4 NB =       635.0559  1-4 EEL =      5854.5882  VDWAALS    =     16172.6231
 EELEC  =   -163245.3096  EHBOND  =         0.0000  RESTRAINT  =         0.0000
 EKCMT  =         0.0000  VIRIAL  =         0.0000  VOLUME     =    334329.0301
                                                    Density    =         1.0305
 ------------------------------------------------------------------------------


 NSTEP =   425000   TIME(PS) =    1550.000  TEMP(K) =   301.72  PRESS =     0.0
 Etot   =   -116878.7173  EKtot   =     20638.3359  EPtot      =   -137517.0532
 BOND   =       557.9934  ANGLE   =      1541.3793  DIHED      =       980.4454
 UB     =         0.0000  IMP     =         0.0000  CMAP       =       147.6852
 1-4 NB =       642.6579  1-4 EEL =      5852.5931  VDWAALS    =     16671.6829
 EELEC  =   -163911.4903  EHBOND  =         0.0000  RESTRAINT  =         0.0000
 EKCMT  =         0.0000  VIRIAL  =         0.0000  VOLUME     =    333849.5988
                                                    Density    =         1.0320
 ------------------------------------------------------------------------------


 NSTEP =   430000   TIME(PS) =    1560.000  TEMP(K) =   298.65  PRESS =     0.0
 Etot   =   -117255.7024  EKtot   =     20428.4062  EPtot      =   -137684.1086
 BOND   =       589.8367  ANGLE   =      1520.1308  DIHED      =      1015.4684
 UB     =         0.0000  IMP     =         0.0000  CMAP       =       138.3323
 1-4 NB =       657.3362  1-4 EEL =      5850.5421  VDWAALS    =     16440.6044
 EELEC  =   -163896.3594  EHBOND  =         0.0000  RESTRAINT  =         0.0000
 EKCMT  =         0.0000  VIRIAL  =         0.0000  VOLUME     =    332815.8312
                                                    Density    =         1.0352
 ------------------------------------------------------------------------------


 NSTEP =   435000   TIME(PS) =    1570.000  TEMP(K) =   301.77  PRESS =     0.0
 Etot   =   -116548.7741  EKtot   =     20641.8672  EPtot      =   -137190.6413
 BOND   =       557.2318  ANGLE   =      1534.5419  DIHED      =      1037.2401
 UB     =         0.0000  IMP     =         0.0000  CMAP       =       154.3882
 1-4 NB =       660.0014  1-4 EEL =      5832.5886  VDWAALS    =     16330.5118
 EELEC  =   -163297.1451  EHBOND  =         0.0000  RESTRAINT  =         0.0000
 EKCMT  =         0.0000  VIRIAL  =         0.0000  VOLUME     =    334270.5477
                                                    Density    =         1.0307
 ------------------------------------------------------------------------------


 NSTEP =   440000   TIME(PS) =    1580.000  TEMP(K) =   299.61  PRESS =     0.0
 Etot   =   -117340.4955  EKtot   =     20494.2148  EPtot      =   -137834.7104
 BOND   =       579.1446  ANGLE   =      1530.3573  DIHED      =      1003.3403
 UB     =         0.0000  IMP     =         0.0000  CMAP       =       133.9197
 1-4 NB =       670.5101  1-4 EEL =      5934.5443  VDWAALS    =     16599.4238
 EELEC  =   -164285.9503  EHBOND  =         0.0000  RESTRAINT  =         0.0000
 EKCMT  =         0.0000  VIRIAL  =         0.0000  VOLUME     =    334667.5239
                                                    Density    =         1.0295
 ------------------------------------------------------------------------------


 NSTEP =   445000   TIME(PS) =    1590.000  TEMP(K) =   298.85  PRESS =     0.0
 Etot   =   -117181.2333  EKtot   =     20442.3027  EPtot      =   -137623.5361
 BOND   =       554.9047  ANGLE   =      1464.9311  DIHED      =      1019.0073
 UB     =         0.0000  IMP     =         0.0000  CMAP       =       136.0029
 1-4 NB =       655.0120  1-4 EEL =      5887.7322  VDWAALS    =     16401.8641
 EELEC  =   -163742.9904  EHBOND  =         0.0000  RESTRAINT  =         0.0000
 EKCMT  =         0.0000  VIRIAL  =         0.0000  VOLUME     =    334877.4801
                                                    Density    =         1.0288
 ------------------------------------------------------------------------------


 NSTEP =   450000   TIME(PS) =    1600.000  TEMP(K) =   300.92  PRESS =     0.0
 Etot   =   -116874.1167  EKtot   =     20583.9609  EPtot      =   -137458.0776
 BOND   =       600.9275  ANGLE   =      1497.7170  DIHED      =       997.3490
 UB     =         0.0000  IMP     =         0.0000  CMAP       =       134.0876
 1-4 NB =       663.8000  1-4 EEL =      5807.8588  VDWAALS    =     16256.6346
 EELEC  =   -163416.4522  EHBOND  =         0.0000  RESTRAINT  =         0.0000
 EKCMT  =         0.0000  VIRIAL  =         0.0000  VOLUME     =    333699.0222
                                                    Density    =         1.0325
 ------------------------------------------------------------------------------


 NSTEP =   455000   TIME(PS) =    1610.000  TEMP(K) =   300.93  PRESS =     0.0
 Etot   =   -116913.9909  EKtot   =     20584.3984  EPtot      =   -137498.3893
 BOND   =       588.7634  ANGLE   =      1539.8628  DIHED      =      1009.7694
 UB     =         0.0000  IMP     =         0.0000  CMAP       =       142.4295
 1-4 NB =       648.1947  1-4 EEL =      5807.2454  VDWAALS    =     16577.0309
 EELEC  =   -163811.6853  EHBOND  =         0.0000  RESTRAINT  =         0.0000
 EKCMT  =         0.0000  VIRIAL  =         0.0000  VOLUME     =    334290.1666
                                                    Density    =         1.0306
 ------------------------------------------------------------------------------


 NSTEP =   460000   TIME(PS) =    1620.000  TEMP(K) =   299.83  PRESS =     0.0
 Etot   =   -117217.2394  EKtot   =     20509.4336  EPtot      =   -137726.6730
 BOND   =       574.7936  ANGLE   =      1480.9929  DIHED      =       987.3395
 UB     =         0.0000  IMP     =         0.0000  CMAP       =       137.6932
 1-4 NB =       660.6830  1-4 EEL =      5828.2193  VDWAALS    =     16619.2786
 EELEC  =   -164015.6732  EHBOND  =         0.0000  RESTRAINT  =         0.0000
 EKCMT  =         0.0000  VIRIAL  =         0.0000  VOLUME     =    333740.8399
                                                    Density    =         1.0323
 ------------------------------------------------------------------------------


 NSTEP =   465000   TIME(PS) =    1630.000  TEMP(K) =   300.77  PRESS =     0.0
 Etot   =   -116945.5682  EKtot   =     20573.5879  EPtot      =   -137519.1561
 BOND   =       519.9067  ANGLE   =      1509.7661  DIHED      =      1001.3864
 UB     =         0.0000  IMP     =         0.0000  CMAP       =       135.5332
 1-4 NB =       652.6302  1-4 EEL =      5858.9443  VDWAALS    =     16206.9123
 EELEC  =   -163404.2353  EHBOND  =         0.0000  RESTRAINT  =         0.0000
 EKCMT  =         0.0000  VIRIAL  =         0.0000  VOLUME     =    333433.5821
                                                    Density    =         1.0333
 ------------------------------------------------------------------------------


 NSTEP =   470000   TIME(PS) =    1640.000  TEMP(K) =   299.64  PRESS =     0.0
 Etot   =   -116988.7010  EKtot   =     20496.2812  EPtot      =   -137484.9823
 BOND   =       559.7417  ANGLE   =      1522.8083  DIHED      =       999.6069
 UB     =         0.0000  IMP     =         0.0000  CMAP       =       142.1664
 1-4 NB =       635.7759  1-4 EEL =      5917.5286  VDWAALS    =     16485.3178
 EELEC  =   -163747.9278  EHBOND  =         0.0000  RESTRAINT  =         0.0000
 EKCMT  =         0.0000  VIRIAL  =         0.0000  VOLUME     =    334220.5386
                                                    Density    =         1.0309
 ------------------------------------------------------------------------------


 NSTEP =   475000   TIME(PS) =    1650.000  TEMP(K) =   299.37  PRESS =     0.0
 Etot   =   -117182.8325  EKtot   =     20477.5352  EPtot      =   -137660.3677
 BOND   =       533.2080  ANGLE   =      1544.9349  DIHED      =       990.7498
 UB     =         0.0000  IMP     =         0.0000  CMAP       =       151.9598
 1-4 NB =       639.9250  1-4 EEL =      5882.4483  VDWAALS    =     16376.6459
 EELEC  =   -163780.2395  EHBOND  =         0.0000  RESTRAINT  =         0.0000
 EKCMT  =         0.0000  VIRIAL  =         0.0000  VOLUME     =    333462.1890
                                                    Density    =         1.0332
 ------------------------------------------------------------------------------


 NSTEP =   480000   TIME(PS) =    1660.000  TEMP(K) =   297.92  PRESS =     0.0
 Etot   =   -117347.8009  EKtot   =     20378.5156  EPtot      =   -137726.3165
 BOND   =       549.7933  ANGLE   =      1564.3204  DIHED      =       993.6937
 UB     =         0.0000  IMP     =         0.0000  CMAP       =       144.0633
 1-4 NB =       663.6068  1-4 EEL =      5857.7688  VDWAALS    =     16559.3985
 EELEC  =   -164058.9614  EHBOND  =         0.0000  RESTRAINT  =         0.0000
 EKCMT  =         0.0000  VIRIAL  =         0.0000  VOLUME     =    334339.6172
                                                    Density    =         1.0305
 ------------------------------------------------------------------------------


 NSTEP =   485000   TIME(PS) =    1670.000  TEMP(K) =   298.46  PRESS =     0.0
 Etot   =   -117280.9681  EKtot   =     20415.6055  EPtot      =   -137696.5736
 BOND   =       538.3439  ANGLE   =      1532.7155  DIHED      =      1001.4460
 UB     =         0.0000  IMP     =         0.0000  CMAP       =       137.2418
 1-4 NB =       662.4421  1-4 EEL =      5873.9568  VDWAALS    =     16741.2075
 EELEC  =   -164183.9272  EHBOND  =         0.0000  RESTRAINT  =         0.0000
 EKCMT  =         0.0000  VIRIAL  =         0.0000  VOLUME     =    334816.5960
                                                    Density    =         1.0290
 ------------------------------------------------------------------------------


 NSTEP =   490000   TIME(PS) =    1680.000  TEMP(K) =   298.75  PRESS =     0.0
 Etot   =   -117040.6232  EKtot   =     20435.3809  EPtot      =   -137476.0041
 BOND   =       575.7273  ANGLE   =      1503.8081  DIHED      =       968.3179
 UB     =         0.0000  IMP     =         0.0000  CMAP       =       135.9872
 1-4 NB =       656.8139  1-4 EEL =      5862.4665  VDWAALS    =     16386.7003
 EELEC  =   -163565.8254  EHBOND  =         0.0000  RESTRAINT  =         0.0000
 EKCMT  =         0.0000  VIRIAL  =         0.0000  VOLUME     =    333766.2964
                                                    Density    =         1.0323
 ------------------------------------------------------------------------------


 NSTEP =   495000   TIME(PS) =    1690.000  TEMP(K) =   299.97  PRESS =     0.0
 Etot   =   -117204.1326  EKtot   =     20519.1973  EPtot      =   -137723.3298
 BOND   =       559.3199  ANGLE   =      1482.2657  DIHED      =       996.8570
 UB     =         0.0000  IMP     =         0.0000  CMAP       =       144.1983
 1-4 NB =       660.9074  1-4 EEL =      5928.8976  VDWAALS    =     16226.6428
 EELEC  =   -163722.4186  EHBOND  =         0.0000  RESTRAINT  =         0.0000
 EKCMT  =         0.0000  VIRIAL  =         0.0000  VOLUME     =    332644.7543
                                                    Density    =         1.0357
 ------------------------------------------------------------------------------


 NSTEP =   500000   TIME(PS) =    1700.000  TEMP(K) =   300.89  PRESS =     0.0
 Etot   =   -116880.3789  EKtot   =     20581.7168  EPtot      =   -137462.0957
 BOND   =       561.2557  ANGLE   =      1493.9323  DIHED      =       978.3505
 UB     =         0.0000  IMP     =         0.0000  CMAP       =       152.9726
 1-4 NB =       637.7525  1-4 EEL =      5870.9718  VDWAALS    =     16112.8979
 EELEC  =   -163270.2289  EHBOND  =         0.0000  RESTRAINT  =         0.0000
 EKCMT  =         0.0000  VIRIAL  =         0.0000  VOLUME     =    334193.0979
                                                    Density    =         1.0309
 ------------------------------------------------------------------------------


      A V E R A G E S   O V E R     100 S T E P S


 NSTEP =   500000   TIME(PS) =    1700.000  TEMP(K) =   299.95  PRESS =     0.0
 Etot   =   -117025.3172  EKtot   =     20517.3805  EPtot      =   -137542.6977
 BOND   =       565.0358  ANGLE   =      1517.8383  DIHED      =       996.7652
 UB     =         0.0000  IMP     =         0.0000  CMAP       =       142.9957
 1-4 NB =       648.8216  1-4 EEL =      5867.2736  VDWAALS    =     16406.1749
 EELEC  =   -163687.6028  EHBOND  =         0.0000  RESTRAINT  =         0.0000
 EKCMT  =         0.0000  VIRIAL  =         0.0000  VOLUME     =    334070.5052
                                                    Density    =         1.0313
 ------------------------------------------------------------------------------


      R M S  F L U C T U A T I O N S


 NSTEP =   500000   TIME(PS) =    1700.000  TEMP(K) =     1.62  PRESS =     0.0
 Etot   =       244.6430  EKtot   =       110.7288  EPtot      =       194.7409
 BOND   =        19.9410  ANGLE   =        28.0277  DIHED      =        16.5075
 UB     =         0.0000  IMP     =         0.0000  CMAP       =         6.2074
 1-4 NB =         9.3387  1-4 EEL =        35.8093  VDWAALS    =       191.8842
 EELEC  =       331.5377  EHBOND  =         0.0000  RESTRAINT  =         0.0000
 EKCMT  =         0.0000  VIRIAL  =         0.0000  VOLUME     =       783.2429
                                                    Density    =         0.0024
 ------------------------------------------------------------------------------

| MC Barostat:       5000 volume changes attempted.
| MC Barostat:       1778 changes successful ( 35.56%)
 ------------------------------------------------------------------------------

--------------------------------------------------------------------------------
   5.  TIMINGS
--------------------------------------------------------------------------------

|  NonSetup CPU Time in Major Routines:
|
|     Routine           Sec        %
|     ------------------------------
|     Nonbond          25.69   13.29
|     Bond              0.00    0.00
|     Angle             0.00    0.00
|     Dihedral          0.00    0.00
|     Shake             2.42    1.25
|     RunMD           160.44   83.02
|     Other             4.71    2.44
|     ------------------------------
|     Total           193.25

|  PME Nonbond Pairlist CPU Time:
|
|     Routine              Sec        %
|     ---------------------------------
|     Set Up Cit           0.00    0.00
|     Build List           0.00    0.00
|     ---------------------------------
|     Total                0.00    0.00

|  PME Direct Force CPU Time:
|
|     Routine              Sec        %
|     ---------------------------------
|     NonBonded Calc       0.00    0.00
|     Exclude Masked       0.00    0.00
|     Other                0.76    0.39
|     ---------------------------------
|     Total                0.76    0.39

|  PME Reciprocal Force CPU Time:
|
|     Routine              Sec        %
|     ---------------------------------
|     1D bspline           0.00    0.00
|     Grid Charges         0.00    0.00
|     Scalar Sum           0.00    0.00
|     Gradient Sum         0.00    0.00
|     FFT                  0.00    0.00
|     ---------------------------------
|     Total                0.00    0.00

|  Final Performance Info:
|     -----------------------------------------------------
|     Average timings for last   30000 steps:
|     Elapsed(s) =      11.64 Per Step(ms) =       0.39
|         ns/day =     445.26   seconds/ns =     194.04
|
|     Average timings for all steps:
|     Elapsed(s) =     193.85 Per Step(ms) =       0.39
|         ns/day =     445.72   seconds/ns =     193.85
|     -----------------------------------------------------

|  Setup CPU time:            0.55 seconds
|  NonSetup CPU time:       193.25 seconds
|  Total CPU time:          193.80 seconds     0.05 hours

|  Setup wall time:           1    seconds
|  NonSetup wall time:      194    seconds
|  Total wall time:         195    seconds     0.05 hours
