
          -------------------------------------------------------
          Amber 22 PMEMD                              2022
          -------------------------------------------------------

| PMEMD implementation of SANDER, Release 22

|  Compiled date/time: Thu Apr 14 11:06:37 2022
| Run on 09/01/2026 at 12:52:05

|   Executable path: pmemd.cuda
| Working directory: /bigdata/cutlerlab/jjaco081/PYR1_pocket_expansion/data/posecheck/mandi_crystal/rep2
|          Hostname: gpu09

  [-O]verwriting output

File Assignments:
|   MDIN: heat.in                                                               
|  MDOUT: heat.out                                                              
| INPCRD: min2.rst7                                                             
|   PARM: /bigdata/cutlerlab/jjaco081/PYR1_pocket_expansion/data/posecheck/mandi
| RESTRT: heat.rst7                                                             
|   REFC: min2.rst7                                                             
|  MDVEL: mdvel                                                                 
|   MDEN: mden                                                                  
|  MDCRD: heat.nc                                                               
| MDINFO: heat.info                                                             
|  MDFRC: mdfrc                                                                 


 Here is the input file:

NVT heating 0 -> 300.0 K over 200 ps                                           
 &cntrl                                                                        
  imin=0, irest=0, ntx=1,                                                      
  nstlim=100000, dt=0.002,                                                     
  ntc=2, ntf=2, cut=10.0,                                                      
  ntb=1, ntp=0,                                                                
  ntt=3, gamma_ln=2.0, ig=-1,                                                  
  tempi=0.0, temp0=300.0,                                                      
  nmropt=1,                                                                    
  ntr=1, restraintmask='!:WAT,Na+,K+,Cl- & !@H=', restraint_wt=5.0,            
  ntpr=5000, ntwx=5000, ntwr=50000,                                            
 /                                                                             
 &wt type='TEMP0', istep1=0, istep2=80000, value1=0.0, value2=300.0 /          
 &wt type='TEMP0', istep1=80001, istep2=100000, value1=300.0, value2=300.0 /   
 &wt type='END' /                                                              


Note: ig = -1. Setting random seed to   608202 based on wallclock time in 
      microseconds.
| irandom = 1, using AMBER's internal random number generator (default).
 
|--------------------- INFORMATION ----------------------
| GPU (CUDA) Version of PMEMD in use: NVIDIA GPU IN USE.
|                    Version 18.0.0
| 
|                      03/25/2018
| 
| Implementation by:
|                    Ross C. Walker     (SDSC)
|                    Scott Le Grand     (nVIDIA)
| 
| Version 18 performance extensions by:
|                    David Cerutti     (Rutgers)
| 
| Precision model in use:
|      [SPFP] - Single Precision Forces, 64-bit Fixed Point
|               Accumulation. (Default)
| 
|--------------------------------------------------------
 
|----------------- CITATION INFORMATION -----------------
|
|    When publishing work that utilized the CUDA version
|    of AMBER, please cite the following in addition to
|    the regular AMBER citations:
|
|  - Romelia Salomon-Ferrer; Andreas W. Goetz; Duncan
|    Poole; Scott Le Grand; Ross C. Walker "Routine
|    microsecond molecular dynamics simulations with
|    AMBER - Part II: Particle Mesh Ewald", J. Chem.
|    Theory Comput., 2013, 9 (9), pp3878-3888,
|    DOI: 10.1021/ct400314y.
|
|  - Andreas W. Goetz; Mark J. Williamson; Dong Xu;
|    Duncan Poole; Scott Le Grand; Ross C. Walker
|    "Routine microsecond molecular dynamics simulations
|    with AMBER - Part I: Generalized Born", J. Chem.
|    Theory Comput., 2012, 8 (5), pp1542-1555.
|
|  - Scott Le Grand; Andreas W. Goetz; Ross C. Walker
|    "SPFP: Speed without compromise - a mixed precision
|    model for GPU accelerated molecular dynamics
|    simulations.", Comp. Phys. Comm., 2013, 184
|    pp374-380, DOI: 10.1016/j.cpc.2012.09.022
|
|--------------------------------------------------------
 
|------------------- GPU DEVICE INFO --------------------
|
|            CUDA_VISIBLE_DEVICES: 0
|   CUDA Capable Devices Detected:      1
|           CUDA Device ID in use:      0
|                CUDA Device Name: NVIDIA RTX 6000 Ada Generation
|     CUDA Device Global Mem Size:  48510 MB
| CUDA Device Num Multiprocessors:    142
|           CUDA Device Core Freq:   2.50 GHz
|
|--------------------------------------------------------
 
 
| Conditional Compilation Defines Used:
| PUBFFT
| BINTRAJ
| CUDA
| EMIL

| Largest sphere to fit in unit cell has radius =    32.320

| New format PARM file being parsed.
| Version =    1.000 Date = 09/01/26 Time = 11:33:59

| Note: 1-4 EEL scale factors are being read from the topology file.

| Note: 1-4 VDW scale factors are being read from the topology file.
| INFO:    Virtual site frames will be inferred from bonding patterns.
| Duplicated    0 dihedrals

| Duplicated    0 dihedrals

--------------------------------------------------------------------------------
   1.  RESOURCE   USE: 
--------------------------------------------------------------------------------

 getting box info from netcdf restart file
 NATOM  =   43893 NTYPES =      30 NBONH =   32136 MBONA  =   11724
 NTHETH =    3258 MTHETA =    2016 NPHIH =    6625 MPHIA  =    6376
 NHPARM =       0 NPARM  =       0 NNB   =   87650 NRES   =   10474
 NBONA  =   11724 NTHETA =    2016 NPHIA =    6376 NUMBND =      93
 NUMANG =     205 NPTRA  =     215 NATYP =      52 NPHB   =       0
 IFBOX  =       2 NMXRS  =      51 IFCAP =       0 NEXTRA =   10233
 NCOPY  =       0


| Coordinate Index Table dimensions:    12   12   12
| Direct force subcell size =     6.5972    6.5972    6.5972

     BOX TYPE: TRUNCATED OCTAHEDRON

--------------------------------------------------------------------------------
   2.  CONTROL  DATA  FOR  THE  RUN
--------------------------------------------------------------------------------

default_name                                                                    

General flags:
     imin    =       0, nmropt  =       1

Nature and format of input:
     ntx     =       1, irest   =       0, ntrx    =       1

Nature and format of output:
     ntxo    =       2, ntpr    =    5000, ntrx    =       1, ntwr    =   50000
     iwrap   =       0, ntwx    =    5000, ntwv    =       0, ntwe    =       0
     ioutfm  =       1, ntwprt  =       0, idecomp =       0, rbornstat=      0

Potential function:
     ntf     =       2, ntb     =       1, igb     =       0, nsnb    =      25
     ipol    =       0, gbsa    =       0, iesp    =       0
     dielc   =   1.00000, cut     =  10.00000, intdiel =   1.00000

Frozen or restrained atoms:
     ibelly  =       0, ntr     =       1
     restraint_wt =   5.00000

Molecular dynamics:
     nstlim  =    100000, nscm    =         0, nrespa  =         1
     t       =   0.00000, dt      =   0.00200, vlimit  =  -1.00000

Langevin dynamics temperature regulation:
     ig      =  608202
     temp0   = 300.00000, tempi   =   0.00000, gamma_ln=   2.00000

SHAKE:
     ntc     =       2, jfastw  =       0
     tol     =   0.00001

NMR refinement options:
     iscale  =       0, noeskp  =       1, ipnlty  =       1, mxsub   =       1
     scalm   = 100.00000, pencut  =   0.10000, tausw   =   0.10000

| Intermolecular bonds treatment:
|     no_intermolecular_bonds =       1

| Energy averages sample interval:
|     ene_avg_sampling =    5000

Extra-points options:
     frameon =       1, chngmask=       1

Ewald parameters:
     verbose =       0, ew_type =       0, nbflag  =       1, use_pme =       1
     vdwmeth =       1, eedmeth =       1, netfrc  =       1
     Box X =   79.167   Box Y =   79.167   Box Z =   79.167
     Alpha =  109.471   Beta  =  109.471   Gamma =  109.471
     NFFT1 =   80       NFFT2 =   80       NFFT3 =   80
     Cutoff=   10.000   Tol   =0.100E-04
     Ewald Coefficient =  0.27511
     Interpolation order =    4

    LOADING THE CONSTRAINED ATOMS AS GROUPS


   5.  REFERENCE ATOM COORDINATES

  default_name                                                                    
     Mask !:WAT,Na+,K+,Cl- & !@H=; matches  1463 atoms
|      EXTRA_PTS, trim_bonds: num bonds BEFORE trim = 32136     0
|      EXTRA_PTS, trim_bonds: num bonds AFTER  trim = 32136     0
|      EXTRA_PTS, trim_bonds: num bonds BEFORE trim = 11724     0
|      EXTRA_PTS, trim_bonds: num bonds AFTER  trim =  1491     0
|      EXTRA_PTS, trim_theta: num angle BEFORE trim =  3258     0
|      EXTRA_PTS, trim_theta: num angle AFTER  trim =  3258     0
|      EXTRA_PTS, trim_theta: num angle BEFORE trim =  2016     0
|      EXTRA_PTS, trim_theta: num angle AFTER  trim =  2016     0
|      EXTRA_PTS, trim_phi:  num diheds BEFORE trim =  6625     0
|      EXTRA_PTS, trim_phi:  num diheds AFTER  trim =  6625     0
|      EXTRA_PTS, trim_phi:  num diheds BEFORE trim =  6376     0
|      EXTRA_PTS, trim_phi:  num diheds AFTER  trim =  6376     0

--------------------------------------------------------------------------------
   3.  ATOMIC COORDINATES AND VELOCITIES
--------------------------------------------------------------------------------

default_name                                                                    
 begin time read from input coords =     0.000 ps



           Begin reading energy term weight changes/NMR restraints
 WEIGHT CHANGES:
 TEMP0         0  80000    0.000000  300.000000      0      0
 TEMP0     80001 100000  300.000000  300.000000      0      0

 RESTRAINTS:
                          ** No restraint defined **

                  Done reading weight changes/NMR restraints


 
 Number of triangulated 3-point waters found:    10233

     Sum of charges from parm topology file =  -0.00094390
     Forcing neutrality...

| Dynamic Memory, Types Used:
| Reals             1515571
| Integers          4283360

| Nonbonded Pairs Initial Allocation:    13276535

| GPU memory information (estimate):
| KB of GPU memory in use:    421501
| KB of CPU memory in use:    100789

--------------------------------------------------------------------------------
   4.  RESULTS
--------------------------------------------------------------------------------


 NSTEP =        0   TIME(PS) =       0.000  TEMP(K) =     0.00  PRESS =     0.0
 Etot   =   -222645.8575  EKtot   =         0.0000  EPtot      =   -222645.8575
 BOND   =       115.0753  ANGLE   =       433.0178  DIHED      =       745.8869
 UB     =         0.0000  IMP     =         0.0000  CMAP       =       137.7722
 1-4 NB =       548.3152  1-4 EEL =      5885.4857  VDWAALS    =     40687.6886
 EELEC  =   -271199.0993  EHBOND  =         0.0000  RESTRAINT  =         0.0000
 ------------------------------------------------------------------------------

 NMR restraints: Bond =    0.000   Angle =     0.000   Torsion =     0.000
===============================================================================

 NSTEP =     5000   TIME(PS) =      10.000  TEMP(K) =    18.00  PRESS =     0.0
 Etot   =   -157329.3457  EKtot   =      1230.9761  EPtot      =   -158560.3218
 BOND   =       139.0414  ANGLE   =       487.0107  DIHED      =       766.1233
 UB     =         0.0000  IMP     =         0.0000  CMAP       =       138.8851
 1-4 NB =       556.3351  1-4 EEL =      5892.2468  VDWAALS    =     24487.2601
 EELEC  =   -191056.6521  EHBOND  =         0.0000  RESTRAINT  =        29.4279
 EAMBER (non-restraint)  =   -158589.7496
 ------------------------------------------------------------------------------

 NMR restraints: Bond =    0.000   Angle =     0.000   Torsion =     0.000
===============================================================================

 NSTEP =    10000   TIME(PS) =      20.000  TEMP(K) =    36.78  PRESS =     0.0
 Etot   =   -155147.0296  EKtot   =      2515.8291  EPtot      =   -157662.8587
 BOND   =       167.1195  ANGLE   =       548.1680  DIHED      =       782.9499
 UB     =         0.0000  IMP     =         0.0000  CMAP       =       137.8240
 1-4 NB =       561.2523  1-4 EEL =      5874.6575  VDWAALS    =     24183.9445
 EELEC  =   -189963.3234  EHBOND  =         0.0000  RESTRAINT  =        44.5491
 EAMBER (non-restraint)  =   -157707.4078
 ------------------------------------------------------------------------------

 NMR restraints: Bond =    0.000   Angle =     0.000   Torsion =     0.000
===============================================================================

 NSTEP =    15000   TIME(PS) =      30.000  TEMP(K) =    55.78  PRESS =     0.0
 Etot   =   -153014.5524  EKtot   =      3815.7412  EPtot      =   -156830.2936
 BOND   =       202.7703  ANGLE   =       631.4571  DIHED      =       794.4634
 UB     =         0.0000  IMP     =         0.0000  CMAP       =       140.3128
 1-4 NB =       560.2613  1-4 EEL =      5870.3390  VDWAALS    =     24170.1073
 EELEC  =   -189257.1515  EHBOND  =         0.0000  RESTRAINT  =        57.1468
 EAMBER (non-restraint)  =   -156887.4404
 ------------------------------------------------------------------------------

 NMR restraints: Bond =    0.000   Angle =     0.000   Torsion =     0.000
===============================================================================

 NSTEP =    20000   TIME(PS) =      40.000  TEMP(K) =    73.77  PRESS =     0.0
 Etot   =   -150834.4088  EKtot   =      5045.9150  EPtot      =   -155880.3238
 BOND   =       216.1055  ANGLE   =       685.8340  DIHED      =       802.8737
 UB     =         0.0000  IMP     =         0.0000  CMAP       =       140.9336
 1-4 NB =       570.1164  1-4 EEL =      5885.1957  VDWAALS    =     23804.8063
 EELEC  =   -188060.3286  EHBOND  =         0.0000  RESTRAINT  =        74.1396
 EAMBER (non-restraint)  =   -155954.4634
 ------------------------------------------------------------------------------

 NMR restraints: Bond =    0.000   Angle =     0.000   Torsion =     0.000
===============================================================================

 NSTEP =    25000   TIME(PS) =      50.000  TEMP(K) =    93.13  PRESS =     0.0
 Etot   =   -148727.9118  EKtot   =      6370.6387  EPtot      =   -155098.5505
 BOND   =       245.1019  ANGLE   =       768.2901  DIHED      =       821.1895
 UB     =         0.0000  IMP     =         0.0000  CMAP       =       139.8173
 1-4 NB =       573.6188  1-4 EEL =      5914.1894  VDWAALS    =     23768.1269
 EELEC  =   -187416.4718  EHBOND  =         0.0000  RESTRAINT  =        87.5873
 EAMBER (non-restraint)  =   -155186.1378
 ------------------------------------------------------------------------------

 NMR restraints: Bond =    0.000   Angle =     0.000   Torsion =     0.000
===============================================================================

 NSTEP =    30000   TIME(PS) =      60.000  TEMP(K) =   111.46  PRESS =     0.0
 Etot   =   -146429.5415  EKtot   =      7624.2842  EPtot      =   -154053.8257
 BOND   =       299.3939  ANGLE   =       830.3189  DIHED      =       836.7943
 UB     =         0.0000  IMP     =         0.0000  CMAP       =       140.4712
 1-4 NB =       572.2240  1-4 EEL =      5869.1356  VDWAALS    =     23579.5801
 EELEC  =   -186286.8397  EHBOND  =         0.0000  RESTRAINT  =       105.0961
 EAMBER (non-restraint)  =   -154158.9218
 ------------------------------------------------------------------------------

 NMR restraints: Bond =    0.000   Angle =     0.000   Torsion =     0.000
===============================================================================

 NSTEP =    35000   TIME(PS) =      70.000  TEMP(K) =   132.10  PRESS =     0.0
 Etot   =   -143991.1956  EKtot   =      9036.0713  EPtot      =   -153027.2668
 BOND   =       313.1072  ANGLE   =       896.9242  DIHED      =       846.3892
 UB     =         0.0000  IMP     =         0.0000  CMAP       =       142.3445
 1-4 NB =       580.6629  1-4 EEL =      5891.5802  VDWAALS    =     23265.1685
 EELEC  =   -185073.6434  EHBOND  =         0.0000  RESTRAINT  =       110.1999
 EAMBER (non-restraint)  =   -153137.4667
 ------------------------------------------------------------------------------

 NMR restraints: Bond =    0.000   Angle =     0.000   Torsion =     0.000
===============================================================================

 NSTEP =    40000   TIME(PS) =      80.000  TEMP(K) =   149.68  PRESS =     0.0
 Etot   =   -141751.4468  EKtot   =     10238.4346  EPtot      =   -151989.8814
 BOND   =       325.2626  ANGLE   =       927.9118  DIHED      =       864.1887
 UB     =         0.0000  IMP     =         0.0000  CMAP       =       141.0094
 1-4 NB =       592.0782  1-4 EEL =      5872.8695  VDWAALS    =     23123.4414
 EELEC  =   -183972.9607  EHBOND  =         0.0000  RESTRAINT  =       136.3177
 EAMBER (non-restraint)  =   -152126.1991
 ------------------------------------------------------------------------------

 NMR restraints: Bond =    0.000   Angle =     0.000   Torsion =     0.000
===============================================================================

 NSTEP =    45000   TIME(PS) =      90.000  TEMP(K) =   167.95  PRESS =     0.0
 Etot   =   -139327.2159  EKtot   =     11488.3428  EPtot      =   -150815.5587
 BOND   =       365.8598  ANGLE   =      1057.6675  DIHED      =       863.1182
 UB     =         0.0000  IMP     =         0.0000  CMAP       =       144.7792
 1-4 NB =       599.8339  1-4 EEL =      5849.8195  VDWAALS    =     22711.3495
 EELEC  =   -182549.2220  EHBOND  =         0.0000  RESTRAINT  =       141.2358
 EAMBER (non-restraint)  =   -150956.7945
 ------------------------------------------------------------------------------

 NMR restraints: Bond =    0.000   Angle =     0.000   Torsion =     0.000
===============================================================================

 NSTEP =    50000   TIME(PS) =     100.000  TEMP(K) =   185.81  PRESS =     0.0
 Etot   =   -136854.4814  EKtot   =     12709.9004  EPtot      =   -149564.3818
 BOND   =       405.8672  ANGLE   =      1093.8044  DIHED      =       899.7687
 UB     =         0.0000  IMP     =         0.0000  CMAP       =       145.6847
 1-4 NB =       594.5325  1-4 EEL =      5858.0957  VDWAALS    =     22257.0692
 EELEC  =   -180973.2254  EHBOND  =         0.0000  RESTRAINT  =       154.0213
 EAMBER (non-restraint)  =   -149718.4031
 ------------------------------------------------------------------------------

 NMR restraints: Bond =    0.000   Angle =     0.000   Torsion =     0.000
===============================================================================

 NSTEP =    55000   TIME(PS) =     110.000  TEMP(K) =   205.48  PRESS =     0.0
 Etot   =   -134398.4007  EKtot   =     14055.3340  EPtot      =   -148453.7347
 BOND   =       396.0480  ANGLE   =      1177.0674  DIHED      =       923.4011
 UB     =         0.0000  IMP     =         0.0000  CMAP       =       138.7519
 1-4 NB =       614.0192  1-4 EEL =      5904.8372  VDWAALS    =     21860.7567
 EELEC  =   -179641.8812  EHBOND  =         0.0000  RESTRAINT  =       173.2649
 EAMBER (non-restraint)  =   -148626.9996
 ------------------------------------------------------------------------------

 NMR restraints: Bond =    0.000   Angle =     0.000   Torsion =     0.000
===============================================================================

 NSTEP =    60000   TIME(PS) =     120.000  TEMP(K) =   225.89  PRESS =     0.0
 Etot   =   -131353.2410  EKtot   =     15451.7617  EPtot      =   -146805.0027
 BOND   =       452.3610  ANGLE   =      1216.8670  DIHED      =       934.1260
 UB     =         0.0000  IMP     =         0.0000  CMAP       =       141.6265
 1-4 NB =       618.9678  1-4 EEL =      5890.8819  VDWAALS    =     21502.0432
 EELEC  =   -177755.0468  EHBOND  =         0.0000  RESTRAINT  =       193.1707
 EAMBER (non-restraint)  =   -146998.1734
 ------------------------------------------------------------------------------

 NMR restraints: Bond =    0.000   Angle =     0.000   Torsion =     0.000
===============================================================================

 NSTEP =    65000   TIME(PS) =     130.000  TEMP(K) =   241.96  PRESS =     0.0
 Etot   =   -128701.7034  EKtot   =     16550.9941  EPtot      =   -145252.6976
 BOND   =       512.5714  ANGLE   =      1314.7985  DIHED      =       920.6160
 UB     =         0.0000  IMP     =         0.0000  CMAP       =       143.2222
 1-4 NB =       613.1384  1-4 EEL =      5907.5907  VDWAALS    =     20874.6441
 EELEC  =   -175760.7217  EHBOND  =         0.0000  RESTRAINT  =       221.4429
 EAMBER (non-restraint)  =   -145474.1405
 ------------------------------------------------------------------------------

 NMR restraints: Bond =    0.000   Angle =     0.000   Torsion =     0.000
===============================================================================

 NSTEP =    70000   TIME(PS) =     140.000  TEMP(K) =   260.35  PRESS =     0.0
 Etot   =   -125006.7317  EKtot   =     17808.4336  EPtot      =   -142815.1653
 BOND   =       527.2615  ANGLE   =      1390.5910  DIHED      =       961.2686
 UB     =         0.0000  IMP     =         0.0000  CMAP       =       150.2131
 1-4 NB =       616.0641  1-4 EEL =      5872.7100  VDWAALS    =     19740.2751
 EELEC  =   -172287.8616  EHBOND  =         0.0000  RESTRAINT  =       214.3129
 EAMBER (non-restraint)  =   -143029.4782
 ------------------------------------------------------------------------------

 NMR restraints: Bond =    0.000   Angle =     0.000   Torsion =     0.000
===============================================================================

 NSTEP =    75000   TIME(PS) =     150.000  TEMP(K) =   279.18  PRESS =     0.0
 Etot   =   -120650.4189  EKtot   =     19096.8320  EPtot      =   -139747.2509
 BOND   =       542.8945  ANGLE   =      1403.2842  DIHED      =       971.4914
 UB     =         0.0000  IMP     =         0.0000  CMAP       =       143.7948
 1-4 NB =       618.6614  1-4 EEL =      5808.9745  VDWAALS    =     17929.1870
 EELEC  =   -167389.9143  EHBOND  =         0.0000  RESTRAINT  =       224.3755
 EAMBER (non-restraint)  =   -139971.6265
 ------------------------------------------------------------------------------

 NMR restraints: Bond =    0.000   Angle =     0.000   Torsion =     0.000
===============================================================================

 NSTEP =    80000   TIME(PS) =     160.000  TEMP(K) =   298.82  PRESS =     0.0
 Etot   =   -116019.1494  EKtot   =     20440.2480  EPtot      =   -136459.3974
 BOND   =       552.3502  ANGLE   =      1502.8729  DIHED      =      1007.3908
 UB     =         0.0000  IMP     =         0.0000  CMAP       =       143.6717
 1-4 NB =       634.3032  1-4 EEL =      5864.5507  VDWAALS    =     16653.4862
 EELEC  =   -163087.5552  EHBOND  =         0.0000  RESTRAINT  =       269.5322
 EAMBER (non-restraint)  =   -136728.9297
 ------------------------------------------------------------------------------

 NMR restraints: Bond =    0.000   Angle =     0.000   Torsion =     0.000
===============================================================================

 NSTEP =    85000   TIME(PS) =     170.000  TEMP(K) =   299.04  PRESS =     0.0
 Etot   =   -114587.6596  EKtot   =     20455.2188  EPtot      =   -135042.8783
 BOND   =       586.7610  ANGLE   =      1473.0925  DIHED      =       986.8386
 UB     =         0.0000  IMP     =         0.0000  CMAP       =       148.3368
 1-4 NB =       623.3919  1-4 EEL =      5867.2613  VDWAALS    =     16205.8049
 EELEC  =   -161168.4301  EHBOND  =         0.0000  RESTRAINT  =       234.0648
 EAMBER (non-restraint)  =   -135276.9432
 ------------------------------------------------------------------------------

 NMR restraints: Bond =    0.000   Angle =     0.000   Torsion =     0.000
===============================================================================

 NSTEP =    90000   TIME(PS) =     180.000  TEMP(K) =   300.13  PRESS =     0.0
 Etot   =   -114799.4005  EKtot   =     20529.6484  EPtot      =   -135329.0489
 BOND   =       548.0877  ANGLE   =      1440.9823  DIHED      =       998.4366
 UB     =         0.0000  IMP     =         0.0000  CMAP       =       143.8319
 1-4 NB =       628.1972  1-4 EEL =      5866.2725  VDWAALS    =     16097.0835
 EELEC  =   -161278.1657  EHBOND  =         0.0000  RESTRAINT  =       226.2251
 EAMBER (non-restraint)  =   -135555.2740
 ------------------------------------------------------------------------------

 NMR restraints: Bond =    0.000   Angle =     0.000   Torsion =     0.000
===============================================================================

 NSTEP =    95000   TIME(PS) =     190.000  TEMP(K) =   298.67  PRESS =     0.0
 Etot   =   -114853.6504  EKtot   =     20429.7363  EPtot      =   -135283.3867
 BOND   =       587.2628  ANGLE   =      1511.6843  DIHED      =      1000.3196
 UB     =         0.0000  IMP     =         0.0000  CMAP       =       152.2779
 1-4 NB =       626.1316  1-4 EEL =      5866.0847  VDWAALS    =     16017.9125
 EELEC  =   -161292.8430  EHBOND  =         0.0000  RESTRAINT  =       247.7829
 EAMBER (non-restraint)  =   -135531.1696
 ------------------------------------------------------------------------------

 NMR restraints: Bond =    0.000   Angle =     0.000   Torsion =     0.000
===============================================================================

 NSTEP =   100000   TIME(PS) =     200.000  TEMP(K) =   301.77  PRESS =     0.0
 Etot   =   -114387.8212  EKtot   =     20641.7363  EPtot      =   -135029.5576
 BOND   =       566.8197  ANGLE   =      1506.8893  DIHED      =       985.8374
 UB     =         0.0000  IMP     =         0.0000  CMAP       =       144.4199
 1-4 NB =       638.7642  1-4 EEL =      5836.5353  VDWAALS    =     15955.1915
 EELEC  =   -160919.6980  EHBOND  =         0.0000  RESTRAINT  =       255.6832
 EAMBER (non-restraint)  =   -135285.2407
 ------------------------------------------------------------------------------

 NMR restraints: Bond =    0.000   Angle =     0.000   Torsion =     0.000
===============================================================================

      A V E R A G E S   O V E R      20 S T E P S


 NSTEP =   100000   TIME(PS) =     200.000  TEMP(K) =   186.79  PRESS =     0.0
 Etot   =   -134408.2653  EKtot   =     12776.8038  EPtot      =   -147185.0691
 BOND   =       397.6024  ANGLE   =      1093.2758  DIHED      =       898.3792
 UB     =         0.0000  IMP     =         0.0000  CMAP       =       143.1104
 1-4 NB =       599.6277  1-4 EEL =      5873.1914  VDWAALS    =     20909.3619
 EELEC  =   -177259.5968  EHBOND  =         0.0000  RESTRAINT  =       159.9788
 EAMBER (non-restraint)  =   -147345.0480
 ------------------------------------------------------------------------------

 NMR restraints: Bond =    0.000   Angle =     0.000   Torsion =     0.000
===============================================================================

      R M S  F L U C T U A T I O N S


 NSTEP =   100000   TIME(PS) =     200.000  TEMP(K) =    95.58  PRESS =     0.0
 Etot   =     14688.8949  EKtot   =      6537.8193  EPtot      =      8264.4725
 BOND   =       148.0449  ANGLE   =       340.6506  DIHED      =        79.0769
 UB     =         0.0000  IMP     =         0.0000  CMAP       =         3.7190
 1-4 NB =        26.3166  1-4 EEL =        23.9800  VDWAALS    =      3136.3053
 EELEC  =     10752.4363  EHBOND  =         0.0000  RESTRAINT  =        74.4617
 EAMBER (non-restraint)  =      8190.0108
 ------------------------------------------------------------------------------


 NMR restraints on final step:

--------------------------------------------------------------------------------
   5.  TIMINGS
--------------------------------------------------------------------------------

|  NonSetup CPU Time in Major Routines:
|
|     Routine           Sec        %
|     ------------------------------
|     Nonbond           7.53   19.59
|     Bond              0.00    0.00
|     Angle             0.00    0.00
|     Dihedral          0.00    0.00
|     Shake             0.49    1.28
|     RunMD            30.18   78.47
|     Other             0.26    0.66
|     ------------------------------
|     Total            38.46

|  PME Nonbond Pairlist CPU Time:
|
|     Routine              Sec        %
|     ---------------------------------
|     Set Up Cit           0.00    0.00
|     Build List           0.00    0.00
|     ---------------------------------
|     Total                0.00    0.00

|  PME Direct Force CPU Time:
|
|     Routine              Sec        %
|     ---------------------------------
|     NonBonded Calc       0.00    0.00
|     Exclude Masked       0.00    0.00
|     Other                0.17    0.43
|     ---------------------------------
|     Total                0.17    0.43

|  PME Reciprocal Force CPU Time:
|
|     Routine              Sec        %
|     ---------------------------------
|     1D bspline           0.00    0.00
|     Grid Charges         0.00    0.00
|     Scalar Sum           0.00    0.00
|     Gradient Sum         0.00    0.00
|     FFT                  0.00    0.00
|     ---------------------------------
|     Total                0.00    0.00

|  Final Performance Info:
|     -----------------------------------------------------
|     Average timings for last  100000 steps:
|     Elapsed(s) =      38.59 Per Step(ms) =       0.39
|         ns/day =     447.82   seconds/ns =     192.93
|
|     Average timings for all steps:
|     Elapsed(s) =      38.59 Per Step(ms) =       0.39
|         ns/day =     447.82   seconds/ns =     192.93
|     -----------------------------------------------------

|  Setup CPU time:            0.55 seconds
|  NonSetup CPU time:        38.46 seconds
|  Total CPU time:           39.01 seconds     0.01 hours

|  Setup wall time:           0    seconds
|  NonSetup wall time:       39    seconds
|  Total wall time:          39    seconds     0.01 hours
