
          -------------------------------------------------------
          Amber 22 PMEMD                              2022
          -------------------------------------------------------

| PMEMD implementation of SANDER, Release 22

|  Compiled date/time: Thu Apr 14 11:06:37 2022
| Run on 09/01/2026 at 13:58:47

|   Executable path: pmemd.cuda
| Working directory: /bigdata/cutlerlab/jjaco081/PYR1_pocket_expansion/data/posecheck/mandi_predicted/rep2
|          Hostname: gpu10

  [-O]verwriting output

File Assignments:
|   MDIN: eq2.in                                                                
|  MDOUT: eq2.out                                                               
| INPCRD: eq1.rst7                                                              
|   PARM: /bigdata/cutlerlab/jjaco081/PYR1_pocket_expansion/data/posecheck/mandi
| RESTRT: eq2.rst7                                                              
|   REFC: refc                                                                  
|  MDVEL: mdvel                                                                 
|   MDEN: mden                                                                  
|  MDCRD: eq2.nc                                                                
| MDINFO: eq2.info                                                              
|  MDFRC: mdfrc                                                                 


 Here is the input file:

NPT equilibration 2, 1 ns, unrestrained                                        
 &cntrl                                                                        
  imin=0, irest=1, ntx=5,                                                      
  nstlim=500000, dt=0.002,                                                     
  ntc=2, ntf=2, cut=10.0,                                                      
  ntb=2, ntp=1, barostat=2, pres0=1.0, taup=2.0,                               
  ntt=3, gamma_ln=2.0, ig=-1, temp0=300.0,                                     
  ntr=0,                                                                       
  ntpr=5000, ntwx=5000, ntwr=50000,                                            
 /                                                                             


Note: ig = -1. Setting random seed to   497512 based on wallclock time in 
      microseconds.
| irandom = 1, using AMBER's internal random number generator (default).
 
|--------------------- INFORMATION ----------------------
| GPU (CUDA) Version of PMEMD in use: NVIDIA GPU IN USE.
|                    Version 18.0.0
| 
|                      03/25/2018
| 
| Implementation by:
|                    Ross C. Walker     (SDSC)
|                    Scott Le Grand     (nVIDIA)
| 
| Version 18 performance extensions by:
|                    David Cerutti     (Rutgers)
| 
| Precision model in use:
|      [SPFP] - Single Precision Forces, 64-bit Fixed Point
|               Accumulation. (Default)
| 
|--------------------------------------------------------
 
|----------------- CITATION INFORMATION -----------------
|
|    When publishing work that utilized the CUDA version
|    of AMBER, please cite the following in addition to
|    the regular AMBER citations:
|
|  - Romelia Salomon-Ferrer; Andreas W. Goetz; Duncan
|    Poole; Scott Le Grand; Ross C. Walker "Routine
|    microsecond molecular dynamics simulations with
|    AMBER - Part II: Particle Mesh Ewald", J. Chem.
|    Theory Comput., 2013, 9 (9), pp3878-3888,
|    DOI: 10.1021/ct400314y.
|
|  - Andreas W. Goetz; Mark J. Williamson; Dong Xu;
|    Duncan Poole; Scott Le Grand; Ross C. Walker
|    "Routine microsecond molecular dynamics simulations
|    with AMBER - Part I: Generalized Born", J. Chem.
|    Theory Comput., 2012, 8 (5), pp1542-1555.
|
|  - Scott Le Grand; Andreas W. Goetz; Ross C. Walker
|    "SPFP: Speed without compromise - a mixed precision
|    model for GPU accelerated molecular dynamics
|    simulations.", Comp. Phys. Comm., 2013, 184
|    pp374-380, DOI: 10.1016/j.cpc.2012.09.022
|
|--------------------------------------------------------
 
|------------------- GPU DEVICE INFO --------------------
|
|            CUDA_VISIBLE_DEVICES: 0
|   CUDA Capable Devices Detected:      1
|           CUDA Device ID in use:      0
|                CUDA Device Name: NVIDIA RTX 6000 Ada Generation
|     CUDA Device Global Mem Size:  48510 MB
| CUDA Device Num Multiprocessors:    142
|           CUDA Device Core Freq:   2.50 GHz
|
|--------------------------------------------------------
 
 
| Conditional Compilation Defines Used:
| PUBFFT
| BINTRAJ
| CUDA
| EMIL

| Largest sphere to fit in unit cell has radius =    30.937

| New format PARM file being parsed.
| Version =    1.000 Date = 09/01/26 Time = 11:34:09

| Note: 1-4 EEL scale factors are being read from the topology file.

| Note: 1-4 VDW scale factors are being read from the topology file.
| INFO:    Virtual site frames will be inferred from bonding patterns.
| Duplicated    0 dihedrals

| Duplicated    0 dihedrals

--------------------------------------------------------------------------------
   1.  RESOURCE   USE: 
--------------------------------------------------------------------------------

 getting box info from netcdf restart file
 NATOM  =   43858 NTYPES =      30 NBONH =   32110 MBONA  =   11715
 NTHETH =    3266 MTHETA =    2018 NPHIH =    6640 MPHIA  =    6378
 NHPARM =       0 NPARM  =       0 NNB   =   87608 NRES   =   10464
 NBONA  =   11715 NTHETA =    2018 NPHIA =    6378 NUMBND =      96
 NUMANG =     212 NPTRA  =     219 NATYP =      53 NPHB   =       0
 IFBOX  =       2 NMXRS  =      56 IFCAP =       0 NEXTRA =   10223
 NCOPY  =       0


| Coordinate Index Table dimensions:    12   12   12
| Direct force subcell size =     6.3149    6.3149    6.3149

     BOX TYPE: TRUNCATED OCTAHEDRON

--------------------------------------------------------------------------------
   2.  CONTROL  DATA  FOR  THE  RUN
--------------------------------------------------------------------------------

default_name                                                                    

General flags:
     imin    =       0, nmropt  =       0

Nature and format of input:
     ntx     =       5, irest   =       1, ntrx    =       1

Nature and format of output:
     ntxo    =       2, ntpr    =    5000, ntrx    =       1, ntwr    =   50000
     iwrap   =       0, ntwx    =    5000, ntwv    =       0, ntwe    =       0
     ioutfm  =       1, ntwprt  =       0, idecomp =       0, rbornstat=      0

Potential function:
     ntf     =       2, ntb     =       2, igb     =       0, nsnb    =      25
     ipol    =       0, gbsa    =       0, iesp    =       0
     dielc   =   1.00000, cut     =  10.00000, intdiel =   1.00000

Frozen or restrained atoms:
     ibelly  =       0, ntr     =       0

Molecular dynamics:
     nstlim  =    500000, nscm    =      1000, nrespa  =         1
     t       =   0.00000, dt      =   0.00200, vlimit  =  -1.00000

Langevin dynamics temperature regulation:
     ig      =  497512
     temp0   = 300.00000, tempi   =   0.00000, gamma_ln=   2.00000

Pressure regulation:
     ntp     =       1
     pres0   =   1.00000, comp    =  44.60000, taup    =   2.00000
     Monte-Carlo Barostat:
     mcbarint  =     100

SHAKE:
     ntc     =       2, jfastw  =       0
     tol     =   0.00001

| Intermolecular bonds treatment:
|     no_intermolecular_bonds =       1

| Energy averages sample interval:
|     ene_avg_sampling =    5000

Extra-points options:
     frameon =       1, chngmask=       1

Ewald parameters:
     verbose =       0, ew_type =       0, nbflag  =       1, use_pme =       1
     vdwmeth =       1, eedmeth =       1, netfrc  =       1
     Box X =   75.779   Box Y =   75.779   Box Z =   75.779
     Alpha =  109.471   Beta  =  109.471   Gamma =  109.471
     NFFT1 =   80       NFFT2 =   80       NFFT3 =   80
     Cutoff=   10.000   Tol   =0.100E-04
     Ewald Coefficient =  0.27511
     Interpolation order =    4
|      EXTRA_PTS, trim_bonds: num bonds BEFORE trim = 32110     0
|      EXTRA_PTS, trim_bonds: num bonds AFTER  trim = 32110     0
|      EXTRA_PTS, trim_bonds: num bonds BEFORE trim = 11715     0
|      EXTRA_PTS, trim_bonds: num bonds AFTER  trim =  1492     0
|      EXTRA_PTS, trim_theta: num angle BEFORE trim =  3266     0
|      EXTRA_PTS, trim_theta: num angle AFTER  trim =  3266     0
|      EXTRA_PTS, trim_theta: num angle BEFORE trim =  2018     0
|      EXTRA_PTS, trim_theta: num angle AFTER  trim =  2018     0
|      EXTRA_PTS, trim_phi:  num diheds BEFORE trim =  6640     0
|      EXTRA_PTS, trim_phi:  num diheds AFTER  trim =  6640     0
|      EXTRA_PTS, trim_phi:  num diheds BEFORE trim =  6378     0
|      EXTRA_PTS, trim_phi:  num diheds AFTER  trim =  6378     0
| MONTE CARLO BAROSTAT IMPORTANT NOTE:
|   The Monte-Carlo barostat does not require the virial to adjust the system volume.
|   Since it is an expensive calculation, it is skipped for efficiency. A side-effect
|   is that the reported pressure is always 0 because it is not calculated.

--------------------------------------------------------------------------------
   3.  ATOMIC COORDINATES AND VELOCITIES
--------------------------------------------------------------------------------

default_name                                                                    
 begin time read from input coords =   700.000 ps

 
 Number of triangulated 3-point waters found:    10223

     Sum of charges from parm topology file =   0.00205605
     Forcing neutrality...

| Dynamic Memory, Types Used:
| Reals             1888120
| Integers          4333342

| Nonbonded Pairs Initial Allocation:    13265948

| GPU memory information (estimate):
| KB of GPU memory in use:    388403
| KB of CPU memory in use:     97975

--------------------------------------------------------------------------------
   4.  RESULTS
--------------------------------------------------------------------------------

| MC Barostat: Decreasing size of volume moves
| MC Barostat: Decreasing size of volume moves
| MC Barostat: Decreasing size of volume moves
| MC Barostat: Decreasing size of volume moves
| MC Barostat: Decreasing size of volume moves

 NSTEP =     5000   TIME(PS) =     710.000  TEMP(K) =   297.46  PRESS =     0.0
 Etot   =   -117477.7533  EKtot   =     20332.9141  EPtot      =   -137810.6673
 BOND   =       556.7626  ANGLE   =      1507.4666  DIHED      =      1016.8376
 UB     =         0.0000  IMP     =         0.0000  CMAP       =       136.7794
 1-4 NB =       639.1351  1-4 EEL =      5846.5403  VDWAALS    =     16238.2950
 EELEC  =   -163752.4841  EHBOND  =         0.0000  RESTRAINT  =         0.0000
 EKCMT  =         0.0000  VIRIAL  =         0.0000  VOLUME     =    334882.3992
                                                    Density    =         1.0280
 ------------------------------------------------------------------------------

| MC Barostat: Decreasing size of volume moves
| MC Barostat: Decreasing size of volume moves

 NSTEP =    10000   TIME(PS) =     720.000  TEMP(K) =   302.07  PRESS =     0.0
 Etot   =   -116788.2076  EKtot   =     20647.6289  EPtot      =   -137435.8365
 BOND   =       548.3825  ANGLE   =      1511.1514  DIHED      =      1026.2468
 UB     =         0.0000  IMP     =         0.0000  CMAP       =       149.7653
 1-4 NB =       650.1503  1-4 EEL =      5889.1094  VDWAALS    =     16246.0848
 EELEC  =   -163456.7270  EHBOND  =         0.0000  RESTRAINT  =         0.0000
 EKCMT  =         0.0000  VIRIAL  =         0.0000  VOLUME     =    333107.1452
                                                    Density    =         1.0335
 ------------------------------------------------------------------------------


 NSTEP =    15000   TIME(PS) =     730.000  TEMP(K) =   298.64  PRESS =     0.0
 Etot   =   -116847.8401  EKtot   =     20413.3828  EPtot      =   -137261.2229
 BOND   =       589.8061  ANGLE   =      1551.3063  DIHED      =      1020.7621
 UB     =         0.0000  IMP     =         0.0000  CMAP       =       148.7931
 1-4 NB =       619.2262  1-4 EEL =      5836.7877  VDWAALS    =     16350.5672
 EELEC  =   -163378.4715  EHBOND  =         0.0000  RESTRAINT  =         0.0000
 EKCMT  =         0.0000  VIRIAL  =         0.0000  VOLUME     =    332871.5887
                                                    Density    =         1.0342
 ------------------------------------------------------------------------------


 NSTEP =    20000   TIME(PS) =     740.000  TEMP(K) =   299.95  PRESS =     0.0
 Etot   =   -116871.7325  EKtot   =     20502.5879  EPtot      =   -137374.3203
 BOND   =       579.6303  ANGLE   =      1519.5882  DIHED      =      1014.3788
 UB     =         0.0000  IMP     =         0.0000  CMAP       =       138.6883
 1-4 NB =       648.2914  1-4 EEL =      5859.8185  VDWAALS    =     16179.6967
 EELEC  =   -163314.4125  EHBOND  =         0.0000  RESTRAINT  =         0.0000
 EKCMT  =         0.0000  VIRIAL  =         0.0000  VOLUME     =    333709.2565
                                                    Density    =         1.0316
 ------------------------------------------------------------------------------


 NSTEP =    25000   TIME(PS) =     750.000  TEMP(K) =   302.17  PRESS =     0.0
 Etot   =   -116941.0658  EKtot   =     20654.6348  EPtot      =   -137595.7005
 BOND   =       540.1118  ANGLE   =      1499.3836  DIHED      =       981.1330
 UB     =         0.0000  IMP     =         0.0000  CMAP       =       140.6886
 1-4 NB =       639.6209  1-4 EEL =      5840.2224  VDWAALS    =     16304.0620
 EELEC  =   -163540.9227  EHBOND  =         0.0000  RESTRAINT  =         0.0000
 EKCMT  =         0.0000  VIRIAL  =         0.0000  VOLUME     =    335310.3348
                                                    Density    =         1.0267
 ------------------------------------------------------------------------------


 NSTEP =    30000   TIME(PS) =     760.000  TEMP(K) =   301.56  PRESS =     0.0
 Etot   =   -116830.8498  EKtot   =     20612.9434  EPtot      =   -137443.7932
 BOND   =       559.0048  ANGLE   =      1492.0791  DIHED      =      1024.3991
 UB     =         0.0000  IMP     =         0.0000  CMAP       =       147.2961
 1-4 NB =       653.6384  1-4 EEL =      5843.8497  VDWAALS    =     16398.1558
 EELEC  =   -163562.2161  EHBOND  =         0.0000  RESTRAINT  =         0.0000
 EKCMT  =         0.0000  VIRIAL  =         0.0000  VOLUME     =    333693.0204
                                                    Density    =         1.0317
 ------------------------------------------------------------------------------

| MC Barostat: Decreasing size of volume moves

 NSTEP =    35000   TIME(PS) =     770.000  TEMP(K) =   299.39  PRESS =     0.0
 Etot   =   -117005.1943  EKtot   =     20464.5703  EPtot      =   -137469.7646
 BOND   =       568.4503  ANGLE   =      1529.7471  DIHED      =      1017.4588
 UB     =         0.0000  IMP     =         0.0000  CMAP       =       149.0342
 1-4 NB =       631.4632  1-4 EEL =      5828.5731  VDWAALS    =     16408.8255
 EELEC  =   -163603.3168  EHBOND  =         0.0000  RESTRAINT  =         0.0000
 EKCMT  =         0.0000  VIRIAL  =         0.0000  VOLUME     =    332679.7421
                                                    Density    =         1.0348
 ------------------------------------------------------------------------------


 NSTEP =    40000   TIME(PS) =     780.000  TEMP(K) =   301.73  PRESS =     0.0
 Etot   =   -116842.3443  EKtot   =     20624.4199  EPtot      =   -137466.7642
 BOND   =       583.0229  ANGLE   =      1508.8329  DIHED      =       999.1974
 UB     =         0.0000  IMP     =         0.0000  CMAP       =       147.1294
 1-4 NB =       629.4015  1-4 EEL =      5804.2973  VDWAALS    =     16334.7832
 EELEC  =   -163473.4287  EHBOND  =         0.0000  RESTRAINT  =         0.0000
 EKCMT  =         0.0000  VIRIAL  =         0.0000  VOLUME     =    334158.8854
                                                    Density    =         1.0302
 ------------------------------------------------------------------------------

| MC Barostat: Decreasing size of volume moves

 NSTEP =    45000   TIME(PS) =     790.000  TEMP(K) =   299.61  PRESS =     0.0
 Etot   =   -116811.1713  EKtot   =     20479.5352  EPtot      =   -137290.7064
 BOND   =       592.3264  ANGLE   =      1498.8350  DIHED      =      1005.9089
 UB     =         0.0000  IMP     =         0.0000  CMAP       =       148.8495
 1-4 NB =       639.3510  1-4 EEL =      5820.3197  VDWAALS    =     16476.2997
 EELEC  =   -163472.5966  EHBOND  =         0.0000  RESTRAINT  =         0.0000
 EKCMT  =         0.0000  VIRIAL  =         0.0000  VOLUME     =    333327.2246
                                                    Density    =         1.0328
 ------------------------------------------------------------------------------


 NSTEP =    50000   TIME(PS) =     800.000  TEMP(K) =   296.44  PRESS =     0.0
 Etot   =   -117316.3092  EKtot   =     20263.2871  EPtot      =   -137579.5964
 BOND   =       566.6627  ANGLE   =      1551.2218  DIHED      =      1013.9725
 UB     =         0.0000  IMP     =         0.0000  CMAP       =       148.3616
 1-4 NB =       639.6462  1-4 EEL =      5875.7770  VDWAALS    =     16486.7306
 EELEC  =   -163861.9688  EHBOND  =         0.0000  RESTRAINT  =         0.0000
 EKCMT  =         0.0000  VIRIAL  =         0.0000  VOLUME     =    334320.3728
                                                    Density    =         1.0297
 ------------------------------------------------------------------------------


 NSTEP =    55000   TIME(PS) =     810.000  TEMP(K) =   300.24  PRESS =     0.0
 Etot   =   -116979.9161  EKtot   =     20522.8809  EPtot      =   -137502.7969
 BOND   =       558.3866  ANGLE   =      1505.8179  DIHED      =      1011.7093
 UB     =         0.0000  IMP     =         0.0000  CMAP       =       147.3477
 1-4 NB =       653.8704  1-4 EEL =      5893.7712  VDWAALS    =     16453.2170
 EELEC  =   -163726.9171  EHBOND  =         0.0000  RESTRAINT  =         0.0000
 EKCMT  =         0.0000  VIRIAL  =         0.0000  VOLUME     =    334630.1185
                                                    Density    =         1.0288
 ------------------------------------------------------------------------------


 NSTEP =    60000   TIME(PS) =     820.000  TEMP(K) =   300.77  PRESS =     0.0
 Etot   =   -116772.5248  EKtot   =     20558.8281  EPtot      =   -137331.3529
 BOND   =       562.5553  ANGLE   =      1500.0564  DIHED      =      1009.9086
 UB     =         0.0000  IMP     =         0.0000  CMAP       =       144.9839
 1-4 NB =       632.6957  1-4 EEL =      5912.6496  VDWAALS    =     16255.3781
 EELEC  =   -163349.5806  EHBOND  =         0.0000  RESTRAINT  =         0.0000
 EKCMT  =         0.0000  VIRIAL  =         0.0000  VOLUME     =    335084.3490
                                                    Density    =         1.0274
 ------------------------------------------------------------------------------


 NSTEP =    65000   TIME(PS) =     830.000  TEMP(K) =   299.55  PRESS =     0.0
 Etot   =   -116979.3495  EKtot   =     20475.6562  EPtot      =   -137455.0057
 BOND   =       588.0244  ANGLE   =      1519.9290  DIHED      =      1005.3129
 UB     =         0.0000  IMP     =         0.0000  CMAP       =       145.5804
 1-4 NB =       641.8372  1-4 EEL =      5856.4026  VDWAALS    =     16253.4268
 EELEC  =   -163465.5191  EHBOND  =         0.0000  RESTRAINT  =         0.0000
 EKCMT  =         0.0000  VIRIAL  =         0.0000  VOLUME     =    333891.1860
                                                    Density    =         1.0311
 ------------------------------------------------------------------------------


 NSTEP =    70000   TIME(PS) =     840.000  TEMP(K) =   299.95  PRESS =     0.0
 Etot   =   -116829.6611  EKtot   =     20502.8125  EPtot      =   -137332.4736
 BOND   =       555.2335  ANGLE   =      1497.5272  DIHED      =      1038.5906
 UB     =         0.0000  IMP     =         0.0000  CMAP       =       142.5098
 1-4 NB =       655.6621  1-4 EEL =      5897.2138  VDWAALS    =     16238.7150
 EELEC  =   -163357.9256  EHBOND  =         0.0000  RESTRAINT  =         0.0000
 EKCMT  =         0.0000  VIRIAL  =         0.0000  VOLUME     =    332899.8633
                                                    Density    =         1.0341
 ------------------------------------------------------------------------------


 NSTEP =    75000   TIME(PS) =     850.000  TEMP(K) =   300.80  PRESS =     0.0
 Etot   =   -116827.5085  EKtot   =     20560.9766  EPtot      =   -137388.4850
 BOND   =       569.8673  ANGLE   =      1495.8218  DIHED      =      1036.1477
 UB     =         0.0000  IMP     =         0.0000  CMAP       =       139.2696
 1-4 NB =       656.6340  1-4 EEL =      5870.1726  VDWAALS    =     16257.6300
 EELEC  =   -163414.0281  EHBOND  =         0.0000  RESTRAINT  =         0.0000
 EKCMT  =         0.0000  VIRIAL  =         0.0000  VOLUME     =    333694.4921
                                                    Density    =         1.0317
 ------------------------------------------------------------------------------


 NSTEP =    80000   TIME(PS) =     860.000  TEMP(K) =   300.03  PRESS =     0.0
 Etot   =   -116931.7956  EKtot   =     20508.6738  EPtot      =   -137440.4694
 BOND   =       574.9948  ANGLE   =      1467.9597  DIHED      =      1047.2458
 UB     =         0.0000  IMP     =         0.0000  CMAP       =       153.2618
 1-4 NB =       649.7564  1-4 EEL =      5870.0320  VDWAALS    =     16413.4110
 EELEC  =   -163617.1311  EHBOND  =         0.0000  RESTRAINT  =         0.0000
 EKCMT  =         0.0000  VIRIAL  =         0.0000  VOLUME     =    334299.1396
                                                    Density    =         1.0298
 ------------------------------------------------------------------------------


 NSTEP =    85000   TIME(PS) =     870.000  TEMP(K) =   301.39  PRESS =     0.0
 Etot   =   -116798.6307  EKtot   =     20601.6035  EPtot      =   -137400.2342
 BOND   =       533.4769  ANGLE   =      1535.5549  DIHED      =       999.8293
 UB     =         0.0000  IMP     =         0.0000  CMAP       =       140.8888
 1-4 NB =       654.7074  1-4 EEL =      5882.0328  VDWAALS    =     16671.2577
 EELEC  =   -163817.9820  EHBOND  =         0.0000  RESTRAINT  =         0.0000
 EKCMT  =         0.0000  VIRIAL  =         0.0000  VOLUME     =    334616.8934
                                                    Density    =         1.0288
 ------------------------------------------------------------------------------


 NSTEP =    90000   TIME(PS) =     880.000  TEMP(K) =   300.32  PRESS =     0.0
 Etot   =   -116381.3728  EKtot   =     20528.4082  EPtot      =   -136909.7810
 BOND   =       549.4482  ANGLE   =      1526.7238  DIHED      =      1013.3284
 UB     =         0.0000  IMP     =         0.0000  CMAP       =       142.9949
 1-4 NB =       642.8308  1-4 EEL =      5889.1139  VDWAALS    =     16266.8802
 EELEC  =   -162941.1013  EHBOND  =         0.0000  RESTRAINT  =         0.0000
 EKCMT  =         0.0000  VIRIAL  =         0.0000  VOLUME     =    333600.5999
                                                    Density    =         1.0320
 ------------------------------------------------------------------------------


 NSTEP =    95000   TIME(PS) =     890.000  TEMP(K) =   297.98  PRESS =     0.0
 Etot   =   -116994.8527  EKtot   =     20367.9609  EPtot      =   -137362.8136
 BOND   =       547.6204  ANGLE   =      1508.4545  DIHED      =      1007.3961
 UB     =         0.0000  IMP     =         0.0000  CMAP       =       149.3507
 1-4 NB =       655.1301  1-4 EEL =      5886.1305  VDWAALS    =     16261.8469
 EELEC  =   -163378.7428  EHBOND  =         0.0000  RESTRAINT  =         0.0000
 EKCMT  =         0.0000  VIRIAL  =         0.0000  VOLUME     =    333591.8593
                                                    Density    =         1.0320
 ------------------------------------------------------------------------------


 NSTEP =   100000   TIME(PS) =     900.000  TEMP(K) =   300.24  PRESS =     0.0
 Etot   =   -116744.2217  EKtot   =     20522.6523  EPtot      =   -137266.8740
 BOND   =       580.1556  ANGLE   =      1538.7800  DIHED      =      1012.6431
 UB     =         0.0000  IMP     =         0.0000  CMAP       =       147.3467
 1-4 NB =       645.5837  1-4 EEL =      5926.8187  VDWAALS    =     16580.7708
 EELEC  =   -163698.9727  EHBOND  =         0.0000  RESTRAINT  =         0.0000
 EKCMT  =         0.0000  VIRIAL  =         0.0000  VOLUME     =    333801.2829
                                                    Density    =         1.0313
 ------------------------------------------------------------------------------


 NSTEP =   105000   TIME(PS) =     910.000  TEMP(K) =   299.13  PRESS =     0.0
 Etot   =   -117028.1717  EKtot   =     20446.6172  EPtot      =   -137474.7889
 BOND   =       540.4013  ANGLE   =      1499.2316  DIHED      =      1011.5011
 UB     =         0.0000  IMP     =         0.0000  CMAP       =       139.0365
 1-4 NB =       635.9571  1-4 EEL =      5885.0646  VDWAALS    =     16169.7446
 EELEC  =   -163355.7256  EHBOND  =         0.0000  RESTRAINT  =         0.0000
 EKCMT  =         0.0000  VIRIAL  =         0.0000  VOLUME     =    332758.8879
                                                    Density    =         1.0346
 ------------------------------------------------------------------------------


 NSTEP =   110000   TIME(PS) =     920.000  TEMP(K) =   298.13  PRESS =     0.0
 Etot   =   -117095.7976  EKtot   =     20378.3086  EPtot      =   -137474.1062
 BOND   =       565.0739  ANGLE   =      1563.5775  DIHED      =      1002.1705
 UB     =         0.0000  IMP     =         0.0000  CMAP       =       139.9948
 1-4 NB =       653.9146  1-4 EEL =      5913.4786  VDWAALS    =     16435.6555
 EELEC  =   -163747.9717  EHBOND  =         0.0000  RESTRAINT  =         0.0000
 EKCMT  =         0.0000  VIRIAL  =         0.0000  VOLUME     =    332832.1367
                                                    Density    =         1.0343
 ------------------------------------------------------------------------------


 NSTEP =   115000   TIME(PS) =     930.000  TEMP(K) =   298.89  PRESS =     0.0
 Etot   =   -117284.9147  EKtot   =     20430.1777  EPtot      =   -137715.0925
 BOND   =       510.7308  ANGLE   =      1491.7689  DIHED      =      1022.5106
 UB     =         0.0000  IMP     =         0.0000  CMAP       =       147.1239
 1-4 NB =       659.1150  1-4 EEL =      5911.9762  VDWAALS    =     16582.5535
 EELEC  =   -164040.8716  EHBOND  =         0.0000  RESTRAINT  =         0.0000
 EKCMT  =         0.0000  VIRIAL  =         0.0000  VOLUME     =    333606.4945
                                                    Density    =         1.0319
 ------------------------------------------------------------------------------


 NSTEP =   120000   TIME(PS) =     940.000  TEMP(K) =   298.75  PRESS =     0.0
 Etot   =   -116927.6463  EKtot   =     20420.8516  EPtot      =   -137348.4979
 BOND   =       576.5989  ANGLE   =      1510.8047  DIHED      =      1019.8581
 UB     =         0.0000  IMP     =         0.0000  CMAP       =       143.3142
 1-4 NB =       672.1652  1-4 EEL =      5933.3462  VDWAALS    =     16461.4475
 EELEC  =   -163666.0326  EHBOND  =         0.0000  RESTRAINT  =         0.0000
 EKCMT  =         0.0000  VIRIAL  =         0.0000  VOLUME     =    332122.7687
                                                    Density    =         1.0365
 ------------------------------------------------------------------------------


 NSTEP =   125000   TIME(PS) =     950.000  TEMP(K) =   300.85  PRESS =     0.0
 Etot   =   -116891.7164  EKtot   =     20564.2383  EPtot      =   -137455.9547
 BOND   =       555.4579  ANGLE   =      1490.4802  DIHED      =       994.5474
 UB     =         0.0000  IMP     =         0.0000  CMAP       =       141.2692
 1-4 NB =       653.2906  1-4 EEL =      5896.9752  VDWAALS    =     16860.4754
 EELEC  =   -164048.4505  EHBOND  =         0.0000  RESTRAINT  =         0.0000
 EKCMT  =         0.0000  VIRIAL  =         0.0000  VOLUME     =    332767.8739
                                                    Density    =         1.0345
 ------------------------------------------------------------------------------


 NSTEP =   130000   TIME(PS) =     960.000  TEMP(K) =   301.92  PRESS =     0.0
 Etot   =   -116848.7847  EKtot   =     20637.6602  EPtot      =   -137486.4449
 BOND   =       566.9439  ANGLE   =      1485.5214  DIHED      =       997.0578
 UB     =         0.0000  IMP     =         0.0000  CMAP       =       153.9709
 1-4 NB =       650.1058  1-4 EEL =      5904.8288  VDWAALS    =     16255.8228
 EELEC  =   -163500.6963  EHBOND  =         0.0000  RESTRAINT  =         0.0000
 EKCMT  =         0.0000  VIRIAL  =         0.0000  VOLUME     =    333990.3366
                                                    Density    =         1.0307
 ------------------------------------------------------------------------------


 NSTEP =   135000   TIME(PS) =     970.000  TEMP(K) =   300.06  PRESS =     0.0
 Etot   =   -116892.8383  EKtot   =     20510.0879  EPtot      =   -137402.9262
 BOND   =       573.3355  ANGLE   =      1514.2069  DIHED      =      1014.5852
 UB     =         0.0000  IMP     =         0.0000  CMAP       =       149.7797
 1-4 NB =       660.6305  1-4 EEL =      5887.5929  VDWAALS    =     15890.7818
 EELEC  =   -163093.8386  EHBOND  =         0.0000  RESTRAINT  =         0.0000
 EKCMT  =         0.0000  VIRIAL  =         0.0000  VOLUME     =    333232.9261
                                                    Density    =         1.0331
 ------------------------------------------------------------------------------


 NSTEP =   140000   TIME(PS) =     980.000  TEMP(K) =   301.96  PRESS =     0.0
 Etot   =   -117241.9756  EKtot   =     20640.1504  EPtot      =   -137882.1260
 BOND   =       577.2479  ANGLE   =      1513.5665  DIHED      =       975.7390
 UB     =         0.0000  IMP     =         0.0000  CMAP       =       139.5534
 1-4 NB =       641.2090  1-4 EEL =      5860.4288  VDWAALS    =     16461.0015
 EELEC  =   -164050.8722  EHBOND  =         0.0000  RESTRAINT  =         0.0000
 EKCMT  =         0.0000  VIRIAL  =         0.0000  VOLUME     =    334031.8887
                                                    Density    =         1.0306
 ------------------------------------------------------------------------------


 NSTEP =   145000   TIME(PS) =     990.000  TEMP(K) =   300.09  PRESS =     0.0
 Etot   =   -116904.5907  EKtot   =     20512.1680  EPtot      =   -137416.7587
 BOND   =       559.9579  ANGLE   =      1495.8517  DIHED      =      1006.4611
 UB     =         0.0000  IMP     =         0.0000  CMAP       =       146.2071
 1-4 NB =       641.9653  1-4 EEL =      5953.5381  VDWAALS    =     15715.8902
 EELEC  =   -162936.6300  EHBOND  =         0.0000  RESTRAINT  =         0.0000
 EKCMT  =         0.0000  VIRIAL  =         0.0000  VOLUME     =    333174.3394
                                                    Density    =         1.0333
 ------------------------------------------------------------------------------


 NSTEP =   150000   TIME(PS) =    1000.000  TEMP(K) =   301.94  PRESS =     0.0
 Etot   =   -116612.8279  EKtot   =     20638.7715  EPtot      =   -137251.5994
 BOND   =       566.4505  ANGLE   =      1520.7966  DIHED      =       995.1681
 UB     =         0.0000  IMP     =         0.0000  CMAP       =       132.6611
 1-4 NB =       635.6045  1-4 EEL =      5888.9197  VDWAALS    =     16488.4672
 EELEC  =   -163479.6671  EHBOND  =         0.0000  RESTRAINT  =         0.0000
 EKCMT  =         0.0000  VIRIAL  =         0.0000  VOLUME     =    333471.5153
                                                    Density    =         1.0324
 ------------------------------------------------------------------------------


 NSTEP =   155000   TIME(PS) =    1010.000  TEMP(K) =   299.75  PRESS =     0.0
 Etot   =   -117183.2969  EKtot   =     20489.2969  EPtot      =   -137672.5938
 BOND   =       587.0565  ANGLE   =      1517.0370  DIHED      =       982.1291
 UB     =         0.0000  IMP     =         0.0000  CMAP       =       144.7814
 1-4 NB =       638.3481  1-4 EEL =      5870.3978  VDWAALS    =     16694.1277
 EELEC  =   -164106.4714  EHBOND  =         0.0000  RESTRAINT  =         0.0000
 EKCMT  =         0.0000  VIRIAL  =         0.0000  VOLUME     =    332683.5907
                                                    Density    =         1.0348
 ------------------------------------------------------------------------------


 NSTEP =   160000   TIME(PS) =    1020.000  TEMP(K) =   298.31  PRESS =     0.0
 Etot   =   -117058.9403  EKtot   =     20390.9629  EPtot      =   -137449.9032
 BOND   =       591.1214  ANGLE   =      1479.1140  DIHED      =       992.0168
 UB     =         0.0000  IMP     =         0.0000  CMAP       =       141.7651
 1-4 NB =       633.5551  1-4 EEL =      5881.6366  VDWAALS    =     15961.6497
 EELEC  =   -163130.7619  EHBOND  =         0.0000  RESTRAINT  =         0.0000
 EKCMT  =         0.0000  VIRIAL  =         0.0000  VOLUME     =    332016.3532
                                                    Density    =         1.0369
 ------------------------------------------------------------------------------


 NSTEP =   165000   TIME(PS) =    1030.000  TEMP(K) =   301.83  PRESS =     0.0
 Etot   =   -117038.0345  EKtot   =     20631.3477  EPtot      =   -137669.3822
 BOND   =       547.0639  ANGLE   =      1449.6274  DIHED      =       987.9530
 UB     =         0.0000  IMP     =         0.0000  CMAP       =       143.9622
 1-4 NB =       649.4421  1-4 EEL =      5917.9030  VDWAALS    =     16171.4947
 EELEC  =   -163536.8283  EHBOND  =         0.0000  RESTRAINT  =         0.0000
 EKCMT  =         0.0000  VIRIAL  =         0.0000  VOLUME     =    331807.5355
                                                    Density    =         1.0375
 ------------------------------------------------------------------------------


 NSTEP =   170000   TIME(PS) =    1040.000  TEMP(K) =   298.31  PRESS =     0.0
 Etot   =   -116817.0010  EKtot   =     20390.9238  EPtot      =   -137207.9248
 BOND   =       545.5874  ANGLE   =      1503.2427  DIHED      =       987.3893
 UB     =         0.0000  IMP     =         0.0000  CMAP       =       145.7396
 1-4 NB =       665.1779  1-4 EEL =      5921.1647  VDWAALS    =     16344.5477
 EELEC  =   -163320.7740  EHBOND  =         0.0000  RESTRAINT  =         0.0000
 EKCMT  =         0.0000  VIRIAL  =         0.0000  VOLUME     =    333987.5388
                                                    Density    =         1.0308
 ------------------------------------------------------------------------------


 NSTEP =   175000   TIME(PS) =    1050.000  TEMP(K) =   301.02  PRESS =     0.0
 Etot   =   -116780.1472  EKtot   =     20575.9570  EPtot      =   -137356.1042
 BOND   =       609.2036  ANGLE   =      1498.5698  DIHED      =      1009.3601
 UB     =         0.0000  IMP     =         0.0000  CMAP       =       151.6518
 1-4 NB =       654.2929  1-4 EEL =      5884.6761  VDWAALS    =     16522.1019
 EELEC  =   -163685.9604  EHBOND  =         0.0000  RESTRAINT  =         0.0000
 EKCMT  =         0.0000  VIRIAL  =         0.0000  VOLUME     =    334199.7226
                                                    Density    =         1.0301
 ------------------------------------------------------------------------------


 NSTEP =   180000   TIME(PS) =    1060.000  TEMP(K) =   301.45  PRESS =     0.0
 Etot   =   -116735.7446  EKtot   =     20605.3711  EPtot      =   -137341.1157
 BOND   =       573.5620  ANGLE   =      1511.8341  DIHED      =      1005.9453
 UB     =         0.0000  IMP     =         0.0000  CMAP       =       146.4853
 1-4 NB =       633.2491  1-4 EEL =      5853.1616  VDWAALS    =     16302.0641
 EELEC  =   -163367.4172  EHBOND  =         0.0000  RESTRAINT  =         0.0000
 EKCMT  =         0.0000  VIRIAL  =         0.0000  VOLUME     =    332998.1096
                                                    Density    =         1.0338
 ------------------------------------------------------------------------------


 NSTEP =   185000   TIME(PS) =    1070.000  TEMP(K) =   298.03  PRESS =     0.0
 Etot   =   -117109.0262  EKtot   =     20371.6875  EPtot      =   -137480.7137
 BOND   =       554.9645  ANGLE   =      1533.4234  DIHED      =      1020.5514
 UB     =         0.0000  IMP     =         0.0000  CMAP       =       143.5752
 1-4 NB =       636.7566  1-4 EEL =      5856.2569  VDWAALS    =     16318.5882
 EELEC  =   -163544.8300  EHBOND  =         0.0000  RESTRAINT  =         0.0000
 EKCMT  =         0.0000  VIRIAL  =         0.0000  VOLUME     =    333960.9369
                                                    Density    =         1.0308
 ------------------------------------------------------------------------------


 NSTEP =   190000   TIME(PS) =    1080.000  TEMP(K) =   301.02  PRESS =     0.0
 Etot   =   -116844.8520  EKtot   =     20575.8496  EPtot      =   -137420.7016
 BOND   =       578.1948  ANGLE   =      1528.9082  DIHED      =       999.9384
 UB     =         0.0000  IMP     =         0.0000  CMAP       =       132.7939
 1-4 NB =       669.1064  1-4 EEL =      5919.2647  VDWAALS    =     16649.4443
 EELEC  =   -163898.3522  EHBOND  =         0.0000  RESTRAINT  =         0.0000
 EKCMT  =         0.0000  VIRIAL  =         0.0000  VOLUME     =    334780.5735
                                                    Density    =         1.0283
 ------------------------------------------------------------------------------


 NSTEP =   195000   TIME(PS) =    1090.000  TEMP(K) =   299.81  PRESS =     0.0
 Etot   =   -117061.2823  EKtot   =     20493.3730  EPtot      =   -137554.6554
 BOND   =       549.7556  ANGLE   =      1502.8538  DIHED      =       967.5602
 UB     =         0.0000  IMP     =         0.0000  CMAP       =       131.9483
 1-4 NB =       657.3737  1-4 EEL =      5891.1880  VDWAALS    =     16436.1359
 EELEC  =   -163691.4709  EHBOND  =         0.0000  RESTRAINT  =         0.0000
 EKCMT  =         0.0000  VIRIAL  =         0.0000  VOLUME     =    334314.4395
                                                    Density    =         1.0297
 ------------------------------------------------------------------------------


 NSTEP =   200000   TIME(PS) =    1100.000  TEMP(K) =   296.40  PRESS =     0.0
 Etot   =   -117356.4033  EKtot   =     20260.0234  EPtot      =   -137616.4268
 BOND   =       595.3888  ANGLE   =      1546.4986  DIHED      =       995.0296
 UB     =         0.0000  IMP     =         0.0000  CMAP       =       145.2541
 1-4 NB =       649.5587  1-4 EEL =      5849.6190  VDWAALS    =     16389.7173
 EELEC  =   -163787.4929  EHBOND  =         0.0000  RESTRAINT  =         0.0000
 EKCMT  =         0.0000  VIRIAL  =         0.0000  VOLUME     =    333781.3303
                                                    Density    =         1.0314
 ------------------------------------------------------------------------------


 NSTEP =   205000   TIME(PS) =    1110.000  TEMP(K) =   298.54  PRESS =     0.0
 Etot   =   -116823.7737  EKtot   =     20406.6621  EPtot      =   -137230.4359
 BOND   =       594.3990  ANGLE   =      1524.9241  DIHED      =      1018.6264
 UB     =         0.0000  IMP     =         0.0000  CMAP       =       142.2618
 1-4 NB =       657.5755  1-4 EEL =      5881.0777  VDWAALS    =     16471.9437
 EELEC  =   -163521.2440  EHBOND  =         0.0000  RESTRAINT  =         0.0000
 EKCMT  =         0.0000  VIRIAL  =         0.0000  VOLUME     =    333689.0281
                                                    Density    =         1.0317
 ------------------------------------------------------------------------------


 NSTEP =   210000   TIME(PS) =    1120.000  TEMP(K) =   301.55  PRESS =     0.0
 Etot   =   -116839.2780  EKtot   =     20611.9668  EPtot      =   -137451.2448
 BOND   =       571.2406  ANGLE   =      1541.2355  DIHED      =      1014.9098
 UB     =         0.0000  IMP     =         0.0000  CMAP       =       141.8334
 1-4 NB =       662.1198  1-4 EEL =      5877.9683  VDWAALS    =     16632.0140
 EELEC  =   -163892.5663  EHBOND  =         0.0000  RESTRAINT  =         0.0000
 EKCMT  =         0.0000  VIRIAL  =         0.0000  VOLUME     =    334242.4448
                                                    Density    =         1.0300
 ------------------------------------------------------------------------------


 NSTEP =   215000   TIME(PS) =    1130.000  TEMP(K) =   303.24  PRESS =     0.0
 Etot   =   -116441.2762  EKtot   =     20728.0859  EPtot      =   -137169.3621
 BOND   =       599.9919  ANGLE   =      1520.8130  DIHED      =       994.9014
 UB     =         0.0000  IMP     =         0.0000  CMAP       =       155.2034
 1-4 NB =       651.2332  1-4 EEL =      5867.9420  VDWAALS    =     16031.8529
 EELEC  =   -162991.2999  EHBOND  =         0.0000  RESTRAINT  =         0.0000
 EKCMT  =         0.0000  VIRIAL  =         0.0000  VOLUME     =    333778.3536
                                                    Density    =         1.0314
 ------------------------------------------------------------------------------


 NSTEP =   220000   TIME(PS) =    1140.000  TEMP(K) =   300.51  PRESS =     0.0
 Etot   =   -116894.5178  EKtot   =     20541.2129  EPtot      =   -137435.7307
 BOND   =       586.6192  ANGLE   =      1555.8276  DIHED      =       985.6786
 UB     =         0.0000  IMP     =         0.0000  CMAP       =       148.1526
 1-4 NB =       648.3053  1-4 EEL =      5818.6962  VDWAALS    =     16391.9231
 EELEC  =   -163570.9332  EHBOND  =         0.0000  RESTRAINT  =         0.0000
 EKCMT  =         0.0000  VIRIAL  =         0.0000  VOLUME     =    334006.7126
                                                    Density    =         1.0307
 ------------------------------------------------------------------------------


 NSTEP =   225000   TIME(PS) =    1150.000  TEMP(K) =   303.40  PRESS =     0.0
 Etot   =   -116838.9372  EKtot   =     20738.9746  EPtot      =   -137577.9118
 BOND   =       569.7668  ANGLE   =      1534.0597  DIHED      =      1012.8378
 UB     =         0.0000  IMP     =         0.0000  CMAP       =       142.6939
 1-4 NB =       630.4238  1-4 EEL =      5906.6980  VDWAALS    =     16679.0163
 EELEC  =   -164053.4080  EHBOND  =         0.0000  RESTRAINT  =         0.0000
 EKCMT  =         0.0000  VIRIAL  =         0.0000  VOLUME     =    335424.1158
                                                    Density    =         1.0263
 ------------------------------------------------------------------------------


 NSTEP =   230000   TIME(PS) =    1160.000  TEMP(K) =   299.37  PRESS =     0.0
 Etot   =   -117007.6312  EKtot   =     20463.1621  EPtot      =   -137470.7933
 BOND   =       552.6872  ANGLE   =      1510.5539  DIHED      =      1000.1653
 UB     =         0.0000  IMP     =         0.0000  CMAP       =       150.1515
 1-4 NB =       650.9887  1-4 EEL =      5868.8553  VDWAALS    =     16374.4710
 EELEC  =   -163578.6662  EHBOND  =         0.0000  RESTRAINT  =         0.0000
 EKCMT  =         0.0000  VIRIAL  =         0.0000  VOLUME     =    334344.4077
                                                    Density    =         1.0297
 ------------------------------------------------------------------------------


 NSTEP =   235000   TIME(PS) =    1170.000  TEMP(K) =   299.72  PRESS =     0.0
 Etot   =   -117283.4857  EKtot   =     20486.9688  EPtot      =   -137770.4545
 BOND   =       546.1225  ANGLE   =      1508.2331  DIHED      =       990.5859
 UB     =         0.0000  IMP     =         0.0000  CMAP       =       140.9139
 1-4 NB =       638.0607  1-4 EEL =      5942.5470  VDWAALS    =     16395.8848
 EELEC  =   -163932.8022  EHBOND  =         0.0000  RESTRAINT  =         0.0000
 EKCMT  =         0.0000  VIRIAL  =         0.0000  VOLUME     =    332620.8268
                                                    Density    =         1.0350
 ------------------------------------------------------------------------------


 NSTEP =   240000   TIME(PS) =    1180.000  TEMP(K) =   302.20  PRESS =     0.0
 Etot   =   -116611.5014  EKtot   =     20656.5430  EPtot      =   -137268.0444
 BOND   =       544.6047  ANGLE   =      1477.3491  DIHED      =      1016.0322
 UB     =         0.0000  IMP     =         0.0000  CMAP       =       146.7537
 1-4 NB =       647.3428  1-4 EEL =      5885.0661  VDWAALS    =     16308.3332
 EELEC  =   -163293.5262  EHBOND  =         0.0000  RESTRAINT  =         0.0000
 EKCMT  =         0.0000  VIRIAL  =         0.0000  VOLUME     =    333046.6972
                                                    Density    =         1.0337
 ------------------------------------------------------------------------------


 NSTEP =   245000   TIME(PS) =    1190.000  TEMP(K) =   301.47  PRESS =     0.0
 Etot   =   -116922.5844  EKtot   =     20606.8398  EPtot      =   -137529.4243
 BOND   =       559.3344  ANGLE   =      1528.8531  DIHED      =       988.0616
 UB     =         0.0000  IMP     =         0.0000  CMAP       =       144.9517
 1-4 NB =       649.5582  1-4 EEL =      5893.6629  VDWAALS    =     16119.6071
 EELEC  =   -163413.4534  EHBOND  =         0.0000  RESTRAINT  =         0.0000
 EKCMT  =         0.0000  VIRIAL  =         0.0000  VOLUME     =    332961.9726
                                                    Density    =         1.0339
 ------------------------------------------------------------------------------


 NSTEP =   250000   TIME(PS) =    1200.000  TEMP(K) =   299.25  PRESS =     0.0
 Etot   =   -117234.2196  EKtot   =     20454.9375  EPtot      =   -137689.1571
 BOND   =       578.3601  ANGLE   =      1511.4171  DIHED      =      1004.3538
 UB     =         0.0000  IMP     =         0.0000  CMAP       =       140.5858
 1-4 NB =       646.3968  1-4 EEL =      5900.4260  VDWAALS    =     16472.9603
 EELEC  =   -163943.6570  EHBOND  =         0.0000  RESTRAINT  =         0.0000
 EKCMT  =         0.0000  VIRIAL  =         0.0000  VOLUME     =    333216.2886
                                                    Density    =         1.0331
 ------------------------------------------------------------------------------


 NSTEP =   255000   TIME(PS) =    1210.000  TEMP(K) =   300.11  PRESS =     0.0
 Etot   =   -117241.5130  EKtot   =     20513.8027  EPtot      =   -137755.3157
 BOND   =       589.7467  ANGLE   =      1533.8285  DIHED      =       983.6558
 UB     =         0.0000  IMP     =         0.0000  CMAP       =       144.0307
 1-4 NB =       645.3415  1-4 EEL =      5865.3983  VDWAALS    =     16706.5406
 EELEC  =   -164223.8578  EHBOND  =         0.0000  RESTRAINT  =         0.0000
 EKCMT  =         0.0000  VIRIAL  =         0.0000  VOLUME     =    333303.8741
                                                    Density    =         1.0329
 ------------------------------------------------------------------------------


 NSTEP =   260000   TIME(PS) =    1220.000  TEMP(K) =   299.38  PRESS =     0.0
 Etot   =   -116685.6475  EKtot   =     20464.1973  EPtot      =   -137149.8447
 BOND   =       571.6282  ANGLE   =      1531.4528  DIHED      =      1015.4561
 UB     =         0.0000  IMP     =         0.0000  CMAP       =       130.9430
 1-4 NB =       638.9785  1-4 EEL =      5849.1598  VDWAALS    =     16279.3090
 EELEC  =   -163166.7722  EHBOND  =         0.0000  RESTRAINT  =         0.0000
 EKCMT  =         0.0000  VIRIAL  =         0.0000  VOLUME     =    334420.9858
                                                    Density    =         1.0294
 ------------------------------------------------------------------------------


 NSTEP =   265000   TIME(PS) =    1230.000  TEMP(K) =   299.57  PRESS =     0.0
 Etot   =   -117094.1530  EKtot   =     20476.6484  EPtot      =   -137570.8015
 BOND   =       570.7486  ANGLE   =      1496.3883  DIHED      =       985.1798
 UB     =         0.0000  IMP     =         0.0000  CMAP       =       147.9220
 1-4 NB =       657.2692  1-4 EEL =      5915.2061  VDWAALS    =     16234.8076
 EELEC  =   -163578.3230  EHBOND  =         0.0000  RESTRAINT  =         0.0000
 EKCMT  =         0.0000  VIRIAL  =         0.0000  VOLUME     =    332517.2781
                                                    Density    =         1.0353
 ------------------------------------------------------------------------------


 NSTEP =   270000   TIME(PS) =    1240.000  TEMP(K) =   300.81  PRESS =     0.0
 Etot   =   -117000.1357  EKtot   =     20562.0059  EPtot      =   -137562.1415
 BOND   =       572.1208  ANGLE   =      1485.4112  DIHED      =      1026.2032
 UB     =         0.0000  IMP     =         0.0000  CMAP       =       138.2470
 1-4 NB =       644.5146  1-4 EEL =      5873.1060  VDWAALS    =     16571.8883
 EELEC  =   -163873.6327  EHBOND  =         0.0000  RESTRAINT  =         0.0000
 EKCMT  =         0.0000  VIRIAL  =         0.0000  VOLUME     =    332881.6321
                                                    Density    =         1.0342
 ------------------------------------------------------------------------------


 NSTEP =   275000   TIME(PS) =    1250.000  TEMP(K) =   301.59  PRESS =     0.0
 Etot   =   -116823.7713  EKtot   =     20615.1816  EPtot      =   -137438.9529
 BOND   =       561.8694  ANGLE   =      1556.9308  DIHED      =      1008.6521
 UB     =         0.0000  IMP     =         0.0000  CMAP       =       145.1144
 1-4 NB =       661.8833  1-4 EEL =      5881.4196  VDWAALS    =     16568.1586
 EELEC  =   -163822.9811  EHBOND  =         0.0000  RESTRAINT  =         0.0000
 EKCMT  =         0.0000  VIRIAL  =         0.0000  VOLUME     =    333460.9140
                                                    Density    =         1.0324
 ------------------------------------------------------------------------------


 NSTEP =   280000   TIME(PS) =    1260.000  TEMP(K) =   299.89  PRESS =     0.0
 Etot   =   -116597.7440  EKtot   =     20498.6465  EPtot      =   -137096.3905
 BOND   =       550.0939  ANGLE   =      1553.8687  DIHED      =      1014.3596
 UB     =         0.0000  IMP     =         0.0000  CMAP       =       138.8778
 1-4 NB =       644.1638  1-4 EEL =      5846.2704  VDWAALS    =     16167.8208
 EELEC  =   -163011.8455  EHBOND  =         0.0000  RESTRAINT  =         0.0000
 EKCMT  =         0.0000  VIRIAL  =         0.0000  VOLUME     =    333403.0002
                                                    Density    =         1.0326
 ------------------------------------------------------------------------------


 NSTEP =   285000   TIME(PS) =    1270.000  TEMP(K) =   301.92  PRESS =     0.0
 Etot   =   -116860.8592  EKtot   =     20637.3359  EPtot      =   -137498.1952
 BOND   =       587.7660  ANGLE   =      1488.4271  DIHED      =       999.5118
 UB     =         0.0000  IMP     =         0.0000  CMAP       =       146.7186
 1-4 NB =       617.0636  1-4 EEL =      5862.0120  VDWAALS    =     16162.1973
 EELEC  =   -163361.8915  EHBOND  =         0.0000  RESTRAINT  =         0.0000
 EKCMT  =         0.0000  VIRIAL  =         0.0000  VOLUME     =    333733.3022
                                                    Density    =         1.0315
 ------------------------------------------------------------------------------


 NSTEP =   290000   TIME(PS) =    1280.000  TEMP(K) =   300.48  PRESS =     0.0
 Etot   =   -116764.6457  EKtot   =     20538.8516  EPtot      =   -137303.4972
 BOND   =       577.6044  ANGLE   =      1512.6711  DIHED      =      1003.4690
 UB     =         0.0000  IMP     =         0.0000  CMAP       =       129.6255
 1-4 NB =       636.5060  1-4 EEL =      5927.9404  VDWAALS    =     16443.2241
 EELEC  =   -163534.5377  EHBOND  =         0.0000  RESTRAINT  =         0.0000
 EKCMT  =         0.0000  VIRIAL  =         0.0000  VOLUME     =    333980.6611
                                                    Density    =         1.0308
 ------------------------------------------------------------------------------


 NSTEP =   295000   TIME(PS) =    1290.000  TEMP(K) =   300.12  PRESS =     0.0
 Etot   =   -116787.9055  EKtot   =     20514.5176  EPtot      =   -137302.4231
 BOND   =       583.2333  ANGLE   =      1533.3693  DIHED      =       992.1871
 UB     =         0.0000  IMP     =         0.0000  CMAP       =       135.3621
 1-4 NB =       655.6274  1-4 EEL =      5870.7541  VDWAALS    =     16812.9546
 EELEC  =   -163885.9111  EHBOND  =         0.0000  RESTRAINT  =         0.0000
 EKCMT  =         0.0000  VIRIAL  =         0.0000  VOLUME     =    333908.5689
                                                    Density    =         1.0310
 ------------------------------------------------------------------------------


 NSTEP =   300000   TIME(PS) =    1300.000  TEMP(K) =   295.89  PRESS =     0.0
 Etot   =   -117209.8733  EKtot   =     20225.5547  EPtot      =   -137435.4280
 BOND   =       572.5038  ANGLE   =      1478.1293  DIHED      =      1010.6200
 UB     =         0.0000  IMP     =         0.0000  CMAP       =       144.8161
 1-4 NB =       651.9863  1-4 EEL =      5896.4177  VDWAALS    =     16280.4413
 EELEC  =   -163470.3424  EHBOND  =         0.0000  RESTRAINT  =         0.0000
 EKCMT  =         0.0000  VIRIAL  =         0.0000  VOLUME     =    334202.6545
                                                    Density    =         1.0301
 ------------------------------------------------------------------------------


 NSTEP =   305000   TIME(PS) =    1310.000  TEMP(K) =   299.51  PRESS =     0.0
 Etot   =   -117084.2267  EKtot   =     20472.6699  EPtot      =   -137556.8966
 BOND   =       572.4839  ANGLE   =      1551.8323  DIHED      =      1002.7955
 UB     =         0.0000  IMP     =         0.0000  CMAP       =       138.4438
 1-4 NB =       651.5775  1-4 EEL =      5861.8758  VDWAALS    =     16318.1297
 EELEC  =   -163654.0353  EHBOND  =         0.0000  RESTRAINT  =         0.0000
 EKCMT  =         0.0000  VIRIAL  =         0.0000  VOLUME     =    333962.2045
                                                    Density    =         1.0308
 ------------------------------------------------------------------------------


 NSTEP =   310000   TIME(PS) =    1320.000  TEMP(K) =   298.27  PRESS =     0.0
 Etot   =   -116792.0265  EKtot   =     20388.0996  EPtot      =   -137180.1262
 BOND   =       554.1928  ANGLE   =      1499.4961  DIHED      =       995.6905
 UB     =         0.0000  IMP     =         0.0000  CMAP       =       140.4796
 1-4 NB =       649.3452  1-4 EEL =      5879.4397  VDWAALS    =     16389.4584
 EELEC  =   -163288.2285  EHBOND  =         0.0000  RESTRAINT  =         0.0000
 EKCMT  =         0.0000  VIRIAL  =         0.0000  VOLUME     =    334246.6398
                                                    Density    =         1.0300
 ------------------------------------------------------------------------------


 NSTEP =   315000   TIME(PS) =    1330.000  TEMP(K) =   303.01  PRESS =     0.0
 Etot   =   -116545.5693  EKtot   =     20712.0000  EPtot      =   -137257.5693
 BOND   =       584.8760  ANGLE   =      1542.5293  DIHED      =      1022.4350
 UB     =         0.0000  IMP     =         0.0000  CMAP       =       144.4542
 1-4 NB =       637.2997  1-4 EEL =      5803.3460  VDWAALS    =     16410.0373
 EELEC  =   -163402.5468  EHBOND  =         0.0000  RESTRAINT  =         0.0000
 EKCMT  =         0.0000  VIRIAL  =         0.0000  VOLUME     =    333960.4454
                                                    Density    =         1.0308
 ------------------------------------------------------------------------------


 NSTEP =   320000   TIME(PS) =    1340.000  TEMP(K) =   298.72  PRESS =     0.0
 Etot   =   -116861.6761  EKtot   =     20419.0898  EPtot      =   -137280.7659
 BOND   =       545.8665  ANGLE   =      1549.7871  DIHED      =       977.2091
 UB     =         0.0000  IMP     =         0.0000  CMAP       =       138.6502
 1-4 NB =       649.5119  1-4 EEL =      5881.3391  VDWAALS    =     16314.3841
 EELEC  =   -163337.5139  EHBOND  =         0.0000  RESTRAINT  =         0.0000
 EKCMT  =         0.0000  VIRIAL  =         0.0000  VOLUME     =    333248.5041
                                                    Density    =         1.0330
 ------------------------------------------------------------------------------


 NSTEP =   325000   TIME(PS) =    1350.000  TEMP(K) =   297.21  PRESS =     0.0
 Etot   =   -117324.5162  EKtot   =     20315.4297  EPtot      =   -137639.9459
 BOND   =       581.2331  ANGLE   =      1567.8993  DIHED      =      1004.1392
 UB     =         0.0000  IMP     =         0.0000  CMAP       =       144.0672
 1-4 NB =       650.1631  1-4 EEL =      5862.2991  VDWAALS    =     16873.7258
 EELEC  =   -164323.4726  EHBOND  =         0.0000  RESTRAINT  =         0.0000
 EKCMT  =         0.0000  VIRIAL  =         0.0000  VOLUME     =    333614.9699
                                                    Density    =         1.0319
 ------------------------------------------------------------------------------


 NSTEP =   330000   TIME(PS) =    1360.000  TEMP(K) =   300.10  PRESS =     0.0
 Etot   =   -116760.7157  EKtot   =     20513.2031  EPtot      =   -137273.9188
 BOND   =       593.3891  ANGLE   =      1569.0257  DIHED      =      1010.8711
 UB     =         0.0000  IMP     =         0.0000  CMAP       =       147.3988
 1-4 NB =       634.9152  1-4 EEL =      5827.6393  VDWAALS    =     16207.2171
 EELEC  =   -163264.3752  EHBOND  =         0.0000  RESTRAINT  =         0.0000
 EKCMT  =         0.0000  VIRIAL  =         0.0000  VOLUME     =    333178.4689
                                                    Density    =         1.0333
 ------------------------------------------------------------------------------


 NSTEP =   335000   TIME(PS) =    1370.000  TEMP(K) =   299.73  PRESS =     0.0
 Etot   =   -116814.2511  EKtot   =     20487.8984  EPtot      =   -137302.1496
 BOND   =       583.2763  ANGLE   =      1503.0591  DIHED      =      1010.1380
 UB     =         0.0000  IMP     =         0.0000  CMAP       =       142.3970
 1-4 NB =       637.9026  1-4 EEL =      5873.6164  VDWAALS    =     16416.9748
 EELEC  =   -163469.5138  EHBOND  =         0.0000  RESTRAINT  =         0.0000
 EKCMT  =         0.0000  VIRIAL  =         0.0000  VOLUME     =    333669.2186
                                                    Density    =         1.0317
 ------------------------------------------------------------------------------


 NSTEP =   340000   TIME(PS) =    1380.000  TEMP(K) =   302.93  PRESS =     0.0
 Etot   =   -116817.9572  EKtot   =     20706.6504  EPtot      =   -137524.6076
 BOND   =       551.6375  ANGLE   =      1549.9909  DIHED      =      1013.0095
 UB     =         0.0000  IMP     =         0.0000  CMAP       =       146.3511
 1-4 NB =       646.5564  1-4 EEL =      5870.7528  VDWAALS    =     16497.8436
 EELEC  =   -163800.7496  EHBOND  =         0.0000  RESTRAINT  =         0.0000
 EKCMT  =         0.0000  VIRIAL  =         0.0000  VOLUME     =    334882.5631
                                                    Density    =         1.0280
 ------------------------------------------------------------------------------


 NSTEP =   345000   TIME(PS) =    1390.000  TEMP(K) =   301.59  PRESS =     0.0
 Etot   =   -116917.0729  EKtot   =     20614.9297  EPtot      =   -137532.0026
 BOND   =       590.4988  ANGLE   =      1563.9901  DIHED      =       998.3628
 UB     =         0.0000  IMP     =         0.0000  CMAP       =       137.8641
 1-4 NB =       650.6304  1-4 EEL =      5880.8737  VDWAALS    =     16491.7934
 EELEC  =   -163846.0160  EHBOND  =         0.0000  RESTRAINT  =         0.0000
 EKCMT  =         0.0000  VIRIAL  =         0.0000  VOLUME     =    334287.6070
                                                    Density    =         1.0298
 ------------------------------------------------------------------------------


 NSTEP =   350000   TIME(PS) =    1400.000  TEMP(K) =   296.61  PRESS =     0.0
 Etot   =   -116908.5238  EKtot   =     20274.5664  EPtot      =   -137183.0902
 BOND   =       565.6273  ANGLE   =      1527.3776  DIHED      =      1010.9955
 UB     =         0.0000  IMP     =         0.0000  CMAP       =       137.9176
 1-4 NB =       640.1991  1-4 EEL =      5877.6537  VDWAALS    =     16651.9809
 EELEC  =   -163594.8419  EHBOND  =         0.0000  RESTRAINT  =         0.0000
 EKCMT  =         0.0000  VIRIAL  =         0.0000  VOLUME     =    334964.9145
                                                    Density    =         1.0277
 ------------------------------------------------------------------------------


 NSTEP =   355000   TIME(PS) =    1410.000  TEMP(K) =   303.07  PRESS =     0.0
 Etot   =   -116574.8952  EKtot   =     20716.0410  EPtot      =   -137290.9362
 BOND   =       591.3694  ANGLE   =      1510.6960  DIHED      =      1010.6155
 UB     =         0.0000  IMP     =         0.0000  CMAP       =       149.4811
 1-4 NB =       648.9062  1-4 EEL =      5830.6512  VDWAALS    =     16450.7670
 EELEC  =   -163483.4226  EHBOND  =         0.0000  RESTRAINT  =         0.0000
 EKCMT  =         0.0000  VIRIAL  =         0.0000  VOLUME     =    334528.2217
                                                    Density    =         1.0291
 ------------------------------------------------------------------------------


 NSTEP =   360000   TIME(PS) =    1420.000  TEMP(K) =   299.63  PRESS =     0.0
 Etot   =   -117143.5589  EKtot   =     20480.8457  EPtot      =   -137624.4046
 BOND   =       537.2128  ANGLE   =      1486.0770  DIHED      =      1000.2773
 UB     =         0.0000  IMP     =         0.0000  CMAP       =       148.3392
 1-4 NB =       661.2207  1-4 EEL =      5911.1314  VDWAALS    =     16306.2691
 EELEC  =   -163674.9323  EHBOND  =         0.0000  RESTRAINT  =         0.0000
 EKCMT  =         0.0000  VIRIAL  =         0.0000  VOLUME     =    334633.2112
                                                    Density    =         1.0288
 ------------------------------------------------------------------------------


 NSTEP =   365000   TIME(PS) =    1430.000  TEMP(K) =   300.62  PRESS =     0.0
 Etot   =   -116935.3256  EKtot   =     20548.9766  EPtot      =   -137484.3022
 BOND   =       564.8516  ANGLE   =      1516.9740  DIHED      =       984.8128
 UB     =         0.0000  IMP     =         0.0000  CMAP       =       149.2882
 1-4 NB =       645.4742  1-4 EEL =      5875.0548  VDWAALS    =     16512.2681
 EELEC  =   -163733.0259  EHBOND  =         0.0000  RESTRAINT  =         0.0000
 EKCMT  =         0.0000  VIRIAL  =         0.0000  VOLUME     =    334237.2948
                                                    Density    =         1.0300
 ------------------------------------------------------------------------------


 NSTEP =   370000   TIME(PS) =    1440.000  TEMP(K) =   302.60  PRESS =     0.0
 Etot   =   -116701.0777  EKtot   =     20684.1641  EPtot      =   -137385.2417
 BOND   =       558.2777  ANGLE   =      1538.8455  DIHED      =       984.1874
 UB     =         0.0000  IMP     =         0.0000  CMAP       =       141.5701
 1-4 NB =       649.3146  1-4 EEL =      5920.3713  VDWAALS    =     15945.5035
 EELEC  =   -163123.3118  EHBOND  =         0.0000  RESTRAINT  =         0.0000
 EKCMT  =         0.0000  VIRIAL  =         0.0000  VOLUME     =    333973.9285
                                                    Density    =         1.0308
 ------------------------------------------------------------------------------


 NSTEP =   375000   TIME(PS) =    1450.000  TEMP(K) =   299.82  PRESS =     0.0
 Etot   =   -116978.4385  EKtot   =     20493.9883  EPtot      =   -137472.4267
 BOND   =       569.5133  ANGLE   =      1502.7184  DIHED      =       999.0931
 UB     =         0.0000  IMP     =         0.0000  CMAP       =       149.6357
 1-4 NB =       638.5665  1-4 EEL =      5883.7676  VDWAALS    =     16210.8992
 EELEC  =   -163426.6206  EHBOND  =         0.0000  RESTRAINT  =         0.0000
 EKCMT  =         0.0000  VIRIAL  =         0.0000  VOLUME     =    334007.2115
                                                    Density    =         1.0307
 ------------------------------------------------------------------------------


 NSTEP =   380000   TIME(PS) =    1460.000  TEMP(K) =   300.06  PRESS =     0.0
 Etot   =   -116888.9510  EKtot   =     20510.6914  EPtot      =   -137399.6424
 BOND   =       548.0231  ANGLE   =      1543.5866  DIHED      =      1036.4911
 UB     =         0.0000  IMP     =         0.0000  CMAP       =       142.4651
 1-4 NB =       655.0626  1-4 EEL =      5875.4479  VDWAALS    =     16218.5374
 EELEC  =   -163419.2562  EHBOND  =         0.0000  RESTRAINT  =         0.0000
 EKCMT  =         0.0000  VIRIAL  =         0.0000  VOLUME     =    333966.2327
                                                    Density    =         1.0308
 ------------------------------------------------------------------------------


 NSTEP =   385000   TIME(PS) =    1470.000  TEMP(K) =   300.20  PRESS =     0.0
 Etot   =   -117116.5542  EKtot   =     20519.8945  EPtot      =   -137636.4487
 BOND   =       612.6355  ANGLE   =      1554.5740  DIHED      =      1024.3908
 UB     =         0.0000  IMP     =         0.0000  CMAP       =       137.6964
 1-4 NB =       640.8112  1-4 EEL =      5863.9779  VDWAALS    =     16554.4797
 EELEC  =   -164025.0143  EHBOND  =         0.0000  RESTRAINT  =         0.0000
 EKCMT  =         0.0000  VIRIAL  =         0.0000  VOLUME     =    333073.7311
                                                    Density    =         1.0336
 ------------------------------------------------------------------------------


 NSTEP =   390000   TIME(PS) =    1480.000  TEMP(K) =   299.32  PRESS =     0.0
 Etot   =   -116901.1125  EKtot   =     20459.6484  EPtot      =   -137360.7610
 BOND   =       565.6581  ANGLE   =      1551.2298  DIHED      =       995.1727
 UB     =         0.0000  IMP     =         0.0000  CMAP       =       139.2112
 1-4 NB =       638.9359  1-4 EEL =      5874.4214  VDWAALS    =     16473.0970
 EELEC  =   -163598.4871  EHBOND  =         0.0000  RESTRAINT  =         0.0000
 EKCMT  =         0.0000  VIRIAL  =         0.0000  VOLUME     =    334139.8339
                                                    Density    =         1.0303
 ------------------------------------------------------------------------------


 NSTEP =   395000   TIME(PS) =    1490.000  TEMP(K) =   300.67  PRESS =     0.0
 Etot   =   -116754.9466  EKtot   =     20552.4414  EPtot      =   -137307.3880
 BOND   =       552.6049  ANGLE   =      1525.1962  DIHED      =      1003.7173
 UB     =         0.0000  IMP     =         0.0000  CMAP       =       135.4224
 1-4 NB =       664.5508  1-4 EEL =      5908.1180  VDWAALS    =     16334.8513
 EELEC  =   -163431.8489  EHBOND  =         0.0000  RESTRAINT  =         0.0000
 EKCMT  =         0.0000  VIRIAL  =         0.0000  VOLUME     =    334268.2234
                                                    Density    =         1.0299
 ------------------------------------------------------------------------------


 NSTEP =   400000   TIME(PS) =    1500.000  TEMP(K) =   300.34  PRESS =     0.0
 Etot   =   -116697.8866  EKtot   =     20529.2559  EPtot      =   -137227.1424
 BOND   =       561.4652  ANGLE   =      1543.9061  DIHED      =      1016.8808
 UB     =         0.0000  IMP     =         0.0000  CMAP       =       142.6570
 1-4 NB =       653.5421  1-4 EEL =      5854.0167  VDWAALS    =     16186.5381
 EELEC  =   -163186.1484  EHBOND  =         0.0000  RESTRAINT  =         0.0000
 EKCMT  =         0.0000  VIRIAL  =         0.0000  VOLUME     =    333182.5434
                                                    Density    =         1.0332
 ------------------------------------------------------------------------------


 NSTEP =   405000   TIME(PS) =    1510.000  TEMP(K) =   301.85  PRESS =     0.0
 Etot   =   -116965.6721  EKtot   =     20632.7129  EPtot      =   -137598.3850
 BOND   =       553.5062  ANGLE   =      1508.5649  DIHED      =      1002.5632
 UB     =         0.0000  IMP     =         0.0000  CMAP       =       132.5397
 1-4 NB =       632.8122  1-4 EEL =      5887.5466  VDWAALS    =     16350.8959
 EELEC  =   -163666.8138  EHBOND  =         0.0000  RESTRAINT  =         0.0000
 EKCMT  =         0.0000  VIRIAL  =         0.0000  VOLUME     =    333895.1633
                                                    Density    =         1.0310
 ------------------------------------------------------------------------------


 NSTEP =   410000   TIME(PS) =    1520.000  TEMP(K) =   299.62  PRESS =     0.0
 Etot   =   -117019.5544  EKtot   =     20480.0332  EPtot      =   -137499.5876
 BOND   =       547.4184  ANGLE   =      1455.9401  DIHED      =      1002.9562
 UB     =         0.0000  IMP     =         0.0000  CMAP       =       144.1669
 1-4 NB =       651.3550  1-4 EEL =      5886.3114  VDWAALS    =     16383.4189
 EELEC  =   -163571.1545  EHBOND  =         0.0000  RESTRAINT  =         0.0000
 EKCMT  =         0.0000  VIRIAL  =         0.0000  VOLUME     =    333603.3209
                                                    Density    =         1.0319
 ------------------------------------------------------------------------------


 NSTEP =   415000   TIME(PS) =    1530.000  TEMP(K) =   300.45  PRESS =     0.0
 Etot   =   -116576.6957  EKtot   =     20537.1504  EPtot      =   -137113.8461
 BOND   =       583.2881  ANGLE   =      1501.1389  DIHED      =      1009.7181
 UB     =         0.0000  IMP     =         0.0000  CMAP       =       136.1893
 1-4 NB =       628.1451  1-4 EEL =      5878.2174  VDWAALS    =     15996.4682
 EELEC  =   -162847.0111  EHBOND  =         0.0000  RESTRAINT  =         0.0000
 EKCMT  =         0.0000  VIRIAL  =         0.0000  VOLUME     =    333252.5933
                                                    Density    =         1.0330
 ------------------------------------------------------------------------------


 NSTEP =   420000   TIME(PS) =    1540.000  TEMP(K) =   298.63  PRESS =     0.0
 Etot   =   -116956.1876  EKtot   =     20412.9805  EPtot      =   -137369.1681
 BOND   =       568.0403  ANGLE   =      1512.7851  DIHED      =      1025.0747
 UB     =         0.0000  IMP     =         0.0000  CMAP       =       154.1549
 1-4 NB =       634.9006  1-4 EEL =      5884.7066  VDWAALS    =     16509.6814
 EELEC  =   -163658.5117  EHBOND  =         0.0000  RESTRAINT  =         0.0000
 EKCMT  =         0.0000  VIRIAL  =         0.0000  VOLUME     =    333503.9472
                                                    Density    =         1.0323
 ------------------------------------------------------------------------------


 NSTEP =   425000   TIME(PS) =    1550.000  TEMP(K) =   296.50  PRESS =     0.0
 Etot   =   -117336.5299  EKtot   =     20266.7832  EPtot      =   -137603.3131
 BOND   =       539.5418  ANGLE   =      1579.1706  DIHED      =      1009.4193
 UB     =         0.0000  IMP     =         0.0000  CMAP       =       151.5247
 1-4 NB =       639.2747  1-4 EEL =      5882.6250  VDWAALS    =     16742.1681
 EELEC  =   -164147.0373  EHBOND  =         0.0000  RESTRAINT  =         0.0000
 EKCMT  =         0.0000  VIRIAL  =         0.0000  VOLUME     =    333715.9401
                                                    Density    =         1.0316
 ------------------------------------------------------------------------------


 NSTEP =   430000   TIME(PS) =    1560.000  TEMP(K) =   301.65  PRESS =     0.0
 Etot   =   -116629.7094  EKtot   =     20619.1289  EPtot      =   -137248.8383
 BOND   =       539.6916  ANGLE   =      1573.2612  DIHED      =      1006.7685
 UB     =         0.0000  IMP     =         0.0000  CMAP       =       141.0947
 1-4 NB =       653.5173  1-4 EEL =      5853.0961  VDWAALS    =     16535.1468
 EELEC  =   -163551.4146  EHBOND  =         0.0000  RESTRAINT  =         0.0000
 EKCMT  =         0.0000  VIRIAL  =         0.0000  VOLUME     =    335197.9322
                                                    Density    =         1.0270
 ------------------------------------------------------------------------------


 NSTEP =   435000   TIME(PS) =    1570.000  TEMP(K) =   301.89  PRESS =     0.0
 Etot   =   -116758.5065  EKtot   =     20635.5469  EPtot      =   -137394.0534
 BOND   =       549.2914  ANGLE   =      1531.5731  DIHED      =       980.1512
 UB     =         0.0000  IMP     =         0.0000  CMAP       =       138.5823
 1-4 NB =       650.1586  1-4 EEL =      5906.6821  VDWAALS    =     16560.5527
 EELEC  =   -163711.0448  EHBOND  =         0.0000  RESTRAINT  =         0.0000
 EKCMT  =         0.0000  VIRIAL  =         0.0000  VOLUME     =    333577.3802
                                                    Density    =         1.0320
 ------------------------------------------------------------------------------


 NSTEP =   440000   TIME(PS) =    1580.000  TEMP(K) =   302.30  PRESS =     0.0
 Etot   =   -116756.3387  EKtot   =     20663.5664  EPtot      =   -137419.9051
 BOND   =       551.7757  ANGLE   =      1581.8095  DIHED      =       998.9581
 UB     =         0.0000  IMP     =         0.0000  CMAP       =       140.6921
 1-4 NB =       630.6702  1-4 EEL =      5863.3520  VDWAALS    =     16289.0139
 EELEC  =   -163476.1767  EHBOND  =         0.0000  RESTRAINT  =         0.0000
 EKCMT  =         0.0000  VIRIAL  =         0.0000  VOLUME     =    333742.3691
                                                    Density    =         1.0315
 ------------------------------------------------------------------------------


 NSTEP =   445000   TIME(PS) =    1590.000  TEMP(K) =   299.69  PRESS =     0.0
 Etot   =   -116911.0748  EKtot   =     20485.2129  EPtot      =   -137396.2876
 BOND   =       579.7860  ANGLE   =      1518.7324  DIHED      =       972.0647
 UB     =         0.0000  IMP     =         0.0000  CMAP       =       147.1241
 1-4 NB =       637.8670  1-4 EEL =      5936.4240  VDWAALS    =     15868.0027
 EELEC  =   -163056.2885  EHBOND  =         0.0000  RESTRAINT  =         0.0000
 EKCMT  =         0.0000  VIRIAL  =         0.0000  VOLUME     =    333064.9580
                                                    Density    =         1.0336
 ------------------------------------------------------------------------------


 NSTEP =   450000   TIME(PS) =    1600.000  TEMP(K) =   301.05  PRESS =     0.0
 Etot   =   -116688.1595  EKtot   =     20578.2520  EPtot      =   -137266.4114
 BOND   =       552.9219  ANGLE   =      1521.0137  DIHED      =      1017.4050
 UB     =         0.0000  IMP     =         0.0000  CMAP       =       148.4616
 1-4 NB =       639.1650  1-4 EEL =      5892.8536  VDWAALS    =     16114.2008
 EELEC  =   -163152.4331  EHBOND  =         0.0000  RESTRAINT  =         0.0000
 EKCMT  =         0.0000  VIRIAL  =         0.0000  VOLUME     =    334308.2897
                                                    Density    =         1.0298
 ------------------------------------------------------------------------------


 NSTEP =   455000   TIME(PS) =    1610.000  TEMP(K) =   296.65  PRESS =     0.0
 Etot   =   -117229.7597  EKtot   =     20277.6172  EPtot      =   -137507.3769
 BOND   =       586.6025  ANGLE   =      1530.7198  DIHED      =      1028.6473
 UB     =         0.0000  IMP     =         0.0000  CMAP       =       154.5894
 1-4 NB =       649.4680  1-4 EEL =      5841.3366  VDWAALS    =     16256.7126
 EELEC  =   -163555.4530  EHBOND  =         0.0000  RESTRAINT  =         0.0000
 EKCMT  =         0.0000  VIRIAL  =         0.0000  VOLUME     =    333759.1795
                                                    Density    =         1.0315
 ------------------------------------------------------------------------------


 NSTEP =   460000   TIME(PS) =    1620.000  TEMP(K) =   300.94  PRESS =     0.0
 Etot   =   -116818.0710  EKtot   =     20570.8516  EPtot      =   -137388.9225
 BOND   =       563.6852  ANGLE   =      1550.9017  DIHED      =      1006.3516
 UB     =         0.0000  IMP     =         0.0000  CMAP       =       144.2258
 1-4 NB =       645.9662  1-4 EEL =      5842.2049  VDWAALS    =     16572.1482
 EELEC  =   -163714.4060  EHBOND  =         0.0000  RESTRAINT  =         0.0000
 EKCMT  =         0.0000  VIRIAL  =         0.0000  VOLUME     =    333416.5342
                                                    Density    =         1.0325
 ------------------------------------------------------------------------------


 NSTEP =   465000   TIME(PS) =    1630.000  TEMP(K) =   298.78  PRESS =     0.0
 Etot   =   -117116.8440  EKtot   =     20423.2148  EPtot      =   -137540.0589
 BOND   =       551.5080  ANGLE   =      1526.0705  DIHED      =      1007.9038
 UB     =         0.0000  IMP     =         0.0000  CMAP       =       146.1462
 1-4 NB =       643.9682  1-4 EEL =      5878.6328  VDWAALS    =     16473.1029
 EELEC  =   -163767.3913  EHBOND  =         0.0000  RESTRAINT  =         0.0000
 EKCMT  =         0.0000  VIRIAL  =         0.0000  VOLUME     =    333126.2182
                                                    Density    =         1.0334
 ------------------------------------------------------------------------------


 NSTEP =   470000   TIME(PS) =    1640.000  TEMP(K) =   299.15  PRESS =     0.0
 Etot   =   -116975.4617  EKtot   =     20448.0723  EPtot      =   -137423.5340
 BOND   =       578.0975  ANGLE   =      1526.7544  DIHED      =      1001.0928
 UB     =         0.0000  IMP     =         0.0000  CMAP       =       144.8431
 1-4 NB =       647.6495  1-4 EEL =      5827.4557  VDWAALS    =     16268.9350
 EELEC  =   -163418.3619  EHBOND  =         0.0000  RESTRAINT  =         0.0000
 EKCMT  =         0.0000  VIRIAL  =         0.0000  VOLUME     =    334437.5826
                                                    Density    =         1.0294
 ------------------------------------------------------------------------------


 NSTEP =   475000   TIME(PS) =    1650.000  TEMP(K) =   299.35  PRESS =     0.0
 Etot   =   -117056.4656  EKtot   =     20462.0449  EPtot      =   -137518.5105
 BOND   =       533.6277  ANGLE   =      1525.3357  DIHED      =       998.7186
 UB     =         0.0000  IMP     =         0.0000  CMAP       =       129.4238
 1-4 NB =       670.8719  1-4 EEL =      5890.4872  VDWAALS    =     16349.7922
 EELEC  =   -163616.7677  EHBOND  =         0.0000  RESTRAINT  =         0.0000
 EKCMT  =         0.0000  VIRIAL  =         0.0000  VOLUME     =    333842.3749
                                                    Density    =         1.0312
 ------------------------------------------------------------------------------


 NSTEP =   480000   TIME(PS) =    1660.000  TEMP(K) =   299.87  PRESS =     0.0
 Etot   =   -116822.9030  EKtot   =     20497.3906  EPtot      =   -137320.2936
 BOND   =       566.4187  ANGLE   =      1554.9715  DIHED      =       978.1120
 UB     =         0.0000  IMP     =         0.0000  CMAP       =       145.6571
 1-4 NB =       653.0747  1-4 EEL =      5881.9932  VDWAALS    =     16374.5674
 EELEC  =   -163475.0882  EHBOND  =         0.0000  RESTRAINT  =         0.0000
 EKCMT  =         0.0000  VIRIAL  =         0.0000  VOLUME     =    334123.0373
                                                    Density    =         1.0303
 ------------------------------------------------------------------------------


 NSTEP =   485000   TIME(PS) =    1670.000  TEMP(K) =   299.00  PRESS =     0.0
 Etot   =   -117187.4036  EKtot   =     20438.0508  EPtot      =   -137625.4544
 BOND   =       566.6321  ANGLE   =      1496.0928  DIHED      =      1011.8248
 UB     =         0.0000  IMP     =         0.0000  CMAP       =       142.9725
 1-4 NB =       651.8212  1-4 EEL =      5896.5455  VDWAALS    =     16605.5165
 EELEC  =   -163996.8599  EHBOND  =         0.0000  RESTRAINT  =         0.0000
 EKCMT  =         0.0000  VIRIAL  =         0.0000  VOLUME     =    333664.6878
                                                    Density    =         1.0318
 ------------------------------------------------------------------------------


 NSTEP =   490000   TIME(PS) =    1680.000  TEMP(K) =   300.61  PRESS =     0.0
 Etot   =   -116682.8256  EKtot   =     20548.3359  EPtot      =   -137231.1616
 BOND   =       571.2520  ANGLE   =      1545.3961  DIHED      =      1011.1971
 UB     =         0.0000  IMP     =         0.0000  CMAP       =       135.0929
 1-4 NB =       655.5245  1-4 EEL =      5868.6474  VDWAALS    =     16214.0696
 EELEC  =   -163232.3411  EHBOND  =         0.0000  RESTRAINT  =         0.0000
 EKCMT  =         0.0000  VIRIAL  =         0.0000  VOLUME     =    334211.8942
                                                    Density    =         1.0301
 ------------------------------------------------------------------------------


 NSTEP =   495000   TIME(PS) =    1690.000  TEMP(K) =   302.33  PRESS =     0.0
 Etot   =   -116890.8866  EKtot   =     20665.6504  EPtot      =   -137556.5370
 BOND   =       520.0091  ANGLE   =      1513.3006  DIHED      =       992.0127
 UB     =         0.0000  IMP     =         0.0000  CMAP       =       138.1782
 1-4 NB =       636.7178  1-4 EEL =      5864.0711  VDWAALS    =     16213.5778
 EELEC  =   -163434.4041  EHBOND  =         0.0000  RESTRAINT  =         0.0000
 EKCMT  =         0.0000  VIRIAL  =         0.0000  VOLUME     =    332970.8227
                                                    Density    =         1.0339
 ------------------------------------------------------------------------------


 NSTEP =   500000   TIME(PS) =    1700.000  TEMP(K) =   302.07  PRESS =     0.0
 Etot   =   -116774.4600  EKtot   =     20647.7832  EPtot      =   -137422.2432
 BOND   =       556.2879  ANGLE   =      1546.2536  DIHED      =       985.8483
 UB     =         0.0000  IMP     =         0.0000  CMAP       =       145.8338
 1-4 NB =       647.3272  1-4 EEL =      5805.7834  VDWAALS    =     16569.4633
 EELEC  =   -163679.0408  EHBOND  =         0.0000  RESTRAINT  =         0.0000
 EKCMT  =         0.0000  VIRIAL  =         0.0000  VOLUME     =    332623.5161
                                                    Density    =         1.0350
 ------------------------------------------------------------------------------


      A V E R A G E S   O V E R     100 S T E P S


 NSTEP =   500000   TIME(PS) =    1700.000  TEMP(K) =   300.13  PRESS =     0.0
 Etot   =   -116913.2254  EKtot   =     20515.4314  EPtot      =   -137428.6568
 BOND   =       566.1254  ANGLE   =      1521.0547  DIHED      =      1005.0340
 UB     =         0.0000  IMP     =         0.0000  CMAP       =       143.4023
 1-4 NB =       646.4953  1-4 EEL =      5877.2644  VDWAALS    =     16373.0528
 EELEC  =   -163561.0857  EHBOND  =         0.0000  RESTRAINT  =         0.0000
 EKCMT  =         0.0000  VIRIAL  =         0.0000  VOLUME     =    333718.9648
                                                    Density    =         1.0316
 ------------------------------------------------------------------------------


      R M S  F L U C T U A T I O N S


 NSTEP =   500000   TIME(PS) =    1700.000  TEMP(K) =     1.64  PRESS =     0.0
 Etot   =       207.0716  EKtot   =       112.1699  EPtot      =       164.0391
 BOND   =        18.6360  ANGLE   =        26.5881  DIHED      =        15.0200
 UB     =         0.0000  IMP     =         0.0000  CMAP       =         5.5891
 1-4 NB =        10.3188  1-4 EEL =        30.0692  VDWAALS    =       207.4987
 EELEC  =       295.6857  EHBOND  =         0.0000  RESTRAINT  =         0.0000
 EKCMT  =         0.0000  VIRIAL  =         0.0000  VOLUME     =       710.4403
                                                    Density    =         0.0022
 ------------------------------------------------------------------------------

| MC Barostat:       5000 volume changes attempted.
| MC Barostat:       1322 changes successful ( 26.44%)
 ------------------------------------------------------------------------------

--------------------------------------------------------------------------------
   5.  TIMINGS
--------------------------------------------------------------------------------

|  NonSetup CPU Time in Major Routines:
|
|     Routine           Sec        %
|     ------------------------------
|     Nonbond          22.46   12.22
|     Bond              0.00    0.00
|     Angle             0.00    0.00
|     Dihedral          0.00    0.00
|     Shake             2.11    1.15
|     RunMD           154.82   84.25
|     Other             4.38    2.39
|     ------------------------------
|     Total           183.77

|  PME Nonbond Pairlist CPU Time:
|
|     Routine              Sec        %
|     ---------------------------------
|     Set Up Cit           0.00    0.00
|     Build List           0.00    0.00
|     ---------------------------------
|     Total                0.00    0.00

|  PME Direct Force CPU Time:
|
|     Routine              Sec        %
|     ---------------------------------
|     NonBonded Calc       0.00    0.00
|     Exclude Masked       0.00    0.00
|     Other                0.66    0.36
|     ---------------------------------
|     Total                0.66    0.36

|  PME Reciprocal Force CPU Time:
|
|     Routine              Sec        %
|     ---------------------------------
|     1D bspline           0.00    0.00
|     Grid Charges         0.00    0.00
|     Scalar Sum           0.00    0.00
|     Gradient Sum         0.00    0.00
|     FFT                  0.00    0.00
|     ---------------------------------
|     Total                0.00    0.00

|  Final Performance Info:
|     -----------------------------------------------------
|     Average timings for last       1 steps:
|     Elapsed(s) =       0.00 Per Step(ms) =       3.37
|         ns/day =      51.34   seconds/ns =    1682.98
|
|     Average timings for all steps:
|     Elapsed(s) =     184.15 Per Step(ms) =       0.37
|         ns/day =     469.19   seconds/ns =     184.15
|     -----------------------------------------------------

|  Setup CPU time:            0.50 seconds
|  NonSetup CPU time:       183.77 seconds
|  Total CPU time:          184.28 seconds     0.05 hours

|  Setup wall time:           1    seconds
|  NonSetup wall time:      184    seconds
|  Total wall time:         185    seconds     0.05 hours
