
          -------------------------------------------------------
          Amber 22 PMEMD                              2022
          -------------------------------------------------------

| PMEMD implementation of SANDER, Release 22

|  Compiled date/time: Thu Apr 14 11:06:37 2022
| Run on 09/01/2026 at 13:56:28

|   Executable path: pmemd.cuda
| Working directory: /bigdata/cutlerlab/jjaco081/PYR1_pocket_expansion/data/posecheck/mandi_predicted/rep2
|          Hostname: gpu10

  [-O]verwriting output

File Assignments:
|   MDIN: min2.in                                                               
|  MDOUT: min2.out                                                              
| INPCRD: min1.rst7                                                             
|   PARM: /bigdata/cutlerlab/jjaco081/PYR1_pocket_expansion/data/posecheck/mandi
| RESTRT: min2.rst7                                                             
|   REFC: refc                                                                  
|  MDVEL: mdvel                                                                 
|   MDEN: mden                                                                  
|  MDCRD: min2.nc                                                               
| MDINFO: min2.info                                                             
|  MDFRC: mdfrc                                                                 


 Here is the input file:

minimisation 2, unrestrained                                                   
 &cntrl                                                                        
  imin=1, maxcyc=5000, ncyc=2500,                                              
  ntb=1, cut=10.0, ntr=0,                                                      
 /                                                                             


Note: ig = -1. Setting random seed to   174813 based on wallclock time in 
      microseconds.
| irandom = 1, using AMBER's internal random number generator (default).
 
|--------------------- INFORMATION ----------------------
| GPU (CUDA) Version of PMEMD in use: NVIDIA GPU IN USE.
|                    Version 18.0.0
| 
|                      03/25/2018
| 
| Implementation by:
|                    Ross C. Walker     (SDSC)
|                    Scott Le Grand     (nVIDIA)
| 
| Version 18 performance extensions by:
|                    David Cerutti     (Rutgers)
| 
| Precision model in use:
|      [SPFP] - Single Precision Forces, 64-bit Fixed Point
|               Accumulation. (Default)
| 
|--------------------------------------------------------
 
|----------------- CITATION INFORMATION -----------------
|
|    When publishing work that utilized the CUDA version
|    of AMBER, please cite the following in addition to
|    the regular AMBER citations:
|
|  - Romelia Salomon-Ferrer; Andreas W. Goetz; Duncan
|    Poole; Scott Le Grand; Ross C. Walker "Routine
|    microsecond molecular dynamics simulations with
|    AMBER - Part II: Particle Mesh Ewald", J. Chem.
|    Theory Comput., 2013, 9 (9), pp3878-3888,
|    DOI: 10.1021/ct400314y.
|
|  - Andreas W. Goetz; Mark J. Williamson; Dong Xu;
|    Duncan Poole; Scott Le Grand; Ross C. Walker
|    "Routine microsecond molecular dynamics simulations
|    with AMBER - Part I: Generalized Born", J. Chem.
|    Theory Comput., 2012, 8 (5), pp1542-1555.
|
|  - Scott Le Grand; Andreas W. Goetz; Ross C. Walker
|    "SPFP: Speed without compromise - a mixed precision
|    model for GPU accelerated molecular dynamics
|    simulations.", Comp. Phys. Comm., 2013, 184
|    pp374-380, DOI: 10.1016/j.cpc.2012.09.022
|
|--------------------------------------------------------
 
|------------------- GPU DEVICE INFO --------------------
|
|            CUDA_VISIBLE_DEVICES: 0
|   CUDA Capable Devices Detected:      1
|           CUDA Device ID in use:      0
|                CUDA Device Name: NVIDIA RTX 6000 Ada Generation
|     CUDA Device Global Mem Size:  48510 MB
| CUDA Device Num Multiprocessors:    142
|           CUDA Device Core Freq:   2.50 GHz
|
|--------------------------------------------------------
 
 
| Conditional Compilation Defines Used:
| PUBFFT
| BINTRAJ
| CUDA
| EMIL

| Largest sphere to fit in unit cell has radius =    32.308

| New format PARM file being parsed.
| Version =    1.000 Date = 09/01/26 Time = 11:34:09

| Note: 1-4 EEL scale factors are being read from the topology file.

| Note: 1-4 VDW scale factors are being read from the topology file.
| INFO:    Virtual site frames will be inferred from bonding patterns.
| Duplicated    0 dihedrals

| Duplicated    0 dihedrals

--------------------------------------------------------------------------------
   1.  RESOURCE   USE: 
--------------------------------------------------------------------------------

 getting box info from netcdf restart file
 NATOM  =   43858 NTYPES =      30 NBONH =   32110 MBONA  =   11715
 NTHETH =    3266 MTHETA =    2018 NPHIH =    6640 MPHIA  =    6378
 NHPARM =       0 NPARM  =       0 NNB   =   87608 NRES   =   10464
 NBONA  =   11715 NTHETA =    2018 NPHIA =    6378 NUMBND =      96
 NUMANG =     212 NPTRA  =     219 NATYP =      53 NPHB   =       0
 IFBOX  =       2 NMXRS  =      56 IFCAP =       0 NEXTRA =   10223
 NCOPY  =       0


| Coordinate Index Table dimensions:    12   12   12
| Direct force subcell size =     6.5948    6.5948    6.5948

     BOX TYPE: TRUNCATED OCTAHEDRON

--------------------------------------------------------------------------------
   2.  CONTROL  DATA  FOR  THE  RUN
--------------------------------------------------------------------------------

default_name                                                                    

General flags:
     imin    =       1, nmropt  =       0

Nature and format of input:
     ntx     =       1, irest   =       0, ntrx    =       1

Nature and format of output:
     ntxo    =       2, ntpr    =      50, ntrx    =       1, ntwr    =       1
     iwrap   =       0, ntwx    =       0, ntwv    =       0, ntwe    =       0
     ioutfm  =       1, ntwprt  =       0, idecomp =       0, rbornstat=      0

Potential function:
     ntf     =       1, ntb     =       1, igb     =       0, nsnb    =      25
     ipol    =       0, gbsa    =       0, iesp    =       0
     dielc   =   1.00000, cut     =  10.00000, intdiel =   1.00000

Frozen or restrained atoms:
     ibelly  =       0, ntr     =       0

Energy minimization:
     maxcyc  =    5000, ncyc    =    2500, ntmin   =       1
     dx0     =   0.01000, drms    =   0.00010

| Intermolecular bonds treatment:
|     no_intermolecular_bonds =       1

| Energy averages sample interval:
|     ene_avg_sampling =       1

Extra-points options:
     frameon =       1, chngmask=       1

Ewald parameters:
     verbose =       0, ew_type =       0, nbflag  =       1, use_pme =       1
     vdwmeth =       1, eedmeth =       1, netfrc  =       0
     Box X =   79.137   Box Y =   79.137   Box Z =   79.137
     Alpha =  109.471   Beta  =  109.471   Gamma =  109.471
     NFFT1 =   80       NFFT2 =   80       NFFT3 =   80
     Cutoff=   10.000   Tol   =0.100E-04
     Ewald Coefficient =  0.27511
     Interpolation order =    4
|      EXTRA_PTS, trim_bonds: num bonds BEFORE trim = 32110     0
|      EXTRA_PTS, trim_bonds: num bonds AFTER  trim = 32110     0
|      EXTRA_PTS, trim_bonds: num bonds BEFORE trim = 11715     0
|      EXTRA_PTS, trim_bonds: num bonds AFTER  trim =  1492     0
|      EXTRA_PTS, trim_theta: num angle BEFORE trim =  3266     0
|      EXTRA_PTS, trim_theta: num angle AFTER  trim =  3266     0
|      EXTRA_PTS, trim_theta: num angle BEFORE trim =  2018     0
|      EXTRA_PTS, trim_theta: num angle AFTER  trim =  2018     0
|      EXTRA_PTS, trim_phi:  num diheds BEFORE trim =  6640     0
|      EXTRA_PTS, trim_phi:  num diheds AFTER  trim =  6640     0
|      EXTRA_PTS, trim_phi:  num diheds BEFORE trim =  6378     0
|      EXTRA_PTS, trim_phi:  num diheds AFTER  trim =  6378     0

--------------------------------------------------------------------------------
   3.  ATOMIC COORDINATES AND VELOCITIES
--------------------------------------------------------------------------------

default_name                                                                    
 begin time read from input coords =     0.000 ps

 
 Number of triangulated 3-point waters found:    10223

     Sum of charges from parm topology file =   0.00205605
     Forcing neutrality...

| Dynamic Memory, Types Used:
| Reals             1206093
| Integers          4235172

| Nonbonded Pairs Initial Allocation:    13265948

| GPU memory information (estimate):
| KB of GPU memory in use:    291496
| KB of CPU memory in use:    102496

--------------------------------------------------------------------------------
   4.  RESULTS
--------------------------------------------------------------------------------



   NSTEP       ENERGY          RMS            GMAX         NAME    NUMBER
      1      -1.8565E+05     3.1870E-01     3.0660E+01     C        1089

 BOND    =    34896.6294  ANGLE   =      446.9822  DIHED      =      745.8702
 UB      =        0.0000  IMP     =        0.0000  CMAP       =      157.5996
 VDWAALS =    40100.6304  EEL     =  -268614.0718  HBOND      =        0.0000
 1-4 VDW =      609.3022  1-4 EEL =     6011.0129  RESTRAINT  =        0.0000


   NSTEP       ENERGY          RMS            GMAX         NAME    NUMBER
     50      -1.8574E+05     3.3280E-01     1.8778E+01     H1      37136

 BOND    =    34901.0047  ANGLE   =      449.4876  DIHED      =      743.5519
 UB      =        0.0000  IMP     =        0.0000  CMAP       =      156.4371
 VDWAALS =    40110.0802  EEL     =  -268672.8466  HBOND      =        0.0000
 1-4 VDW =      588.6687  1-4 EEL =     5987.0279  RESTRAINT  =        0.0000


   NSTEP       ENERGY          RMS            GMAX         NAME    NUMBER
    100      -1.8578E+05     1.6838E-01     8.5511E+00     H1      37136

 BOND    =    34905.9560  ANGLE   =      447.3959  DIHED      =      743.9600
 UB      =        0.0000  IMP     =        0.0000  CMAP       =      155.5281
 VDWAALS =    40117.6775  EEL     =  -268710.4674  HBOND      =        0.0000
 1-4 VDW =      581.8532  1-4 EEL =     5978.1198  RESTRAINT  =        0.0000


   NSTEP       ENERGY          RMS            GMAX         NAME    NUMBER
    150      -1.8581E+05     9.6038E-02     4.2255E+00     OE2      2238

 BOND    =    34910.0027  ANGLE   =      445.6851  DIHED      =      744.8205
 UB      =        0.0000  IMP     =        0.0000  CMAP       =      154.6601
 VDWAALS =    40124.6298  EEL     =  -268741.4044  HBOND      =        0.0000
 1-4 VDW =      577.6689  1-4 EEL =     5972.2298  RESTRAINT  =        0.0000


   NSTEP       ENERGY          RMS            GMAX         NAME    NUMBER
    200      -1.8584E+05     1.2317E-01     1.4157E+01     C1       2850

 BOND    =    34914.6559  ANGLE   =      443.8160  DIHED      =      745.9909
 UB      =        0.0000  IMP     =        0.0000  CMAP       =      153.8558
 VDWAALS =    40131.4140  EEL     =  -268769.8567  HBOND      =        0.0000
 1-4 VDW =      574.6106  1-4 EEL =     5967.6294  RESTRAINT  =        0.0000


   NSTEP       ENERGY          RMS            GMAX         NAME    NUMBER
    250      -1.8586E+05     2.6208E-01     1.8029E+01     C1       2850

 BOND    =    34919.9380  ANGLE   =      442.0207  DIHED      =      747.2444
 UB      =        0.0000  IMP     =        0.0000  CMAP       =      153.2240
 VDWAALS =    40137.9446  EEL     =  -268795.9120  HBOND      =        0.0000
 1-4 VDW =      572.2875  1-4 EEL =     5963.8363  RESTRAINT  =        0.0000


   NSTEP       ENERGY          RMS            GMAX         NAME    NUMBER
    300      -1.8588E+05     1.5557E-01     9.5123E+00     C1       2850

 BOND    =    34923.0870  ANGLE   =      440.2227  DIHED      =      748.4675
 UB      =        0.0000  IMP     =        0.0000  CMAP       =      152.7528
 VDWAALS =    40144.5977  EEL     =  -268820.5410  HBOND      =        0.0000
 1-4 VDW =      570.3502  1-4 EEL =     5960.5083  RESTRAINT  =        0.0000


   NSTEP       ENERGY          RMS            GMAX         NAME    NUMBER
    350      -1.8590E+05     6.9786E-02     2.0810E+00     O        1090

 BOND    =    34926.5318  ANGLE   =      438.6374  DIHED      =      749.6061
 UB      =        0.0000  IMP     =        0.0000  CMAP       =      152.4141
 VDWAALS =    40150.8145  EEL     =  -268842.9692  HBOND      =        0.0000
 1-4 VDW =      568.7765  1-4 EEL =     5957.5728  RESTRAINT  =        0.0000


   NSTEP       ENERGY          RMS            GMAX         NAME    NUMBER
    400      -1.8592E+05     9.7660E-02     8.8816E+00     C1       2850

 BOND    =    34930.2267  ANGLE   =      437.0229  DIHED      =      750.6981
 UB      =        0.0000  IMP     =        0.0000  CMAP       =      152.1454
 VDWAALS =    40156.9898  EEL     =  -268864.7502  HBOND      =        0.0000
 1-4 VDW =      567.4217  1-4 EEL =     5954.8953  RESTRAINT  =        0.0000


   NSTEP       ENERGY          RMS            GMAX         NAME    NUMBER
    450      -1.8593E+05     1.8246E-01     9.1963E+00     H1      37136

 BOND    =    34934.1775  ANGLE   =      435.3553  DIHED      =      751.7154
 UB      =        0.0000  IMP     =        0.0000  CMAP       =      151.9177
 VDWAALS =    40163.1026  EEL     =  -268885.6031  HBOND      =        0.0000
 1-4 VDW =      566.2385  1-4 EEL =     5952.4000  RESTRAINT  =        0.0000


   NSTEP       ENERGY          RMS            GMAX         NAME    NUMBER
    500      -1.8595E+05     6.2054E-02     3.0382E+00     C1       2850

 BOND    =    34936.5655  ANGLE   =      433.7713  DIHED      =      752.5702
 UB      =        0.0000  IMP     =        0.0000  CMAP       =      151.7237
 VDWAALS =    40168.7906  EEL     =  -268904.9560  HBOND      =        0.0000
 1-4 VDW =      565.2456  1-4 EEL =     5950.2258  RESTRAINT  =        0.0000


   NSTEP       ENERGY          RMS            GMAX         NAME    NUMBER
    550      -1.8596E+05     1.7664E-01     2.6709E+01     C1       2850

 BOND    =    34939.9225  ANGLE   =      432.2833  DIHED      =      753.3033
 UB      =        0.0000  IMP     =        0.0000  CMAP       =      151.5382
 VDWAALS =    40174.1559  EEL     =  -268924.1429  HBOND      =        0.0000
 1-4 VDW =      564.3741  1-4 EEL =     5948.2426  RESTRAINT  =        0.0000


   NSTEP       ENERGY          RMS            GMAX         NAME    NUMBER
    600      -1.8597E+05     5.8776E-02     3.5626E+00     O       23411

 BOND    =    34942.3772  ANGLE   =      431.0436  DIHED      =      753.8923
 UB      =        0.0000  IMP     =        0.0000  CMAP       =      151.3595
 VDWAALS =    40178.7898  EEL     =  -268942.0604  HBOND      =        0.0000
 1-4 VDW =      563.5907  1-4 EEL =     5946.5391  RESTRAINT  =        0.0000


   NSTEP       ENERGY          RMS            GMAX         NAME    NUMBER
    650      -1.8599E+05     1.5295E-01     1.6751E+01     C1       2850

 BOND    =    34945.6337  ANGLE   =      429.9865  DIHED      =      754.4194
 UB      =        0.0000  IMP     =        0.0000  CMAP       =      151.1657
 VDWAALS =    40183.2335  EEL     =  -268960.2181  HBOND      =        0.0000
 1-4 VDW =      562.8726  1-4 EEL =     5944.9539  RESTRAINT  =        0.0000


   NSTEP       ENERGY          RMS            GMAX         NAME    NUMBER
    700      -1.8600E+05     2.0325E-01     9.6924E+00     H1      37136

 BOND    =    34948.8360  ANGLE   =      429.1602  DIHED      =      754.8981
 UB      =        0.0000  IMP     =        0.0000  CMAP       =      150.9558
 VDWAALS =    40187.3769  EEL     =  -268977.7059  HBOND      =        0.0000
 1-4 VDW =      562.1780  1-4 EEL =     5943.5152  RESTRAINT  =        0.0000


   NSTEP       ENERGY          RMS            GMAX         NAME    NUMBER
    750      -1.8601E+05     1.4892E-01     3.2492E+01     C1       2850

 BOND    =    34950.6220  ANGLE   =      428.5749  DIHED      =      755.3421
 UB      =        0.0000  IMP     =        0.0000  CMAP       =      150.7459
 VDWAALS =    40191.3622  EEL     =  -268994.0079  HBOND      =        0.0000
 1-4 VDW =      561.5616  1-4 EEL =     5942.2580  RESTRAINT  =        0.0000


   NSTEP       ENERGY          RMS            GMAX         NAME    NUMBER
    800      -1.8603E+05     6.3787E-02     8.0901E+00     C1       2850

 BOND    =    34952.5948  ANGLE   =      428.1798  DIHED      =      755.7650
 UB      =        0.0000  IMP     =        0.0000  CMAP       =      150.5467
 VDWAALS =    40194.8436  EEL     =  -269009.3142  HBOND      =        0.0000
 1-4 VDW =      560.9523  1-4 EEL =     5941.1627  RESTRAINT  =        0.0000


   NSTEP       ENERGY          RMS            GMAX         NAME    NUMBER
    850      -1.8604E+05     1.3118E-01     2.8692E+01     C1       2850

 BOND    =    34955.1031  ANGLE   =      427.8336  DIHED      =      756.1955
 UB      =        0.0000  IMP     =        0.0000  CMAP       =      150.3546
 VDWAALS =    40198.7420  EEL     =  -269025.1592  HBOND      =        0.0000
 1-4 VDW =      560.3924  1-4 EEL =     5940.1124  RESTRAINT  =        0.0000


   NSTEP       ENERGY          RMS            GMAX         NAME    NUMBER
    900      -1.8605E+05     5.5818E-02     5.9175E+00     C1       2850

 BOND    =    34957.2866  ANGLE   =      427.4160  DIHED      =      756.6096
 UB      =        0.0000  IMP     =        0.0000  CMAP       =      150.1782
 VDWAALS =    40203.0196  EEL     =  -269040.5403  HBOND      =        0.0000
 1-4 VDW =      559.9626  1-4 EEL =     5939.1022  RESTRAINT  =        0.0000


   NSTEP       ENERGY          RMS            GMAX         NAME    NUMBER
    950      -1.8606E+05     1.1054E-01     2.3481E+01     C1       2850

 BOND    =    34959.7838  ANGLE   =      426.9929  DIHED      =      757.0195
 UB      =        0.0000  IMP     =        0.0000  CMAP       =      150.0148
 VDWAALS =    40206.9340  EEL     =  -269054.6422  HBOND      =        0.0000
 1-4 VDW =      559.5970  1-4 EEL =     5938.1288  RESTRAINT  =        0.0000


   NSTEP       ENERGY          RMS            GMAX         NAME    NUMBER
   1000      -1.8606E+05     1.5963E-01     3.6099E+01     C1       2850

 BOND    =    34962.1028  ANGLE   =      426.6401  DIHED      =      757.4276
 UB      =        0.0000  IMP     =        0.0000  CMAP       =      149.8687
 VDWAALS =    40210.3210  EEL     =  -269067.5389  HBOND      =        0.0000
 1-4 VDW =      559.2722  1-4 EEL =     5937.2288  RESTRAINT  =        0.0000


   NSTEP       ENERGY          RMS            GMAX         NAME    NUMBER
   1050      -1.8607E+05     6.8067E-02     1.1779E+01     C1       2850

 BOND    =    34963.8916  ANGLE   =      426.3565  DIHED      =      757.8587
 UB      =        0.0000  IMP     =        0.0000  CMAP       =      149.7311
 VDWAALS =    40213.5821  EEL     =  -269080.7129  HBOND      =        0.0000
 1-4 VDW =      558.9237  1-4 EEL =     5936.3454  RESTRAINT  =        0.0000


   NSTEP       ENERGY          RMS            GMAX         NAME    NUMBER
   1100      -1.8608E+05     1.4370E-01     3.2560E+01     C1       2850

 BOND    =    34966.1795  ANGLE   =      426.1433  DIHED      =      758.2763
 UB      =        0.0000  IMP     =        0.0000  CMAP       =      149.6049
 VDWAALS =    40216.9115  EEL     =  -269093.8012  HBOND      =        0.0000
 1-4 VDW =      558.6013  1-4 EEL =     5935.4666  RESTRAINT  =        0.0000


   NSTEP       ENERGY          RMS            GMAX         NAME    NUMBER
   1150      -1.8609E+05     2.0068E-01     4.6809E+01     C1       2850

 BOND    =    34968.4094  ANGLE   =      425.9942  DIHED      =      758.5982
 UB      =        0.0000  IMP     =        0.0000  CMAP       =      149.4924
 VDWAALS =    40220.2349  EEL     =  -269106.3039  HBOND      =        0.0000
 1-4 VDW =      558.2949  1-4 EEL =     5934.6082  RESTRAINT  =        0.0000


   NSTEP       ENERGY          RMS            GMAX         NAME    NUMBER
   1200      -1.8610E+05     1.1809E-01     2.6002E+01     C1       2850

 BOND    =    34969.8745  ANGLE   =      425.8567  DIHED      =      758.7951
 UB      =        0.0000  IMP     =        0.0000  CMAP       =      149.3855
 VDWAALS =    40223.7576  EEL     =  -269118.6123  HBOND      =        0.0000
 1-4 VDW =      558.0316  1-4 EEL =     5933.7124  RESTRAINT  =        0.0000


   NSTEP       ENERGY          RMS            GMAX         NAME    NUMBER
   1250      -1.8611E+05     4.5486E-02     2.7869E+00     C1       2850

 BOND    =    34971.6012  ANGLE   =      425.7310  DIHED      =      758.8720
 UB      =        0.0000  IMP     =        0.0000  CMAP       =      149.2861
 VDWAALS =    40227.1388  EEL     =  -269130.3217  HBOND      =        0.0000
 1-4 VDW =      557.7286  1-4 EEL =     5932.8625  RESTRAINT  =        0.0000


   NSTEP       ENERGY          RMS            GMAX         NAME    NUMBER
   1300      -1.8611E+05     5.8302E-02     9.3592E+00     C1       2850

 BOND    =    34973.5181  ANGLE   =      425.5983  DIHED      =      758.8980
 UB      =        0.0000  IMP     =        0.0000  CMAP       =      149.1920
 VDWAALS =    40230.5352  EEL     =  -269142.1832  HBOND      =        0.0000
 1-4 VDW =      557.4522  1-4 EEL =     5932.0512  RESTRAINT  =        0.0000


   NSTEP       ENERGY          RMS            GMAX         NAME    NUMBER
   1350      -1.8612E+05     1.4411E-01     3.3052E+01     C1       2850

 BOND    =    34975.7671  ANGLE   =      425.4711  DIHED      =      758.9058
 UB      =        0.0000  IMP     =        0.0000  CMAP       =      149.1006
 VDWAALS =    40233.9863  EEL     =  -269153.9450  HBOND      =        0.0000
 1-4 VDW =      557.1786  1-4 EEL =     5931.2673  RESTRAINT  =        0.0000


   NSTEP       ENERGY          RMS            GMAX         NAME    NUMBER
   1400      -1.8613E+05     4.4846E-02     2.7289E+00     C1       2850

 BOND    =    34977.3856  ANGLE   =      425.3535  DIHED      =      758.9129
 UB      =        0.0000  IMP     =        0.0000  CMAP       =      149.0146
 VDWAALS =    40237.4239  EEL     =  -269165.4658  HBOND      =        0.0000
 1-4 VDW =      556.9527  1-4 EEL =     5930.5179  RESTRAINT  =        0.0000


   NSTEP       ENERGY          RMS            GMAX         NAME    NUMBER
   1450      -1.8614E+05     1.2147E-01     2.7166E+01     C1       2850

 BOND    =    34979.6673  ANGLE   =      425.2538  DIHED      =      758.9197
 UB      =        0.0000  IMP     =        0.0000  CMAP       =      148.9267
 VDWAALS =    40241.1313  EEL     =  -269177.5931  HBOND      =        0.0000
 1-4 VDW =      556.7159  1-4 EEL =     5929.7446  RESTRAINT  =        0.0000


   NSTEP       ENERGY          RMS            GMAX         NAME    NUMBER
   1500      -1.8614E+05     1.8094E-01     4.2133E+01     C1       2850

 BOND    =    34982.0105  ANGLE   =      425.1811  DIHED      =      758.9297
 UB      =        0.0000  IMP     =        0.0000  CMAP       =      148.8431
 VDWAALS =    40244.7928  EEL     =  -269189.4531  HBOND      =        0.0000
 1-4 VDW =      556.4861  1-4 EEL =     5929.0045  RESTRAINT  =        0.0000


   NSTEP       ENERGY          RMS            GMAX         NAME    NUMBER
   1550      -1.8615E+05     1.0846E-01     2.4041E+01     C1       2850

 BOND    =    34983.8118  ANGLE   =      425.1399  DIHED      =      758.9382
 UB      =        0.0000  IMP     =        0.0000  CMAP       =      148.7605
 VDWAALS =    40248.4350  EEL     =  -269201.2570  HBOND      =        0.0000
 1-4 VDW =      556.2145  1-4 EEL =     5928.2799  RESTRAINT  =        0.0000


   NSTEP       ENERGY          RMS            GMAX         NAME    NUMBER
   1600      -1.8616E+05     1.7606E-01     4.1157E+01     C1       2850

 BOND    =    34986.0909  ANGLE   =      425.1168  DIHED      =      758.9522
 UB      =        0.0000  IMP     =        0.0000  CMAP       =      148.6796
 VDWAALS =    40251.7734  EEL     =  -269212.6649  HBOND      =        0.0000
 1-4 VDW =      555.9727  1-4 EEL =     5927.5639  RESTRAINT  =        0.0000


   NSTEP       ENERGY          RMS            GMAX         NAME    NUMBER
   1650      -1.8617E+05     5.4468E-02     7.9599E+00     C1       2850

 BOND    =    34987.4494  ANGLE   =      425.1042  DIHED      =      758.9714
 UB      =        0.0000  IMP     =        0.0000  CMAP       =      148.6008
 VDWAALS =    40254.7987  EEL     =  -269223.8127  HBOND      =        0.0000
 1-4 VDW =      555.7692  1-4 EEL =     5926.8613  RESTRAINT  =        0.0000


   NSTEP       ENERGY          RMS            GMAX         NAME    NUMBER
   1700      -1.8617E+05     1.2915E-01     2.9215E+01     C1       2850

 BOND    =    34989.3961  ANGLE   =      425.1148  DIHED      =      758.9899
 UB      =        0.0000  IMP     =        0.0000  CMAP       =      148.5213
 VDWAALS =    40257.5444  EEL     =  -269234.7210  HBOND      =        0.0000
 1-4 VDW =      555.5478  1-4 EEL =     5926.1578  RESTRAINT  =        0.0000


   NSTEP       ENERGY          RMS            GMAX         NAME    NUMBER
   1750      -1.8618E+05     5.2483E-02     7.2365E+00     C1       2850

 BOND    =    34990.8871  ANGLE   =      425.1521  DIHED      =      758.9969
 UB      =        0.0000  IMP     =        0.0000  CMAP       =      148.4438
 VDWAALS =    40260.2273  EEL     =  -269245.6468  HBOND      =        0.0000
 1-4 VDW =      555.3001  1-4 EEL =     5925.4770  RESTRAINT  =        0.0000


   NSTEP       ENERGY          RMS            GMAX         NAME    NUMBER
   1800      -1.8619E+05     1.1208E-01     2.5074E+01     C1       2850

 BOND    =    34992.8253  ANGLE   =      425.2046  DIHED      =      758.9801
 UB      =        0.0000  IMP     =        0.0000  CMAP       =      148.3654
 VDWAALS =    40263.2522  EEL     =  -269256.8725  HBOND      =        0.0000
 1-4 VDW =      555.0627  1-4 EEL =     5924.7905  RESTRAINT  =        0.0000


   NSTEP       ENERGY          RMS            GMAX         NAME    NUMBER
   1850      -1.8620E+05     1.6136E-01     3.7654E+01     C1       2850

 BOND    =    34994.8884  ANGLE   =      425.2651  DIHED      =      758.9341
 UB      =        0.0000  IMP     =        0.0000  CMAP       =      148.2881
 VDWAALS =    40266.5195  EEL     =  -269267.9911  HBOND      =        0.0000
 1-4 VDW =      554.8388  1-4 EEL =     5924.1141  RESTRAINT  =        0.0000


   NSTEP       ENERGY          RMS            GMAX         NAME    NUMBER
   1900      -1.8620E+05     4.3558E-02     3.5557E+00     C1       2850

 BOND    =    34996.3046  ANGLE   =      425.3192  DIHED      =      758.8748
 UB      =        0.0000  IMP     =        0.0000  CMAP       =      148.2119
 VDWAALS =    40269.6714  EEL     =  -269278.7053  HBOND      =        0.0000
 1-4 VDW =      554.6549  1-4 EEL =     5923.4547  RESTRAINT  =        0.0000


   NSTEP       ENERGY          RMS            GMAX         NAME    NUMBER
   1950      -1.8621E+05     1.3951E-01     3.2119E+01     C1       2850

 BOND    =    34998.4351  ANGLE   =      425.3805  DIHED      =      758.8021
 UB      =        0.0000  IMP     =        0.0000  CMAP       =      148.1293
 VDWAALS =    40272.9238  EEL     =  -269289.5142  HBOND      =        0.0000
 1-4 VDW =      554.4626  1-4 EEL =     5922.7782  RESTRAINT  =        0.0000


   NSTEP       ENERGY          RMS            GMAX         NAME    NUMBER
   2000      -1.8622E+05     4.2525E-02     2.8796E+00     C1       2850

 BOND    =    35000.0222  ANGLE   =      425.4470  DIHED      =      758.7211
 UB      =        0.0000  IMP     =        0.0000  CMAP       =      148.0467
 VDWAALS =    40276.0469  EEL     =  -269299.9262  HBOND      =        0.0000
 1-4 VDW =      554.2523  1-4 EEL =     5922.1407  RESTRAINT  =        0.0000


   NSTEP       ENERGY          RMS            GMAX         NAME    NUMBER
   2050      -1.8622E+05     1.1928E-01     2.7062E+01     C1       2850

 BOND    =    35002.2036  ANGLE   =      425.5130  DIHED      =      758.6267
 UB      =        0.0000  IMP     =        0.0000  CMAP       =      147.9585
 VDWAALS =    40279.4084  EEL     =  -269311.2044  HBOND      =        0.0000
 1-4 VDW =      554.0508  1-4 EEL =     5921.4857  RESTRAINT  =        0.0000


   NSTEP       ENERGY          RMS            GMAX         NAME    NUMBER
   2100      -1.8623E+05     1.7163E-01     4.0257E+01     C1       2850

 BOND    =    35004.4459  ANGLE   =      425.5715  DIHED      =      758.5241
 UB      =        0.0000  IMP     =        0.0000  CMAP       =      147.8721
 VDWAALS =    40282.8867  EEL     =  -269322.4083  HBOND      =        0.0000
 1-4 VDW =      553.8714  1-4 EEL =     5920.8551  RESTRAINT  =        0.0000


   NSTEP       ENERGY          RMS            GMAX         NAME    NUMBER
   2150      -1.8624E+05     1.0376E-01     2.3039E+01     C1       2850

 BOND    =    35006.2244  ANGLE   =      425.6164  DIHED      =      758.4102
 UB      =        0.0000  IMP     =        0.0000  CMAP       =      147.7840
 VDWAALS =    40286.8406  EEL     =  -269334.2733  HBOND      =        0.0000
 1-4 VDW =      553.7378  1-4 EEL =     5920.2114  RESTRAINT  =        0.0000


   NSTEP       ENERGY          RMS            GMAX         NAME    NUMBER
   2200      -1.8624E+05     1.4806E-01     3.4443E+01     C1       2850

 BOND    =    35008.3742  ANGLE   =      425.6665  DIHED      =      758.2833
 UB      =        0.0000  IMP     =        0.0000  CMAP       =      147.6987
 VDWAALS =    40290.9956  EEL     =  -269345.3445  HBOND      =        0.0000
 1-4 VDW =      553.5881  1-4 EEL =     5919.5940  RESTRAINT  =        0.0000


   NSTEP       ENERGY          RMS            GMAX         NAME    NUMBER
   2250      -1.8625E+05     4.0807E-02     3.6860E+00     C1       2850

 BOND    =    35009.9131  ANGLE   =      425.7190  DIHED      =      758.1436
 UB      =        0.0000  IMP     =        0.0000  CMAP       =      147.6154
 VDWAALS =    40295.0833  EEL     =  -269356.0131  HBOND      =        0.0000
 1-4 VDW =      553.4199  1-4 EEL =     5918.9952  RESTRAINT  =        0.0000


   NSTEP       ENERGY          RMS            GMAX         NAME    NUMBER
   2300      -1.8625E+05     1.2620E-01     2.9160E+01     C1       2850

 BOND    =    35011.8601  ANGLE   =      425.7714  DIHED      =      757.9909
 UB      =        0.0000  IMP     =        0.0000  CMAP       =      147.5326
 VDWAALS =    40299.0287  EEL     =  -269366.3285  HBOND      =        0.0000
 1-4 VDW =      553.2599  1-4 EEL =     5918.3956  RESTRAINT  =        0.0000


   NSTEP       ENERGY          RMS            GMAX         NAME    NUMBER
   2350      -1.8626E+05     3.8691E-02     2.9697E+00     C1       2850

 BOND    =    35013.2208  ANGLE   =      425.8158  DIHED      =      757.8333
 UB      =        0.0000  IMP     =        0.0000  CMAP       =      147.4535
 VDWAALS =    40302.6889  EEL     =  -269376.0172  HBOND      =        0.0000
 1-4 VDW =      553.1330  1-4 EEL =     5917.8039  RESTRAINT  =        0.0000


   NSTEP       ENERGY          RMS            GMAX         NAME    NUMBER
   2400      -1.8626E+05     1.1700E-01     2.6834E+01     C1       2850

 BOND    =    35014.9494  ANGLE   =      425.8630  DIHED      =      757.6648
 UB      =        0.0000  IMP     =        0.0000  CMAP       =      147.3756
 VDWAALS =    40306.1009  EEL     =  -269385.3734  HBOND      =        0.0000
 1-4 VDW =      553.0014  1-4 EEL =     5917.2103  RESTRAINT  =        0.0000


   NSTEP       ENERGY          RMS            GMAX         NAME    NUMBER
   2450      -1.8627E+05     1.5862E-01     3.7281E+01     C1       2850

 BOND    =    35016.5270  ANGLE   =      425.9101  DIHED      =      757.4964
 UB      =        0.0000  IMP     =        0.0000  CMAP       =      147.3034
 VDWAALS =    40309.1412  EEL     =  -269393.9816  HBOND      =        0.0000
 1-4 VDW =      552.8700  1-4 EEL =     5916.6552  RESTRAINT  =        0.0000


   NSTEP       ENERGY          RMS            GMAX         NAME    NUMBER
   2500      -1.8627E+05     5.8941E-02     1.1282E+01     C1       2850

 BOND    =    35017.5991  ANGLE   =      425.9649  DIHED      =      757.3188
 UB      =        0.0000  IMP     =        0.0000  CMAP       =      147.2318
 VDWAALS =    40312.0070  EEL     =  -269402.4244  HBOND      =        0.0000
 1-4 VDW =      552.7085  1-4 EEL =     5916.1049  RESTRAINT  =        0.0000


   NSTEP       ENERGY          RMS            GMAX         NAME    NUMBER
   2550      -1.8636E+05     1.6315E-01     9.4397E+00     HB2       954

 BOND    =    35046.6587  ANGLE   =      427.5134  DIHED      =      754.7185
 UB      =        0.0000  IMP     =        0.0000  CMAP       =      146.2830
 VDWAALS =    40370.1914  EEL     =  -269560.1034  HBOND      =        0.0000
 1-4 VDW =      550.9678  1-4 EEL =     5907.8281  RESTRAINT  =        0.0000


   NSTEP       ENERGY          RMS            GMAX         NAME    NUMBER
   2600      -1.8638E+05     1.7550E-01     1.6897E+01     C1       2850

 BOND    =    35054.1770  ANGLE   =      427.3054  DIHED      =      752.4518
 UB      =        0.0000  IMP     =        0.0000  CMAP       =      146.2049
 VDWAALS =    40385.9874  EEL     =  -269599.9530  HBOND      =        0.0000
 1-4 VDW =      550.2109  1-4 EEL =     5907.3683  RESTRAINT  =        0.0000


   NSTEP       ENERGY          RMS            GMAX         NAME    NUMBER
   2650      -1.8640E+05     1.3847E-01     9.0198E+00     O       43299

 BOND    =    35062.3846  ANGLE   =      429.0768  DIHED      =      740.7660
 UB      =        0.0000  IMP     =        0.0000  CMAP       =      147.1253
 VDWAALS =    40404.5082  EEL     =  -269642.9251  HBOND      =        0.0000
 1-4 VDW =      550.4135  1-4 EEL =     5904.8873  RESTRAINT  =        0.0000


   NSTEP       ENERGY          RMS            GMAX         NAME    NUMBER
   2700      -1.8642E+05     1.2487E-01     8.5783E+00     H1      20620

 BOND    =    35070.1780  ANGLE   =      429.6094  DIHED      =      740.0464
 UB      =        0.0000  IMP     =        0.0000  CMAP       =      147.3990
 VDWAALS =    40423.2894  EEL     =  -269688.6693  HBOND      =        0.0000
 1-4 VDW =      550.0669  1-4 EEL =     5903.6968  RESTRAINT  =        0.0000


   NSTEP       ENERGY          RMS            GMAX         NAME    NUMBER
   2750      -1.8645E+05     1.6266E-01     2.3170E+01     CD       1577

 BOND    =    35080.2066  ANGLE   =      430.3064  DIHED      =      739.1644
 UB      =        0.0000  IMP     =        0.0000  CMAP       =      147.6544
 VDWAALS =    40444.6092  EEL     =  -269740.2676  HBOND      =        0.0000
 1-4 VDW =      549.8547  1-4 EEL =     5902.3468  RESTRAINT  =        0.0000


   NSTEP       ENERGY          RMS            GMAX         NAME    NUMBER
   2800      -1.8646E+05     1.0076E-01     1.1368E+01     C1       2850

 BOND    =    35085.8212  ANGLE   =      429.1466  DIHED      =      738.6431
 UB      =        0.0000  IMP     =        0.0000  CMAP       =      147.7800
 VDWAALS =    40454.9967  EEL     =  -269770.1765  HBOND      =        0.0000
 1-4 VDW =      549.7912  1-4 EEL =     5902.2194  RESTRAINT  =        0.0000


   NSTEP       ENERGY          RMS            GMAX         NAME    NUMBER
   2850      -1.8648E+05     9.3268E-02     6.1296E+00     CD       1577

 BOND    =    35092.4148  ANGLE   =      429.0742  DIHED      =      737.8103
 UB      =        0.0000  IMP     =        0.0000  CMAP       =      147.2325
 VDWAALS =    40468.5707  EEL     =  -269804.4472  HBOND      =        0.0000
 1-4 VDW =      549.9503  1-4 EEL =     5902.1801  RESTRAINT  =        0.0000


   NSTEP       ENERGY          RMS            GMAX         NAME    NUMBER
   2900      -1.8649E+05     6.7198E-02     6.2387E+00     C1       2850

 BOND    =    35096.0978  ANGLE   =      428.7612  DIHED      =      736.6582
 UB      =        0.0000  IMP     =        0.0000  CMAP       =      147.1210
 VDWAALS =    40476.0446  EEL     =  -269826.9091  HBOND      =        0.0000
 1-4 VDW =      549.8487  1-4 EEL =     5902.4403  RESTRAINT  =        0.0000


   NSTEP       ENERGY          RMS            GMAX         NAME    NUMBER
   2950      -1.8652E+05     4.3740E-01     3.7002E+01     H2      33645

 BOND    =    35131.6753  ANGLE   =      432.3920  DIHED      =      732.7442
 UB      =        0.0000  IMP     =        0.0000  CMAP       =      141.0804
 VDWAALS =    40522.2583  EEL     =  -269935.1491  HBOND      =        0.0000
 1-4 VDW =      550.4418  1-4 EEL =     5904.4237  RESTRAINT  =        0.0000


   NSTEP       ENERGY          RMS            GMAX         NAME    NUMBER
   3000      -1.8657E+05     1.9611E-01     1.4790E+01     N        1091

 BOND    =    35121.7936  ANGLE   =      427.6553  DIHED      =      731.8060
 UB      =        0.0000  IMP     =        0.0000  CMAP       =      142.1012
 VDWAALS =    40535.3901  EEL     =  -269973.0987  HBOND      =        0.0000
 1-4 VDW =      549.0343  1-4 EEL =     5899.9798  RESTRAINT  =        0.0000


   NSTEP       ENERGY          RMS            GMAX         NAME    NUMBER
   3050      -1.8658E+05     1.4128E-01     1.2184E+01     C1       2850

 BOND    =    35136.7601  ANGLE   =      426.6330  DIHED      =      732.0111
 UB      =        0.0000  IMP     =        0.0000  CMAP       =      142.1117
 VDWAALS =    40533.3591  EEL     =  -270001.4284  HBOND      =        0.0000
 1-4 VDW =      548.7879  1-4 EEL =     5899.6847  RESTRAINT  =        0.0000


   NSTEP       ENERGY          RMS            GMAX         NAME    NUMBER
   3100      -1.8660E+05     1.6898E-01     1.1409E+01     N        1091

 BOND    =    35129.6662  ANGLE   =      426.6446  DIHED      =      732.4599
 UB      =        0.0000  IMP     =        0.0000  CMAP       =      142.1359
 VDWAALS =    40540.6136  EEL     =  -270017.2670  HBOND      =        0.0000
 1-4 VDW =      548.7398  1-4 EEL =     5898.7360  RESTRAINT  =        0.0000


   NSTEP       ENERGY          RMS            GMAX         NAME    NUMBER
   3150      -1.8662E+05     1.5815E-01     1.4034E+01     CD       1577

 BOND    =    35134.2863  ANGLE   =      426.5250  DIHED      =      732.8003
 UB      =        0.0000  IMP     =        0.0000  CMAP       =      142.0192
 VDWAALS =    40546.6020  EEL     =  -270046.4890  HBOND      =        0.0000
 1-4 VDW =      548.8545  1-4 EEL =     5898.3082  RESTRAINT  =        0.0000


   NSTEP       ENERGY          RMS            GMAX         NAME    NUMBER
   3200      -1.8663E+05     1.6510E-01     2.4427E+01     CD       1577

 BOND    =    35138.5066  ANGLE   =      425.6666  DIHED      =      732.8934
 UB      =        0.0000  IMP     =        0.0000  CMAP       =      141.9049
 VDWAALS =    40550.0617  EEL     =  -270066.9676  HBOND      =        0.0000
 1-4 VDW =      549.3293  1-4 EEL =     5898.0900  RESTRAINT  =        0.0000


   NSTEP       ENERGY          RMS            GMAX         NAME    NUMBER
   3250      -1.8664E+05     1.1892E-01     1.5121E+01     C1       2850

 BOND    =    35140.2485  ANGLE   =      425.2735  DIHED      =      733.0383
 UB      =        0.0000  IMP     =        0.0000  CMAP       =      141.8267
 VDWAALS =    40554.4807  EEL     =  -270086.6036  HBOND      =        0.0000
 1-4 VDW =      549.4138  1-4 EEL =     5897.9798  RESTRAINT  =        0.0000


   NSTEP       ENERGY          RMS            GMAX         NAME    NUMBER
   3300      -1.8665E+05     9.7772E-02     6.7608E+00     C        1089

 BOND    =    35141.5947  ANGLE   =      426.1050  DIHED      =      733.1141
 UB      =        0.0000  IMP     =        0.0000  CMAP       =      141.6929
 VDWAALS =    40556.8528  EEL     =  -270097.2922  HBOND      =        0.0000
 1-4 VDW =      549.4723  1-4 EEL =     5897.7192  RESTRAINT  =        0.0000


   NSTEP       ENERGY          RMS            GMAX         NAME    NUMBER
   3350      -1.8670E+05     1.7584E-01     1.3163E+01     CA       1545

 BOND    =    35156.7035  ANGLE   =      425.8181  DIHED      =      735.5658
 UB      =        0.0000  IMP     =        0.0000  CMAP       =      141.3750
 VDWAALS =    40591.7637  EEL     =  -270196.1868  HBOND      =        0.0000
 1-4 VDW =      549.5945  1-4 EEL =     5897.5215  RESTRAINT  =        0.0000


   NSTEP       ENERGY          RMS            GMAX         NAME    NUMBER
   3400      -1.8671E+05     1.1925E-01     1.1244E+01     CG       1550

 BOND    =    35174.7012  ANGLE   =      426.0602  DIHED      =      735.8567
 UB      =        0.0000  IMP     =        0.0000  CMAP       =      141.2735
 VDWAALS =    40604.7274  EEL     =  -270242.6977  HBOND      =        0.0000
 1-4 VDW =      549.5870  1-4 EEL =     5897.7054  RESTRAINT  =        0.0000


   NSTEP       ENERGY          RMS            GMAX         NAME    NUMBER
   3450      -1.8672E+05     9.2218E-02     7.4093E+00     CB       1547

 BOND    =    35167.4721  ANGLE   =      425.9463  DIHED      =      736.1154
 UB      =        0.0000  IMP     =        0.0000  CMAP       =      141.2174
 VDWAALS =    40615.4401  EEL     =  -270257.4282  HBOND      =        0.0000
 1-4 VDW =      549.4707  1-4 EEL =     5897.9048  RESTRAINT  =        0.0000


   NSTEP       ENERGY          RMS            GMAX         NAME    NUMBER
   3500      -1.8673E+05     7.9256E-02     4.2709E+00     CB       1095

 BOND    =    35174.5024  ANGLE   =      425.9453  DIHED      =      736.4512
 UB      =        0.0000  IMP     =        0.0000  CMAP       =      141.1328
 VDWAALS =    40625.7278  EEL     =  -270285.0989  HBOND      =        0.0000
 1-4 VDW =      549.4615  1-4 EEL =     5897.8110  RESTRAINT  =        0.0000


   NSTEP       ENERGY          RMS            GMAX         NAME    NUMBER
   3550      -1.8674E+05     7.1701E-02     4.6511E+00     C1       2850

 BOND    =    35180.7684  ANGLE   =      426.1401  DIHED      =      736.7778
 UB      =        0.0000  IMP     =        0.0000  CMAP       =      141.0409
 VDWAALS =    40633.9735  EEL     =  -270309.3159  HBOND      =        0.0000
 1-4 VDW =      549.4457  1-4 EEL =     5897.6479  RESTRAINT  =        0.0000


   NSTEP       ENERGY          RMS            GMAX         NAME    NUMBER
   3600      -1.8675E+05     1.2697E-01     8.9063E+00     HB3      1549

 BOND    =    35190.4013  ANGLE   =      426.5881  DIHED      =      737.0503
 UB      =        0.0000  IMP     =        0.0000  CMAP       =      140.9381
 VDWAALS =    40641.7612  EEL     =  -270337.0731  HBOND      =        0.0000
 1-4 VDW =      549.3190  1-4 EEL =     5897.4320  RESTRAINT  =        0.0000


   NSTEP       ENERGY          RMS            GMAX         NAME    NUMBER
   3650      -1.8677E+05     1.4373E-01     8.8020E+00     C1       2850

 BOND    =    35204.8289  ANGLE   =      426.6844  DIHED      =      737.4397
 UB      =        0.0000  IMP     =        0.0000  CMAP       =      140.8549
 VDWAALS =    40650.1415  EEL     =  -270375.1442  HBOND      =        0.0000
 1-4 VDW =      549.3338  1-4 EEL =     5897.1793  RESTRAINT  =        0.0000


   NSTEP       ENERGY          RMS            GMAX         NAME    NUMBER
   3700      -1.8678E+05     9.5429E-02     3.0402E+00     O       20619

 BOND    =    35202.1054  ANGLE   =      426.8253  DIHED      =      737.7177
 UB      =        0.0000  IMP     =        0.0000  CMAP       =      140.7636
 VDWAALS =    40656.1077  EEL     =  -270392.3527  HBOND      =        0.0000
 1-4 VDW =      549.3247  1-4 EEL =     5896.9933  RESTRAINT  =        0.0000


   NSTEP       ENERGY          RMS            GMAX         NAME    NUMBER
   3750      -1.8680E+05     1.2018E-01     5.5941E+00     C        1553

 BOND    =    35200.6490  ANGLE   =      427.0640  DIHED      =      738.1329
 UB      =        0.0000  IMP     =        0.0000  CMAP       =      140.6300
 VDWAALS =    40664.7129  EEL     =  -270414.1551  HBOND      =        0.0000
 1-4 VDW =      549.3849  1-4 EEL =     5896.9146  RESTRAINT  =        0.0000


   NSTEP       ENERGY          RMS            GMAX         NAME    NUMBER
   3800      -1.8681E+05     5.5524E-02     3.6419E+00     CB       1547

 BOND    =    35202.0821  ANGLE   =      427.0487  DIHED      =      738.4811
 UB      =        0.0000  IMP     =        0.0000  CMAP       =      140.5959
 VDWAALS =    40668.6637  EEL     =  -270434.2889  HBOND      =        0.0000
 1-4 VDW =      549.2462  1-4 EEL =     5896.9035  RESTRAINT  =        0.0000

     .... RESTARTED DUE TO LINMIN FAILURE ...


   NSTEP       ENERGY          RMS            GMAX         NAME    NUMBER
   3850      -1.8684E+05     1.9743E-01     1.8763E+01     CA       1545

 BOND    =    35192.8356  ANGLE   =      428.7526  DIHED      =      739.9801
 UB      =        0.0000  IMP     =        0.0000  CMAP       =      140.1605
 VDWAALS =    40684.4330  EEL     =  -270474.5739  HBOND      =        0.0000
 1-4 VDW =      549.3629  1-4 EEL =     5896.1751  RESTRAINT  =        0.0000


   NSTEP       ENERGY          RMS            GMAX         NAME    NUMBER
   3900      -1.8685E+05     1.2148E-01     1.1395E+01     CA       1545

 BOND    =    35218.5232  ANGLE   =      428.2114  DIHED      =      740.1380
 UB      =        0.0000  IMP     =        0.0000  CMAP       =      140.1596
 VDWAALS =    40691.3359  EEL     =  -270518.1052  HBOND      =        0.0000
 1-4 VDW =      549.3774  1-4 EEL =     5896.4100  RESTRAINT  =        0.0000


   NSTEP       ENERGY          RMS            GMAX         NAME    NUMBER
   3950      -1.8686E+05     8.6404E-02     7.5668E+00     C1       2850

 BOND    =    35226.2338  ANGLE   =      427.9808  DIHED      =      740.4136
 UB      =        0.0000  IMP     =        0.0000  CMAP       =      140.1017
 VDWAALS =    40694.7532  EEL     =  -270537.1096  HBOND      =        0.0000
 1-4 VDW =      549.3208  1-4 EEL =     5896.3351  RESTRAINT  =        0.0000


   NSTEP       ENERGY          RMS            GMAX         NAME    NUMBER
   4000      -1.8687E+05     8.6341E-02     7.0057E+00     C1       2850

 BOND    =    35233.5544  ANGLE   =      428.2124  DIHED      =      740.7698
 UB      =        0.0000  IMP     =        0.0000  CMAP       =      140.0086
 VDWAALS =    40698.4334  EEL     =  -270557.3669  HBOND      =        0.0000
 1-4 VDW =      549.3162  1-4 EEL =     5896.1968  RESTRAINT  =        0.0000


   NSTEP       ENERGY          RMS            GMAX         NAME    NUMBER
   4050      -1.8688E+05     5.5109E-02     4.7756E+00     C1       2850

 BOND    =    35217.4970  ANGLE   =      428.1145  DIHED      =      741.0655
 UB      =        0.0000  IMP     =        0.0000  CMAP       =      139.9135
 VDWAALS =    40706.0768  EEL     =  -270560.2087  HBOND      =        0.0000
 1-4 VDW =      549.1614  1-4 EEL =     5896.0490  RESTRAINT  =        0.0000


   NSTEP       ENERGY          RMS            GMAX         NAME    NUMBER
   4100      -1.8689E+05     5.4318E-02     3.5485E+00     CB       1547

 BOND    =    35222.5545  ANGLE   =      428.1342  DIHED      =      741.4252
 UB      =        0.0000  IMP     =        0.0000  CMAP       =      139.8145
 VDWAALS =    40711.1881  EEL     =  -270577.9099  HBOND      =        0.0000
 1-4 VDW =      549.0830  1-4 EEL =     5895.8484  RESTRAINT  =        0.0000


   NSTEP       ENERGY          RMS            GMAX         NAME    NUMBER
   4150      -1.8691E+05     1.9978E-01     1.6108E+01     CZ       1158

 BOND    =    35230.8528  ANGLE   =      429.0114  DIHED      =      743.3741
 UB      =        0.0000  IMP     =        0.0000  CMAP       =      139.4728
 VDWAALS =    40730.2673  EEL     =  -270628.7097  HBOND      =        0.0000
 1-4 VDW =      548.7291  1-4 EEL =     5895.2200  RESTRAINT  =        0.0000


   NSTEP       ENERGY          RMS            GMAX         NAME    NUMBER
   4200      -1.8692E+05     6.7183E-02     2.7736E+00     CG       1531

 BOND    =    35233.6802  ANGLE   =      428.7066  DIHED      =      742.9204
 UB      =        0.0000  IMP     =        0.0000  CMAP       =      139.3762
 VDWAALS =    40735.6330  EEL     =  -270647.7768  HBOND      =        0.0000
 1-4 VDW =      548.8345  1-4 EEL =     5895.6128  RESTRAINT  =        0.0000


   NSTEP       ENERGY          RMS            GMAX         NAME    NUMBER
   4250      -1.8693E+05     7.1019E-02     7.2548E+00     C1       2850

 BOND    =    35232.6132  ANGLE   =      429.0460  DIHED      =      743.2504
 UB      =        0.0000  IMP     =        0.0000  CMAP       =      139.2022
 VDWAALS =    40736.4548  EEL     =  -270651.4949  HBOND      =        0.0000
 1-4 VDW =      549.0953  1-4 EEL =     5896.0402  RESTRAINT  =        0.0000


   NSTEP       ENERGY          RMS            GMAX         NAME    NUMBER
   4300      -1.8693E+05     1.4578E-01     1.4468E+01     C1       2850

 BOND    =    35240.6871  ANGLE   =      430.1369  DIHED      =      743.6802
 UB      =        0.0000  IMP     =        0.0000  CMAP       =      138.9460
 VDWAALS =    40747.1182  EEL     =  -270679.5671  HBOND      =        0.0000
 1-4 VDW =      549.2447  1-4 EEL =     5895.8031  RESTRAINT  =        0.0000


   NSTEP       ENERGY          RMS            GMAX         NAME    NUMBER
   4350      -1.8694E+05     4.3791E-02     3.0587E+00     C1       2850

 BOND    =    35236.4930  ANGLE   =      429.2655  DIHED      =      743.3588
 UB      =        0.0000  IMP     =        0.0000  CMAP       =      139.0950
 VDWAALS =    40748.1574  EEL     =  -270680.2057  HBOND      =        0.0000
 1-4 VDW =      548.9579  1-4 EEL =     5895.2838  RESTRAINT  =        0.0000


   NSTEP       ENERGY          RMS            GMAX         NAME    NUMBER
   4400      -1.8696E+05     6.5873E-02     5.8814E+00     CD       2358

 BOND    =    35247.1616  ANGLE   =      429.2370  DIHED      =      743.8241
 UB      =        0.0000  IMP     =        0.0000  CMAP       =      138.7263
 VDWAALS =    40762.9912  EEL     =  -270725.2505  HBOND      =        0.0000
 1-4 VDW =      549.1472  1-4 EEL =     5895.0826  RESTRAINT  =        0.0000


   NSTEP       ENERGY          RMS            GMAX         NAME    NUMBER
   4450      -1.8697E+05     6.7912E-02     4.4641E+00     C1       2850

 BOND    =    35248.5045  ANGLE   =      429.4088  DIHED      =      744.0591
 UB      =        0.0000  IMP     =        0.0000  CMAP       =      138.6349
 VDWAALS =    40769.7990  EEL     =  -270742.6544  HBOND      =        0.0000
 1-4 VDW =      549.0627  1-4 EEL =     5895.0745  RESTRAINT  =        0.0000


   NSTEP       ENERGY          RMS            GMAX         NAME    NUMBER
   4500      -1.8698E+05     4.8933E-02     3.1689E+00     CA       1051

 BOND    =    35251.8207  ANGLE   =      429.6193  DIHED      =      744.3005
 UB      =        0.0000  IMP     =        0.0000  CMAP       =      138.5497
 VDWAALS =    40775.9634  EEL     =  -270761.3224  HBOND      =        0.0000
 1-4 VDW =      549.0756  1-4 EEL =     5895.1658  RESTRAINT  =        0.0000


   NSTEP       ENERGY          RMS            GMAX         NAME    NUMBER
   4550      -1.8698E+05     5.1249E-02     7.0997E+00     C1       2850

 BOND    =    35252.6838  ANGLE   =      429.6948  DIHED      =      744.3355
 UB      =        0.0000  IMP     =        0.0000  CMAP       =      138.5285
 VDWAALS =    40776.8701  EEL     =  -270764.3613  HBOND      =        0.0000
 1-4 VDW =      549.1115  1-4 EEL =     5895.2469  RESTRAINT  =        0.0000


   NSTEP       ENERGY          RMS            GMAX         NAME    NUMBER
   4600      -1.8700E+05     6.2330E-02     4.7929E+00     HB2      1054

 BOND    =    35261.9293  ANGLE   =      430.3551  DIHED      =      745.0897
 UB      =        0.0000  IMP     =        0.0000  CMAP       =      138.2099
 VDWAALS =    40803.0167  EEL     =  -270818.2335  HBOND      =        0.0000
 1-4 VDW =      549.0060  1-4 EEL =     5895.3191  RESTRAINT  =        0.0000


   NSTEP       ENERGY          RMS            GMAX         NAME    NUMBER
   4650      -1.8700E+05     5.4735E-02     4.5210E+00     C1       2850

 BOND    =    35266.5275  ANGLE   =      430.3731  DIHED      =      745.4341
 UB      =        0.0000  IMP     =        0.0000  CMAP       =      138.1600
 VDWAALS =    40806.8362  EEL     =  -270834.7834  HBOND      =        0.0000
 1-4 VDW =      549.0263  1-4 EEL =     5895.3966  RESTRAINT  =        0.0000

     .... RESTARTED DUE TO LINMIN FAILURE ...


   NSTEP       ENERGY          RMS            GMAX         NAME    NUMBER
   4700      -1.8702E+05     1.8309E-01     1.4600E+01     CB       1053

 BOND    =    35269.4043  ANGLE   =      430.8994  DIHED      =      746.3841
 UB      =        0.0000  IMP     =        0.0000  CMAP       =      138.1258
 VDWAALS =    40820.1841  EEL     =  -270865.7800  HBOND      =        0.0000
 1-4 VDW =      548.9541  1-4 EEL =     5895.4758  RESTRAINT  =        0.0000


   NSTEP       ENERGY          RMS            GMAX         NAME    NUMBER
   4750      -1.8703E+05     1.2147E-01     7.5140E+00     C1       2850

 BOND    =    35277.9266  ANGLE   =      430.6986  DIHED      =      746.5783
 UB      =        0.0000  IMP     =        0.0000  CMAP       =      138.0020
 VDWAALS =    40817.0238  EEL     =  -270886.7530  HBOND      =        0.0000
 1-4 VDW =      548.9149  1-4 EEL =     5895.4605  RESTRAINT  =        0.0000


   NSTEP       ENERGY          RMS            GMAX         NAME    NUMBER
   4800      -1.8704E+05     9.9563E-02     9.8829E+00     C1       2850

 BOND    =    35278.4191  ANGLE   =      431.0823  DIHED      =      746.7678
 UB      =        0.0000  IMP     =        0.0000  CMAP       =      137.8720
 VDWAALS =    40818.4182  EEL     =  -270899.8616  HBOND      =        0.0000
 1-4 VDW =      548.7586  1-4 EEL =     5895.6995  RESTRAINT  =        0.0000


   NSTEP       ENERGY          RMS            GMAX         NAME    NUMBER
   4850      -1.8706E+05     7.7694E-02     9.0200E+00     C1       2850

 BOND    =    35280.7220  ANGLE   =      430.9407  DIHED      =      747.0945
 UB      =        0.0000  IMP     =        0.0000  CMAP       =      137.8112
 VDWAALS =    40823.5464  EEL     =  -270920.2841  HBOND      =        0.0000
 1-4 VDW =      548.7154  1-4 EEL =     5895.5419  RESTRAINT  =        0.0000


   NSTEP       ENERGY          RMS            GMAX         NAME    NUMBER
   4900      -1.8707E+05     8.3672E-02     7.3748E+00     CD       2358

 BOND    =    35286.1766  ANGLE   =      430.8759  DIHED      =      747.4542
 UB      =        0.0000  IMP     =        0.0000  CMAP       =      137.7263
 VDWAALS =    40832.1060  EEL     =  -270946.4750  HBOND      =        0.0000
 1-4 VDW =      548.6376  1-4 EEL =     5895.3039  RESTRAINT  =        0.0000


   NSTEP       ENERGY          RMS            GMAX         NAME    NUMBER
   4950      -1.8708E+05     5.5647E-02     5.3986E+00     CB       1053

 BOND    =    35288.2514  ANGLE   =      431.1907  DIHED      =      747.8131
 UB      =        0.0000  IMP     =        0.0000  CMAP       =      137.6717
 VDWAALS =    40840.5053  EEL     =  -270966.9726  HBOND      =        0.0000
 1-4 VDW =      548.6530  1-4 EEL =     5894.9441  RESTRAINT  =        0.0000


   NSTEP       ENERGY          RMS            GMAX         NAME    NUMBER
   5000      -1.8709E+05     4.0887E-02     2.9488E+00     O       30547

 BOND    =    35296.9687  ANGLE   =      431.6388  DIHED      =      748.5010
 UB      =        0.0000  IMP     =        0.0000  CMAP       =      137.5048
 VDWAALS =    40861.0944  EEL     =  -271013.0220  HBOND      =        0.0000
 1-4 VDW =      548.5743  1-4 EEL =     5894.3776  RESTRAINT  =        0.0000


  Maximum number of minimization cycles reached.


                    FINAL RESULTS



   NSTEP       ENERGY          RMS            GMAX         NAME    NUMBER
   5000      -1.8709E+05     4.0887E-02     2.9488E+00     O       30547

 BOND    =    35296.9687  ANGLE   =      431.6388  DIHED      =      748.5010
 UB      =        0.0000  IMP     =        0.0000  CMAP       =      137.5048
 VDWAALS =    40861.0944  EEL     =  -271013.0220  HBOND      =        0.0000
 1-4 VDW =      548.5743  1-4 EEL =     5894.3776  RESTRAINT  =        0.0000
--------------------------------------------------------------------------------
   5.  TIMINGS
--------------------------------------------------------------------------------

|  NonSetup CPU Time in Major Routines:
|
|     Routine           Sec        %
|     ------------------------------
|     Nonbond           3.15   36.44
|     Bond              0.00    0.00
|     Angle             0.00    0.00
|     Dihedral          0.00    0.00
|     Shake             0.00    0.00
|     Other             5.49   63.56
|     ------------------------------
|     Total             8.64

|  PME Nonbond Pairlist CPU Time:
|
|     Routine              Sec        %
|     ---------------------------------
|     Set Up Cit           0.00    0.00
|     Build List           0.00    0.00
|     ---------------------------------
|     Total                0.00    0.00

|  PME Direct Force CPU Time:
|
|     Routine              Sec        %
|     ---------------------------------
|     NonBonded Calc       0.00    0.00
|     Exclude Masked       0.00    0.00
|     Other                0.01    0.12
|     ---------------------------------
|     Total                0.01    0.12

|  PME Reciprocal Force CPU Time:
|
|     Routine              Sec        %
|     ---------------------------------
|     1D bspline           0.00    0.00
|     Grid Charges         0.00    0.00
|     Scalar Sum           0.00    0.00
|     Gradient Sum         0.00    0.00
|     FFT                  0.00    0.00
|     ---------------------------------
|     Total                0.00    0.00

|  Setup CPU time:            0.51 seconds
|  NonSetup CPU time:         8.64 seconds
|  Total CPU time:            9.15 seconds     0.00 hours

|  Setup wall time:           1    seconds
|  NonSetup wall time:        8    seconds
|  Total wall time:           9    seconds     0.00 hours
