
          -------------------------------------------------------
          Amber 22 PMEMD                              2022
          -------------------------------------------------------

| PMEMD implementation of SANDER, Release 22

|  Compiled date/time: Thu Apr 14 11:06:37 2022
| Run on 08/21/2026 at 12:41:53

|   Executable path: pmemd.cuda
| Working directory: /bigdata/cutlerlab/jjaco081/PYR1_pocket_expansion/data/mmgbsa_explicit/aba_WT_s0
|          Hostname: gpu10

  [-O]verwriting output

File Assignments:
|   MDIN: eq1.in                                                                
|  MDOUT: eq1.out                                                               
| INPCRD: heat.rst7                                                             
|   PARM: /bigdata/cutlerlab/jjaco081/PYR1_pocket_expansion/data/mmgbsa_explicit
| RESTRT: eq1.rst7                                                              
|   REFC: heat.rst7                                                             
|  MDVEL: mdvel                                                                 
|   MDEN: mden                                                                  
|  MDCRD: eq1.nc                                                                
| MDINFO: eq1.mdinfo                                                            
|  MDFRC: mdfrc                                                                 


 Here is the input file:

NPT equilibration 1, 500 ps, light restraints                                  
 &cntrl                                                                        
  imin=0, irest=1, ntx=5,                                                      
  nstlim=250000, dt=0.002,                                                     
  ntc=2, ntf=2, cut=10.0,                                                      
  ntb=2, ntp=1, barostat=2, pres0=1.0, taup=2.0,                               
  ntt=3, gamma_ln=2.0, ig=-1, temp0=300.0,                                     
  ntr=1, restraintmask='!:WAT,Na+,K+,Cl- & !@H=', restraint_wt=1.0,            
  ntpr=5000, ntwx=5000, ntwr=50000,                                            
 /                                                                             


Note: ig = -1. Setting random seed to   795568 based on wallclock time in 
      microseconds.
| irandom = 1, using AMBER's internal random number generator (default).
 
|--------------------- INFORMATION ----------------------
| GPU (CUDA) Version of PMEMD in use: NVIDIA GPU IN USE.
|                    Version 18.0.0
| 
|                      03/25/2018
| 
| Implementation by:
|                    Ross C. Walker     (SDSC)
|                    Scott Le Grand     (nVIDIA)
| 
| Version 18 performance extensions by:
|                    David Cerutti     (Rutgers)
| 
| Precision model in use:
|      [SPFP] - Single Precision Forces, 64-bit Fixed Point
|               Accumulation. (Default)
| 
|--------------------------------------------------------
 
|----------------- CITATION INFORMATION -----------------
|
|    When publishing work that utilized the CUDA version
|    of AMBER, please cite the following in addition to
|    the regular AMBER citations:
|
|  - Romelia Salomon-Ferrer; Andreas W. Goetz; Duncan
|    Poole; Scott Le Grand; Ross C. Walker "Routine
|    microsecond molecular dynamics simulations with
|    AMBER - Part II: Particle Mesh Ewald", J. Chem.
|    Theory Comput., 2013, 9 (9), pp3878-3888,
|    DOI: 10.1021/ct400314y.
|
|  - Andreas W. Goetz; Mark J. Williamson; Dong Xu;
|    Duncan Poole; Scott Le Grand; Ross C. Walker
|    "Routine microsecond molecular dynamics simulations
|    with AMBER - Part I: Generalized Born", J. Chem.
|    Theory Comput., 2012, 8 (5), pp1542-1555.
|
|  - Scott Le Grand; Andreas W. Goetz; Ross C. Walker
|    "SPFP: Speed without compromise - a mixed precision
|    model for GPU accelerated molecular dynamics
|    simulations.", Comp. Phys. Comm., 2013, 184
|    pp374-380, DOI: 10.1016/j.cpc.2012.09.022
|
|--------------------------------------------------------
 
|------------------- GPU DEVICE INFO --------------------
|
|            CUDA_VISIBLE_DEVICES: 0
|   CUDA Capable Devices Detected:      1
|           CUDA Device ID in use:      0
|                CUDA Device Name: NVIDIA RTX 6000 Ada Generation
|     CUDA Device Global Mem Size:  48510 MB
| CUDA Device Num Multiprocessors:    142
|           CUDA Device Core Freq:   2.50 GHz
|
|--------------------------------------------------------
 
 
| Conditional Compilation Defines Used:
| PUBFFT
| BINTRAJ
| CUDA
| EMIL

| Largest sphere to fit in unit cell has radius =    32.318

| New format PARM file being parsed.
| Version =    1.000 Date = 08/21/26 Time = 12:11:31

| Note: 1-4 EEL scale factors are being read from the topology file.

| Note: 1-4 VDW scale factors are being read from the topology file.
| INFO:    Virtual site frames will be inferred from bonding patterns.
| Duplicated    0 dihedrals

| Duplicated    0 dihedrals

--------------------------------------------------------------------------------
   1.  RESOURCE   USE: 
--------------------------------------------------------------------------------

 getting box info from netcdf restart file
 NATOM  =   43861 NTYPES =      26 NBONH =   32118 MBONA  =   11708
 NTHETH =    3249 MTHETA =    2007 NPHIH =    6624 MPHIA  =    6358
 NHPARM =       0 NPARM  =       0 NNB   =   87569 NRES   =   10470
 NBONA  =   11708 NTHETA =    2007 NPHIA =    6358 NUMBND =      92
 NUMANG =     206 NPTRA  =     217 NATYP =      50 NPHB   =       0
 IFBOX  =       2 NMXRS  =      38 IFCAP =       0 NEXTRA =   10228
 NCOPY  =       0


| Coordinate Index Table dimensions:    12   12   12
| Direct force subcell size =     6.5969    6.5969    6.5969

     BOX TYPE: TRUNCATED OCTAHEDRON

--------------------------------------------------------------------------------
   2.  CONTROL  DATA  FOR  THE  RUN
--------------------------------------------------------------------------------

default_name                                                                    

General flags:
     imin    =       0, nmropt  =       0

Nature and format of input:
     ntx     =       5, irest   =       1, ntrx    =       1

Nature and format of output:
     ntxo    =       2, ntpr    =    5000, ntrx    =       1, ntwr    =   50000
     iwrap   =       0, ntwx    =    5000, ntwv    =       0, ntwe    =       0
     ioutfm  =       1, ntwprt  =       0, idecomp =       0, rbornstat=      0

Potential function:
     ntf     =       2, ntb     =       2, igb     =       0, nsnb    =      25
     ipol    =       0, gbsa    =       0, iesp    =       0
     dielc   =   1.00000, cut     =  10.00000, intdiel =   1.00000

Frozen or restrained atoms:
     ibelly  =       0, ntr     =       1
     restraint_wt =   1.00000

Molecular dynamics:
     nstlim  =    250000, nscm    =         0, nrespa  =         1
     t       =   0.00000, dt      =   0.00200, vlimit  =  -1.00000

Langevin dynamics temperature regulation:
     ig      =  795568
     temp0   = 300.00000, tempi   =   0.00000, gamma_ln=   2.00000

Pressure regulation:
     ntp     =       1
     pres0   =   1.00000, comp    =  44.60000, taup    =   2.00000
     Monte-Carlo Barostat:
     mcbarint  =     100

SHAKE:
     ntc     =       2, jfastw  =       0
     tol     =   0.00001

| Intermolecular bonds treatment:
|     no_intermolecular_bonds =       1

| Energy averages sample interval:
|     ene_avg_sampling =    5000

Extra-points options:
     frameon =       1, chngmask=       1

Ewald parameters:
     verbose =       0, ew_type =       0, nbflag  =       1, use_pme =       1
     vdwmeth =       1, eedmeth =       1, netfrc  =       1
     Box X =   79.163   Box Y =   79.163   Box Z =   79.163
     Alpha =  109.471   Beta  =  109.471   Gamma =  109.471
     NFFT1 =   80       NFFT2 =   80       NFFT3 =   80
     Cutoff=   10.000   Tol   =0.100E-04
     Ewald Coefficient =  0.27511
     Interpolation order =    4

    LOADING THE CONSTRAINED ATOMS AS GROUPS


   5.  REFERENCE ATOM COORDINATES

  default_name                                                                    
     Mask !:WAT,Na+,K+,Cl- & !@H=; matches  1453 atoms
|      EXTRA_PTS, trim_bonds: num bonds BEFORE trim = 32118     0
|      EXTRA_PTS, trim_bonds: num bonds AFTER  trim = 32118     0
|      EXTRA_PTS, trim_bonds: num bonds BEFORE trim = 11708     0
|      EXTRA_PTS, trim_bonds: num bonds AFTER  trim =  1480     0
|      EXTRA_PTS, trim_theta: num angle BEFORE trim =  3249     0
|      EXTRA_PTS, trim_theta: num angle AFTER  trim =  3249     0
|      EXTRA_PTS, trim_theta: num angle BEFORE trim =  2007     0
|      EXTRA_PTS, trim_theta: num angle AFTER  trim =  2007     0
|      EXTRA_PTS, trim_phi:  num diheds BEFORE trim =  6624     0
|      EXTRA_PTS, trim_phi:  num diheds AFTER  trim =  6624     0
|      EXTRA_PTS, trim_phi:  num diheds BEFORE trim =  6358     0
|      EXTRA_PTS, trim_phi:  num diheds AFTER  trim =  6358     0
| MONTE CARLO BAROSTAT IMPORTANT NOTE:
|   The Monte-Carlo barostat does not require the virial to adjust the system volume.
|   Since it is an expensive calculation, it is skipped for efficiency. A side-effect
|   is that the reported pressure is always 0 because it is not calculated.

--------------------------------------------------------------------------------
   3.  ATOMIC COORDINATES AND VELOCITIES
--------------------------------------------------------------------------------

default_name                                                                    
 begin time read from input coords =   200.000 ps

 
 Number of triangulated 3-point waters found:    10228

     Sum of charges from parm topology file =  -0.00094592
     Forcing neutrality...

| Dynamic Memory, Types Used:
| Reals             2063385
| Integers          4374269

| Nonbonded Pairs Initial Allocation:    13266855

| GPU memory information (estimate):
| KB of GPU memory in use:    422483
| KB of CPU memory in use:    101867

--------------------------------------------------------------------------------
   4.  RESULTS
--------------------------------------------------------------------------------


 NSTEP =     5000   TIME(PS) =     210.000  TEMP(K) =   298.20  PRESS =     0.0
 Etot   =   -116630.6443  EKtot   =     20378.9277  EPtot      =   -137009.5720
 BOND   =       562.9696  ANGLE   =      1526.2458  DIHED      =      1019.6259
 UB     =         0.0000  IMP     =         0.0000  CMAP       =       150.9524
 1-4 NB =       641.0122  1-4 EEL =      5856.7832  VDWAALS    =     17721.2211
 EELEC  =   -164641.5609  EHBOND  =         0.0000  RESTRAINT  =       153.1786
 EAMBER (non-restraint)  =   -137162.7506
 EKCMT  =         0.0000  VIRIAL  =         0.0000  VOLUME     =    350664.2763
                                                    Density    =         0.9816
 ------------------------------------------------------------------------------


 NSTEP =    10000   TIME(PS) =     220.000  TEMP(K) =   301.31  PRESS =     0.0
 Etot   =   -116342.6124  EKtot   =     20591.7949  EPtot      =   -136934.4073
 BOND   =       572.9455  ANGLE   =      1517.8606  DIHED      =      1001.0685
 UB     =         0.0000  IMP     =         0.0000  CMAP       =       137.1712
 1-4 NB =       626.5806  1-4 EEL =      5871.6626  VDWAALS    =     16328.7672
 EELEC  =   -163158.4377  EHBOND  =         0.0000  RESTRAINT  =       167.9742
 EAMBER (non-restraint)  =   -137102.3816
 EKCMT  =         0.0000  VIRIAL  =         0.0000  VOLUME     =    341872.8501
                                                    Density    =         1.0068
 ------------------------------------------------------------------------------


 NSTEP =    15000   TIME(PS) =     230.000  TEMP(K) =   301.87  PRESS =     0.0
 Etot   =   -116773.0400  EKtot   =     20629.6719  EPtot      =   -137402.7119
 BOND   =       609.3576  ANGLE   =      1533.8715  DIHED      =      1007.5069
 UB     =         0.0000  IMP     =         0.0000  CMAP       =       138.2131
 1-4 NB =       622.8613  1-4 EEL =      5849.5382  VDWAALS    =     16964.4454
 EELEC  =   -164287.8847  EHBOND  =         0.0000  RESTRAINT  =       159.3789
 EAMBER (non-restraint)  =   -137562.0908
 EKCMT  =         0.0000  VIRIAL  =         0.0000  VOLUME     =    337791.7185
                                                    Density    =         1.0190
 ------------------------------------------------------------------------------

| MC Barostat: Decreasing size of volume moves
| MC Barostat: Decreasing size of volume moves

 NSTEP =    20000   TIME(PS) =     240.000  TEMP(K) =   299.72  PRESS =     0.0
 Etot   =   -116582.2082  EKtot   =     20483.1562  EPtot      =   -137065.3644
 BOND   =       565.4912  ANGLE   =      1459.3536  DIHED      =      1018.9226
 UB     =         0.0000  IMP     =         0.0000  CMAP       =       145.6081
 1-4 NB =       644.0283  1-4 EEL =      5802.7668  VDWAALS    =     16693.7211
 EELEC  =   -163561.3036  EHBOND  =         0.0000  RESTRAINT  =       166.0475
 EAMBER (non-restraint)  =   -137231.4120
 EKCMT  =         0.0000  VIRIAL  =         0.0000  VOLUME     =    336412.4928
                                                    Density    =         1.0232
 ------------------------------------------------------------------------------

| MC Barostat: Decreasing size of volume moves
| MC Barostat: Decreasing size of volume moves
| MC Barostat: Decreasing size of volume moves
| MC Barostat: Decreasing size of volume moves

 NSTEP =    25000   TIME(PS) =     250.000  TEMP(K) =   302.40  PRESS =     0.0
 Etot   =   -116539.1745  EKtot   =     20666.0059  EPtot      =   -137205.1803
 BOND   =       540.4064  ANGLE   =      1500.5177  DIHED      =      1003.4832
 UB     =         0.0000  IMP     =         0.0000  CMAP       =       137.7754
 1-4 NB =       640.6149  1-4 EEL =      5832.0179  VDWAALS    =     16254.1746
 EELEC  =   -163274.6696  EHBOND  =         0.0000  RESTRAINT  =       160.4992
 EAMBER (non-restraint)  =   -137365.6795
 EKCMT  =         0.0000  VIRIAL  =         0.0000  VOLUME     =    335375.2920
                                                    Density    =         1.0263
 ------------------------------------------------------------------------------

| MC Barostat: Decreasing size of volume moves
| MC Barostat: Decreasing size of volume moves
| MC Barostat: Decreasing size of volume moves

 NSTEP =    30000   TIME(PS) =     260.000  TEMP(K) =   300.80  PRESS =     0.0
 Etot   =   -116972.7546  EKtot   =     20557.1621  EPtot      =   -137529.9167
 BOND   =       563.7137  ANGLE   =      1555.9066  DIHED      =      1035.9309
 UB     =         0.0000  IMP     =         0.0000  CMAP       =       140.0610
 1-4 NB =       633.4542  1-4 EEL =      5874.0639  VDWAALS    =     16352.4131
 EELEC  =   -163847.2340  EHBOND  =         0.0000  RESTRAINT  =       161.7739
 EAMBER (non-restraint)  =   -137691.6906
 EKCMT  =         0.0000  VIRIAL  =         0.0000  VOLUME     =    333491.8067
                                                    Density    =         1.0321
 ------------------------------------------------------------------------------

| MC Barostat: Decreasing size of volume moves
| MC Barostat: Decreasing size of volume moves

 NSTEP =    35000   TIME(PS) =     270.000  TEMP(K) =   298.77  PRESS =     0.0
 Etot   =   -117206.7925  EKtot   =     20418.1445  EPtot      =   -137624.9370
 BOND   =       598.5618  ANGLE   =      1480.9538  DIHED      =       982.0734
 UB     =         0.0000  IMP     =         0.0000  CMAP       =       143.8926
 1-4 NB =       618.5516  1-4 EEL =      5843.2616  VDWAALS    =     16771.3627
 EELEC  =   -164217.9495  EHBOND  =         0.0000  RESTRAINT  =       154.3550
 EAMBER (non-restraint)  =   -137779.2920
 EKCMT  =         0.0000  VIRIAL  =         0.0000  VOLUME     =    335059.6704
                                                    Density    =         1.0273
 ------------------------------------------------------------------------------


 NSTEP =    40000   TIME(PS) =     280.000  TEMP(K) =   298.97  PRESS =     0.0
 Etot   =   -117103.6323  EKtot   =     20431.4590  EPtot      =   -137535.0913
 BOND   =       567.0381  ANGLE   =      1526.4729  DIHED      =      1011.1523
 UB     =         0.0000  IMP     =         0.0000  CMAP       =       146.6352
 1-4 NB =       645.2852  1-4 EEL =      5811.4974  VDWAALS    =     16360.1523
 EELEC  =   -163777.5195  EHBOND  =         0.0000  RESTRAINT  =       174.1949
 EAMBER (non-restraint)  =   -137709.2862
 EKCMT  =         0.0000  VIRIAL  =         0.0000  VOLUME     =    334107.4705
                                                    Density    =         1.0302
 ------------------------------------------------------------------------------


 NSTEP =    45000   TIME(PS) =     290.000  TEMP(K) =   302.71  PRESS =     0.0
 Etot   =   -116581.0253  EKtot   =     20687.3711  EPtot      =   -137268.3964
 BOND   =       588.6409  ANGLE   =      1478.7889  DIHED      =      1003.5004
 UB     =         0.0000  IMP     =         0.0000  CMAP       =       149.4866
 1-4 NB =       640.4589  1-4 EEL =      5825.6315  VDWAALS    =     16470.2048
 EELEC  =   -163587.3275  EHBOND  =         0.0000  RESTRAINT  =       162.2192
 EAMBER (non-restraint)  =   -137430.6156
 EKCMT  =         0.0000  VIRIAL  =         0.0000  VOLUME     =    334036.5260
                                                    Density    =         1.0304
 ------------------------------------------------------------------------------


 NSTEP =    50000   TIME(PS) =     300.000  TEMP(K) =   299.96  PRESS =     0.0
 Etot   =   -116791.1952  EKtot   =     20499.6074  EPtot      =   -137290.8026
 BOND   =       523.9644  ANGLE   =      1502.8590  DIHED      =       993.2025
 UB     =         0.0000  IMP     =         0.0000  CMAP       =       146.8375
 1-4 NB =       640.0208  1-4 EEL =      5858.2553  VDWAALS    =     16438.8344
 EELEC  =   -163555.5023  EHBOND  =         0.0000  RESTRAINT  =       160.7258
 EAMBER (non-restraint)  =   -137451.5284
 EKCMT  =         0.0000  VIRIAL  =         0.0000  VOLUME     =    333521.8268
                                                    Density    =         1.0320
 ------------------------------------------------------------------------------


 NSTEP =    55000   TIME(PS) =     310.000  TEMP(K) =   297.02  PRESS =     0.0
 Etot   =   -116982.0333  EKtot   =     20298.5039  EPtot      =   -137280.5372
 BOND   =       573.6087  ANGLE   =      1558.6981  DIHED      =       990.4203
 UB     =         0.0000  IMP     =         0.0000  CMAP       =       148.0706
 1-4 NB =       624.4916  1-4 EEL =      5865.3786  VDWAALS    =     16515.0718
 EELEC  =   -163723.9762  EHBOND  =         0.0000  RESTRAINT  =       167.6993
 EAMBER (non-restraint)  =   -137448.2365
 EKCMT  =         0.0000  VIRIAL  =         0.0000  VOLUME     =    334399.0238
                                                    Density    =         1.0293
 ------------------------------------------------------------------------------


 NSTEP =    60000   TIME(PS) =     320.000  TEMP(K) =   300.88  PRESS =     0.0
 Etot   =   -117079.1014  EKtot   =     20562.5527  EPtot      =   -137641.6541
 BOND   =       563.3210  ANGLE   =      1485.5598  DIHED      =      1012.5080
 UB     =         0.0000  IMP     =         0.0000  CMAP       =       143.5269
 1-4 NB =       651.3218  1-4 EEL =      5889.2711  VDWAALS    =     16575.9649
 EELEC  =   -164134.1308  EHBOND  =         0.0000  RESTRAINT  =       171.0032
 EAMBER (non-restraint)  =   -137812.6573
 EKCMT  =         0.0000  VIRIAL  =         0.0000  VOLUME     =    332605.3421
                                                    Density    =         1.0349
 ------------------------------------------------------------------------------


 NSTEP =    65000   TIME(PS) =     330.000  TEMP(K) =   299.61  PRESS =     0.0
 Etot   =   -117101.8290  EKtot   =     20475.1816  EPtot      =   -137577.0106
 BOND   =       588.4966  ANGLE   =      1509.3149  DIHED      =       997.3458
 UB     =         0.0000  IMP     =         0.0000  CMAP       =       146.8029
 1-4 NB =       632.9846  1-4 EEL =      5818.3475  VDWAALS    =     16496.2745
 EELEC  =   -163922.8537  EHBOND  =         0.0000  RESTRAINT  =       156.2765
 EAMBER (non-restraint)  =   -137733.2871
 EKCMT  =         0.0000  VIRIAL  =         0.0000  VOLUME     =    333574.3175
                                                    Density    =         1.0319
 ------------------------------------------------------------------------------


 NSTEP =    70000   TIME(PS) =     340.000  TEMP(K) =   298.50  PRESS =     0.0
 Etot   =   -116913.5390  EKtot   =     20399.7402  EPtot      =   -137313.2792
 BOND   =       513.7471  ANGLE   =      1519.7429  DIHED      =       984.7224
 UB     =         0.0000  IMP     =         0.0000  CMAP       =       140.3208
 1-4 NB =       634.9768  1-4 EEL =      5827.8889  VDWAALS    =     16542.1142
 EELEC  =   -163642.0129  EHBOND  =         0.0000  RESTRAINT  =       165.2206
 EAMBER (non-restraint)  =   -137478.4998
 EKCMT  =         0.0000  VIRIAL  =         0.0000  VOLUME     =    334351.5627
                                                    Density    =         1.0295
 ------------------------------------------------------------------------------


 NSTEP =    75000   TIME(PS) =     350.000  TEMP(K) =   301.46  PRESS =     0.0
 Etot   =   -116795.3553  EKtot   =     20601.8750  EPtot      =   -137397.2303
 BOND   =       562.4067  ANGLE   =      1489.6412  DIHED      =      1002.1256
 UB     =         0.0000  IMP     =         0.0000  CMAP       =       140.3934
 1-4 NB =       653.6815  1-4 EEL =      5881.0256  VDWAALS    =     16301.7918
 EELEC  =   -163594.6777  EHBOND  =         0.0000  RESTRAINT  =       166.3815
 EAMBER (non-restraint)  =   -137563.6118
 EKCMT  =         0.0000  VIRIAL  =         0.0000  VOLUME     =    333236.7812
                                                    Density    =         1.0329
 ------------------------------------------------------------------------------


 NSTEP =    80000   TIME(PS) =     360.000  TEMP(K) =   298.44  PRESS =     0.0
 Etot   =   -117053.2674  EKtot   =     20395.5137  EPtot      =   -137448.7811
 BOND   =       514.1389  ANGLE   =      1481.2580  DIHED      =      1002.7026
 UB     =         0.0000  IMP     =         0.0000  CMAP       =       138.9193
 1-4 NB =       654.8315  1-4 EEL =      5897.4808  VDWAALS    =     16134.8733
 EELEC  =   -163446.6329  EHBOND  =         0.0000  RESTRAINT  =       173.6475
 EAMBER (non-restraint)  =   -137622.4286
 EKCMT  =         0.0000  VIRIAL  =         0.0000  VOLUME     =    333024.5296
                                                    Density    =         1.0336
 ------------------------------------------------------------------------------


 NSTEP =    85000   TIME(PS) =     370.000  TEMP(K) =   299.48  PRESS =     0.0
 Etot   =   -116721.8479  EKtot   =     20466.6816  EPtot      =   -137188.5295
 BOND   =       574.7578  ANGLE   =      1517.5454  DIHED      =       997.2402
 UB     =         0.0000  IMP     =         0.0000  CMAP       =       142.3719
 1-4 NB =       642.9165  1-4 EEL =      5877.4051  VDWAALS    =     16282.5228
 EELEC  =   -163397.1269  EHBOND  =         0.0000  RESTRAINT  =       173.8377
 EAMBER (non-restraint)  =   -137362.3672
 EKCMT  =         0.0000  VIRIAL  =         0.0000  VOLUME     =    334451.0581
                                                    Density    =         1.0292
 ------------------------------------------------------------------------------


 NSTEP =    90000   TIME(PS) =     380.000  TEMP(K) =   300.01  PRESS =     0.0
 Etot   =   -117268.6750  EKtot   =     20503.1191  EPtot      =   -137771.7941
 BOND   =       546.6137  ANGLE   =      1484.8763  DIHED      =      1014.4878
 UB     =         0.0000  IMP     =         0.0000  CMAP       =       142.7294
 1-4 NB =       633.7847  1-4 EEL =      5835.8577  VDWAALS    =     16383.6477
 EELEC  =   -163972.4699  EHBOND  =         0.0000  RESTRAINT  =       158.6784
 EAMBER (non-restraint)  =   -137930.4725
 EKCMT  =         0.0000  VIRIAL  =         0.0000  VOLUME     =    335014.6500
                                                    Density    =         1.0274
 ------------------------------------------------------------------------------


 NSTEP =    95000   TIME(PS) =     390.000  TEMP(K) =   299.52  PRESS =     0.0
 Etot   =   -116784.5172  EKtot   =     20469.3613  EPtot      =   -137253.8785
 BOND   =       586.8095  ANGLE   =      1494.1680  DIHED      =       984.7640
 UB     =         0.0000  IMP     =         0.0000  CMAP       =       140.6531
 1-4 NB =       664.1594  1-4 EEL =      5851.8304  VDWAALS    =     16391.3281
 EELEC  =   -163534.7053  EHBOND  =         0.0000  RESTRAINT  =       167.1142
 EAMBER (non-restraint)  =   -137420.9927
 EKCMT  =         0.0000  VIRIAL  =         0.0000  VOLUME     =    334484.1126
                                                    Density    =         1.0291
 ------------------------------------------------------------------------------


 NSTEP =   100000   TIME(PS) =     400.000  TEMP(K) =   298.24  PRESS =     0.0
 Etot   =   -117025.5792  EKtot   =     20381.6152  EPtot      =   -137407.1945
 BOND   =       552.1839  ANGLE   =      1507.0913  DIHED      =      1013.9564
 UB     =         0.0000  IMP     =         0.0000  CMAP       =       141.5743
 1-4 NB =       661.6094  1-4 EEL =      5912.3427  VDWAALS    =     16270.7661
 EELEC  =   -163634.3550  EHBOND  =         0.0000  RESTRAINT  =       167.6364
 EAMBER (non-restraint)  =   -137574.8309
 EKCMT  =         0.0000  VIRIAL  =         0.0000  VOLUME     =    334859.9103
                                                    Density    =         1.0279
 ------------------------------------------------------------------------------


 NSTEP =   105000   TIME(PS) =     410.000  TEMP(K) =   300.39  PRESS =     0.0
 Etot   =   -116699.1424  EKtot   =     20528.9395  EPtot      =   -137228.0819
 BOND   =       531.2771  ANGLE   =      1514.9345  DIHED      =      1036.1099
 UB     =         0.0000  IMP     =         0.0000  CMAP       =       135.6664
 1-4 NB =       657.4765  1-4 EEL =      5899.1341  VDWAALS    =     16361.5364
 EELEC  =   -163536.5809  EHBOND  =         0.0000  RESTRAINT  =       172.3640
 EAMBER (non-restraint)  =   -137400.4459
 EKCMT  =         0.0000  VIRIAL  =         0.0000  VOLUME     =    335377.2168
                                                    Density    =         1.0263
 ------------------------------------------------------------------------------


 NSTEP =   110000   TIME(PS) =     420.000  TEMP(K) =   298.55  PRESS =     0.0
 Etot   =   -117173.6268  EKtot   =     20402.9062  EPtot      =   -137576.5330
 BOND   =       512.2709  ANGLE   =      1531.0405  DIHED      =      1003.6580
 UB     =         0.0000  IMP     =         0.0000  CMAP       =       142.4797
 1-4 NB =       642.3855  1-4 EEL =      5905.7226  VDWAALS    =     16692.7514
 EELEC  =   -164181.4832  EHBOND  =         0.0000  RESTRAINT  =       174.6416
 EAMBER (non-restraint)  =   -137751.1746
 EKCMT  =         0.0000  VIRIAL  =         0.0000  VOLUME     =    332841.5109
                                                    Density    =         1.0341
 ------------------------------------------------------------------------------


 NSTEP =   115000   TIME(PS) =     430.000  TEMP(K) =   299.00  PRESS =     0.0
 Etot   =   -116858.7363  EKtot   =     20433.8926  EPtot      =   -137292.6288
 BOND   =       562.4758  ANGLE   =      1517.7471  DIHED      =      1024.1663
 UB     =         0.0000  IMP     =         0.0000  CMAP       =       143.4860
 1-4 NB =       638.1468  1-4 EEL =      5875.9620  VDWAALS    =     16244.4141
 EELEC  =   -163478.5468  EHBOND  =         0.0000  RESTRAINT  =       179.5199
 EAMBER (non-restraint)  =   -137472.1487
 EKCMT  =         0.0000  VIRIAL  =         0.0000  VOLUME     =    334558.7914
                                                    Density    =         1.0288
 ------------------------------------------------------------------------------


 NSTEP =   120000   TIME(PS) =     440.000  TEMP(K) =   296.09  PRESS =     0.0
 Etot   =   -117267.7829  EKtot   =     20234.6309  EPtot      =   -137502.4137
 BOND   =       568.0558  ANGLE   =      1472.9497  DIHED      =       995.0114
 UB     =         0.0000  IMP     =         0.0000  CMAP       =       143.9579
 1-4 NB =       646.6197  1-4 EEL =      5875.1225  VDWAALS    =     16699.9443
 EELEC  =   -164085.3757  EHBOND  =         0.0000  RESTRAINT  =       181.3006
 EAMBER (non-restraint)  =   -137683.7143
 EKCMT  =         0.0000  VIRIAL  =         0.0000  VOLUME     =    334414.6331
                                                    Density    =         1.0293
 ------------------------------------------------------------------------------


 NSTEP =   125000   TIME(PS) =     450.000  TEMP(K) =   297.62  PRESS =     0.0
 Etot   =   -117455.4550  EKtot   =     20339.8145  EPtot      =   -137795.2694
 BOND   =       535.8424  ANGLE   =      1459.8404  DIHED      =      1005.6227
 UB     =         0.0000  IMP     =         0.0000  CMAP       =       138.3763
 1-4 NB =       657.1641  1-4 EEL =      5890.7677  VDWAALS    =     15925.6616
 EELEC  =   -163574.7709  EHBOND  =         0.0000  RESTRAINT  =       166.2264
 EAMBER (non-restraint)  =   -137961.4958
 EKCMT  =         0.0000  VIRIAL  =         0.0000  VOLUME     =    333858.5580
                                                    Density    =         1.0310
 ------------------------------------------------------------------------------


 NSTEP =   130000   TIME(PS) =     460.000  TEMP(K) =   298.81  PRESS =     0.0
 Etot   =   -117151.2280  EKtot   =     20421.0977  EPtot      =   -137572.3257
 BOND   =       559.6650  ANGLE   =      1487.1228  DIHED      =       980.6793
 UB     =         0.0000  IMP     =         0.0000  CMAP       =       148.4687
 1-4 NB =       635.0630  1-4 EEL =      5842.0541  VDWAALS    =     16496.4073
 EELEC  =   -163890.2286  EHBOND  =         0.0000  RESTRAINT  =       168.4426
 EAMBER (non-restraint)  =   -137740.7683
 EKCMT  =         0.0000  VIRIAL  =         0.0000  VOLUME     =    333566.8577
                                                    Density    =         1.0319
 ------------------------------------------------------------------------------


 NSTEP =   135000   TIME(PS) =     470.000  TEMP(K) =   303.86  PRESS =     0.0
 Etot   =   -116727.3077  EKtot   =     20765.9512  EPtot      =   -137493.2588
 BOND   =       586.2132  ANGLE   =      1486.6929  DIHED      =       991.8057
 UB     =         0.0000  IMP     =         0.0000  CMAP       =       135.9402
 1-4 NB =       644.3648  1-4 EEL =      5875.3779  VDWAALS    =     16484.0088
 EELEC  =   -163863.6085  EHBOND  =         0.0000  RESTRAINT  =       165.9462
 EAMBER (non-restraint)  =   -137659.2051
 EKCMT  =         0.0000  VIRIAL  =         0.0000  VOLUME     =    333147.8000
                                                    Density    =         1.0332
 ------------------------------------------------------------------------------


 NSTEP =   140000   TIME(PS) =     480.000  TEMP(K) =   297.91  PRESS =     0.0
 Etot   =   -117086.3916  EKtot   =     20359.2852  EPtot      =   -137445.6768
 BOND   =       591.8182  ANGLE   =      1484.7109  DIHED      =       999.2086
 UB     =         0.0000  IMP     =         0.0000  CMAP       =       148.3367
 1-4 NB =       634.4413  1-4 EEL =      5847.7181  VDWAALS    =     16617.3548
 EELEC  =   -163923.7818  EHBOND  =         0.0000  RESTRAINT  =       154.5166
 EAMBER (non-restraint)  =   -137600.1933
 EKCMT  =         0.0000  VIRIAL  =         0.0000  VOLUME     =    334826.2887
                                                    Density    =         1.0280
 ------------------------------------------------------------------------------


 NSTEP =   145000   TIME(PS) =     490.000  TEMP(K) =   297.77  PRESS =     0.0
 Etot   =   -117034.4760  EKtot   =     20350.0430  EPtot      =   -137384.5190
 BOND   =       574.4137  ANGLE   =      1549.0764  DIHED      =      1009.0019
 UB     =         0.0000  IMP     =         0.0000  CMAP       =       149.6369
 1-4 NB =       641.4528  1-4 EEL =      5789.9541  VDWAALS    =     16344.2226
 EELEC  =   -163591.3740  EHBOND  =         0.0000  RESTRAINT  =       149.0967
 EAMBER (non-restraint)  =   -137533.6156
 EKCMT  =         0.0000  VIRIAL  =         0.0000  VOLUME     =    333947.1038
                                                    Density    =         1.0307
 ------------------------------------------------------------------------------


 NSTEP =   150000   TIME(PS) =     500.000  TEMP(K) =   300.96  PRESS =     0.0
 Etot   =   -117077.3270  EKtot   =     20567.7129  EPtot      =   -137645.0399
 BOND   =       549.1525  ANGLE   =      1536.3675  DIHED      =      1009.7362
 UB     =         0.0000  IMP     =         0.0000  CMAP       =       148.9192
 1-4 NB =       637.2344  1-4 EEL =      5821.5233  VDWAALS    =     16415.0882
 EELEC  =   -163925.9177  EHBOND  =         0.0000  RESTRAINT  =       162.8566
 EAMBER (non-restraint)  =   -137807.8965
 EKCMT  =         0.0000  VIRIAL  =         0.0000  VOLUME     =    335246.8639
                                                    Density    =         1.0267
 ------------------------------------------------------------------------------


 NSTEP =   155000   TIME(PS) =     510.000  TEMP(K) =   299.26  PRESS =     0.0
 Etot   =   -116944.5639  EKtot   =     20451.7441  EPtot      =   -137396.3080
 BOND   =       559.4806  ANGLE   =      1487.3627  DIHED      =      1002.4624
 UB     =         0.0000  IMP     =         0.0000  CMAP       =       141.7129
 1-4 NB =       641.7828  1-4 EEL =      5845.0322  VDWAALS    =     16746.6151
 EELEC  =   -163972.7639  EHBOND  =         0.0000  RESTRAINT  =       152.0072
 EAMBER (non-restraint)  =   -137548.3152
 EKCMT  =         0.0000  VIRIAL  =         0.0000  VOLUME     =    334948.0016
                                                    Density    =         1.0276
 ------------------------------------------------------------------------------


 NSTEP =   160000   TIME(PS) =     520.000  TEMP(K) =   298.69  PRESS =     0.0
 Etot   =   -117102.5898  EKtot   =     20412.3867  EPtot      =   -137514.9765
 BOND   =       568.7903  ANGLE   =      1508.4644  DIHED      =       998.7629
 UB     =         0.0000  IMP     =         0.0000  CMAP       =       146.1467
 1-4 NB =       647.6009  1-4 EEL =      5817.0842  VDWAALS    =     16173.0554
 EELEC  =   -163551.2727  EHBOND  =         0.0000  RESTRAINT  =       176.3914
 EAMBER (non-restraint)  =   -137691.3679
 EKCMT  =         0.0000  VIRIAL  =         0.0000  VOLUME     =    333983.8618
                                                    Density    =         1.0306
 ------------------------------------------------------------------------------


 NSTEP =   165000   TIME(PS) =     530.000  TEMP(K) =   301.09  PRESS =     0.0
 Etot   =   -117016.7506  EKtot   =     20576.9102  EPtot      =   -137593.6608
 BOND   =       552.6212  ANGLE   =      1521.6980  DIHED      =      1022.2507
 UB     =         0.0000  IMP     =         0.0000  CMAP       =       140.8530
 1-4 NB =       640.4834  1-4 EEL =      5836.4063  VDWAALS    =     16528.3830
 EELEC  =   -164000.3280  EHBOND  =         0.0000  RESTRAINT  =       163.9717
 EAMBER (non-restraint)  =   -137757.6325
 EKCMT  =         0.0000  VIRIAL  =         0.0000  VOLUME     =    332557.0783
                                                    Density    =         1.0350
 ------------------------------------------------------------------------------


 NSTEP =   170000   TIME(PS) =     540.000  TEMP(K) =   301.71  PRESS =     0.0
 Etot   =   -116978.6385  EKtot   =     20619.0723  EPtot      =   -137597.7108
 BOND   =       580.0591  ANGLE   =      1569.2236  DIHED      =      1018.3583
 UB     =         0.0000  IMP     =         0.0000  CMAP       =       145.5256
 1-4 NB =       638.7501  1-4 EEL =      5847.3961  VDWAALS    =     16714.2682
 EELEC  =   -164266.3629  EHBOND  =         0.0000  RESTRAINT  =       155.0710
 EAMBER (non-restraint)  =   -137752.7818
 EKCMT  =         0.0000  VIRIAL  =         0.0000  VOLUME     =    334388.1349
                                                    Density    =         1.0293
 ------------------------------------------------------------------------------


 NSTEP =   175000   TIME(PS) =     550.000  TEMP(K) =   300.21  PRESS =     0.0
 Etot   =   -116693.7283  EKtot   =     20516.3984  EPtot      =   -137210.1267
 BOND   =       545.3003  ANGLE   =      1450.2461  DIHED      =       979.4807
 UB     =         0.0000  IMP     =         0.0000  CMAP       =       147.8324
 1-4 NB =       636.5219  1-4 EEL =      5854.6977  VDWAALS    =     16474.2429
 EELEC  =   -163465.8823  EHBOND  =         0.0000  RESTRAINT  =       167.4336
 EAMBER (non-restraint)  =   -137377.5604
 EKCMT  =         0.0000  VIRIAL  =         0.0000  VOLUME     =    335029.2332
                                                    Density    =         1.0274
 ------------------------------------------------------------------------------


 NSTEP =   180000   TIME(PS) =     560.000  TEMP(K) =   300.14  PRESS =     0.0
 Etot   =   -116771.8194  EKtot   =     20511.6855  EPtot      =   -137283.5049
 BOND   =       511.7613  ANGLE   =      1488.0781  DIHED      =       996.7725
 UB     =         0.0000  IMP     =         0.0000  CMAP       =       146.8883
 1-4 NB =       636.3639  1-4 EEL =      5832.3442  VDWAALS    =     16127.6050
 EELEC  =   -163184.1943  EHBOND  =         0.0000  RESTRAINT  =       160.8760
 EAMBER (non-restraint)  =   -137444.3809
 EKCMT  =         0.0000  VIRIAL  =         0.0000  VOLUME     =    334494.4105
                                                    Density    =         1.0290
 ------------------------------------------------------------------------------


 NSTEP =   185000   TIME(PS) =     570.000  TEMP(K) =   300.67  PRESS =     0.0
 Etot   =   -116592.4803  EKtot   =     20548.1191  EPtot      =   -137140.5994
 BOND   =       553.9559  ANGLE   =      1510.7502  DIHED      =      1044.2437
 UB     =         0.0000  IMP     =         0.0000  CMAP       =       137.0243
 1-4 NB =       662.4991  1-4 EEL =      5857.7354  VDWAALS    =     16507.4846
 EELEC  =   -163575.8708  EHBOND  =         0.0000  RESTRAINT  =       161.5782
 EAMBER (non-restraint)  =   -137302.1776
 EKCMT  =         0.0000  VIRIAL  =         0.0000  VOLUME     =    333738.7401
                                                    Density    =         1.0313
 ------------------------------------------------------------------------------


 NSTEP =   190000   TIME(PS) =     580.000  TEMP(K) =   300.06  PRESS =     0.0
 Etot   =   -116809.9860  EKtot   =     20505.9160  EPtot      =   -137315.9020
 BOND   =       548.7157  ANGLE   =      1519.5111  DIHED      =      1010.7693
 UB     =         0.0000  IMP     =         0.0000  CMAP       =       138.6972
 1-4 NB =       660.7593  1-4 EEL =      5896.1626  VDWAALS    =     16486.7821
 EELEC  =   -163741.6082  EHBOND  =         0.0000  RESTRAINT  =       164.3088
 EAMBER (non-restraint)  =   -137480.2108
 EKCMT  =         0.0000  VIRIAL  =         0.0000  VOLUME     =    334465.9136
                                                    Density    =         1.0291
 ------------------------------------------------------------------------------


 NSTEP =   195000   TIME(PS) =     590.000  TEMP(K) =   298.68  PRESS =     0.0
 Etot   =   -117235.9055  EKtot   =     20411.7734  EPtot      =   -137647.6789
 BOND   =       594.0256  ANGLE   =      1529.4563  DIHED      =      1026.4859
 UB     =         0.0000  IMP     =         0.0000  CMAP       =       137.5143
 1-4 NB =       650.7457  1-4 EEL =      5857.2651  VDWAALS    =     16546.8771
 EELEC  =   -164160.2046  EHBOND  =         0.0000  RESTRAINT  =       170.1557
 EAMBER (non-restraint)  =   -137817.8346
 EKCMT  =         0.0000  VIRIAL  =         0.0000  VOLUME     =    333854.8454
                                                    Density    =         1.0310
 ------------------------------------------------------------------------------


 NSTEP =   200000   TIME(PS) =     600.000  TEMP(K) =   297.26  PRESS =     0.0
 Etot   =   -116993.3021  EKtot   =     20315.2051  EPtot      =   -137308.5072
 BOND   =       524.4844  ANGLE   =      1534.9446  DIHED      =       996.2024
 UB     =         0.0000  IMP     =         0.0000  CMAP       =       151.6031
 1-4 NB =       633.9173  1-4 EEL =      5856.5828  VDWAALS    =     16359.1582
 EELEC  =   -163525.2245  EHBOND  =         0.0000  RESTRAINT  =       159.8245
 EAMBER (non-restraint)  =   -137468.3317
 EKCMT  =         0.0000  VIRIAL  =         0.0000  VOLUME     =    334056.9183
                                                    Density    =         1.0304
 ------------------------------------------------------------------------------


 NSTEP =   205000   TIME(PS) =     610.000  TEMP(K) =   301.01  PRESS =     0.0
 Etot   =   -116905.2006  EKtot   =     20571.3359  EPtot      =   -137476.5366
 BOND   =       556.3698  ANGLE   =      1480.5942  DIHED      =       983.5849
 UB     =         0.0000  IMP     =         0.0000  CMAP       =       134.6131
 1-4 NB =       645.9399  1-4 EEL =      5838.8093  VDWAALS    =     16692.6346
 EELEC  =   -163968.7310  EHBOND  =         0.0000  RESTRAINT  =       159.6486
 EAMBER (non-restraint)  =   -137636.1852
 EKCMT  =         0.0000  VIRIAL  =         0.0000  VOLUME     =    334595.0620
                                                    Density    =         1.0287
 ------------------------------------------------------------------------------


 NSTEP =   210000   TIME(PS) =     620.000  TEMP(K) =   297.90  PRESS =     0.0
 Etot   =   -117165.0676  EKtot   =     20358.3379  EPtot      =   -137523.4055
 BOND   =       559.0545  ANGLE   =      1516.0609  DIHED      =       974.9876
 UB     =         0.0000  IMP     =         0.0000  CMAP       =       135.9407
 1-4 NB =       634.7736  1-4 EEL =      5857.3559  VDWAALS    =     16623.4267
 EELEC  =   -163981.3121  EHBOND  =         0.0000  RESTRAINT  =       156.3066
 EAMBER (non-restraint)  =   -137679.7121
 EKCMT  =         0.0000  VIRIAL  =         0.0000  VOLUME     =    334291.2586
                                                    Density    =         1.0296
 ------------------------------------------------------------------------------


 NSTEP =   215000   TIME(PS) =     630.000  TEMP(K) =   301.22  PRESS =     0.0
 Etot   =   -116651.3901  EKtot   =     20585.6289  EPtot      =   -137237.0191
 BOND   =       554.6453  ANGLE   =      1548.7688  DIHED      =       966.2583
 UB     =         0.0000  IMP     =         0.0000  CMAP       =       138.5202
 1-4 NB =       645.8894  1-4 EEL =      5850.4286  VDWAALS    =     16283.9145
 EELEC  =   -163378.6710  EHBOND  =         0.0000  RESTRAINT  =       153.2268
 EAMBER (non-restraint)  =   -137390.2458
 EKCMT  =         0.0000  VIRIAL  =         0.0000  VOLUME     =    333920.4668
                                                    Density    =         1.0308
 ------------------------------------------------------------------------------


 NSTEP =   220000   TIME(PS) =     640.000  TEMP(K) =   297.58  PRESS =     0.0
 Etot   =   -117086.9559  EKtot   =     20336.4844  EPtot      =   -137423.4403
 BOND   =       551.5994  ANGLE   =      1514.6737  DIHED      =       984.8395
 UB     =         0.0000  IMP     =         0.0000  CMAP       =       143.2618
 1-4 NB =       646.3592  1-4 EEL =      5834.6705  VDWAALS    =     16539.3348
 EELEC  =   -163802.5090  EHBOND  =         0.0000  RESTRAINT  =       164.3297
 EAMBER (non-restraint)  =   -137587.7700
 EKCMT  =         0.0000  VIRIAL  =         0.0000  VOLUME     =    335394.8959
                                                    Density    =         1.0263
 ------------------------------------------------------------------------------


 NSTEP =   225000   TIME(PS) =     650.000  TEMP(K) =   300.10  PRESS =     0.0
 Etot   =   -116819.3579  EKtot   =     20508.7617  EPtot      =   -137328.1196
 BOND   =       541.5592  ANGLE   =      1518.2317  DIHED      =      1001.8721
 UB     =         0.0000  IMP     =         0.0000  CMAP       =       136.4951
 1-4 NB =       643.8052  1-4 EEL =      5819.8328  VDWAALS    =     16428.0665
 EELEC  =   -163570.9788  EHBOND  =         0.0000  RESTRAINT  =       152.9965
 EAMBER (non-restraint)  =   -137481.1162
 EKCMT  =         0.0000  VIRIAL  =         0.0000  VOLUME     =    335919.3909
                                                    Density    =         1.0247
 ------------------------------------------------------------------------------


 NSTEP =   230000   TIME(PS) =     660.000  TEMP(K) =   300.15  PRESS =     0.0
 Etot   =   -116790.7989  EKtot   =     20512.3340  EPtot      =   -137303.1329
 BOND   =       564.2807  ANGLE   =      1486.4946  DIHED      =      1008.3897
 UB     =         0.0000  IMP     =         0.0000  CMAP       =       143.0751
 1-4 NB =       637.4039  1-4 EEL =      5842.9874  VDWAALS    =     16523.8895
 EELEC  =   -163670.0502  EHBOND  =         0.0000  RESTRAINT  =       160.3963
 EAMBER (non-restraint)  =   -137463.5292
 EKCMT  =         0.0000  VIRIAL  =         0.0000  VOLUME     =    335291.8465
                                                    Density    =         1.0266
 ------------------------------------------------------------------------------


 NSTEP =   235000   TIME(PS) =     670.000  TEMP(K) =   300.51  PRESS =     0.0
 Etot   =   -116971.3864  EKtot   =     20536.6738  EPtot      =   -137508.0602
 BOND   =       588.6000  ANGLE   =      1512.9388  DIHED      =      1011.4782
 UB     =         0.0000  IMP     =         0.0000  CMAP       =       138.8626
 1-4 NB =       652.6621  1-4 EEL =      5856.5651  VDWAALS    =     16597.5869
 EELEC  =   -164038.4547  EHBOND  =         0.0000  RESTRAINT  =       171.7008
 EAMBER (non-restraint)  =   -137679.7610
 EKCMT  =         0.0000  VIRIAL  =         0.0000  VOLUME     =    333980.0514
                                                    Density    =         1.0306
 ------------------------------------------------------------------------------


 NSTEP =   240000   TIME(PS) =     680.000  TEMP(K) =   300.53  PRESS =     0.0
 Etot   =   -116728.2610  EKtot   =     20538.5254  EPtot      =   -137266.7864
 BOND   =       573.5863  ANGLE   =      1488.3736  DIHED      =       991.4847
 UB     =         0.0000  IMP     =         0.0000  CMAP       =       137.9917
 1-4 NB =       651.2861  1-4 EEL =      5857.9097  VDWAALS    =     16177.0385
 EELEC  =   -163303.1056  EHBOND  =         0.0000  RESTRAINT  =       158.6485
 EAMBER (non-restraint)  =   -137425.4349
 EKCMT  =         0.0000  VIRIAL  =         0.0000  VOLUME     =    334070.4172
                                                    Density    =         1.0303
 ------------------------------------------------------------------------------


 NSTEP =   245000   TIME(PS) =     690.000  TEMP(K) =   298.67  PRESS =     0.0
 Etot   =   -117026.0635  EKtot   =     20411.1504  EPtot      =   -137437.2139
 BOND   =       526.7723  ANGLE   =      1463.3623  DIHED      =       978.9900
 UB     =         0.0000  IMP     =         0.0000  CMAP       =       144.4012
 1-4 NB =       642.7916  1-4 EEL =      5823.8800  VDWAALS    =     16531.8217
 EELEC  =   -163705.2321  EHBOND  =         0.0000  RESTRAINT  =       155.9990
 EAMBER (non-restraint)  =   -137593.2130
 EKCMT  =         0.0000  VIRIAL  =         0.0000  VOLUME     =    333900.1890
                                                    Density    =         1.0309
 ------------------------------------------------------------------------------


 NSTEP =   250000   TIME(PS) =     700.000  TEMP(K) =   303.42  PRESS =     0.0
 Etot   =   -116730.7812  EKtot   =     20735.5801  EPtot      =   -137466.3613
 BOND   =       596.8114  ANGLE   =      1472.4979  DIHED      =       991.2865
 UB     =         0.0000  IMP     =         0.0000  CMAP       =       137.4981
 1-4 NB =       637.6775  1-4 EEL =      5860.3130  VDWAALS    =     16135.6130
 EELEC  =   -163461.4474  EHBOND  =         0.0000  RESTRAINT  =       163.3888
 EAMBER (non-restraint)  =   -137629.7501
 EKCMT  =         0.0000  VIRIAL  =         0.0000  VOLUME     =    334248.1249
                                                    Density    =         1.0298
 ------------------------------------------------------------------------------


      A V E R A G E S   O V E R      50 S T E P S


 NSTEP =   250000   TIME(PS) =     700.000  TEMP(K) =   299.75  PRESS =     0.0
 Etot   =   -116915.9065  EKtot   =     20485.3148  EPtot      =   -137401.2213
 BOND   =       559.8566  ANGLE   =      1505.8588  DIHED      =      1002.4140
 UB     =         0.0000  IMP     =         0.0000  CMAP       =       142.4344
 1-4 NB =       642.5997  1-4 EEL =      5852.9820  VDWAALS    =     16474.5768
 EELEC  =   -163745.7641  EHBOND  =         0.0000  RESTRAINT  =       163.8203
 EAMBER (non-restraint)  =   -137565.0416
 EKCMT  =         0.0000  VIRIAL  =         0.0000  VOLUME     =    334824.9937
                                                    Density    =         1.0281
 ------------------------------------------------------------------------------


      R M S  F L U C T U A T I O N S


 NSTEP =   250000   TIME(PS) =     700.000  TEMP(K) =     1.65  PRESS =     0.0
 Etot   =       225.0257  EKtot   =       112.6313  EPtot      =       182.9501
 BOND   =        23.8767  ANGLE   =        27.1821  DIHED      =        16.2209
 UB     =         0.0000  IMP     =         0.0000  CMAP       =         4.5543
 1-4 NB =        10.0072  1-4 EEL =        27.0278  VDWAALS    =       264.3569
 EELEC  =       310.2415  EHBOND  =         0.0000  RESTRAINT  =         7.4315
 EAMBER (non-restraint)  =       175.5185
 EKCMT  =         0.0000  VIRIAL  =         0.0000  VOLUME     =      2664.4825
                                                    Density    =         0.0079
 ------------------------------------------------------------------------------

| MC Barostat:       2500 volume changes attempted.
| MC Barostat:        832 changes successful ( 33.28%)
 ------------------------------------------------------------------------------

--------------------------------------------------------------------------------
   5.  TIMINGS
--------------------------------------------------------------------------------

|  NonSetup CPU Time in Major Routines:
|
|     Routine           Sec        %
|     ------------------------------
|     Nonbond          10.56   11.24
|     Bond              0.00    0.00
|     Angle             0.00    0.00
|     Dihedral          0.00    0.00
|     Shake             1.09    1.16
|     RunMD            80.04   85.15
|     Other             2.30    2.45
|     ------------------------------
|     Total            93.99

|  PME Nonbond Pairlist CPU Time:
|
|     Routine              Sec        %
|     ---------------------------------
|     Set Up Cit           0.00    0.00
|     Build List           0.00    0.00
|     ---------------------------------
|     Total                0.00    0.00

|  PME Direct Force CPU Time:
|
|     Routine              Sec        %
|     ---------------------------------
|     NonBonded Calc       0.00    0.00
|     Exclude Masked       0.00    0.00
|     Other                0.38    0.40
|     ---------------------------------
|     Total                0.38    0.40

|  PME Reciprocal Force CPU Time:
|
|     Routine              Sec        %
|     ---------------------------------
|     1D bspline           0.00    0.00
|     Grid Charges         0.00    0.00
|     Scalar Sum           0.00    0.00
|     Gradient Sum         0.00    0.00
|     FFT                  0.00    0.00
|     ---------------------------------
|     Total                0.00    0.00

|  Final Performance Info:
|     -----------------------------------------------------
|     Average timings for last   85000 steps:
|     Elapsed(s) =      32.14 Per Step(ms) =       0.38
|         ns/day =     457.02   seconds/ns =     189.05
|
|     Average timings for all steps:
|     Elapsed(s) =      94.20 Per Step(ms) =       0.38
|         ns/day =     458.58   seconds/ns =     188.41
|     -----------------------------------------------------

|  Setup CPU time:            0.52 seconds
|  NonSetup CPU time:        93.99 seconds
|  Total CPU time:           94.51 seconds     0.03 hours

|  Setup wall time:           0    seconds
|  NonSetup wall time:       95    seconds
|  Total wall time:          95    seconds     0.03 hours
