
          -------------------------------------------------------
          Amber 22 PMEMD                              2022
          -------------------------------------------------------

| PMEMD implementation of SANDER, Release 22

|  Compiled date/time: Thu Apr 14 11:06:37 2022
| Run on 08/21/2026 at 12:41:15

|   Executable path: pmemd.cuda
| Working directory: /bigdata/cutlerlab/jjaco081/PYR1_pocket_expansion/data/mmgbsa_explicit/aba_WT_s0
|          Hostname: gpu10

  [-O]verwriting output

File Assignments:
|   MDIN: heat.in                                                               
|  MDOUT: heat.out                                                              
| INPCRD: min2.rst7                                                             
|   PARM: /bigdata/cutlerlab/jjaco081/PYR1_pocket_expansion/data/mmgbsa_explicit
| RESTRT: heat.rst7                                                             
|   REFC: min2.rst7                                                             
|  MDVEL: mdvel                                                                 
|   MDEN: mden                                                                  
|  MDCRD: heat.nc                                                               
| MDINFO: heat.mdinfo                                                           
|  MDFRC: mdfrc                                                                 


 Here is the input file:

NVT heating 0 -> 300.0 K over 200 ps                                           
 &cntrl                                                                        
  imin=0, irest=0, ntx=1,                                                      
  nstlim=100000, dt=0.002,                                                     
  ntc=2, ntf=2, cut=10.0,                                                      
  ntb=1, ntp=0,                                                                
  ntt=3, gamma_ln=2.0, ig=-1,                                                  
  tempi=0.0, temp0=300.0,                                                      
  nmropt=1,                                                                    
  ntr=1, restraintmask='!:WAT,Na+,K+,Cl- & !@H=', restraint_wt=5.0,            
  ntpr=5000, ntwx=5000, ntwr=50000,                                            
 /                                                                             
 &wt type='TEMP0', istep1=0, istep2=80000, value1=0.0, value2=300.0 /          
 &wt type='TEMP0', istep1=80001, istep2=100000, value1=300.0, value2=300.0 /   
 &wt type='END' /                                                              


Note: ig = -1. Setting random seed to   719853 based on wallclock time in 
      microseconds.
| irandom = 1, using AMBER's internal random number generator (default).
 
|--------------------- INFORMATION ----------------------
| GPU (CUDA) Version of PMEMD in use: NVIDIA GPU IN USE.
|                    Version 18.0.0
| 
|                      03/25/2018
| 
| Implementation by:
|                    Ross C. Walker     (SDSC)
|                    Scott Le Grand     (nVIDIA)
| 
| Version 18 performance extensions by:
|                    David Cerutti     (Rutgers)
| 
| Precision model in use:
|      [SPFP] - Single Precision Forces, 64-bit Fixed Point
|               Accumulation. (Default)
| 
|--------------------------------------------------------
 
|----------------- CITATION INFORMATION -----------------
|
|    When publishing work that utilized the CUDA version
|    of AMBER, please cite the following in addition to
|    the regular AMBER citations:
|
|  - Romelia Salomon-Ferrer; Andreas W. Goetz; Duncan
|    Poole; Scott Le Grand; Ross C. Walker "Routine
|    microsecond molecular dynamics simulations with
|    AMBER - Part II: Particle Mesh Ewald", J. Chem.
|    Theory Comput., 2013, 9 (9), pp3878-3888,
|    DOI: 10.1021/ct400314y.
|
|  - Andreas W. Goetz; Mark J. Williamson; Dong Xu;
|    Duncan Poole; Scott Le Grand; Ross C. Walker
|    "Routine microsecond molecular dynamics simulations
|    with AMBER - Part I: Generalized Born", J. Chem.
|    Theory Comput., 2012, 8 (5), pp1542-1555.
|
|  - Scott Le Grand; Andreas W. Goetz; Ross C. Walker
|    "SPFP: Speed without compromise - a mixed precision
|    model for GPU accelerated molecular dynamics
|    simulations.", Comp. Phys. Comm., 2013, 184
|    pp374-380, DOI: 10.1016/j.cpc.2012.09.022
|
|--------------------------------------------------------
 
|------------------- GPU DEVICE INFO --------------------
|
|            CUDA_VISIBLE_DEVICES: 0
|   CUDA Capable Devices Detected:      1
|           CUDA Device ID in use:      0
|                CUDA Device Name: NVIDIA RTX 6000 Ada Generation
|     CUDA Device Global Mem Size:  48510 MB
| CUDA Device Num Multiprocessors:    142
|           CUDA Device Core Freq:   2.50 GHz
|
|--------------------------------------------------------
 
 
| Conditional Compilation Defines Used:
| PUBFFT
| BINTRAJ
| CUDA
| EMIL

| Largest sphere to fit in unit cell has radius =    32.318

| New format PARM file being parsed.
| Version =    1.000 Date = 08/21/26 Time = 12:11:31

| Note: 1-4 EEL scale factors are being read from the topology file.

| Note: 1-4 VDW scale factors are being read from the topology file.
| INFO:    Virtual site frames will be inferred from bonding patterns.
| Duplicated    0 dihedrals

| Duplicated    0 dihedrals

--------------------------------------------------------------------------------
   1.  RESOURCE   USE: 
--------------------------------------------------------------------------------

 getting box info from netcdf restart file
 NATOM  =   43861 NTYPES =      26 NBONH =   32118 MBONA  =   11708
 NTHETH =    3249 MTHETA =    2007 NPHIH =    6624 MPHIA  =    6358
 NHPARM =       0 NPARM  =       0 NNB   =   87569 NRES   =   10470
 NBONA  =   11708 NTHETA =    2007 NPHIA =    6358 NUMBND =      92
 NUMANG =     206 NPTRA  =     217 NATYP =      50 NPHB   =       0
 IFBOX  =       2 NMXRS  =      38 IFCAP =       0 NEXTRA =   10228
 NCOPY  =       0


| Coordinate Index Table dimensions:    12   12   12
| Direct force subcell size =     6.5969    6.5969    6.5969

     BOX TYPE: TRUNCATED OCTAHEDRON

--------------------------------------------------------------------------------
   2.  CONTROL  DATA  FOR  THE  RUN
--------------------------------------------------------------------------------

default_name                                                                    

General flags:
     imin    =       0, nmropt  =       1

Nature and format of input:
     ntx     =       1, irest   =       0, ntrx    =       1

Nature and format of output:
     ntxo    =       2, ntpr    =    5000, ntrx    =       1, ntwr    =   50000
     iwrap   =       0, ntwx    =    5000, ntwv    =       0, ntwe    =       0
     ioutfm  =       1, ntwprt  =       0, idecomp =       0, rbornstat=      0

Potential function:
     ntf     =       2, ntb     =       1, igb     =       0, nsnb    =      25
     ipol    =       0, gbsa    =       0, iesp    =       0
     dielc   =   1.00000, cut     =  10.00000, intdiel =   1.00000

Frozen or restrained atoms:
     ibelly  =       0, ntr     =       1
     restraint_wt =   5.00000

Molecular dynamics:
     nstlim  =    100000, nscm    =         0, nrespa  =         1
     t       =   0.00000, dt      =   0.00200, vlimit  =  -1.00000

Langevin dynamics temperature regulation:
     ig      =  719853
     temp0   = 300.00000, tempi   =   0.00000, gamma_ln=   2.00000

SHAKE:
     ntc     =       2, jfastw  =       0
     tol     =   0.00001

NMR refinement options:
     iscale  =       0, noeskp  =       1, ipnlty  =       1, mxsub   =       1
     scalm   = 100.00000, pencut  =   0.10000, tausw   =   0.10000

| Intermolecular bonds treatment:
|     no_intermolecular_bonds =       1

| Energy averages sample interval:
|     ene_avg_sampling =    5000

Extra-points options:
     frameon =       1, chngmask=       1

Ewald parameters:
     verbose =       0, ew_type =       0, nbflag  =       1, use_pme =       1
     vdwmeth =       1, eedmeth =       1, netfrc  =       1
     Box X =   79.163   Box Y =   79.163   Box Z =   79.163
     Alpha =  109.471   Beta  =  109.471   Gamma =  109.471
     NFFT1 =   80       NFFT2 =   80       NFFT3 =   80
     Cutoff=   10.000   Tol   =0.100E-04
     Ewald Coefficient =  0.27511
     Interpolation order =    4

    LOADING THE CONSTRAINED ATOMS AS GROUPS


   5.  REFERENCE ATOM COORDINATES

  default_name                                                                    
     Mask !:WAT,Na+,K+,Cl- & !@H=; matches  1453 atoms
|      EXTRA_PTS, trim_bonds: num bonds BEFORE trim = 32118     0
|      EXTRA_PTS, trim_bonds: num bonds AFTER  trim = 32118     0
|      EXTRA_PTS, trim_bonds: num bonds BEFORE trim = 11708     0
|      EXTRA_PTS, trim_bonds: num bonds AFTER  trim =  1480     0
|      EXTRA_PTS, trim_theta: num angle BEFORE trim =  3249     0
|      EXTRA_PTS, trim_theta: num angle AFTER  trim =  3249     0
|      EXTRA_PTS, trim_theta: num angle BEFORE trim =  2007     0
|      EXTRA_PTS, trim_theta: num angle AFTER  trim =  2007     0
|      EXTRA_PTS, trim_phi:  num diheds BEFORE trim =  6624     0
|      EXTRA_PTS, trim_phi:  num diheds AFTER  trim =  6624     0
|      EXTRA_PTS, trim_phi:  num diheds BEFORE trim =  6358     0
|      EXTRA_PTS, trim_phi:  num diheds AFTER  trim =  6358     0

--------------------------------------------------------------------------------
   3.  ATOMIC COORDINATES AND VELOCITIES
--------------------------------------------------------------------------------

default_name                                                                    
 begin time read from input coords =     0.000 ps



           Begin reading energy term weight changes/NMR restraints
 WEIGHT CHANGES:
 TEMP0         0  80000    0.000000  300.000000      0      0
 TEMP0     80001 100000  300.000000  300.000000      0      0

 RESTRAINTS:
                          ** No restraint defined **

                  Done reading weight changes/NMR restraints


 
 Number of triangulated 3-point waters found:    10228

     Sum of charges from parm topology file =  -0.00094592
     Forcing neutrality...

| Dynamic Memory, Types Used:
| Reals             1514280
| Integers          4279013

| Nonbonded Pairs Initial Allocation:    13266855

| GPU memory information (estimate):
| KB of GPU memory in use:    421389
| KB of CPU memory in use:    100773

--------------------------------------------------------------------------------
   4.  RESULTS
--------------------------------------------------------------------------------


 NSTEP =        0   TIME(PS) =       0.000  TEMP(K) =     0.00  PRESS =     0.0
 Etot   =   -222848.6689  EKtot   =         0.0000  EPtot      =   -222848.6689
 BOND   =       113.2637  ANGLE   =       437.9963  DIHED      =       776.8939
 UB     =         0.0000  IMP     =         0.0000  CMAP       =       129.3850
 1-4 NB =       545.7659  1-4 EEL =      5862.5007  VDWAALS    =     41037.2807
 EELEC  =   -271751.7551  EHBOND  =         0.0000  RESTRAINT  =         0.0000
 ------------------------------------------------------------------------------

 NMR restraints: Bond =    0.000   Angle =     0.000   Torsion =     0.000
===============================================================================

 NSTEP =     5000   TIME(PS) =      10.000  TEMP(K) =    17.93  PRESS =     0.0
 Etot   =   -157414.9629  EKtot   =      1225.6061  EPtot      =   -158640.5689
 BOND   =       131.4976  ANGLE   =       490.4313  DIHED      =       790.6109
 UB     =         0.0000  IMP     =         0.0000  CMAP       =       130.6140
 1-4 NB =       555.5348  1-4 EEL =      5875.9985  VDWAALS    =     24631.1524
 EELEC  =   -191271.0035  EHBOND  =         0.0000  RESTRAINT  =        24.5950
 EAMBER (non-restraint)  =   -158665.1639
 ------------------------------------------------------------------------------

 NMR restraints: Bond =    0.000   Angle =     0.000   Torsion =     0.000
===============================================================================

 NSTEP =    10000   TIME(PS) =      20.000  TEMP(K) =    36.53  PRESS =     0.0
 Etot   =   -155200.6545  EKtot   =      2496.3772  EPtot      =   -157697.0317
 BOND   =       164.3068  ANGLE   =       557.6109  DIHED      =       802.9144
 UB     =         0.0000  IMP     =         0.0000  CMAP       =       132.6233
 1-4 NB =       556.8058  1-4 EEL =      5874.3949  VDWAALS    =     24375.5811
 EELEC  =   -190202.0303  EHBOND  =         0.0000  RESTRAINT  =        40.7615
 EAMBER (non-restraint)  =   -157737.7932
 ------------------------------------------------------------------------------

 NMR restraints: Bond =    0.000   Angle =     0.000   Torsion =     0.000
===============================================================================

 NSTEP =    15000   TIME(PS) =      30.000  TEMP(K) =    55.09  PRESS =     0.0
 Etot   =   -153148.0150  EKtot   =      3765.0862  EPtot      =   -156913.1012
 BOND   =       200.2685  ANGLE   =       614.5621  DIHED      =       822.2335
 UB     =         0.0000  IMP     =         0.0000  CMAP       =       131.5723
 1-4 NB =       558.6506  1-4 EEL =      5862.2379  VDWAALS    =     24047.2305
 EELEC  =   -189202.8255  EHBOND  =         0.0000  RESTRAINT  =        52.9688
 EAMBER (non-restraint)  =   -156966.0700
 ------------------------------------------------------------------------------

 NMR restraints: Bond =    0.000   Angle =     0.000   Torsion =     0.000
===============================================================================

 NSTEP =    20000   TIME(PS) =      40.000  TEMP(K) =    74.80  PRESS =     0.0
 Etot   =   -150947.0502  EKtot   =      5112.1880  EPtot      =   -156059.2382
 BOND   =       216.2383  ANGLE   =       682.1757  DIHED      =       809.6604
 UB     =         0.0000  IMP     =         0.0000  CMAP       =       132.2820
 1-4 NB =       577.7258  1-4 EEL =      5884.5781  VDWAALS    =     24171.3131
 EELEC  =   -188612.2393  EHBOND  =         0.0000  RESTRAINT  =        79.0277
 EAMBER (non-restraint)  =   -156138.2659
 ------------------------------------------------------------------------------

 NMR restraints: Bond =    0.000   Angle =     0.000   Torsion =     0.000
===============================================================================

 NSTEP =    25000   TIME(PS) =      50.000  TEMP(K) =    92.79  PRESS =     0.0
 Etot   =   -148844.2653  EKtot   =      6341.0405  EPtot      =   -155185.3058
 BOND   =       252.9072  ANGLE   =       781.9061  DIHED      =       824.4777
 UB     =         0.0000  IMP     =         0.0000  CMAP       =       129.7304
 1-4 NB =       573.7545  1-4 EEL =      5845.0559  VDWAALS    =     24169.0920
 EELEC  =   -187858.9942  EHBOND  =         0.0000  RESTRAINT  =        96.7645
 EAMBER (non-restraint)  =   -155282.0703
 ------------------------------------------------------------------------------

 NMR restraints: Bond =    0.000   Angle =     0.000   Torsion =     0.000
===============================================================================

 NSTEP =    30000   TIME(PS) =      60.000  TEMP(K) =   111.43  PRESS =     0.0
 Etot   =   -146640.6673  EKtot   =      7615.0254  EPtot      =   -154255.6927
 BOND   =       284.5962  ANGLE   =       806.1939  DIHED      =       847.8196
 UB     =         0.0000  IMP     =         0.0000  CMAP       =       130.5388
 1-4 NB =       573.5760  1-4 EEL =      5867.4649  VDWAALS    =     23874.2854
 EELEC  =   -186747.1958  EHBOND  =         0.0000  RESTRAINT  =       107.0283
 EAMBER (non-restraint)  =   -154362.7210
 ------------------------------------------------------------------------------

 NMR restraints: Bond =    0.000   Angle =     0.000   Torsion =     0.000
===============================================================================

 NSTEP =    35000   TIME(PS) =      70.000  TEMP(K) =   130.54  PRESS =     0.0
 Etot   =   -144202.1669  EKtot   =      8921.3369  EPtot      =   -153123.5038
 BOND   =       296.7066  ANGLE   =       895.8391  DIHED      =       878.8591
 UB     =         0.0000  IMP     =         0.0000  CMAP       =       134.3935
 1-4 NB =       586.9925  1-4 EEL =      5852.2739  VDWAALS    =     23629.4773
 EELEC  =   -185521.4015  EHBOND  =         0.0000  RESTRAINT  =       123.3556
 EAMBER (non-restraint)  =   -153246.8594
 ------------------------------------------------------------------------------

 NMR restraints: Bond =    0.000   Angle =     0.000   Torsion =     0.000
===============================================================================

 NSTEP =    40000   TIME(PS) =      80.000  TEMP(K) =   149.17  PRESS =     0.0
 Etot   =   -141924.5857  EKtot   =     10194.4717  EPtot      =   -152119.0574
 BOND   =       328.4983  ANGLE   =       941.2653  DIHED      =       875.4629
 UB     =         0.0000  IMP     =         0.0000  CMAP       =       134.2112
 1-4 NB =       587.0336  1-4 EEL =      5842.3464  VDWAALS    =     23463.3414
 EELEC  =   -184438.3315  EHBOND  =         0.0000  RESTRAINT  =       147.1150
 EAMBER (non-restraint)  =   -152266.1724
 ------------------------------------------------------------------------------

 NMR restraints: Bond =    0.000   Angle =     0.000   Torsion =     0.000
===============================================================================

 NSTEP =    45000   TIME(PS) =      90.000  TEMP(K) =   168.71  PRESS =     0.0
 Etot   =   -139429.0177  EKtot   =     11530.0391  EPtot      =   -150959.0568
 BOND   =       340.6246  ANGLE   =      1014.8124  DIHED      =       896.7019
 UB     =         0.0000  IMP     =         0.0000  CMAP       =       132.5547
 1-4 NB =       606.0046  1-4 EEL =      5870.8977  VDWAALS    =     22895.0597
 EELEC  =   -182863.3852  EHBOND  =         0.0000  RESTRAINT  =       147.6728
 EAMBER (non-restraint)  =   -151106.7296
 ------------------------------------------------------------------------------

 NMR restraints: Bond =    0.000   Angle =     0.000   Torsion =     0.000
===============================================================================

 NSTEP =    50000   TIME(PS) =     100.000  TEMP(K) =   185.30  PRESS =     0.0
 Etot   =   -137105.3853  EKtot   =     12663.6396  EPtot      =   -149769.0250
 BOND   =       381.8929  ANGLE   =      1101.5512  DIHED      =       901.4424
 UB     =         0.0000  IMP     =         0.0000  CMAP       =       128.7311
 1-4 NB =       596.0134  1-4 EEL =      5845.1164  VDWAALS    =     22719.5169
 EELEC  =   -181605.9333  EHBOND  =         0.0000  RESTRAINT  =       162.6440
 EAMBER (non-restraint)  =   -149931.6689
 ------------------------------------------------------------------------------

 NMR restraints: Bond =    0.000   Angle =     0.000   Torsion =     0.000
===============================================================================

 NSTEP =    55000   TIME(PS) =     110.000  TEMP(K) =   203.72  PRESS =     0.0
 Etot   =   -134679.9353  EKtot   =     13922.3730  EPtot      =   -148602.3084
 BOND   =       435.4276  ANGLE   =      1111.6780  DIHED      =       926.6692
 UB     =         0.0000  IMP     =         0.0000  CMAP       =       137.3079
 1-4 NB =       616.9942  1-4 EEL =      5872.6719  VDWAALS    =     21946.5247
 EELEC  =   -179833.4023  EHBOND  =         0.0000  RESTRAINT  =       183.8204
 EAMBER (non-restraint)  =   -148786.1288
 ------------------------------------------------------------------------------

 NMR restraints: Bond =    0.000   Angle =     0.000   Torsion =     0.000
===============================================================================

 NSTEP =    60000   TIME(PS) =     120.000  TEMP(K) =   224.08  PRESS =     0.0
 Etot   =   -131636.3738  EKtot   =     15313.7920  EPtot      =   -146950.1658
 BOND   =       455.2989  ANGLE   =      1185.7698  DIHED      =       937.9603
 UB     =         0.0000  IMP     =         0.0000  CMAP       =       135.0720
 1-4 NB =       608.1210  1-4 EEL =      5820.4372  VDWAALS    =     21209.7451
 EELEC  =   -177497.5150  EHBOND  =         0.0000  RESTRAINT  =       194.9447
 EAMBER (non-restraint)  =   -147145.1106
 ------------------------------------------------------------------------------

 NMR restraints: Bond =    0.000   Angle =     0.000   Torsion =     0.000
===============================================================================

 NSTEP =    65000   TIME(PS) =     130.000  TEMP(K) =   243.93  PRESS =     0.0
 Etot   =   -128399.9119  EKtot   =     16670.3262  EPtot      =   -145070.2381
 BOND   =       476.1062  ANGLE   =      1281.2001  DIHED      =       964.5895
 UB     =         0.0000  IMP     =         0.0000  CMAP       =       136.2581
 1-4 NB =       614.9013  1-4 EEL =      5847.8130  VDWAALS    =     21232.9467
 EELEC  =   -175837.6079  EHBOND  =         0.0000  RESTRAINT  =       213.5549
 EAMBER (non-restraint)  =   -145283.7930
 ------------------------------------------------------------------------------

 NMR restraints: Bond =    0.000   Angle =     0.000   Torsion =     0.000
===============================================================================

 NSTEP =    70000   TIME(PS) =     140.000  TEMP(K) =   260.16  PRESS =     0.0
 Etot   =   -125435.8244  EKtot   =     17779.6250  EPtot      =   -143215.4494
 BOND   =       499.3346  ANGLE   =      1330.6392  DIHED      =       987.6003
 UB     =         0.0000  IMP     =         0.0000  CMAP       =       133.8032
 1-4 NB =       609.3574  1-4 EEL =      5859.0109  VDWAALS    =     20003.6179
 EELEC  =   -172868.3716  EHBOND  =         0.0000  RESTRAINT  =       229.5587
 EAMBER (non-restraint)  =   -143445.0081
 ------------------------------------------------------------------------------

 NMR restraints: Bond =    0.000   Angle =     0.000   Torsion =     0.000
===============================================================================

 NSTEP =    75000   TIME(PS) =     150.000  TEMP(K) =   278.08  PRESS =     0.0
 Etot   =   -121148.8298  EKtot   =     19004.4316  EPtot      =   -140153.2615
 BOND   =       544.9812  ANGLE   =      1424.7459  DIHED      =      1001.4464
 UB     =         0.0000  IMP     =         0.0000  CMAP       =       135.6280
 1-4 NB =       622.7022  1-4 EEL =      5875.2096  VDWAALS    =     18452.8983
 EELEC  =   -168450.3839  EHBOND  =         0.0000  RESTRAINT  =       239.5109
 EAMBER (non-restraint)  =   -140392.7724
 ------------------------------------------------------------------------------

 NMR restraints: Bond =    0.000   Angle =     0.000   Torsion =     0.000
===============================================================================

 NSTEP =    80000   TIME(PS) =     160.000  TEMP(K) =   299.93  PRESS =     0.0
 Etot   =   -115911.9269  EKtot   =     20497.6445  EPtot      =   -136409.5714
 BOND   =       546.6429  ANGLE   =      1525.0548  DIHED      =       980.1468
 UB     =         0.0000  IMP     =         0.0000  CMAP       =       135.9223
 1-4 NB =       623.5903  1-4 EEL =      5827.9132  VDWAALS    =     16713.8054
 EELEC  =   -162999.2207  EHBOND  =         0.0000  RESTRAINT  =       236.5735
 EAMBER (non-restraint)  =   -136646.1449
 ------------------------------------------------------------------------------

 NMR restraints: Bond =    0.000   Angle =     0.000   Torsion =     0.000
===============================================================================

 NSTEP =    85000   TIME(PS) =     170.000  TEMP(K) =   298.99  PRESS =     0.0
 Etot   =   -114521.3509  EKtot   =     20432.9531  EPtot      =   -134954.3040
 BOND   =       538.9572  ANGLE   =      1496.4729  DIHED      =       981.3360
 UB     =         0.0000  IMP     =         0.0000  CMAP       =       128.1116
 1-4 NB =       645.6755  1-4 EEL =      5890.9556  VDWAALS    =     15851.0640
 EELEC  =   -160737.8819  EHBOND  =         0.0000  RESTRAINT  =       251.0052
 EAMBER (non-restraint)  =   -135205.3092
 ------------------------------------------------------------------------------

 NMR restraints: Bond =    0.000   Angle =     0.000   Torsion =     0.000
===============================================================================

 NSTEP =    90000   TIME(PS) =     180.000  TEMP(K) =   299.41  PRESS =     0.0
 Etot   =   -114743.7293  EKtot   =     20461.7324  EPtot      =   -135205.4618
 BOND   =       562.6472  ANGLE   =      1478.8668  DIHED      =       997.6955
 UB     =         0.0000  IMP     =         0.0000  CMAP       =       135.8716
 1-4 NB =       628.6369  1-4 EEL =      5827.2094  VDWAALS    =     16075.6107
 EELEC  =   -161162.0193  EHBOND  =         0.0000  RESTRAINT  =       250.0194
 EAMBER (non-restraint)  =   -135455.4812
 ------------------------------------------------------------------------------

 NMR restraints: Bond =    0.000   Angle =     0.000   Torsion =     0.000
===============================================================================

 NSTEP =    95000   TIME(PS) =     190.000  TEMP(K) =   301.70  PRESS =     0.0
 Etot   =   -114435.0157  EKtot   =     20618.2695  EPtot      =   -135053.2852
 BOND   =       549.8962  ANGLE   =      1476.5985  DIHED      =      1002.5228
 UB     =         0.0000  IMP     =         0.0000  CMAP       =       141.3909
 1-4 NB =       644.7524  1-4 EEL =      5841.4390  VDWAALS    =     15828.2611
 EELEC  =   -160797.0834  EHBOND  =         0.0000  RESTRAINT  =       258.9373
 EAMBER (non-restraint)  =   -135312.2225
 ------------------------------------------------------------------------------

 NMR restraints: Bond =    0.000   Angle =     0.000   Torsion =     0.000
===============================================================================

 NSTEP =   100000   TIME(PS) =     200.000  TEMP(K) =   301.37  PRESS =     0.0
 Etot   =   -115110.8508  EKtot   =     20595.4727  EPtot      =   -135706.3235
 BOND   =       569.9637  ANGLE   =      1464.8165  DIHED      =       990.1759
 UB     =         0.0000  IMP     =         0.0000  CMAP       =       138.8256
 1-4 NB =       632.1546  1-4 EEL =      5903.8521  VDWAALS    =     16503.8182
 EELEC  =   -162169.0731  EHBOND  =         0.0000  RESTRAINT  =       259.1429
 EAMBER (non-restraint)  =   -135965.4664
 ------------------------------------------------------------------------------

 NMR restraints: Bond =    0.000   Angle =     0.000   Torsion =     0.000
===============================================================================

      A V E R A G E S   O V E R      20 S T E P S


 NSTEP =   100000   TIME(PS) =     200.000  TEMP(K) =   186.68  PRESS =     0.0
 Etot   =   -134544.0260  EKtot   =     12758.0715  EPtot      =   -147302.0975
 BOND   =       388.8396  ANGLE   =      1083.1095  DIHED      =       911.0163
 UB     =         0.0000  IMP     =         0.0000  CMAP       =       133.7721
 1-4 NB =       600.9489  1-4 EEL =      5859.3438  VDWAALS    =     21089.7171
 EELEC  =   -177533.7950  EHBOND  =         0.0000  RESTRAINT  =       164.9501
 EAMBER (non-restraint)  =   -147467.0476
 ------------------------------------------------------------------------------

 NMR restraints: Bond =    0.000   Angle =     0.000   Torsion =     0.000
===============================================================================

      R M S  F L U C T U A T I O N S


 NSTEP =   100000   TIME(PS) =     200.000  TEMP(K) =    95.78  PRESS =     0.0
 Etot   =     14704.9208  EKtot   =      6545.4451  EPtot      =      8274.2497
 BOND   =       143.7046  ANGLE   =       338.1734  DIHED      =        73.5449
 UB     =         0.0000  IMP     =         0.0000  CMAP       =         3.3248
 1-4 NB =        27.8266  1-4 EEL =        21.7847  VDWAALS    =      3210.6568
 EELEC  =     10830.6878  EHBOND  =         0.0000  RESTRAINT  =        76.2335
 EAMBER (non-restraint)  =      8198.0162
 ------------------------------------------------------------------------------


 NMR restraints on final step:

--------------------------------------------------------------------------------
   5.  TIMINGS
--------------------------------------------------------------------------------

|  NonSetup CPU Time in Major Routines:
|
|     Routine           Sec        %
|     ------------------------------
|     Nonbond           6.92   18.69
|     Bond              0.00    0.00
|     Angle             0.00    0.00
|     Dihedral          0.00    0.00
|     Shake             0.43    1.17
|     RunMD            29.45   79.52
|     Other             0.23    0.63
|     ------------------------------
|     Total            37.04

|  PME Nonbond Pairlist CPU Time:
|
|     Routine              Sec        %
|     ---------------------------------
|     Set Up Cit           0.00    0.00
|     Build List           0.00    0.00
|     ---------------------------------
|     Total                0.00    0.00

|  PME Direct Force CPU Time:
|
|     Routine              Sec        %
|     ---------------------------------
|     NonBonded Calc       0.00    0.00
|     Exclude Masked       0.00    0.00
|     Other                0.15    0.41
|     ---------------------------------
|     Total                0.15    0.41

|  PME Reciprocal Force CPU Time:
|
|     Routine              Sec        %
|     ---------------------------------
|     1D bspline           0.00    0.00
|     Grid Charges         0.00    0.00
|     Scalar Sum           0.00    0.00
|     Gradient Sum         0.00    0.00
|     FFT                  0.00    0.00
|     ---------------------------------
|     Total                0.00    0.00

|  Final Performance Info:
|     -----------------------------------------------------
|     Average timings for last  100000 steps:
|     Elapsed(s) =      37.16 Per Step(ms) =       0.37
|         ns/day =     465.00   seconds/ns =     185.81
|
|     Average timings for all steps:
|     Elapsed(s) =      37.16 Per Step(ms) =       0.37
|         ns/day =     465.00   seconds/ns =     185.81
|     -----------------------------------------------------

|  Setup CPU time:            0.51 seconds
|  NonSetup CPU time:        37.04 seconds
|  Total CPU time:           37.55 seconds     0.01 hours

|  Setup wall time:           0    seconds
|  NonSetup wall time:       37    seconds
|  Total wall time:          37    seconds     0.01 hours
