-I: Adding /opt/linux/rocky/8.x/x86_64/pkgs/amber/amber22/dat/leap/prep to search path.
-I: Adding /opt/linux/rocky/8.x/x86_64/pkgs/amber/amber22/dat/leap/lib to search path.
-I: Adding /opt/linux/rocky/8.x/x86_64/pkgs/amber/amber22/dat/leap/parm to search path.
-I: Adding /opt/linux/rocky/8.x/x86_64/pkgs/amber/amber22/dat/leap/cmd to search path.
-f: Source tleap.in.

Welcome to LEaP!
(no leaprc in search path)
Sourcing: ./tleap.in
----- Source: /opt/linux/rocky/8.x/x86_64/pkgs/amber/amber22/dat/leap/cmd/leaprc.protein.ff19SB
----- Source of /opt/linux/rocky/8.x/x86_64/pkgs/amber/amber22/dat/leap/cmd/leaprc.protein.ff19SB done
Log file: ./leap.log
Loading parameters: /opt/linux/rocky/8.x/x86_64/pkgs/amber/amber22/dat/leap/parm/parm19.dat
Reading title:
PARM99 + frcmod.ff99SB + frcmod.parmbsc0 + OL3 for RNA + ff19SB
Loading parameters: /opt/linux/rocky/8.x/x86_64/pkgs/amber/amber22/dat/leap/parm/frcmod.ff19SB
Reading force field modification type file (frcmod)
Reading title:
ff19SB AA-specific backbone CMAPs for protein 07/25/2019
Loading library: /opt/linux/rocky/8.x/x86_64/pkgs/amber/amber22/dat/leap/lib/amino19.lib
Loading library: /opt/linux/rocky/8.x/x86_64/pkgs/amber/amber22/dat/leap/lib/aminoct12.lib
Loading library: /opt/linux/rocky/8.x/x86_64/pkgs/amber/amber22/dat/leap/lib/aminont12.lib
----- Source: /opt/linux/rocky/8.x/x86_64/pkgs/amber/amber22/dat/leap/cmd/leaprc.water.opc
----- Source of /opt/linux/rocky/8.x/x86_64/pkgs/amber/amber22/dat/leap/cmd/leaprc.water.opc done
Loading library: /opt/linux/rocky/8.x/x86_64/pkgs/amber/amber22/dat/leap/lib/atomic_ions.lib
Loading library: /opt/linux/rocky/8.x/x86_64/pkgs/amber/amber22/dat/leap/lib/solvents.lib
Loading parameters: /opt/linux/rocky/8.x/x86_64/pkgs/amber/amber22/dat/leap/parm/frcmod.opc
Reading force field modification type file (frcmod)
Reading title:
Parameters for OPC water (JPCL, 2014, 5 (21), pp 3863-3871)
Loading parameters: /opt/linux/rocky/8.x/x86_64/pkgs/amber/amber22/dat/leap/parm/frcmod.ionslm_126_opc
Reading force field modification type file (frcmod)
Reading title:
Li/Merz ion parameters of atomic ions for the OPC water model (12-6 set)
----- Source: /opt/linux/rocky/8.x/x86_64/pkgs/amber/amber22/dat/leap/cmd/leaprc.gaff2
----- Source of /opt/linux/rocky/8.x/x86_64/pkgs/amber/amber22/dat/leap/cmd/leaprc.gaff2 done
Log file: ./leap.log
Loading parameters: /opt/linux/rocky/8.x/x86_64/pkgs/amber/amber22/dat/leap/parm/gaff2.dat
Reading title:
AMBER General Force Field for organic molecules (Version 2.11, May 2016)
Loading parameters: /bigdata/cutlerlab/jjaco081/PYR1_pocket_expansion/data/posecheck/params/aba_crystal/ABX.frcmod
Reading force field modification type file (frcmod)
Reading title:
Remark line goes here
Loading Mol2 file: /bigdata/cutlerlab/jjaco081/PYR1_pocket_expansion/data/posecheck/params/aba_crystal/ABX.mol2
Reading MOLECULE named ABX
Loading PDB file: ./protein.pdb
  Added missing heavy atom: .R<GLU 70>.A<CG 8>
  Added missing heavy atom: .R<GLU 70>.A<CD 11>
  Added missing heavy atom: .R<GLU 70>.A<OE1 12>
  Added missing heavy atom: .R<GLU 70>.A<OE2 13>
  Added missing heavy atom: .R<ARG 72>.A<CG 8>
  Added missing heavy atom: .R<ARG 72>.A<CD 11>
  Added missing heavy atom: .R<ARG 72>.A<NE 14>
  Added missing heavy atom: .R<ARG 72>.A<CZ 16>
  Added missing heavy atom: .R<ARG 72>.A<NH1 17>
  Added missing heavy atom: .R<ARG 72>.A<NH2 20>
  Added missing heavy atom: .R<ASN 131>.A<CG 8>
  Added missing heavy atom: .R<ASN 131>.A<OD1 9>
  Added missing heavy atom: .R<ASN 131>.A<ND2 10>
  Added missing heavy atom: .R<ARG 178>.A<CG 8>
  Added missing heavy atom: .R<ARG 178>.A<CD 11>
  Added missing heavy atom: .R<ARG 178>.A<NE 14>
  Added missing heavy atom: .R<ARG 178>.A<CZ 16>
  Added missing heavy atom: .R<ARG 178>.A<NH1 17>
  Added missing heavy atom: .R<ARG 178>.A<NH2 20>
  Added missing heavy atom: .R<CASN 179>.A<OXT 15>
  total atoms in file: 1414
  Leap added 1435 missing atoms according to residue templates:
       20 Heavy
       1415 H / lone pairs
Scaling up box by a factor of 1.324760 to meet diagonal cut criterion
  Solute vdw bounding box:              44.911 41.029 58.615
  Total bounding box for atom centers:  90.409 90.409 90.409
      (box expansion for 'iso' is  46.3%)
  Solvent unit box:                     18.865 18.478 19.006
  Volume: 381890.860 A^3 (oct)
  Total mass 206074.222 amu,  Density 0.896 g/cc
  Added 10290 residues.
6 K+ ions required to neutralize.
Adding 6 counter ions to "sys" using 1A grid
Grid extends from solute vdw + 3.26  to  9.24
Resolution:      1.00 Angstrom.
Solvent present: replacing closest with ion
	 when steric overlaps occur
Calculating grid charges
(Replacing solvent molecule)
Placed K+ in sys at (-0.39, 21.92, -4.22).
(Replacing solvent molecule)
Placed K+ in sys at (16.87, 10.37, 15.95).
(Replacing solvent molecule)
Placed K+ in sys at (-3.33, 14.12, -18.84).
(Replacing solvent molecule)
Placed K+ in sys at (8.20, -22.62, 11.97).
(Replacing solvent molecule)
Placed K+ in sys at (15.23, 29.56, -11.74).
(Replacing solvent molecule)
Placed K+ in sys at (-11.76, -10.93, 15.61).

Done adding ions.

/opt/linux/rocky/8.x/x86_64/pkgs/amber/amber22/bin/teLeap: Warning!
addIons: 1st Ion & target unit have charges of the same sign:
     unit charge = -0.000999; ion1 charge = -1;
     can't neutralize.
Adding 56 counter ions to "sys". 10228 solvent molecules will remain.
0: Placed K+ in sys at (3.77, 2.37, -34.53).
Placed Cl- in sys at (-27.47, -16.59, -9.21).
0: Placed K+ in sys at (-4.92, 28.40, -27.21).
Placed Cl- in sys at (24.78, 7.18, 27.97).
0: Placed K+ in sys at (-12.01, -22.94, 19.86).
Placed Cl- in sys at (-22.59, 1.98, 38.53).
0: Placed K+ in sys at (-4.12, -2.71, -32.53).
Placed Cl- in sys at (11.73, 8.37, 34.41).
0: Placed K+ in sys at (-18.31, 1.06, -20.71).
Placed Cl- in sys at (-17.18, 16.65, -28.54).
0: Placed K+ in sys at (8.30, -29.66, -0.99).
Placed Cl- in sys at (-16.63, -24.98, 7.49).
0: Placed K+ in sys at (-9.68, 8.65, -44.64).
Placed Cl- in sys at (27.62, -29.07, -9.52).
0: Placed K+ in sys at (24.44, 3.50, 18.50).
Placed Cl- in sys at (-14.51, -16.70, -27.18).
0: Placed K+ in sys at (-37.86, 1.29, -30.44).
Placed Cl- in sys at (35.11, -4.05, 5.43).
0: Placed K+ in sys at (18.05, 28.17, -6.12).
Placed Cl- in sys at (-8.83, -6.34, -22.55).
0: Placed K+ in sys at (24.97, 1.14, 16.88).
Placed Cl- in sys at (19.68, -14.58, 6.94).
0: Placed K+ in sys at (-10.36, -11.82, 21.33).
Placed Cl- in sys at (9.55, -34.41, 17.45).
0: Placed K+ in sys at (-13.18, 8.80, -14.60).
Placed Cl- in sys at (-4.07, 24.81, 25.42).
0: Placed K+ in sys at (22.40, 0.83, 21.34).
Placed Cl- in sys at (36.71, -8.90, 1.87).
0: Placed K+ in sys at (-5.85, 35.18, -17.03).
Placed Cl- in sys at (-37.65, 0.04, -25.49).
0: Placed K+ in sys at (21.05, -9.78, -27.04).
Placed Cl- in sys at (7.94, 38.39, 0.85).
0: Placed K+ in sys at (35.61, -10.08, 19.26).
Placed Cl- in sys at (-14.98, 19.03, 21.14).
0: Placed K+ in sys at (-19.09, -38.74, -3.92).
Placed Cl- in sys at (-37.20, -4.95, 5.47).
0: Placed K+ in sys at (-5.00, 9.11, -27.28).
Placed Cl- in sys at (32.55, 28.64, 12.43).
0: Placed K+ in sys at (32.33, 28.80, -13.98).
Placed Cl- in sys at (-20.45, -32.23, 17.06).
0: Placed K+ in sys at (-26.46, 17.58, -1.12).
Placed Cl- in sys at (-19.94, 14.10, -15.80).
0: Placed K+ in sys at (-25.94, -5.61, 22.49).
Placed Cl- in sys at (6.28, 41.13, 15.67).
0: Placed K+ in sys at (-37.59, -6.97, -9.08).
Placed Cl- in sys at (-38.19, -9.73, 7.22).
0: Placed K+ in sys at (-8.70, 35.69, 16.22).
Placed Cl- in sys at (24.95, 0.63, -31.65).
0: Placed K+ in sys at (8.32, -31.90, 3.62).
Placed Cl- in sys at (-34.26, 22.84, 4.54).
0: Placed K+ in sys at (25.56, -13.04, -7.85).
Placed Cl- in sys at (-29.19, 23.68, -1.30).
0: Placed K+ in sys at (-16.17, -38.42, -11.88).
Placed Cl- in sys at (19.86, 24.53, -14.94).
0: Placed K+ in sys at (-18.42, -21.36, -19.98).
Placed Cl- in sys at (-23.13, -15.08, -19.88).
Total unperturbed charge:  -0.000999
Total perturbed charge:    -0.000999
Checking 'sys'....

/opt/linux/rocky/8.x/x86_64/pkgs/amber/amber22/bin/teLeap: Warning!
There is a bond of 4.645 angstroms between C and N atoms:
-------  .R<GLU 68>.A<C 14> and .R<PHE 69>.A<N 1>

/opt/linux/rocky/8.x/x86_64/pkgs/amber/amber22/bin/teLeap: Warning!
Close contact of 1.405 angstroms between nonbonded atoms HD3 and O
-------  .R<LYS 168>.A<HD3 13> and .R<TYR 58>.A<O 21>

/opt/linux/rocky/8.x/x86_64/pkgs/amber/amber22/bin/teLeap: Warning!
Close contact of 1.181 angstroms between nonbonded atoms HE2 and HA
-------  .R<LYS 168>.A<HE2 15> and .R<TYR 58>.A<HA 4>
Checking parameters for unit 'sys'.
Checking for bond parameters.
Checking for angle parameters.
check:  Warnings: 30687
Unit is OK.
Checking Unit.

/opt/linux/rocky/8.x/x86_64/pkgs/amber/amber22/bin/teLeap: Warning!
There is a bond of 4.645 angstroms between C and N atoms:
-------  .R<GLU 68>.A<C 14> and .R<PHE 69>.A<N 1>

/opt/linux/rocky/8.x/x86_64/pkgs/amber/amber22/bin/teLeap: Note.
Ignoring the warnings from Unit Checking.

Building topology.
Building atom parameters.
Building bond parameters.
Building angle parameters.
Building proper torsion parameters.
Building improper torsion parameters.
 total 578 improper torsions applied
Building H-Bond parameters.
Incorporating Non-Bonded adjustments.
Not Marking per-residue atom chain types.
Marking per-residue atom chain types.
  (Residues lacking connect0/connect1 - 
   these don't have chain types marked:

	res	total affected

	ABX	1
	CASN	1
	NMET	1
  )
 (no restraints)
Writing pdb file: system_solvated.pdb
   printing CRYST1 record to PDB file with box info

/opt/linux/rocky/8.x/x86_64/pkgs/amber/amber22/bin/teLeap: Warning!
 Converting N-terminal residue name to PDB format: NMET -> MET

/opt/linux/rocky/8.x/x86_64/pkgs/amber/amber22/bin/teLeap: Warning!
 Converting C-terminal residue name to PDB format: CASN -> ASN
	Quit

Exiting LEaP: Errors = 0; Warnings = 7; Notes = 1.
