            --------------------------------------------------------
                             AMBER SQM VERSION 19
 
                                     By
              Ross C. Walker, Michael F. Crowley, Scott Brozell,
                         Tim Giese, Andreas W. Goetz,
                        Tai-Sung Lee and David A. Case
 
            --------------------------------------------------------
 

--------------------------------------------------------------------------------
  QM CALCULATION INFO
--------------------------------------------------------------------------------

| QMMM: Citation for AMBER QMMM Run:
| QMMM: R.C. Walker, M.F. Crowley and D.A. Case, J. COMP. CHEM. 29:1019, 2008

QMMM: SINGLET STATE CALCULATION
QMMM: RHF CALCULATION, NO. OF DOUBLY OCCUPIED LEVELS = 79

| QMMM: *** Selected Hamiltonian *** 
| QMMM: PM3         

| QMMM: *** Parameter sets in use ***
| QMMM: C : J.J.P.STEWART, JCC, 10, 209 (1989)
| QMMM: O : J.J.P.STEWART, JCC, 10, 209 (1989)
| QMMM: N : J.J.P.STEWART, JCC, 10, 209 (1989)
| QMMM: Cl: J.J.P.STEWART, JCC, 10, 209 (1989)
| QMMM: H : J.J.P.STEWART, JCC, 10, 209 (1989)

| QMMM: *** SCF convergence criteria ***
| QMMM: Energy change                :  0.1D-07 kcal/mol
| QMMM: Error matrix |FP-PF|         :  0.1D+00 au
| QMMM: Density matrix change        :  0.5D-05
| QMMM: Maximum number of SCF cycles :     1000

| QMMM: *** Diagonalization Routine Information ***
| QMMM: Pseudo diagonalizations are allowed.
| QMMM: Auto diagonalization routine selection is in use.
| QMMM:
| QMMM: Timing diagonalization routines:
| QMMM:                              norbs =      146
| QMMM:    diag iterations used for timing =       10
| QMMM:
| QMMM:              Internal diag routine = 0.038017 seconds
| QMMM:                 Dspev diag routine = 0.043607 seconds
| QMMM:                Dspevd diag routine = 0.018159 seconds
| QMMM:                Dspevx diag routine = 0.094123 seconds
| QMMM:                 Dsyev diag routine = 0.041477 seconds
| QMMM:                Dsyevd diag routine = 0.013816 seconds
| QMMM:                Dsyevr diag routine = 0.019713 seconds
| QMMM:
| QMMM:                Pseudo diag routine = 0.017427 seconds
| QMMM: Pseudo diagonalization appears to be slower than regular
| QMMM: diagonalization. Setting pseudo_diag=0 for optimum performance.
| QMMM:
| QMMM: Using dsyevd routine (diag_routine=6).

  QMMM: QM Region Cartesian Coordinates (*=link atom) 
  QMMM: QM_NO.   MM_NO.  ATOM         X         Y         Z
  QMMM:     1        1      C        3.2240   20.7290   39.5310
  QMMM:     2        2      C        3.4770   21.7710   39.0300
  QMMM:     3        3      C        3.7980   23.0220   38.3520
  QMMM:     4        4      O        3.2900   23.1580   37.0270
  QMMM:     5        5      C        3.0770   21.9550   36.3850
  QMMM:     6        6      C        3.9940   21.8180   35.2000
  QMMM:     7        7      O        4.3330   20.7170   34.8180
  QMMM:     8        8      N        4.3630   22.9750   34.5570
  QMMM:     9        9      C        5.1870   22.9620   33.3500
  QMMM:    10       10      C        4.5810   23.7310   32.1740
  QMMM:    11       11      C        3.1260   23.4290   31.8840
  QMMM:    12       12      C        2.1810   24.4590   31.9630
  QMMM:    13       13      C        0.8350   24.2200   31.7060
  QMMM:    14       14      C        0.3810   22.9620   31.3540
  QMMM:    15       15      O       -0.9490   22.6510   31.0920
  QMMM:    16       16      C       -1.9420   23.6250   31.0880
  QMMM:    17       17      C       -3.3030   23.0760   30.7960
  QMMM:    18       18      C       -4.3820   23.8920   30.6800
  QMMM:    19       19      C       -3.4550   21.5990   30.6280
  QMMM:    20       20      C        1.2860   21.9300   31.2630
  QMMM:    21       21      O        0.7610   20.6950   30.9300
  QMMM:    22       22      C        1.6260   19.5860   30.8850
  QMMM:    23       23      C        2.6540   22.1450   31.5280
  QMMM:    24       24      C        1.6130   21.8080   36.0150
  QMMM:    25       25      C        0.6400   21.7540   37.0220
  QMMM:    26       26      C       -0.7100   21.6190   36.7350
  QMMM:    27       27      C       -1.1120   21.5380   35.4120
  QMMM:    28       28      Cl      -2.8320   21.3640   35.0300
  QMMM:    29       29      C       -0.1870   21.5830   34.4050
  QMMM:    30       30      C        1.1650   21.7180   34.7200
  QMMM:    31       31      H        2.9890   19.7610   39.9970
  QMMM:    32       32      H        3.3910   23.8470   38.9560
  QMMM:    33       33      H        4.8940   23.0360   38.2550
  QMMM:    34       34      H        3.3200   21.1290   37.0690
  QMMM:    35       35      H        4.0490   23.8790   34.9370
  QMMM:    36       36      H        6.1620   23.4110   33.5920
  QMMM:    37       37      H        5.2710   21.9120   33.0340
  QMMM:    38       38      H        4.6680   24.8060   32.3900
  QMMM:    39       39      H        5.1410   23.4130   31.2820
  QMMM:    40       40      H        2.5080   25.4740   32.2330
  QMMM:    41       41      H        0.1170   25.0490   31.7840
  QMMM:    42       42      H       -1.9640   24.1070   32.0770
  QMMM:    43       43      H       -1.6980   24.3380   30.2870
  QMMM:    44       44      H       -4.7440   24.1660   31.6820
  QMMM:    45       45      H       -4.0960   24.8020   30.1320
  QMMM:    46       46      H       -5.1800   23.3690   30.1320
  QMMM:    47       47      H       -4.4440   21.1690   30.4130
  QMMM:    48       48      H       -2.5780   20.9420   30.7200
  QMMM:    49       49      H        1.8720   19.2710   31.9100
  QMMM:    50       50      H        1.1330   18.7580   30.3550
  QMMM:    51       51      H        2.5490   19.8630   30.3550
  QMMM:    52       52      H        3.3610   21.3050   31.4570
  QMMM:    53       53      H        0.9570   21.8210   38.0730
  QMMM:    54       54      H       -1.4510   21.5770   37.5470
  QMMM:    55       55      H       -0.5070   21.5130   33.3550
  QMMM:    56       56      H        1.8990   21.7540   33.9010

--------------------------------------------------------------------------------
  RESULTS
--------------------------------------------------------------------------------

 
 Final MO eigenvalues (eV):
 -54.6647  -42.1566  -41.2067  -38.9838  -38.2399  -37.9424  -36.9328  -35.4729
 -33.9066  -32.6049  -30.8280  -29.8098  -29.4843  -28.9131  -27.7429  -26.8300
 -26.4867  -26.0142  -25.8257  -24.7940  -22.5305  -21.9273  -21.5542  -20.8315
 -20.4387  -19.7258  -19.2677  -19.0439  -18.5465  -18.4732  -17.9495  -17.8846
 -17.6701  -17.2608  -16.8773  -16.6836  -16.5627  -16.3083  -16.1290  -16.0558
 -16.0067  -15.5286  -15.4429  -15.1871  -15.0784  -14.8422  -14.7766  -14.6692
 -14.6133  -14.4015  -14.3473  -14.2958  -13.9997  -13.7030  -13.6289  -13.2657
 -13.1313  -13.0352  -12.9016  -12.7497  -12.6694  -12.4749  -12.4036  -12.3006
 -12.1149  -12.0280  -11.8199  -11.7753  -11.5107  -11.2000  -10.9680  -10.4121
 -10.3981   -9.8391   -9.6329   -9.4847   -9.3776   -8.9038   -8.7583    0.1176
   0.1540    0.3215    0.3316    0.4831    1.1879    1.2039    1.2195    1.4524
   1.5270    1.9986    2.1210    2.2943    2.3164    2.5899    2.7449    2.8741
   3.0661    3.1549    3.2219    3.2436    3.3226    3.3834    3.4685    3.5266
   3.5455    3.6094    3.6836    3.7055    3.7319    3.7668    3.7894    3.8382
   3.8934    3.9428    4.0354    4.0448    4.1151    4.1585    4.2199    4.2384
   4.2457    4.2614    4.3757    4.4400    4.5628    4.5941    4.7848    4.8396
   4.8680    4.8797    4.8863    4.9642    5.1133    5.1691    5.3559    5.4660
   5.6077    5.6616    5.9224    5.9727    6.0319    6.0572    6.1115    6.1958
   6.6266    7.4583

 Heat of formation   =          7.51759023 kcal/mol  (        0.32598717 eV)

 Total SCF energy    =    -112822.57990638 kcal/mol  (    -4892.35418700 eV)
 Electronic energy   =   -1010450.82542471 kcal/mol  (   -43816.43577576 eV)
 Core-core repulsion =     897628.24551833 kcal/mol  (    38924.08158876 eV)
 
    Atomic Charges for Step       1 :
  Atom    Element       Mulliken Charge
     1      C                 -0.130
     2      C                 -0.250
     3      C                  0.207
     4      O                 -0.254
     5      C                  0.071
     6      C                  0.226
     7      O                 -0.398
     8      N                 -0.016
     9      C                 -0.083
    10      C                 -0.062
    11      C                 -0.083
    12      C                 -0.103
    13      C                 -0.151
    14      C                  0.068
    15      O                 -0.184
    16      C                  0.112
    17      C                 -0.174
    18      C                 -0.068
    19      C                 -0.144
    20      C                  0.067
    21      O                 -0.177
    22      C                  0.042
    23      C                 -0.157
    24      C                 -0.089
    25      C                 -0.086
    26      C                 -0.103
    27      C                 -0.098
    28      Cl                 0.032
    29      C                 -0.106
    30      C                 -0.090
    31      H                  0.205
    32      H                  0.071
    33      H                  0.046
    34      H                  0.102
    35      H                  0.107
    36      H                  0.055
    37      H                  0.089
    38      H                  0.060
    39      H                  0.069
    40      H                  0.107
    41      H                  0.115
    42      H                  0.041
    43      H                  0.037
    44      H                  0.056
    45      H                  0.048
    46      H                  0.056
    47      H                  0.082
    48      H                  0.105
    49      H                  0.032
    50      H                  0.058
    51      H                  0.026
    52      H                  0.129
    53      H                  0.108
    54      H                  0.117
    55      H                  0.140
    56      H                  0.122
 Total Mulliken Charge =       0.000
 
                  X        Y        Z     TOTAL  
  QM DIPOLE     1.460    2.535    1.405    3.245
 
 Final Structure

  QMMM: QM Region Cartesian Coordinates (*=link atom) 
  QMMM: QM_NO.   MM_NO.  ATOM         X         Y         Z
  QMMM:     1        1      C        3.2240   20.7290   39.5310
  QMMM:     2        2      C        3.4770   21.7710   39.0300
  QMMM:     3        3      C        3.7980   23.0220   38.3520
  QMMM:     4        4      O        3.2900   23.1580   37.0270
  QMMM:     5        5      C        3.0770   21.9550   36.3850
  QMMM:     6        6      C        3.9940   21.8180   35.2000
  QMMM:     7        7      O        4.3330   20.7170   34.8180
  QMMM:     8        8      N        4.3630   22.9750   34.5570
  QMMM:     9        9      C        5.1870   22.9620   33.3500
  QMMM:    10       10      C        4.5810   23.7310   32.1740
  QMMM:    11       11      C        3.1260   23.4290   31.8840
  QMMM:    12       12      C        2.1810   24.4590   31.9630
  QMMM:    13       13      C        0.8350   24.2200   31.7060
  QMMM:    14       14      C        0.3810   22.9620   31.3540
  QMMM:    15       15      O       -0.9490   22.6510   31.0920
  QMMM:    16       16      C       -1.9420   23.6250   31.0880
  QMMM:    17       17      C       -3.3030   23.0760   30.7960
  QMMM:    18       18      C       -4.3820   23.8920   30.6800
  QMMM:    19       19      C       -3.4550   21.5990   30.6280
  QMMM:    20       20      C        1.2860   21.9300   31.2630
  QMMM:    21       21      O        0.7610   20.6950   30.9300
  QMMM:    22       22      C        1.6260   19.5860   30.8850
  QMMM:    23       23      C        2.6540   22.1450   31.5280
  QMMM:    24       24      C        1.6130   21.8080   36.0150
  QMMM:    25       25      C        0.6400   21.7540   37.0220
  QMMM:    26       26      C       -0.7100   21.6190   36.7350
  QMMM:    27       27      C       -1.1120   21.5380   35.4120
  QMMM:    28       28      Cl      -2.8320   21.3640   35.0300
  QMMM:    29       29      C       -0.1870   21.5830   34.4050
  QMMM:    30       30      C        1.1650   21.7180   34.7200
  QMMM:    31       31      H        2.9890   19.7610   39.9970
  QMMM:    32       32      H        3.3910   23.8470   38.9560
  QMMM:    33       33      H        4.8940   23.0360   38.2550
  QMMM:    34       34      H        3.3200   21.1290   37.0690
  QMMM:    35       35      H        4.0490   23.8790   34.9370
  QMMM:    36       36      H        6.1620   23.4110   33.5920
  QMMM:    37       37      H        5.2710   21.9120   33.0340
  QMMM:    38       38      H        4.6680   24.8060   32.3900
  QMMM:    39       39      H        5.1410   23.4130   31.2820
  QMMM:    40       40      H        2.5080   25.4740   32.2330
  QMMM:    41       41      H        0.1170   25.0490   31.7840
  QMMM:    42       42      H       -1.9640   24.1070   32.0770
  QMMM:    43       43      H       -1.6980   24.3380   30.2870
  QMMM:    44       44      H       -4.7440   24.1660   31.6820
  QMMM:    45       45      H       -4.0960   24.8020   30.1320
  QMMM:    46       46      H       -5.1800   23.3690   30.1320
  QMMM:    47       47      H       -4.4440   21.1690   30.4130
  QMMM:    48       48      H       -2.5780   20.9420   30.7200
  QMMM:    49       49      H        1.8720   19.2710   31.9100
  QMMM:    50       50      H        1.1330   18.7580   30.3550
  QMMM:    51       51      H        2.5490   19.8630   30.3550
  QMMM:    52       52      H        3.3610   21.3050   31.4570
  QMMM:    53       53      H        0.9570   21.8210   38.0730
  QMMM:    54       54      H       -1.4510   21.5770   37.5470
  QMMM:    55       55      H       -0.5070   21.5130   33.3550
  QMMM:    56       56      H        1.8990   21.7540   33.9010

           --------- Calculation Completed ----------

