
       _________________________________________
   .'`                                           `'.
   |   _________________________________________   |
   | '\.---------------------------------------./' |
   | ||                                         || |
   | || PPPPPPP                                 || |
   | || P       P                               || |
   | || PPPPPPP                                 || |
   | || P                                       || |
   | || P   aaa  rrrrr.    m   m   eee  ddd     || |
   | || P  a   a r    r  m   m   m e    d   d   || |
   | || P  aaaaa r-rr.   m   m   m eee  d    d  || |
   | || P  a   a r    r  m   m   m e    d   d   || |
   | || P  a   a r     r m   m   m eee  ddd     || |
   | ||                                         || |
   | '/\_______________________________________/\' |
   '  `-----------------------------------------'  '
    \                                     .-.     /
     '.__~~~ ____()__()_()()() __________((_))__.'
    _________________';========;'__________________
   /  _/__/_//_//   _/_/    /_//_//   __/__/_//    \
  /_/__/_/_/   __/ _/.-'''''-.   /_//       _/ _//_/\
 / _.-..-..-.     .'           `.     .-..-..-./_//_||
/ /_| || || |-. .'               `. .-| || || | /_/ //
----\ '  '   ' /                   \ `   '  ' /----((
 ~~~~\      / /                     \ \      /~~~~~ ))
      `'--'`-:                       :-`'--'`   __,</
         \   |                       |   /   .'`  `\)
          `'-:                       :-'`   | `-../|
             '                       '      \`-'`|/
              \                     /mx      `'-'
               '.                 .'
                 '.             .'
                   `'-..___..-'`

ParmEd: a Parameter file Editor


Loaded Amber topology file dual.prmtop with coordinates from dual.inpcrd

['merge.parmed']
Reading actions from merge.parmed

Merging molecules [:1-179] [:180-358] with sc mask [:79@CB,HB,CG1,HG11,HG12,HG13,CG2,HG21,HG22,HG23] [:258@CB,HB,CG2,HG21,HG22,HG23,CG1,HG12,HG13,CD1,HD11,HD12,HD13]
Merging molecules :1-179 and :180-358 into the same molecule.
Use softcore mask:
timask1='@1255,1256,1257,1258,1259,1260,1261,1262,1263,1264',
timask2='@2850,2851,2852,2853,2854,2855,2856,2857,2858,2859,2860,2861,2862',
scmask1='@1255,1256,1257,1258,1259,1260,1261,1262,1263,1264',
scmask2='@2850,2851,2852,2853,2854,2855,2856,2857,2858,2859,2860,2861,2862',
Outputting Amber topology file ti.prmtop and restart ti.inpcrd
Done!
