
          -------------------------------------------------------
          Amber 22 PMEMD                              2022
          -------------------------------------------------------

| PMEMD implementation of SANDER, Release 22

|  Compiled date/time: Thu Apr 14 11:06:37 2022
| Run on 09/01/2026 at 14:03:46

|   Executable path: pmemd.cuda
| Working directory: /bigdata/cutlerlab/jjaco081/PYR1_pocket_expansion/data/posecheck/win_crystal/rep2
|          Hostname: gpu09

  [-O]verwriting output

File Assignments:
|   MDIN: min2.in                                                               
|  MDOUT: min2.out                                                              
| INPCRD: min1.rst7                                                             
|   PARM: /bigdata/cutlerlab/jjaco081/PYR1_pocket_expansion/data/posecheck/win_c
| RESTRT: min2.rst7                                                             
|   REFC: refc                                                                  
|  MDVEL: mdvel                                                                 
|   MDEN: mden                                                                  
|  MDCRD: min2.nc                                                               
| MDINFO: min2.info                                                             
|  MDFRC: mdfrc                                                                 


 Here is the input file:

minimisation 2, unrestrained                                                   
 &cntrl                                                                        
  imin=1, maxcyc=5000, ncyc=2500,                                              
  ntb=1, cut=10.0, ntr=0,                                                      
 /                                                                             


Note: ig = -1. Setting random seed to   603960 based on wallclock time in 
      microseconds.
| irandom = 1, using AMBER's internal random number generator (default).
 
|--------------------- INFORMATION ----------------------
| GPU (CUDA) Version of PMEMD in use: NVIDIA GPU IN USE.
|                    Version 18.0.0
| 
|                      03/25/2018
| 
| Implementation by:
|                    Ross C. Walker     (SDSC)
|                    Scott Le Grand     (nVIDIA)
| 
| Version 18 performance extensions by:
|                    David Cerutti     (Rutgers)
| 
| Precision model in use:
|      [SPFP] - Single Precision Forces, 64-bit Fixed Point
|               Accumulation. (Default)
| 
|--------------------------------------------------------
 
|----------------- CITATION INFORMATION -----------------
|
|    When publishing work that utilized the CUDA version
|    of AMBER, please cite the following in addition to
|    the regular AMBER citations:
|
|  - Romelia Salomon-Ferrer; Andreas W. Goetz; Duncan
|    Poole; Scott Le Grand; Ross C. Walker "Routine
|    microsecond molecular dynamics simulations with
|    AMBER - Part II: Particle Mesh Ewald", J. Chem.
|    Theory Comput., 2013, 9 (9), pp3878-3888,
|    DOI: 10.1021/ct400314y.
|
|  - Andreas W. Goetz; Mark J. Williamson; Dong Xu;
|    Duncan Poole; Scott Le Grand; Ross C. Walker
|    "Routine microsecond molecular dynamics simulations
|    with AMBER - Part I: Generalized Born", J. Chem.
|    Theory Comput., 2012, 8 (5), pp1542-1555.
|
|  - Scott Le Grand; Andreas W. Goetz; Ross C. Walker
|    "SPFP: Speed without compromise - a mixed precision
|    model for GPU accelerated molecular dynamics
|    simulations.", Comp. Phys. Comm., 2013, 184
|    pp374-380, DOI: 10.1016/j.cpc.2012.09.022
|
|--------------------------------------------------------
 
|------------------- GPU DEVICE INFO --------------------
|
|            CUDA_VISIBLE_DEVICES: 0
|   CUDA Capable Devices Detected:      1
|           CUDA Device ID in use:      0
|                CUDA Device Name: NVIDIA RTX 6000 Ada Generation
|     CUDA Device Global Mem Size:  48510 MB
| CUDA Device Num Multiprocessors:    142
|           CUDA Device Core Freq:   2.50 GHz
|
|--------------------------------------------------------
 
 
| Conditional Compilation Defines Used:
| PUBFFT
| BINTRAJ
| CUDA
| EMIL

| Largest sphere to fit in unit cell has radius =    31.279

| New format PARM file being parsed.
| Version =    1.000 Date = 09/01/26 Time = 11:34:17

| Note: 1-4 EEL scale factors are being read from the topology file.

| Note: 1-4 VDW scale factors are being read from the topology file.
| INFO:    Virtual site frames will be inferred from bonding patterns.
| Duplicated    0 dihedrals

| Duplicated    0 dihedrals

--------------------------------------------------------------------------------
   1.  RESOURCE   USE: 
--------------------------------------------------------------------------------

 getting box info from netcdf restart file
 NATOM  =   39507 NTYPES =      28 NBONH =   28861 MBONA  =   10622
 NTHETH =    3275 MTHETA =    2018 NPHIH =    6664 MPHIA  =    6408
 NHPARM =       0 NPARM  =       0 NNB   =   80055 NRES   =    9376
 NBONA  =   10622 NTHETA =    2018 NPHIA =    6408 NUMBND =      90
 NUMANG =     199 NPTRA  =     208 NATYP =      51 NPHB   =       0
 IFBOX  =       2 NMXRS  =      58 IFCAP =       0 NEXTRA =    9140
 NCOPY  =       0


| Coordinate Index Table dimensions:    12   12   12
| Direct force subcell size =     6.3847    6.3847    6.3847

     BOX TYPE: TRUNCATED OCTAHEDRON

--------------------------------------------------------------------------------
   2.  CONTROL  DATA  FOR  THE  RUN
--------------------------------------------------------------------------------

default_name                                                                    

General flags:
     imin    =       1, nmropt  =       0

Nature and format of input:
     ntx     =       1, irest   =       0, ntrx    =       1

Nature and format of output:
     ntxo    =       2, ntpr    =      50, ntrx    =       1, ntwr    =       1
     iwrap   =       0, ntwx    =       0, ntwv    =       0, ntwe    =       0
     ioutfm  =       1, ntwprt  =       0, idecomp =       0, rbornstat=      0

Potential function:
     ntf     =       1, ntb     =       1, igb     =       0, nsnb    =      25
     ipol    =       0, gbsa    =       0, iesp    =       0
     dielc   =   1.00000, cut     =  10.00000, intdiel =   1.00000

Frozen or restrained atoms:
     ibelly  =       0, ntr     =       0

Energy minimization:
     maxcyc  =    5000, ncyc    =    2500, ntmin   =       1
     dx0     =   0.01000, drms    =   0.00010

| Intermolecular bonds treatment:
|     no_intermolecular_bonds =       1

| Energy averages sample interval:
|     ene_avg_sampling =       1

Extra-points options:
     frameon =       1, chngmask=       1

Ewald parameters:
     verbose =       0, ew_type =       0, nbflag  =       1, use_pme =       1
     vdwmeth =       1, eedmeth =       1, netfrc  =       0
     Box X =   76.617   Box Y =   76.617   Box Z =   76.617
     Alpha =  109.471   Beta  =  109.471   Gamma =  109.471
     NFFT1 =   80       NFFT2 =   80       NFFT3 =   80
     Cutoff=   10.000   Tol   =0.100E-04
     Ewald Coefficient =  0.27511
     Interpolation order =    4
|      EXTRA_PTS, trim_bonds: num bonds BEFORE trim = 28861     0
|      EXTRA_PTS, trim_bonds: num bonds AFTER  trim = 28861     0
|      EXTRA_PTS, trim_bonds: num bonds BEFORE trim = 10622     0
|      EXTRA_PTS, trim_bonds: num bonds AFTER  trim =  1482     0
|      EXTRA_PTS, trim_theta: num angle BEFORE trim =  3275     0
|      EXTRA_PTS, trim_theta: num angle AFTER  trim =  3275     0
|      EXTRA_PTS, trim_theta: num angle BEFORE trim =  2018     0
|      EXTRA_PTS, trim_theta: num angle AFTER  trim =  2018     0
|      EXTRA_PTS, trim_phi:  num diheds BEFORE trim =  6664     0
|      EXTRA_PTS, trim_phi:  num diheds AFTER  trim =  6664     0
|      EXTRA_PTS, trim_phi:  num diheds BEFORE trim =  6408     0
|      EXTRA_PTS, trim_phi:  num diheds AFTER  trim =  6408     0

--------------------------------------------------------------------------------
   3.  ATOMIC COORDINATES AND VELOCITIES
--------------------------------------------------------------------------------

default_name                                                                    
 begin time read from input coords =     0.000 ps

 
 Number of triangulated 3-point waters found:     9140

     Sum of charges from parm topology file =   0.00104909
     Forcing neutrality...

| Dynamic Memory, Types Used:
| Reals             1103546
| Integers          3905343

| Nonbonded Pairs Initial Allocation:    11949879

| GPU memory information (estimate):
| KB of GPU memory in use:    253328
| KB of CPU memory in use:     94516

--------------------------------------------------------------------------------
   4.  RESULTS
--------------------------------------------------------------------------------



   NSTEP       ENERGY          RMS            GMAX         NAME    NUMBER
      1      -1.6645E+05     2.6731E-01     1.3742E+01     CD       1452

 BOND    =    31319.6854  ANGLE   =      362.2897  DIHED      =      765.1650
 UB      =        0.0000  IMP     =        0.0000  CMAP       =      156.1513
 VDWAALS =    35976.6290  EEL     =  -242001.5653  HBOND      =        0.0000
 1-4 VDW =      632.0388  1-4 EEL =     6340.3319  RESTRAINT  =        0.0000


   NSTEP       ENERGY          RMS            GMAX         NAME    NUMBER
     50      -1.6652E+05     3.4943E-01     8.2354E+00     H1      23445

 BOND    =    31351.1190  ANGLE   =      377.9472  DIHED      =      764.1443
 UB      =        0.0000  IMP     =        0.0000  CMAP       =      154.6315
 VDWAALS =    35999.2771  EEL     =  -242073.9819  HBOND      =        0.0000
 1-4 VDW =      604.7495  1-4 EEL =     6297.9271  RESTRAINT  =        0.0000


   NSTEP       ENERGY          RMS            GMAX         NAME    NUMBER
    100      -1.6656E+05     2.1334E-01     4.7502E+00     OE2       891

 BOND    =    31350.8040  ANGLE   =      384.6995  DIHED      =      764.2127
 UB      =        0.0000  IMP     =        0.0000  CMAP       =      153.6022
 VDWAALS =    36012.4642  EEL     =  -242104.9663  HBOND      =        0.0000
 1-4 VDW =      595.7187  1-4 EEL =     6279.1710  RESTRAINT  =        0.0000


   NSTEP       ENERGY          RMS            GMAX         NAME    NUMBER
    150      -1.6659E+05     2.9963E-01     6.9013E+00     CZ       1709

 BOND    =    31353.5386  ANGLE   =      389.0104  DIHED      =      763.9449
 UB      =        0.0000  IMP     =        0.0000  CMAP       =      152.7950
 VDWAALS =    36022.6505  EEL     =  -242133.2334  HBOND      =        0.0000
 1-4 VDW =      590.5140  1-4 EEL =     6267.4961  RESTRAINT  =        0.0000


   NSTEP       ENERGY          RMS            GMAX         NAME    NUMBER
    200      -1.6662E+05     1.8384E-01     5.0718E+00     C26      2860

 BOND    =    31379.9357  ANGLE   =      392.1288  DIHED      =      763.4911
 UB      =        0.0000  IMP     =        0.0000  CMAP       =      152.1152
 VDWAALS =    36031.8060  EEL     =  -242185.4568  HBOND      =        0.0000
 1-4 VDW =      586.8751  1-4 EEL =     6259.3219  RESTRAINT  =        0.0000


   NSTEP       ENERGY          RMS            GMAX         NAME    NUMBER
    250      -1.6664E+05     2.5309E-01     1.5165E+01     C26      2860

 BOND    =    31392.5814  ANGLE   =      394.5752  DIHED      =      762.9775
 UB      =        0.0000  IMP     =        0.0000  CMAP       =      151.5485
 VDWAALS =    36040.5263  EEL     =  -242220.6902  HBOND      =        0.0000
 1-4 VDW =      584.3231  1-4 EEL =     6253.4163  RESTRAINT  =        0.0000


   NSTEP       ENERGY          RMS            GMAX         NAME    NUMBER
    300      -1.6666E+05     9.4898E-02     5.9681E+00     C26      2860

 BOND    =    31378.1524  ANGLE   =      396.8972  DIHED      =      762.4352
 UB      =        0.0000  IMP     =        0.0000  CMAP       =      151.0376
 VDWAALS =    36049.4458  EEL     =  -242230.7197  HBOND      =        0.0000
 1-4 VDW =      582.3560  1-4 EEL =     6248.8529  RESTRAINT  =        0.0000


   NSTEP       ENERGY          RMS            GMAX         NAME    NUMBER
    350      -1.6668E+05     6.6434E-02     2.5092E+00     C26      2860

 BOND    =    31383.4079  ANGLE   =      398.3453  DIHED      =      761.9582
 UB      =        0.0000  IMP     =        0.0000  CMAP       =      150.5956
 VDWAALS =    36057.1023  EEL     =  -242256.1593  HBOND      =        0.0000
 1-4 VDW =      580.8885  1-4 EEL =     6245.4122  RESTRAINT  =        0.0000


   NSTEP       ENERGY          RMS            GMAX         NAME    NUMBER
    400      -1.6669E+05     1.2296E-01     7.9883E+00     C26      2860

 BOND    =    31387.3843  ANGLE   =      399.6196  DIHED      =      761.5168
 UB      =        0.0000  IMP     =        0.0000  CMAP       =      150.1599
 VDWAALS =    36064.3018  EEL     =  -242279.1760  HBOND      =        0.0000
 1-4 VDW =      579.6860  1-4 EEL =     6242.5757  RESTRAINT  =        0.0000


   NSTEP       ENERGY          RMS            GMAX         NAME    NUMBER
    450      -1.6671E+05     1.8553E-01     1.9281E+01     CG       2448

 BOND    =    31391.0164  ANGLE   =      400.8268  DIHED      =      761.1545
 UB      =        0.0000  IMP     =        0.0000  CMAP       =      149.7299
 VDWAALS =    36070.8534  EEL     =  -242301.0046  HBOND      =        0.0000
 1-4 VDW =      578.6965  1-4 EEL =     6240.3205  RESTRAINT  =        0.0000


   NSTEP       ENERGY          RMS            GMAX         NAME    NUMBER
    500      -1.6672E+05     5.9692E-02     1.8641E+00     CE1       965

 BOND    =    31393.2580  ANGLE   =      401.8498  DIHED      =      760.7948
 UB      =        0.0000  IMP     =        0.0000  CMAP       =      149.3157
 VDWAALS =    36076.7195  EEL     =  -242320.5998  HBOND      =        0.0000
 1-4 VDW =      577.9017  1-4 EEL =     6238.4260  RESTRAINT  =        0.0000


   NSTEP       ENERGY          RMS            GMAX         NAME    NUMBER
    550      -1.6674E+05     1.5177E-01     9.4041E+00     C26      2860

 BOND    =    31396.3715  ANGLE   =      402.9673  DIHED      =      760.4932
 UB      =        0.0000  IMP     =        0.0000  CMAP       =      148.8676
 VDWAALS =    36082.5417  EEL     =  -242340.3273  HBOND      =        0.0000
 1-4 VDW =      577.1836  1-4 EEL =     6236.7444  RESTRAINT  =        0.0000


   NSTEP       ENERGY          RMS            GMAX         NAME    NUMBER
    600      -1.6675E+05     7.4600E-02     4.1487E+00     NE2       967

 BOND    =    31398.9270  ANGLE   =      403.5508  DIHED      =      760.2639
 UB      =        0.0000  IMP     =        0.0000  CMAP       =      148.4135
 VDWAALS =    36087.9793  EEL     =  -242358.8115  HBOND      =        0.0000
 1-4 VDW =      576.5494  1-4 EEL =     6235.2767  RESTRAINT  =        0.0000


   NSTEP       ENERGY          RMS            GMAX         NAME    NUMBER
    650      -1.6676E+05     1.3467E-01     1.0339E+01     CG       2448

 BOND    =    31401.6233  ANGLE   =      404.2531  DIHED      =      760.0674
 UB      =        0.0000  IMP     =        0.0000  CMAP       =      147.9661
 VDWAALS =    36093.1870  EEL     =  -242376.4946  HBOND      =        0.0000
 1-4 VDW =      576.0122  1-4 EEL =     6234.0114  RESTRAINT  =        0.0000


   NSTEP       ENERGY          RMS            GMAX         NAME    NUMBER
    700      -1.6677E+05     5.5452E-02     2.1718E+00     CE1       965

 BOND    =    31403.6893  ANGLE   =      405.0451  DIHED      =      759.9252
 UB      =        0.0000  IMP     =        0.0000  CMAP       =      147.5280
 VDWAALS =    36098.2553  EEL     =  -242394.3028  HBOND      =        0.0000
 1-4 VDW =      575.5506  1-4 EEL =     6232.9820  RESTRAINT  =        0.0000


   NSTEP       ENERGY          RMS            GMAX         NAME    NUMBER
    750      -1.6678E+05     7.3830E-02     4.2629E+00     CE1       965

 BOND    =    31406.0179  ANGLE   =      405.6845  DIHED      =      759.8102
 UB      =        0.0000  IMP     =        0.0000  CMAP       =      147.1011
 VDWAALS =    36103.3283  EEL     =  -242411.6193  HBOND      =        0.0000
 1-4 VDW =      575.1404  1-4 EEL =     6232.0793  RESTRAINT  =        0.0000


   NSTEP       ENERGY          RMS            GMAX         NAME    NUMBER
    800      -1.6679E+05     5.1339E-02     1.7755E+00     NE2       967

 BOND    =    31408.2029  ANGLE   =      406.1326  DIHED      =      759.7222
 UB      =        0.0000  IMP     =        0.0000  CMAP       =      146.6958
 VDWAALS =    36108.3782  EEL     =  -242428.3291  HBOND      =        0.0000
 1-4 VDW =      574.7811  1-4 EEL =     6231.3206  RESTRAINT  =        0.0000


   NSTEP       ENERGY          RMS            GMAX         NAME    NUMBER
    850      -1.6680E+05     9.0736E-02     6.0204E+00     NE2       967

 BOND    =    31410.5220  ANGLE   =      406.5795  DIHED      =      759.6442
 UB      =        0.0000  IMP     =        0.0000  CMAP       =      146.2968
 VDWAALS =    36113.6095  EEL     =  -242444.8585  HBOND      =        0.0000
 1-4 VDW =      574.4581  1-4 EEL =     6230.6670  RESTRAINT  =        0.0000


   NSTEP       ENERGY          RMS            GMAX         NAME    NUMBER
    900      -1.6681E+05     1.6457E-01     1.7210E+01     CG       2448

 BOND    =    31413.0435  ANGLE   =      407.0250  DIHED      =      759.5823
 UB      =        0.0000  IMP     =        0.0000  CMAP       =      145.9202
 VDWAALS =    36118.8980  EEL     =  -242461.2931  HBOND      =        0.0000
 1-4 VDW =      574.1750  1-4 EEL =     6230.1514  RESTRAINT  =        0.0000


   NSTEP       ENERGY          RMS            GMAX         NAME    NUMBER
    950      -1.6682E+05     7.0206E-02     4.3506E+00     CE1       965

 BOND    =    31414.7234  ANGLE   =      407.4626  DIHED      =      759.4972
 UB      =        0.0000  IMP     =        0.0000  CMAP       =      145.5778
 VDWAALS =    36124.0689  EEL     =  -242476.8687  HBOND      =        0.0000
 1-4 VDW =      573.9298  1-4 EEL =     6229.7117  RESTRAINT  =        0.0000


   NSTEP       ENERGY          RMS            GMAX         NAME    NUMBER
   1000      -1.6683E+05     9.4032E-02     6.7508E+00     CE1       965

 BOND    =    31417.0004  ANGLE   =      407.8581  DIHED      =      759.4313
 UB      =        0.0000  IMP     =        0.0000  CMAP       =      145.2402
 VDWAALS =    36129.2957  EEL     =  -242492.6222  HBOND      =        0.0000
 1-4 VDW =      573.6884  1-4 EEL =     6229.3451  RESTRAINT  =        0.0000


   NSTEP       ENERGY          RMS            GMAX         NAME    NUMBER
   1050      -1.6684E+05     1.8958E-01     2.1103E+01     CG       2448

 BOND    =    31419.6017  ANGLE   =      408.3239  DIHED      =      759.3794
 UB      =        0.0000  IMP     =        0.0000  CMAP       =      144.9283
 VDWAALS =    36134.3813  EEL     =  -242508.1176  HBOND      =        0.0000
 1-4 VDW =      573.4632  1-4 EEL =     6229.0529  RESTRAINT  =        0.0000


   NSTEP       ENERGY          RMS            GMAX         NAME    NUMBER
   1100      -1.6685E+05     7.6123E-02     5.7860E+00     NE2       967

 BOND    =    31421.2504  ANGLE   =      408.3842  DIHED      =      759.3183
 UB      =        0.0000  IMP     =        0.0000  CMAP       =      144.6354
 VDWAALS =    36139.5374  EEL     =  -242522.9085  HBOND      =        0.0000
 1-4 VDW =      573.2525  1-4 EEL =     6228.7658  RESTRAINT  =        0.0000


   NSTEP       ENERGY          RMS            GMAX         NAME    NUMBER
   1150      -1.6686E+05     1.6322E-01     2.1147E+01     CG       2448

 BOND    =    31423.6852  ANGLE   =      408.7560  DIHED      =      759.3074
 UB      =        0.0000  IMP     =        0.0000  CMAP       =      144.3567
 VDWAALS =    36144.4557  EEL     =  -242537.2919  HBOND      =        0.0000
 1-4 VDW =      573.0447  1-4 EEL =     6228.5673  RESTRAINT  =        0.0000


   NSTEP       ENERGY          RMS            GMAX         NAME    NUMBER
   1200      -1.6686E+05     8.1032E-02     6.7709E+00     CE1       965

 BOND    =    31425.3374  ANGLE   =      409.1901  DIHED      =      759.2837
 UB      =        0.0000  IMP     =        0.0000  CMAP       =      144.0663
 VDWAALS =    36149.5494  EEL     =  -242552.1692  HBOND      =        0.0000
 1-4 VDW =      572.8232  1-4 EEL =     6228.3201  RESTRAINT  =        0.0000


   NSTEP       ENERGY          RMS            GMAX         NAME    NUMBER
   1250      -1.6687E+05     1.4189E-01     1.1364E+01     CE1       965

 BOND    =    31427.3097  ANGLE   =      409.5990  DIHED      =      759.2791
 UB      =        0.0000  IMP     =        0.0000  CMAP       =      143.7849
 VDWAALS =    36154.1696  EEL     =  -242565.8144  HBOND      =        0.0000
 1-4 VDW =      572.6208  1-4 EEL =     6228.1007  RESTRAINT  =        0.0000


   NSTEP       ENERGY          RMS            GMAX         NAME    NUMBER
   1300      -1.6688E+05     5.2651E-02     3.4336E+00     NE2       967

 BOND    =    31428.9151  ANGLE   =      409.7869  DIHED      =      759.3043
 UB      =        0.0000  IMP     =        0.0000  CMAP       =      143.4993
 VDWAALS =    36158.4815  EEL     =  -242579.0432  HBOND      =        0.0000
 1-4 VDW =      572.4345  1-4 EEL =     6227.9239  RESTRAINT  =        0.0000


   NSTEP       ENERGY          RMS            GMAX         NAME    NUMBER
   1350      -1.6689E+05     1.2444E-01     1.4501E+01     CG       2448

 BOND    =    31430.9079  ANGLE   =      410.0947  DIHED      =      759.3341
 UB      =        0.0000  IMP     =        0.0000  CMAP       =      143.2323
 VDWAALS =    36162.6150  EEL     =  -242591.8883  HBOND      =        0.0000
 1-4 VDW =      572.2606  1-4 EEL =     6227.7369  RESTRAINT  =        0.0000


   NSTEP       ENERGY          RMS            GMAX         NAME    NUMBER
   1400      -1.6689E+05     1.5648E-01     1.4266E+01     NE2       967

 BOND    =    31432.5521  ANGLE   =      410.3647  DIHED      =      759.3453
 UB      =        0.0000  IMP     =        0.0000  CMAP       =      142.9971
 VDWAALS =    36166.4876  EEL     =  -242603.6990  HBOND      =        0.0000
 1-4 VDW =      572.0985  1-4 EEL =     6227.5123  RESTRAINT  =        0.0000


   NSTEP       ENERGY          RMS            GMAX         NAME    NUMBER
   1450      -1.6690E+05     9.3519E-02     8.1793E+00     CE1       965

 BOND    =    31433.8587  ANGLE   =      410.7782  DIHED      =      759.3945
 UB      =        0.0000  IMP     =        0.0000  CMAP       =      142.7895
 VDWAALS =    36169.8778  EEL     =  -242615.2503  HBOND      =        0.0000
 1-4 VDW =      571.9383  1-4 EEL =     6227.2936  RESTRAINT  =        0.0000


   NSTEP       ENERGY          RMS            GMAX         NAME    NUMBER
   1500      -1.6691E+05     1.3029E-01     1.2575E+01     CE1       965

 BOND    =    31435.4863  ANGLE   =      411.1073  DIHED      =      759.4591
 UB      =        0.0000  IMP     =        0.0000  CMAP       =      142.5939
 VDWAALS =    36173.3101  EEL     =  -242626.5481  HBOND      =        0.0000
 1-4 VDW =      571.7838  1-4 EEL =     6227.0454  RESTRAINT  =        0.0000


   NSTEP       ENERGY          RMS            GMAX         NAME    NUMBER
   1550      -1.6691E+05     7.5435E-02     7.1323E+00     NE2       967

 BOND    =    31436.8046  ANGLE   =      411.2141  DIHED      =      759.5632
 UB      =        0.0000  IMP     =        0.0000  CMAP       =      142.4142
 VDWAALS =    36176.5827  EEL     =  -242637.6594  HBOND      =        0.0000
 1-4 VDW =      571.6477  1-4 EEL =     6226.8196  RESTRAINT  =        0.0000


   NSTEP       ENERGY          RMS            GMAX         NAME    NUMBER
   1600      -1.6692E+05     1.1460E-01     1.0439E+01     NE2       967

 BOND    =    31438.3294  ANGLE   =      411.4814  DIHED      =      759.6994
 UB      =        0.0000  IMP     =        0.0000  CMAP       =      142.2560
 VDWAALS =    36179.4952  EEL     =  -242648.0998  HBOND      =        0.0000
 1-4 VDW =      571.5070  1-4 EEL =     6226.5783  RESTRAINT  =        0.0000


   NSTEP       ENERGY          RMS            GMAX         NAME    NUMBER
   1650      -1.6693E+05     4.0388E-02     2.2118E+00     CE1       965

 BOND    =    31439.2727  ANGLE   =      411.8070  DIHED      =      759.8521
 UB      =        0.0000  IMP     =        0.0000  CMAP       =      142.1169
 VDWAALS =    36182.1337  EEL     =  -242657.9498  HBOND      =        0.0000
 1-4 VDW =      571.3553  1-4 EEL =     6226.2978  RESTRAINT  =        0.0000


   NSTEP       ENERGY          RMS            GMAX         NAME    NUMBER
   1700      -1.6693E+05     9.8251E-02     9.6321E+00     CE1       965

 BOND    =    31440.6500  ANGLE   =      412.1703  DIHED      =      760.0607
 UB      =        0.0000  IMP     =        0.0000  CMAP       =      141.9807
 VDWAALS =    36184.6220  EEL     =  -242668.1453  HBOND      =        0.0000
 1-4 VDW =      571.1989  1-4 EEL =     6226.0070  RESTRAINT  =        0.0000


   NSTEP       ENERGY          RMS            GMAX         NAME    NUMBER
   1750      -1.6694E+05     3.7374E-02     1.6319E+00     O       14100

 BOND    =    31441.6236  ANGLE   =      412.3414  DIHED      =      760.2762
 UB      =        0.0000  IMP     =        0.0000  CMAP       =      141.8620
 VDWAALS =    36186.7428  EEL     =  -242677.1698  HBOND      =        0.0000
 1-4 VDW =      571.0628  1-4 EEL =     6225.7331  RESTRAINT  =        0.0000


   NSTEP       ENERGY          RMS            GMAX         NAME    NUMBER
   1800      -1.6694E+05     9.9675E-02     1.4128E+01     CG       2448

 BOND    =    31442.7977  ANGLE   =      412.5753  DIHED      =      760.5040
 UB      =        0.0000  IMP     =        0.0000  CMAP       =      141.7495
 VDWAALS =    36188.8155  EEL     =  -242686.2138  HBOND      =        0.0000
 1-4 VDW =      570.9178  1-4 EEL =     6225.4276  RESTRAINT  =        0.0000


   NSTEP       ENERGY          RMS            GMAX         NAME    NUMBER
   1850      -1.6695E+05     4.4030E-02     4.9119E+00     CG       2448

 BOND    =    31443.7809  ANGLE   =      412.7834  DIHED      =      760.7198
 UB      =        0.0000  IMP     =        0.0000  CMAP       =      141.6602
 VDWAALS =    36190.3321  EEL     =  -242694.0989  HBOND      =        0.0000
 1-4 VDW =      570.7960  1-4 EEL =     6225.1847  RESTRAINT  =        0.0000


   NSTEP       ENERGY          RMS            GMAX         NAME    NUMBER
   1900      -1.6695E+05     8.9994E-02     1.5101E+01     CG       2448

 BOND    =    31444.9517  ANGLE   =      412.9420  DIHED      =      760.9237
 UB      =        0.0000  IMP     =        0.0000  CMAP       =      141.5770
 VDWAALS =    36191.8237  EEL     =  -242701.6227  HBOND      =        0.0000
 1-4 VDW =      570.6820  1-4 EEL =     6224.9388  RESTRAINT  =        0.0000


   NSTEP       ENERGY          RMS            GMAX         NAME    NUMBER
   1950      -1.6696E+05     1.2789E-01     2.2365E+01     CG       2448

 BOND    =    31446.1677  ANGLE   =      413.0791  DIHED      =      761.1174
 UB      =        0.0000  IMP     =        0.0000  CMAP       =      141.5004
 VDWAALS =    36193.3317  EEL     =  -242709.2182  HBOND      =        0.0000
 1-4 VDW =      570.5729  1-4 EEL =     6224.6898  RESTRAINT  =        0.0000


   NSTEP       ENERGY          RMS            GMAX         NAME    NUMBER
   2000      -1.6696E+05     6.3173E-02     9.2025E+00     CG       2448

 BOND    =    31446.8839  ANGLE   =      413.1752  DIHED      =      761.2810
 UB      =        0.0000  IMP     =        0.0000  CMAP       =      141.4303
 VDWAALS =    36195.1162  EEL     =  -242716.7674  HBOND      =        0.0000
 1-4 VDW =      570.4581  1-4 EEL =     6224.3978  RESTRAINT  =        0.0000


   NSTEP       ENERGY          RMS            GMAX         NAME    NUMBER
   2050      -1.6697E+05     1.1989E-01     2.0359E+01     CG       2448

 BOND    =    31448.1384  ANGLE   =      413.2875  DIHED      =      761.4543
 UB      =        0.0000  IMP     =        0.0000  CMAP       =      141.3663
 VDWAALS =    36197.0020  EEL     =  -242724.6936  HBOND      =        0.0000
 1-4 VDW =      570.3498  1-4 EEL =     6224.1312  RESTRAINT  =        0.0000


   NSTEP       ENERGY          RMS            GMAX         NAME    NUMBER
   2100      -1.6697E+05     5.2361E-02     7.0805E+00     CG       2448

 BOND    =    31449.3127  ANGLE   =      413.3547  DIHED      =      761.6477
 UB      =        0.0000  IMP     =        0.0000  CMAP       =      141.3087
 VDWAALS =    36198.7737  EEL     =  -242732.3680  HBOND      =        0.0000
 1-4 VDW =      570.2542  1-4 EEL =     6223.9155  RESTRAINT  =        0.0000


   NSTEP       ENERGY          RMS            GMAX         NAME    NUMBER
   2150      -1.6698E+05     7.5358E-02     1.1823E+01     CG       2448

 BOND    =    31450.4984  ANGLE   =      413.4359  DIHED      =      761.8261
 UB      =        0.0000  IMP     =        0.0000  CMAP       =      141.2563
 VDWAALS =    36200.6575  EEL     =  -242739.9320  HBOND      =        0.0000
 1-4 VDW =      570.1532  1-4 EEL =     6223.6774  RESTRAINT  =        0.0000


   NSTEP       ENERGY          RMS            GMAX         NAME    NUMBER
   2200      -1.6698E+05     1.2082E-01     5.6289E+00     H2      14298

 BOND    =    31451.6004  ANGLE   =      413.5064  DIHED      =      762.0012
 UB      =        0.0000  IMP     =        0.0000  CMAP       =      141.2067
 VDWAALS =    36202.5983  EEL     =  -242747.3732  HBOND      =        0.0000
 1-4 VDW =      570.0457  1-4 EEL =     6223.4216  RESTRAINT  =        0.0000


   NSTEP       ENERGY          RMS            GMAX         NAME    NUMBER
   2250      -1.6699E+05     4.5238E-02     1.8912E+00     H2      14298

 BOND    =    31452.3565  ANGLE   =      413.5739  DIHED      =      762.1884
 UB      =        0.0000  IMP     =        0.0000  CMAP       =      141.1600
 VDWAALS =    36204.3924  EEL     =  -242754.5455  HBOND      =        0.0000
 1-4 VDW =      569.9425  1-4 EEL =     6223.1870  RESTRAINT  =        0.0000


   NSTEP       ENERGY          RMS            GMAX         NAME    NUMBER
   2300      -1.6699E+05     1.0516E-01     6.6574E+00     H2      14298

 BOND    =    31453.3477  ANGLE   =      413.6331  DIHED      =      762.3822
 UB      =        0.0000  IMP     =        0.0000  CMAP       =      141.1152
 VDWAALS =    36205.8674  EEL     =  -242761.4783  HBOND      =        0.0000
 1-4 VDW =      569.8391  1-4 EEL =     6222.9533  RESTRAINT  =        0.0000


   NSTEP       ENERGY          RMS            GMAX         NAME    NUMBER
   2350      -1.6700E+05     4.8336E-02     2.7215E+00     H1      38933

 BOND    =    31454.1238  ANGLE   =      413.6884  DIHED      =      762.5856
 UB      =        0.0000  IMP     =        0.0000  CMAP       =      141.0718
 VDWAALS =    36207.1375  EEL     =  -242768.4555  HBOND      =        0.0000
 1-4 VDW =      569.7347  1-4 EEL =     6222.7245  RESTRAINT  =        0.0000


   NSTEP       ENERGY          RMS            GMAX         NAME    NUMBER
   2400      -1.6700E+05     8.4343E-02     5.5512E+00     H1      38933

 BOND    =    31455.8785  ANGLE   =      413.7404  DIHED      =      762.7987
 UB      =        0.0000  IMP     =        0.0000  CMAP       =      141.0268
 VDWAALS =    36208.1820  EEL     =  -242775.9685  HBOND      =        0.0000
 1-4 VDW =      569.6290  1-4 EEL =     6222.4982  RESTRAINT  =        0.0000


   NSTEP       ENERGY          RMS            GMAX         NAME    NUMBER
   2450      -1.6701E+05     1.2355E-01     5.8362E+00     H1      34489

 BOND    =    31459.1949  ANGLE   =      413.7884  DIHED      =      763.0132
 UB      =        0.0000  IMP     =        0.0000  CMAP       =      140.9807
 VDWAALS =    36209.0467  EEL     =  -242784.6687  HBOND      =        0.0000
 1-4 VDW =      569.5286  1-4 EEL =     6222.2742  RESTRAINT  =        0.0000


   NSTEP       ENERGY          RMS            GMAX         NAME    NUMBER
   2500      -1.6701E+05     7.3001E-02     2.8276E+00     H1      34489

 BOND    =    31453.2823  ANGLE   =      413.8318  DIHED      =      763.2314
 UB      =        0.0000  IMP     =        0.0000  CMAP       =      140.9312
 VDWAALS =    36210.1590  EEL     =  -242785.1466  HBOND      =        0.0000
 1-4 VDW =      569.4326  1-4 EEL =     6222.0475  RESTRAINT  =        0.0000


   NSTEP       ENERGY          RMS            GMAX         NAME    NUMBER
   2550      -1.6707E+05     7.8568E-02     6.4115E+00     CG        377

 BOND    =    31469.1010  ANGLE   =      416.3462  DIHED      =      766.6724
 UB      =        0.0000  IMP     =        0.0000  CMAP       =      140.0257
 VDWAALS =    36244.4405  EEL     =  -242888.3955  HBOND      =        0.0000
 1-4 VDW =      568.7429  1-4 EEL =     6217.8879  RESTRAINT  =        0.0000


   NSTEP       ENERGY          RMS            GMAX         NAME    NUMBER
   2600      -1.6708E+05     1.0660E-01     1.1126E+01     CD        380

 BOND    =    31472.7336  ANGLE   =      416.6396  DIHED      =      767.3377
 UB      =        0.0000  IMP     =        0.0000  CMAP       =      139.9250
 VDWAALS =    36251.4003  EEL     =  -242913.6176  HBOND      =        0.0000
 1-4 VDW =      568.1696  1-4 EEL =     6216.8524  RESTRAINT  =        0.0000


   NSTEP       ENERGY          RMS            GMAX         NAME    NUMBER
   2650      -1.6710E+05     9.2496E-02     5.8726E+00     HG2       378

 BOND    =    31477.7450  ANGLE   =      417.8321  DIHED      =      768.3421
 UB      =        0.0000  IMP     =        0.0000  CMAP       =      139.8575
 VDWAALS =    36258.7833  EEL     =  -242947.6126  HBOND      =        0.0000
 1-4 VDW =      567.7818  1-4 EEL =     6215.4345  RESTRAINT  =        0.0000


   NSTEP       ENERGY          RMS            GMAX         NAME    NUMBER
   2700      -1.6713E+05     1.3965E-01     1.0737E+01     O       14212

 BOND    =    31483.5981  ANGLE   =      418.6812  DIHED      =      769.2352
 UB      =        0.0000  IMP     =        0.0000  CMAP       =      139.8411
 VDWAALS =    36269.9081  EEL     =  -242988.4673  HBOND      =        0.0000
 1-4 VDW =      567.4497  1-4 EEL =     6214.1284  RESTRAINT  =        0.0000


   NSTEP       ENERGY          RMS            GMAX         NAME    NUMBER
   2750      -1.6714E+05     1.3037E-01     7.9837E+00     CG       2448

 BOND    =    31489.0533  ANGLE   =      419.4830  DIHED      =      769.7595
 UB      =        0.0000  IMP     =        0.0000  CMAP       =      139.8824
 VDWAALS =    36284.2201  EEL     =  -243024.9298  HBOND      =        0.0000
 1-4 VDW =      567.2087  1-4 EEL =     6213.6507  RESTRAINT  =        0.0000


   NSTEP       ENERGY          RMS            GMAX         NAME    NUMBER
   2800      -1.6716E+05     1.1728E-01     6.2984E+00     CG        377

 BOND    =    31496.0321  ANGLE   =      419.7974  DIHED      =      770.3366
 UB      =        0.0000  IMP     =        0.0000  CMAP       =      139.9052
 VDWAALS =    36298.6959  EEL     =  -243065.9571  HBOND      =        0.0000
 1-4 VDW =      566.8553  1-4 EEL =     6213.0426  RESTRAINT  =        0.0000


   NSTEP       ENERGY          RMS            GMAX         NAME    NUMBER
   2850      -1.6718E+05     1.6419E-01     1.2682E+01     CG        377

 BOND    =    31503.8602  ANGLE   =      420.8547  DIHED      =      770.9929
 UB      =        0.0000  IMP     =        0.0000  CMAP       =      139.8206
 VDWAALS =    36313.1599  EEL     =  -243109.2674  HBOND      =        0.0000
 1-4 VDW =      566.5231  1-4 EEL =     6212.3849  RESTRAINT  =        0.0000


   NSTEP       ENERGY          RMS            GMAX         NAME    NUMBER
   2900      -1.6720E+05     1.9929E-01     1.8447E+01     CG       2448

 BOND    =    31507.8675  ANGLE   =      420.6104  DIHED      =      771.3849
 UB      =        0.0000  IMP     =        0.0000  CMAP       =      139.8062
 VDWAALS =    36322.4562  EEL     =  -243138.1338  HBOND      =        0.0000
 1-4 VDW =      566.4126  1-4 EEL =     6211.7701  RESTRAINT  =        0.0000


   NSTEP       ENERGY          RMS            GMAX         NAME    NUMBER
   2950      -1.6721E+05     1.9407E-01     1.5929E+01     CG        406

 BOND    =    31509.5287  ANGLE   =      421.1139  DIHED      =      771.9385
 UB      =        0.0000  IMP     =        0.0000  CMAP       =      139.7955
 VDWAALS =    36331.0290  EEL     =  -243165.2360  HBOND      =        0.0000
 1-4 VDW =      566.3674  1-4 EEL =     6211.3494  RESTRAINT  =        0.0000


   NSTEP       ENERGY          RMS            GMAX         NAME    NUMBER
   3000      -1.6724E+05     3.0037E-01     1.6746E+01     CB        374

 BOND    =    31517.1318  ANGLE   =      421.6811  DIHED      =      772.8405
 UB      =        0.0000  IMP     =        0.0000  CMAP       =      139.7221
 VDWAALS =    36344.8886  EEL     =  -243209.0731  HBOND      =        0.0000
 1-4 VDW =      566.5516  1-4 EEL =     6210.9624  RESTRAINT  =        0.0000


   NSTEP       ENERGY          RMS            GMAX         NAME    NUMBER
   3050      -1.6726E+05     1.3591E-01     1.2902E+01     OE1       381

 BOND    =    31520.8109  ANGLE   =      420.3445  DIHED      =      773.8228
 UB      =        0.0000  IMP     =        0.0000  CMAP       =      139.0752
 VDWAALS =    36360.4983  EEL     =  -243252.8729  HBOND      =        0.0000
 1-4 VDW =      566.4795  1-4 EEL =     6211.4082  RESTRAINT  =        0.0000


   NSTEP       ENERGY          RMS            GMAX         NAME    NUMBER
   3100      -1.6728E+05     1.7917E-01     1.0716E+01     N         385

 BOND    =    31524.6289  ANGLE   =      420.9132  DIHED      =      774.8760
 UB      =        0.0000  IMP     =        0.0000  CMAP       =      138.5246
 VDWAALS =    36368.5930  EEL     =  -243286.0182  HBOND      =        0.0000
 1-4 VDW =      566.3936  1-4 EEL =     6211.0544  RESTRAINT  =        0.0000


   NSTEP       ENERGY          RMS            GMAX         NAME    NUMBER
   3150      -1.6729E+05     1.6188E-01     1.3960E+01     CG        406

 BOND    =    31531.8226  ANGLE   =      420.8699  DIHED      =      775.1453
 UB      =        0.0000  IMP     =        0.0000  CMAP       =      138.4232
 VDWAALS =    36379.0578  EEL     =  -243315.8337  HBOND      =        0.0000
 1-4 VDW =      566.3783  1-4 EEL =     6210.7648  RESTRAINT  =        0.0000


   NSTEP       ENERGY          RMS            GMAX         NAME    NUMBER
   3200      -1.6730E+05     9.2624E-02     4.9008E+00     OE2       382

 BOND    =    31529.4240  ANGLE   =      420.1400  DIHED      =      775.1336
 UB      =        0.0000  IMP     =        0.0000  CMAP       =      138.3614
 VDWAALS =    36377.4798  EEL     =  -243317.1016  HBOND      =        0.0000
 1-4 VDW =      566.2914  1-4 EEL =     6210.1328  RESTRAINT  =        0.0000


   NSTEP       ENERGY          RMS            GMAX         NAME    NUMBER
   3250      -1.6731E+05     5.1839E-02     2.7152E+00     OE1       381

 BOND    =    31536.1020  ANGLE   =      421.0539  DIHED      =      775.6854
 UB      =        0.0000  IMP     =        0.0000  CMAP       =      138.2206
 VDWAALS =    36387.4876  EEL     =  -243349.4764  HBOND      =        0.0000
 1-4 VDW =      566.1697  1-4 EEL =     6209.8804  RESTRAINT  =        0.0000


   NSTEP       ENERGY          RMS            GMAX         NAME    NUMBER
   3300      -1.6734E+05     9.9364E-02     7.3199E+00     H1      24489

 BOND    =    31545.8181  ANGLE   =      421.2914  DIHED      =      776.4783
 UB      =        0.0000  IMP     =        0.0000  CMAP       =      137.8825
 VDWAALS =    36405.8930  EEL     =  -243400.7675  HBOND      =        0.0000
 1-4 VDW =      566.2579  1-4 EEL =     6209.0442  RESTRAINT  =        0.0000


   NSTEP       ENERGY          RMS            GMAX         NAME    NUMBER
   3350      -1.6735E+05     1.1752E-01     7.9795E+00     CD        380

 BOND    =    31549.7527  ANGLE   =      421.4014  DIHED      =      776.4036
 UB      =        0.0000  IMP     =        0.0000  CMAP       =      137.3311
 VDWAALS =    36414.2230  EEL     =  -243420.6608  HBOND      =        0.0000
 1-4 VDW =      566.3209  1-4 EEL =     6209.2998  RESTRAINT  =        0.0000


   NSTEP       ENERGY          RMS            GMAX         NAME    NUMBER
   3400      -1.6736E+05     6.5196E-02     5.1268E+00     CD        380

 BOND    =    31550.3392  ANGLE   =      421.3182  DIHED      =      777.0456
 UB      =        0.0000  IMP     =        0.0000  CMAP       =      136.3448
 VDWAALS =    36420.6909  EEL     =  -243436.2137  HBOND      =        0.0000
 1-4 VDW =      566.4144  1-4 EEL =     6208.7463  RESTRAINT  =        0.0000


   NSTEP       ENERGY          RMS            GMAX         NAME    NUMBER
   3450      -1.6737E+05     6.2993E-02     4.2319E+00     H1      17601

 BOND    =    31554.4136  ANGLE   =      421.7981  DIHED      =      777.5879
 UB      =        0.0000  IMP     =        0.0000  CMAP       =      135.5083
 VDWAALS =    36432.9629  EEL     =  -243467.3330  HBOND      =        0.0000
 1-4 VDW =      566.0246  1-4 EEL =     6207.4026  RESTRAINT  =        0.0000


   NSTEP       ENERGY          RMS            GMAX         NAME    NUMBER
   3500      -1.6738E+05     7.0563E-02     4.6704E+00     H2      24490

 BOND    =    31560.9483  ANGLE   =      422.0092  DIHED      =      778.1108
 UB      =        0.0000  IMP     =        0.0000  CMAP       =      135.5135
 VDWAALS =    36443.5151  EEL     =  -243495.6074  HBOND      =        0.0000
 1-4 VDW =      565.9464  1-4 EEL =     6207.3663  RESTRAINT  =        0.0000


   NSTEP       ENERGY          RMS            GMAX         NAME    NUMBER
   3550      -1.6740E+05     2.3737E-01     1.6122E+01     O       24204

 BOND    =    31576.1205  ANGLE   =      423.4400  DIHED      =      779.8743
 UB      =        0.0000  IMP     =        0.0000  CMAP       =      135.1069
 VDWAALS =    36459.1727  EEL     =  -243541.9850  HBOND      =        0.0000
 1-4 VDW =      565.3534  1-4 EEL =     6207.6351  RESTRAINT  =        0.0000


   NSTEP       ENERGY          RMS            GMAX         NAME    NUMBER
   3600      -1.6741E+05     4.0579E-01     4.9871E+01     CG       2448

 BOND    =    31570.7234  ANGLE   =      424.0178  DIHED      =      780.6363
 UB      =        0.0000  IMP     =        0.0000  CMAP       =      134.9518
 VDWAALS =    36467.3696  EEL     =  -243558.4814  HBOND      =        0.0000
 1-4 VDW =      565.6056  1-4 EEL =     6206.6095  RESTRAINT  =        0.0000


   NSTEP       ENERGY          RMS            GMAX         NAME    NUMBER
   3650      -1.6742E+05     7.9090E-02     4.7533E+00     NE2       327

 BOND    =    31577.9886  ANGLE   =      422.8600  DIHED      =      780.3081
 UB      =        0.0000  IMP     =        0.0000  CMAP       =      134.8846
 VDWAALS =    36464.4964  EEL     =  -243571.4907  HBOND      =        0.0000
 1-4 VDW =      565.9475  1-4 EEL =     6206.5106  RESTRAINT  =        0.0000


   NSTEP       ENERGY          RMS            GMAX         NAME    NUMBER
   3700      -1.6744E+05     9.2625E-02     5.9408E+00     CG       2448

 BOND    =    31576.4949  ANGLE   =      422.9033  DIHED      =      781.2092
 UB      =        0.0000  IMP     =        0.0000  CMAP       =      134.0902
 VDWAALS =    36468.9703  EEL     =  -243593.0773  HBOND      =        0.0000
 1-4 VDW =      566.3235  1-4 EEL =     6206.9056  RESTRAINT  =        0.0000


   NSTEP       ENERGY          RMS            GMAX         NAME    NUMBER
   3750      -1.6744E+05     4.4627E-02     2.6339E+00     H1      10569

 BOND    =    31583.4278  ANGLE   =      422.8742  DIHED      =      781.2512
 UB      =        0.0000  IMP     =        0.0000  CMAP       =      134.0929
 VDWAALS =    36469.4545  EEL     =  -243601.7997  HBOND      =        0.0000
 1-4 VDW =      566.2917  1-4 EEL =     6206.9152  RESTRAINT  =        0.0000


   NSTEP       ENERGY          RMS            GMAX         NAME    NUMBER
   3800      -1.6746E+05     7.6149E-02     4.5652E+00     O       24204

 BOND    =    31588.9245  ANGLE   =      423.2623  DIHED      =      782.3422
 UB      =        0.0000  IMP     =        0.0000  CMAP       =      133.6695
 VDWAALS =    36482.5182  EEL     =  -243641.2203  HBOND      =        0.0000
 1-4 VDW =      566.3001  1-4 EEL =     6206.5891  RESTRAINT  =        0.0000


   NSTEP       ENERGY          RMS            GMAX         NAME    NUMBER
   3850      -1.6747E+05     1.4611E-01     9.3559E+00     H2      11742

 BOND    =    31596.0822  ANGLE   =      423.2285  DIHED      =      782.8983
 UB      =        0.0000  IMP     =        0.0000  CMAP       =      133.3908
 VDWAALS =    36486.8707  EEL     =  -243664.5724  HBOND      =        0.0000
 1-4 VDW =      566.3739  1-4 EEL =     6206.5448  RESTRAINT  =        0.0000


   NSTEP       ENERGY          RMS            GMAX         NAME    NUMBER
   3900      -1.6748E+05     5.2600E-02     3.3671E+00     O       24204

 BOND    =    31595.3586  ANGLE   =      423.5363  DIHED      =      783.0998
 UB      =        0.0000  IMP     =        0.0000  CMAP       =      133.3815
 VDWAALS =    36491.1093  EEL     =  -243675.9092  HBOND      =        0.0000
 1-4 VDW =      566.2465  1-4 EEL =     6206.3192  RESTRAINT  =        0.0000


   NSTEP       ENERGY          RMS            GMAX         NAME    NUMBER
   3950      -1.6748E+05     8.0673E-02     4.7642E+00     CG       2448

 BOND    =    31599.3144  ANGLE   =      423.5311  DIHED      =      783.2341
 UB      =        0.0000  IMP     =        0.0000  CMAP       =      133.3273
 VDWAALS =    36498.8117  EEL     =  -243692.2987  HBOND      =        0.0000
 1-4 VDW =      566.2659  1-4 EEL =     6206.2387  RESTRAINT  =        0.0000


   NSTEP       ENERGY          RMS            GMAX         NAME    NUMBER
   4000      -1.6749E+05     9.1756E-02     4.3387E+00     O        2960

 BOND    =    31604.7350  ANGLE   =      423.7818  DIHED      =      783.5191
 UB      =        0.0000  IMP     =        0.0000  CMAP       =      133.2142
 VDWAALS =    36505.4384  EEL     =  -243713.2266  HBOND      =        0.0000
 1-4 VDW =      566.1534  1-4 EEL =     6205.9578  RESTRAINT  =        0.0000


   NSTEP       ENERGY          RMS            GMAX         NAME    NUMBER
   4050      -1.6751E+05     6.8969E-02     4.6818E+00     O       24204

 BOND    =    31612.7579  ANGLE   =      423.5991  DIHED      =      783.8543
 UB      =        0.0000  IMP     =        0.0000  CMAP       =      133.0682
 VDWAALS =    36517.4420  EEL     =  -243753.0531  HBOND      =        0.0000
 1-4 VDW =      566.0886  1-4 EEL =     6205.7850  RESTRAINT  =        0.0000


   NSTEP       ENERGY          RMS            GMAX         NAME    NUMBER
   4100      -1.6752E+05     7.8168E-02     5.2598E+00     O       24204

 BOND    =    31620.0549  ANGLE   =      423.5791  DIHED      =      784.1393
 UB      =        0.0000  IMP     =        0.0000  CMAP       =      132.9153
 VDWAALS =    36530.9345  EEL     =  -243788.0348  HBOND      =        0.0000
 1-4 VDW =      566.0453  1-4 EEL =     6205.6592  RESTRAINT  =        0.0000


   NSTEP       ENERGY          RMS            GMAX         NAME    NUMBER
   4150      -1.6754E+05     6.3092E-02     4.4907E+00     O       24204

 BOND    =    31623.5086  ANGLE   =      423.6767  DIHED      =      784.3686
 UB      =        0.0000  IMP     =        0.0000  CMAP       =      132.7739
 VDWAALS =    36539.9632  EEL     =  -243810.9341  HBOND      =        0.0000
 1-4 VDW =      566.0079  1-4 EEL =     6205.6025  RESTRAINT  =        0.0000


   NSTEP       ENERGY          RMS            GMAX         NAME    NUMBER
   4200      -1.6748E+05     1.4282E+00     2.8956E+02     H2      13302

 BOND    =    31703.8203  ANGLE   =      426.8384  DIHED      =      785.6311
 UB      =        0.0000  IMP     =        0.0000  CMAP       =      132.3288
 VDWAALS =    36599.6116  EEL     =  -243899.6657  HBOND      =        0.0000
 1-4 VDW =      566.0423  1-4 EEL =     6206.1978  RESTRAINT  =        0.0000


   NSTEP       ENERGY          RMS            GMAX         NAME    NUMBER
   4250      -1.6756E+05     8.9670E-02     6.9290E+00     CD       1452

 BOND    =    31642.4708  ANGLE   =      423.4029  DIHED      =      785.3086
 UB      =        0.0000  IMP     =        0.0000  CMAP       =      132.1330
 VDWAALS =    36570.9159  EEL     =  -243883.8588  HBOND      =        0.0000
 1-4 VDW =      565.7994  1-4 EEL =     6205.3889  RESTRAINT  =        0.0000


   NSTEP       ENERGY          RMS            GMAX         NAME    NUMBER
   4300      -1.6756E+05     2.6884E-02     1.5981E+00     O       13300

 BOND    =    31640.8969  ANGLE   =      423.6332  DIHED      =      785.3855
 UB      =        0.0000  IMP     =        0.0000  CMAP       =      132.0805
 VDWAALS =    36573.4265  EEL     =  -243888.0696  HBOND      =        0.0000
 1-4 VDW =      565.7845  1-4 EEL =     6205.4599  RESTRAINT  =        0.0000


   NSTEP       ENERGY          RMS            GMAX         NAME    NUMBER
   4350      -1.6757E+05     4.3614E-02     4.4359E+00     CG        406

 BOND    =    31650.4144  ANGLE   =      423.5899  DIHED      =      785.9846
 UB      =        0.0000  IMP     =        0.0000  CMAP       =      131.4945
 VDWAALS =    36584.9569  EEL     =  -243922.4420  HBOND      =        0.0000
 1-4 VDW =      565.7419  1-4 EEL =     6205.4189  RESTRAINT  =        0.0000


   NSTEP       ENERGY          RMS            GMAX         NAME    NUMBER
   4400      -1.6758E+05     3.9422E-02     2.0079E+00     O       29856

 BOND    =    31650.2655  ANGLE   =      423.3689  DIHED      =      786.2368
 UB      =        0.0000  IMP     =        0.0000  CMAP       =      131.2586
 VDWAALS =    36588.7840  EEL     =  -243933.7778  HBOND      =        0.0000
 1-4 VDW =      565.6938  1-4 EEL =     6205.1315  RESTRAINT  =        0.0000


   NSTEP       ENERGY          RMS            GMAX         NAME    NUMBER
   4450      -1.6758E+05     3.3166E-02     2.6835E+00     CG       2448

 BOND    =    31652.4556  ANGLE   =      423.4010  DIHED      =      786.2924
 UB      =        0.0000  IMP     =        0.0000  CMAP       =      131.2095
 VDWAALS =    36589.8031  EEL     =  -243938.4122  HBOND      =        0.0000
 1-4 VDW =      565.6641  1-4 EEL =     6205.1081  RESTRAINT  =        0.0000


   NSTEP       ENERGY          RMS            GMAX         NAME    NUMBER
   4500      -1.6760E+05     6.1734E-02     4.8289E+00     CG       2448

 BOND    =    31657.7681  ANGLE   =      423.5848  DIHED      =      787.0490
 UB      =        0.0000  IMP     =        0.0000  CMAP       =      130.7420
 VDWAALS =    36598.9877  EEL     =  -243970.4667  HBOND      =        0.0000
 1-4 VDW =      565.4809  1-4 EEL =     6204.5703  RESTRAINT  =        0.0000


   NSTEP       ENERGY          RMS            GMAX         NAME    NUMBER
   4550      -1.6761E+05     1.3220E-01     9.6976E+00     O        7236

 BOND    =    31661.2671  ANGLE   =      424.0346  DIHED      =      787.4002
 UB      =        0.0000  IMP     =        0.0000  CMAP       =      130.5635
 VDWAALS =    36600.4456  EEL     =  -243983.6648  HBOND      =        0.0000
 1-4 VDW =      565.5491  1-4 EEL =     6204.2296  RESTRAINT  =        0.0000


   NSTEP       ENERGY          RMS            GMAX         NAME    NUMBER
   4600      -1.6762E+05     1.8092E-01     1.2141E+01     CG        406

 BOND    =    31666.5197  ANGLE   =      424.2678  DIHED      =      787.6088
 UB      =        0.0000  IMP     =        0.0000  CMAP       =      130.5113
 VDWAALS =    36604.5417  EEL     =  -244002.5944  HBOND      =        0.0000
 1-4 VDW =      565.5353  1-4 EEL =     6204.3187  RESTRAINT  =        0.0000


   NSTEP       ENERGY          RMS            GMAX         NAME    NUMBER
   4650      -1.6763E+05     8.2750E-02     7.8400E+00     CG        406

 BOND    =    31667.0772  ANGLE   =      423.5751  DIHED      =      787.6480
 UB      =        0.0000  IMP     =        0.0000  CMAP       =      130.5007
 VDWAALS =    36609.3159  EEL     =  -244014.5964  HBOND      =        0.0000
 1-4 VDW =      565.5366  1-4 EEL =     6204.3041  RESTRAINT  =        0.0000


   NSTEP       ENERGY          RMS            GMAX         NAME    NUMBER
   4700      -1.6764E+05     6.1289E-02     5.7279E+00     CG        406

 BOND    =    31670.9711  ANGLE   =      423.5846  DIHED      =      787.7944
 UB      =        0.0000  IMP     =        0.0000  CMAP       =      130.4460
 VDWAALS =    36616.7986  EEL     =  -244034.4812  HBOND      =        0.0000
 1-4 VDW =      565.5070  1-4 EEL =     6204.0756  RESTRAINT  =        0.0000


   NSTEP       ENERGY          RMS            GMAX         NAME    NUMBER
   4750      -1.6764E+05     1.3601E-01     9.9084E+00     H1      14125

 BOND    =    31674.3108  ANGLE   =      423.5924  DIHED      =      788.1654
 UB      =        0.0000  IMP     =        0.0000  CMAP       =      130.3585
 VDWAALS =    36631.7114  EEL     =  -244061.9146  HBOND      =        0.0000
 1-4 VDW =      565.5189  1-4 EEL =     6203.8875  RESTRAINT  =        0.0000


   NSTEP       ENERGY          RMS            GMAX         NAME    NUMBER
   4800      -1.6766E+05     1.2388E-01     1.0348E+01     CG        406

 BOND    =    31678.4746  ANGLE   =      423.6775  DIHED      =      788.4532
 UB      =        0.0000  IMP     =        0.0000  CMAP       =      130.3608
 VDWAALS =    36642.1471  EEL     =  -244088.4435  HBOND      =        0.0000
 1-4 VDW =      565.5025  1-4 EEL =     6203.6125  RESTRAINT  =        0.0000


   NSTEP       ENERGY          RMS            GMAX         NAME    NUMBER
   4850      -1.6766E+05     9.9822E-02     5.4524E+00     CG        406

 BOND    =    31686.2249  ANGLE   =      423.2368  DIHED      =      788.9732
 UB      =        0.0000  IMP     =        0.0000  CMAP       =      130.1411
 VDWAALS =    36665.7890  EEL     =  -244128.1263  HBOND      =        0.0000
 1-4 VDW =      565.4664  1-4 EEL =     6203.5117  RESTRAINT  =        0.0000


   NSTEP       ENERGY          RMS            GMAX         NAME    NUMBER
   4900      -1.6767E+05     9.1999E-02     5.7740E+00     CG        406

 BOND    =    31685.4370  ANGLE   =      423.7630  DIHED      =      789.1648
 UB      =        0.0000  IMP     =        0.0000  CMAP       =      130.1359
 VDWAALS =    36670.9545  EEL     =  -244139.5971  HBOND      =        0.0000
 1-4 VDW =      565.4354  1-4 EEL =     6202.8996  RESTRAINT  =        0.0000


   NSTEP       ENERGY          RMS            GMAX         NAME    NUMBER
   4950      -1.6767E+05     3.4456E-02     1.5013E+00     H2      24206

 BOND    =    31688.0872  ANGLE   =      423.3969  DIHED      =      789.1568
 UB      =        0.0000  IMP     =        0.0000  CMAP       =      130.0986
 VDWAALS =    36672.4192  EEL     =  -244145.4768  HBOND      =        0.0000
 1-4 VDW =      565.4375  1-4 EEL =     6203.0310  RESTRAINT  =        0.0000


   NSTEP       ENERGY          RMS            GMAX         NAME    NUMBER
   5000      -1.6768E+05     3.7892E-02     2.4648E+00     CG        406

 BOND    =    31691.0111  ANGLE   =      423.4049  DIHED      =      789.3232
 UB      =        0.0000  IMP     =        0.0000  CMAP       =      130.0644
 VDWAALS =    36680.3667  EEL     =  -244161.7589  HBOND      =        0.0000
 1-4 VDW =      565.4287  1-4 EEL =     6202.8769  RESTRAINT  =        0.0000


  Maximum number of minimization cycles reached.


                    FINAL RESULTS



   NSTEP       ENERGY          RMS            GMAX         NAME    NUMBER
   5000      -1.6768E+05     3.7892E-02     2.4648E+00     CG        406

 BOND    =    31691.0111  ANGLE   =      423.4049  DIHED      =      789.3232
 UB      =        0.0000  IMP     =        0.0000  CMAP       =      130.0644
 VDWAALS =    36680.3667  EEL     =  -244161.7589  HBOND      =        0.0000
 1-4 VDW =      565.4287  1-4 EEL =     6202.8769  RESTRAINT  =        0.0000
--------------------------------------------------------------------------------
   5.  TIMINGS
--------------------------------------------------------------------------------

|  NonSetup CPU Time in Major Routines:
|
|     Routine           Sec        %
|     ------------------------------
|     Nonbond           2.96   37.00
|     Bond              0.00    0.00
|     Angle             0.00    0.00
|     Dihedral          0.00    0.00
|     Shake             0.00    0.00
|     Other             5.04   63.00
|     ------------------------------
|     Total             7.99

|  PME Nonbond Pairlist CPU Time:
|
|     Routine              Sec        %
|     ---------------------------------
|     Set Up Cit           0.00    0.00
|     Build List           0.00    0.00
|     ---------------------------------
|     Total                0.00    0.00

|  PME Direct Force CPU Time:
|
|     Routine              Sec        %
|     ---------------------------------
|     NonBonded Calc       0.00    0.00
|     Exclude Masked       0.00    0.00
|     Other                0.01    0.13
|     ---------------------------------
|     Total                0.01    0.13

|  PME Reciprocal Force CPU Time:
|
|     Routine              Sec        %
|     ---------------------------------
|     1D bspline           0.00    0.00
|     Grid Charges         0.00    0.00
|     Scalar Sum           0.00    0.00
|     Gradient Sum         0.00    0.00
|     FFT                  0.00    0.00
|     ---------------------------------
|     Total                0.00    0.00

|  Setup CPU time:            0.54 seconds
|  NonSetup CPU time:         7.99 seconds
|  Total CPU time:            8.53 seconds     0.00 hours

|  Setup wall time:           0    seconds
|  NonSetup wall time:        8    seconds
|  Total wall time:           8    seconds     0.00 hours
