            --------------------------------------------------------
                             AMBER SQM VERSION 19
 
                                     By
              Ross C. Walker, Michael F. Crowley, Scott Brozell,
                         Tim Giese, Andreas W. Goetz,
                        Tai-Sung Lee and David A. Case
 
            --------------------------------------------------------
 

--------------------------------------------------------------------------------
  QM CALCULATION INFO
--------------------------------------------------------------------------------

| QMMM: Citation for AMBER QMMM Run:
| QMMM: R.C. Walker, M.F. Crowley and D.A. Case, J. COMP. CHEM. 29:1019, 2008

QMMM: SINGLET STATE CALCULATION
QMMM: RHF CALCULATION, NO. OF DOUBLY OCCUPIED LEVELS = 51

| QMMM: *** Selected Hamiltonian *** 
| QMMM: AM1         

| QMMM: *** Parameter sets in use ***
| QMMM: C : M.J.S.DEWAR et al. JACS, 107, 3902, (1985)
| QMMM: O : M.J.S.DEWAR et al. JACS, 107, 3902, (1985)
| QMMM: H : M.J.S.DEWAR et al. JACS, 107, 3902, (1985)

| QMMM: *** SCF convergence criteria ***
| QMMM: Energy change                :  0.1D-09 kcal/mol
| QMMM: Error matrix |FP-PF|         :  0.1D+00 au
| QMMM: Density matrix change        :  0.5D-06
| QMMM: Maximum number of SCF cycles :     1000

| QMMM: *** Diagonalization Routine Information ***
| QMMM: Pseudo diagonalizations are allowed.
| QMMM: Auto diagonalization routine selection is in use.
| QMMM:
| QMMM: Timing diagonalization routines:
| QMMM:                              norbs =       94
| QMMM:    diag iterations used for timing =       15
| QMMM:
| QMMM:              Internal diag routine = 0.017391 seconds
| QMMM:                 Dspev diag routine = 0.020793 seconds
| QMMM:                Dspevd diag routine = 0.011080 seconds
| QMMM:                Dspevx diag routine = 0.057111 seconds
| QMMM:                 Dsyev diag routine = 0.020338 seconds
| QMMM:                Dsyevd diag routine = 0.009289 seconds
| QMMM:                Dsyevr diag routine = 0.012324 seconds
| QMMM:
| QMMM:                Pseudo diag routine = 0.006263 seconds
| QMMM:
| QMMM: Using dsyevd routine (diag_routine=6).

  QMMM: QM Region Cartesian Coordinates (*=link atom) 
  QMMM: QM_NO.   MM_NO.  ATOM         X         Y         Z
  QMMM:     1        1      C        1.0380   21.9190   33.5880
  QMMM:     2        2      C        0.0480   21.7530   34.5680
  QMMM:     3        3      O       -1.1910   21.1990   34.4030
  QMMM:     4        4      C       -1.8230   21.2360   35.6020
  QMMM:     5        5      C       -1.0150   21.8080   36.5540
  QMMM:     6        6      C        0.1990   22.1480   35.8980
  QMMM:     7        7      C        1.4060   22.7500   36.3030
  QMMM:     8        8      C        2.4220   22.9360   35.3570
  QMMM:     9        9      C        3.6870   23.5540   35.7290
  QMMM:    10       10      C        4.6400   23.7230   34.8080
  QMMM:    11       11      C        4.4680   23.3050   33.4070
  QMMM:    12       12      O        5.3640   23.4780   32.5900
  QMMM:    13       13      O        3.2570   22.7170   33.0790
  QMMM:    14       14      C        2.2250   22.5250   34.0360
  QMMM:    15       15      O        0.9860   21.5630   32.2520
  QMMM:    16       16      C        0.0120   22.2260   31.4460
  QMMM:    17       17      C        0.6760   25.2640   31.9680
  QMMM:    18       18      C        1.0420   24.4720   30.7430
  QMMM:    19       19      C        1.7830   25.2610   29.6950
  QMMM:    20       20      C        0.7580   23.1690   30.5450
  QMMM:    21       21      H       -2.8230   20.8240   35.6150
  QMMM:    22       22      H       -1.2680   21.9620   37.5930
  QMMM:    23       23      H        1.5360   23.0610   37.3360
  QMMM:    24       24      H        3.8410   23.8710   36.7540
  QMMM:    25       25      H        5.5930   24.1780   35.0480
  QMMM:    26       26      H       -0.7530   22.7390   32.0390
  QMMM:    27       27      H       -0.5020   21.4710   30.8420
  QMMM:    28       28      H        0.1130   24.6840   32.7030
  QMMM:    29       29      H        1.5820   25.6320   32.4620
  QMMM:    30       30      H        0.0600   26.1250   31.6900
  QMMM:    31       31      H        2.7200   25.6510   30.1080
  QMMM:    32       32      H        2.0330   24.6560   28.8170
  QMMM:    33       33      H        1.1740   26.1050   29.3550
  QMMM:    34       34      H        1.1090   22.6970   29.6280

--------------------------------------------------------------------------------
  RESULTS
--------------------------------------------------------------------------------

 
 Final MO eigenvalues (eV):
 -43.5458  -41.3815  -39.6248  -38.6127  -37.1608  -36.4047  -35.1097  -33.4489
 -31.1088  -30.1867  -29.4873  -28.4464  -25.6804  -25.1500  -24.5027  -23.9045
 -22.6267  -20.7469  -19.5096  -19.0735  -18.5162  -18.0426  -17.5261  -17.3940
 -16.9669  -16.7298  -16.4453  -16.1360  -15.4327  -15.2031  -15.1391  -14.9673
 -14.7615  -14.4254  -14.1568  -13.9133  -13.6072  -13.2860  -13.1134  -12.9992
 -12.9775  -12.7559  -12.5087  -11.8582  -11.7186  -11.4577  -11.0694  -10.7598
  -9.6827   -9.5041   -8.9756   -0.9873   -0.4878    0.3840    0.8106    1.0798
   1.1181    1.7500    1.9953    2.3128    2.5028    2.8422    2.9997    3.2098
   3.3436    3.3993    3.6987    3.7448    3.8022    4.0059    4.0536    4.0950
   4.2318    4.2774    4.3780    4.4219    4.4939    4.5719    4.6376    4.7219
   4.7285    4.8303    4.8617    4.9170    4.9419    5.0294    5.0691    5.1918
   5.5032    5.6496    5.9438    6.0150    6.3506    6.5107

 Heat of formation   =        -40.35588412 kcal/mol  (       -1.74996245 eV)

 Total SCF energy    =     -81158.05445660 kcal/mol  (    -3519.27732781 eV)
 Electronic energy   =    -530061.36894196 kcal/mol  (   -22985.18576566 eV)
 Core-core repulsion =     448903.31448536 kcal/mol  (    19465.90843785 eV)
 
    Atomic Charges for Step       1 :
  Atom    Element       Mulliken Charge
     1      C                  0.071
     2      C                  0.011
     3      O                 -0.079
     4      C                 -0.055
     5      C                 -0.201
     6      C                 -0.098
     7      C                 -0.049
     8      C                 -0.123
     9      C                 -0.044
    10      C                 -0.240
    11      C                  0.356
    12      O                 -0.284
    13      O                 -0.184
    14      C                  0.104
    15      O                 -0.184
    16      C                  0.022
    17      C                 -0.181
    18      C                 -0.074
    19      C                 -0.182
    20      C                 -0.203
    21      H                  0.199
    22      H                  0.167
    23      H                  0.147
    24      H                  0.145
    25      H                  0.162
    26      H                  0.083
    27      H                  0.103
    28      H                  0.073
    29      H                  0.085
    30      H                  0.080
    31      H                  0.088
    32      H                  0.081
    33      H                  0.078
    34      H                  0.127
 Total Mulliken Charge =       0.000
 
                  X        Y        Z     TOTAL  
  QM DIPOLE    -3.916    1.506    4.226    5.955
 
 Final Structure

  QMMM: QM Region Cartesian Coordinates (*=link atom) 
  QMMM: QM_NO.   MM_NO.  ATOM         X         Y         Z
  QMMM:     1        1      C        1.0380   21.9190   33.5880
  QMMM:     2        2      C        0.0480   21.7530   34.5680
  QMMM:     3        3      O       -1.1910   21.1990   34.4030
  QMMM:     4        4      C       -1.8230   21.2360   35.6020
  QMMM:     5        5      C       -1.0150   21.8080   36.5540
  QMMM:     6        6      C        0.1990   22.1480   35.8980
  QMMM:     7        7      C        1.4060   22.7500   36.3030
  QMMM:     8        8      C        2.4220   22.9360   35.3570
  QMMM:     9        9      C        3.6870   23.5540   35.7290
  QMMM:    10       10      C        4.6400   23.7230   34.8080
  QMMM:    11       11      C        4.4680   23.3050   33.4070
  QMMM:    12       12      O        5.3640   23.4780   32.5900
  QMMM:    13       13      O        3.2570   22.7170   33.0790
  QMMM:    14       14      C        2.2250   22.5250   34.0360
  QMMM:    15       15      O        0.9860   21.5630   32.2520
  QMMM:    16       16      C        0.0120   22.2260   31.4460
  QMMM:    17       17      C        0.6760   25.2640   31.9680
  QMMM:    18       18      C        1.0420   24.4720   30.7430
  QMMM:    19       19      C        1.7830   25.2610   29.6950
  QMMM:    20       20      C        0.7580   23.1690   30.5450
  QMMM:    21       21      H       -2.8230   20.8240   35.6150
  QMMM:    22       22      H       -1.2680   21.9620   37.5930
  QMMM:    23       23      H        1.5360   23.0610   37.3360
  QMMM:    24       24      H        3.8410   23.8710   36.7540
  QMMM:    25       25      H        5.5930   24.1780   35.0480
  QMMM:    26       26      H       -0.7530   22.7390   32.0390
  QMMM:    27       27      H       -0.5020   21.4710   30.8420
  QMMM:    28       28      H        0.1130   24.6840   32.7030
  QMMM:    29       29      H        1.5820   25.6320   32.4620
  QMMM:    30       30      H        0.0600   26.1250   31.6900
  QMMM:    31       31      H        2.7200   25.6510   30.1080
  QMMM:    32       32      H        2.0330   24.6560   28.8170
  QMMM:    33       33      H        1.1740   26.1050   29.3550
  QMMM:    34       34      H        1.1090   22.6970   29.6280

           --------- Calculation Completed ----------

