WT PYR1: main chamber 122 A^3, total enclosed 164, r_max 3.21 A
  wall 59K: dV_main -3 (Ala) -3 (Gly)
  wall 60H: dV_main -1 (Ala) -2 (Gly)
  wall 61F: dV_main -16 (Ala) -13 (Gly)
  wall 62I: dV_main +11 (Ala) +12 (Gly)
  wall 81V: dV_main -0 (Ala) -1 (Gly)
  wall 83V: dV_main +11 (Ala) +8 (Gly)
  wall 87L: dV_main -19 (Ala) -20 (Gly)
  wall 88P: dV_main -6 (Ala) -17 (Gly)
  wall 89A: dV_main +0 (Ala) +10 (Gly)
  wall 91T: dV_main +0 (Ala) +0 (Gly)
  wall 92S: dV_main +0 (Ala) +9 (Gly)
  wall 94E: dV_main +18 (Ala) +18 (Gly)
  wall 108F: dV_main +3 (Ala) +1 (Gly)
  wall 110I: dV_main +12 (Ala) +11 (Gly)
  wall 115H: dV_main -4 (Ala) -3 (Gly)
  wall 117L: dV_main +22 (Ala) +22 (Gly)
  wall 120Y: dV_main +37 (Ala) +44 (Gly)
  wall 122S: dV_main +0 (Ala) -0 (Gly)
  wall 141E: dV_main -1 (Ala) -1 (Gly)
  wall 159F: dV_main -9 (Ala) -9 (Gly)
  wall 160A: dV_main +0 (Ala) -1 (Gly)
  wall 163V: dV_main +15 (Ala) +34 (Gly)
  wall 164V: dV_main -0 (Ala) -0 (Gly)
  wall 167N: dV_main -1 (Ala) -2 (Gly)
  borrowed 30C: dV_main -4 (Ala) -7 (Gly)
  borrowed 32S: dV_main +0 (Ala) +0 (Gly)
  borrowed 33L: dV_main +0 (Ala) +0 (Gly)
  borrowed 34H: dV_main +0 (Ala) +0 (Gly)
  borrowed 35A: dV_main +0 (Ala) +0 (Gly)
  borrowed 36Q: dV_main +0 (Ala) +0 (Gly)
  borrowed 46W: dV_main +0 (Ala) +0 (Gly)
  borrowed 48I: dV_main +0 (Ala) +0 (Gly)
  borrowed 49V: dV_main -6 (Ala) -6 (Gly)
  borrowed 50R: dV_main +0 (Ala) +0 (Gly)
  borrowed 51R: dV_main +0 (Ala) +0 (Gly)
  borrowed 52F: dV_main -1 (Ala) -1 (Gly)
  borrowed 53D: dV_main +0 (Ala) +0 (Gly)
  borrowed 54K: dV_main +0 (Ala) +0 (Gly)
  borrowed 55P: dV_main +0 (Ala) +0 (Gly)
  borrowed 58Y: dV_main -0 (Ala) -0 (Gly)
  borrowed 65C: dV_main +0 (Ala) +0 (Gly)
  borrowed 79R: dV_main -1 (Ala) -1 (Gly)
  borrowed 84I: dV_main -1 (Ala) -3 (Gly)
  borrowed 85S: dV_main +0 (Ala) -3 (Gly)
  borrowed 93T: dV_main +0 (Ala) +0 (Gly)
  borrowed 96L: dV_main +0 (Ala) +0 (Gly)
  borrowed 98I: dV_main +0 (Ala) +0 (Gly)
  borrowed 104R: dV_main +0 (Ala) +0 (Gly)
  borrowed 105V: dV_main +0 (Ala) +0 (Gly)
  borrowed 106T: dV_main +0 (Ala) +0 (Gly)
  borrowed 114E: dV_main -1 (Ala) -3 (Gly)
  borrowed 119N: dV_main +0 (Ala) +0 (Gly)
  borrowed 123V: dV_main +0 (Ala) +0 (Gly)
  borrowed 124T: dV_main +0 (Ala) +0 (Gly)
  borrowed 125T: dV_main +0 (Ala) +0 (Gly)
  borrowed 126V: dV_main +0 (Ala) +0 (Gly)
  borrowed 127H: dV_main +0 (Ala) +0 (Gly)
  borrowed 128R: dV_main +0 (Ala) +0 (Gly)
  borrowed 136W: dV_main +0 (Ala) +0 (Gly)
  borrowed 138V: dV_main +0 (Ala) +0 (Gly)
  borrowed 139V: dV_main +0 (Ala) +0 (Gly)
  borrowed 140L: dV_main +0 (Ala) +0 (Gly)
  borrowed 142S: dV_main +0 (Ala) +0 (Gly)
  borrowed 143Y: dV_main -1 (Ala) -1 (Gly)
  borrowed 144V: dV_main +0 (Ala) +0 (Gly)
  borrowed 145V: dV_main +0 (Ala) +0 (Gly)
  borrowed 146D: dV_main +0 (Ala) +0 (Gly)
  borrowed 148P: dV_main -0 (Ala) -0 (Gly)
  borrowed 156T: dV_main -4 (Ala) -7 (Gly)
  borrowed 157R: dV_main -1 (Ala) -1 (Gly)
  borrowed 161D: dV_main -4 (Ala) -4 (Gly)
  borrowed 165K: dV_main +0 (Ala) +0 (Gly)
  borrowed 168L: dV_main +0 (Ala) +0 (Gly)
  borrowed 171L: dV_main +0 (Ala) -1 (Gly)

F108 identity scan (3OQU carries I here)
  F108I: main    125 (    +3)  total    172  r_max 3.21
  F108L: main    125 (    +4)  total    173  r_max 3.21
  F108V: main    124 (    +3)  total    242  r_max 3.21
  F108A: main    124 (    +3)  total    242  r_max 3.21
  F108G: main    123 (    +1)  total    248  r_max 3.21

==================================================================================
TRUNCATION SCAN -- change in MAIN-CHAMBER volume, Gly arm, ranked
==================================================================================
  pos  aa     group   dV_main  dV_total   r_max
  120   Y      wall       +44       +52    3.21
  163   V      wall       +34       +25    3.61
  117   L      wall       +22       +45    3.21
   94   E      wall       +18       +19    3.28
   62   I      wall       +12       +24    3.21
  110   I      wall       +11       +22    3.21
   89   A      wall       +10       +13    3.21
   92   S      wall        +9       +10    3.21
   83   V      wall        +8       +20    3.52
  108   F      wall        +1       +84    3.21
   91   T      wall        +0        +0    3.21
   32   S  borrowed        +0        +0    3.21
   33   L  borrowed        +0        +0    3.21
   34   H  borrowed        +0        +0    3.21
   35   A  borrowed        +0        +0    3.21
   36   Q  borrowed        +0        +0    3.21
   46   W  borrowed        +0        +0    3.21
   48   I  borrowed        +0        +0    3.21
   50   R  borrowed        +0        +0    3.21
   51   R  borrowed        +0        +0    3.21

   wall      n= 24  median dV_main -0  best +44  n>+20 A^3: 3

   borrowed  n= 50  median dV_main +0  best +0  n>+20 A^3: 0

written to /bigdata/cutlerlab/jjaco081/PYR1_pocket_expansion/results/pocket_shape/truncation_scan.json
