
          -------------------------------------------------------
          Amber 22 PMEMD                              2022
          -------------------------------------------------------

| PMEMD implementation of SANDER, Release 22

|  Compiled date/time: Thu Apr 14 11:06:37 2022
| Run on 09/01/2026 at 11:43:36

|   Executable path: pmemd.cuda
| Working directory: /bigdata/cutlerlab/jjaco081/PYR1_pocket_expansion/data/posecheck/aba_crystal/rep2
|          Hostname: gpu09

  [-O]verwriting output

File Assignments:
|   MDIN: eq2.in                                                                
|  MDOUT: eq2.out                                                               
| INPCRD: eq1.rst7                                                              
|   PARM: /bigdata/cutlerlab/jjaco081/PYR1_pocket_expansion/data/posecheck/aba_c
| RESTRT: eq2.rst7                                                              
|   REFC: refc                                                                  
|  MDVEL: mdvel                                                                 
|   MDEN: mden                                                                  
|  MDCRD: eq2.nc                                                                
| MDINFO: eq2.info                                                              
|  MDFRC: mdfrc                                                                 


 Here is the input file:

NPT equilibration 2, 1 ns, unrestrained                                        
 &cntrl                                                                        
  imin=0, irest=1, ntx=5,                                                      
  nstlim=500000, dt=0.002,                                                     
  ntc=2, ntf=2, cut=10.0,                                                      
  ntb=2, ntp=1, barostat=2, pres0=1.0, taup=2.0,                               
  ntt=3, gamma_ln=2.0, ig=-1, temp0=300.0,                                     
  ntr=0,                                                                       
  ntpr=5000, ntwx=5000, ntwr=50000,                                            
 /                                                                             


Note: ig = -1. Setting random seed to   351642 based on wallclock time in 
      microseconds.
| irandom = 1, using AMBER's internal random number generator (default).
 
|--------------------- INFORMATION ----------------------
| GPU (CUDA) Version of PMEMD in use: NVIDIA GPU IN USE.
|                    Version 18.0.0
| 
|                      03/25/2018
| 
| Implementation by:
|                    Ross C. Walker     (SDSC)
|                    Scott Le Grand     (nVIDIA)
| 
| Version 18 performance extensions by:
|                    David Cerutti     (Rutgers)
| 
| Precision model in use:
|      [SPFP] - Single Precision Forces, 64-bit Fixed Point
|               Accumulation. (Default)
| 
|--------------------------------------------------------
 
|----------------- CITATION INFORMATION -----------------
|
|    When publishing work that utilized the CUDA version
|    of AMBER, please cite the following in addition to
|    the regular AMBER citations:
|
|  - Romelia Salomon-Ferrer; Andreas W. Goetz; Duncan
|    Poole; Scott Le Grand; Ross C. Walker "Routine
|    microsecond molecular dynamics simulations with
|    AMBER - Part II: Particle Mesh Ewald", J. Chem.
|    Theory Comput., 2013, 9 (9), pp3878-3888,
|    DOI: 10.1021/ct400314y.
|
|  - Andreas W. Goetz; Mark J. Williamson; Dong Xu;
|    Duncan Poole; Scott Le Grand; Ross C. Walker
|    "Routine microsecond molecular dynamics simulations
|    with AMBER - Part I: Generalized Born", J. Chem.
|    Theory Comput., 2012, 8 (5), pp1542-1555.
|
|  - Scott Le Grand; Andreas W. Goetz; Ross C. Walker
|    "SPFP: Speed without compromise - a mixed precision
|    model for GPU accelerated molecular dynamics
|    simulations.", Comp. Phys. Comm., 2013, 184
|    pp374-380, DOI: 10.1016/j.cpc.2012.09.022
|
|--------------------------------------------------------
 
|------------------- GPU DEVICE INFO --------------------
|
|            CUDA_VISIBLE_DEVICES: 0
|   CUDA Capable Devices Detected:      1
|           CUDA Device ID in use:      0
|                CUDA Device Name: NVIDIA RTX 6000 Ada Generation
|     CUDA Device Global Mem Size:  48510 MB
| CUDA Device Num Multiprocessors:    142
|           CUDA Device Core Freq:   2.50 GHz
|
|--------------------------------------------------------
 
 
| Conditional Compilation Defines Used:
| PUBFFT
| BINTRAJ
| CUDA
| EMIL

| Largest sphere to fit in unit cell has radius =    30.931

| New format PARM file being parsed.
| Version =    1.000 Date = 09/01/26 Time = 11:33:49

| Note: 1-4 EEL scale factors are being read from the topology file.

| Note: 1-4 VDW scale factors are being read from the topology file.
| INFO:    Virtual site frames will be inferred from bonding patterns.
| Duplicated    0 dihedrals

| Duplicated    0 dihedrals

--------------------------------------------------------------------------------
   1.  RESOURCE   USE: 
--------------------------------------------------------------------------------

 getting box info from netcdf restart file
 NATOM  =   43861 NTYPES =      26 NBONH =   32118 MBONA  =   11708
 NTHETH =    3249 MTHETA =    2007 NPHIH =    6624 MPHIA  =    6358
 NHPARM =       0 NPARM  =       0 NNB   =   87569 NRES   =   10470
 NBONA  =   11708 NTHETA =    2007 NPHIA =    6358 NUMBND =      92
 NUMANG =     206 NPTRA  =     217 NATYP =      50 NPHB   =       0
 IFBOX  =       2 NMXRS  =      38 IFCAP =       0 NEXTRA =   10228
 NCOPY  =       0


| Coordinate Index Table dimensions:    12   12   12
| Direct force subcell size =     6.3138    6.3138    6.3138

     BOX TYPE: TRUNCATED OCTAHEDRON

--------------------------------------------------------------------------------
   2.  CONTROL  DATA  FOR  THE  RUN
--------------------------------------------------------------------------------

default_name                                                                    

General flags:
     imin    =       0, nmropt  =       0

Nature and format of input:
     ntx     =       5, irest   =       1, ntrx    =       1

Nature and format of output:
     ntxo    =       2, ntpr    =    5000, ntrx    =       1, ntwr    =   50000
     iwrap   =       0, ntwx    =    5000, ntwv    =       0, ntwe    =       0
     ioutfm  =       1, ntwprt  =       0, idecomp =       0, rbornstat=      0

Potential function:
     ntf     =       2, ntb     =       2, igb     =       0, nsnb    =      25
     ipol    =       0, gbsa    =       0, iesp    =       0
     dielc   =   1.00000, cut     =  10.00000, intdiel =   1.00000

Frozen or restrained atoms:
     ibelly  =       0, ntr     =       0

Molecular dynamics:
     nstlim  =    500000, nscm    =      1000, nrespa  =         1
     t       =   0.00000, dt      =   0.00200, vlimit  =  -1.00000

Langevin dynamics temperature regulation:
     ig      =  351642
     temp0   = 300.00000, tempi   =   0.00000, gamma_ln=   2.00000

Pressure regulation:
     ntp     =       1
     pres0   =   1.00000, comp    =  44.60000, taup    =   2.00000
     Monte-Carlo Barostat:
     mcbarint  =     100

SHAKE:
     ntc     =       2, jfastw  =       0
     tol     =   0.00001

| Intermolecular bonds treatment:
|     no_intermolecular_bonds =       1

| Energy averages sample interval:
|     ene_avg_sampling =    5000

Extra-points options:
     frameon =       1, chngmask=       1

Ewald parameters:
     verbose =       0, ew_type =       0, nbflag  =       1, use_pme =       1
     vdwmeth =       1, eedmeth =       1, netfrc  =       1
     Box X =   75.766   Box Y =   75.766   Box Z =   75.766
     Alpha =  109.471   Beta  =  109.471   Gamma =  109.471
     NFFT1 =   80       NFFT2 =   80       NFFT3 =   80
     Cutoff=   10.000   Tol   =0.100E-04
     Ewald Coefficient =  0.27511
     Interpolation order =    4
|      EXTRA_PTS, trim_bonds: num bonds BEFORE trim = 32118     0
|      EXTRA_PTS, trim_bonds: num bonds AFTER  trim = 32118     0
|      EXTRA_PTS, trim_bonds: num bonds BEFORE trim = 11708     0
|      EXTRA_PTS, trim_bonds: num bonds AFTER  trim =  1480     0
|      EXTRA_PTS, trim_theta: num angle BEFORE trim =  3249     0
|      EXTRA_PTS, trim_theta: num angle AFTER  trim =  3249     0
|      EXTRA_PTS, trim_theta: num angle BEFORE trim =  2007     0
|      EXTRA_PTS, trim_theta: num angle AFTER  trim =  2007     0
|      EXTRA_PTS, trim_phi:  num diheds BEFORE trim =  6624     0
|      EXTRA_PTS, trim_phi:  num diheds AFTER  trim =  6624     0
|      EXTRA_PTS, trim_phi:  num diheds BEFORE trim =  6358     0
|      EXTRA_PTS, trim_phi:  num diheds AFTER  trim =  6358     0
| MONTE CARLO BAROSTAT IMPORTANT NOTE:
|   The Monte-Carlo barostat does not require the virial to adjust the system volume.
|   Since it is an expensive calculation, it is skipped for efficiency. A side-effect
|   is that the reported pressure is always 0 because it is not calculated.

--------------------------------------------------------------------------------
   3.  ATOMIC COORDINATES AND VELOCITIES
--------------------------------------------------------------------------------

default_name                                                                    
 begin time read from input coords =   700.000 ps

 
 Number of triangulated 3-point waters found:    10228

     Sum of charges from parm topology file =  -0.00094292
     Forcing neutrality...

| Dynamic Memory, Types Used:
| Reals             1887941
| Integers          4330408

| Nonbonded Pairs Initial Allocation:    13266855

| GPU memory information (estimate):
| KB of GPU memory in use:    388389
| KB of CPU memory in use:     97960

--------------------------------------------------------------------------------
   4.  RESULTS
--------------------------------------------------------------------------------

| MC Barostat: Decreasing size of volume moves
| MC Barostat: Decreasing size of volume moves
| MC Barostat: Decreasing size of volume moves
| MC Barostat: Decreasing size of volume moves

 NSTEP =     5000   TIME(PS) =     710.000  TEMP(K) =   299.50  PRESS =     0.0
 Etot   =   -117097.8335  EKtot   =     20468.2910  EPtot      =   -137566.1246
 BOND   =       542.8668  ANGLE   =      1503.1786  DIHED      =      1021.4245
 UB     =         0.0000  IMP     =         0.0000  CMAP       =       150.0863
 1-4 NB =       653.6301  1-4 EEL =      5845.6621  VDWAALS    =     16410.7998
 EELEC  =   -163693.7729  EHBOND  =         0.0000  RESTRAINT  =         0.0000
 EKCMT  =         0.0000  VIRIAL  =         0.0000  VOLUME     =    334474.2932
                                                    Density    =         1.0291
 ------------------------------------------------------------------------------

| MC Barostat: Decreasing size of volume moves

 NSTEP =    10000   TIME(PS) =     720.000  TEMP(K) =   300.81  PRESS =     0.0
 Etot   =   -117056.8120  EKtot   =     20557.6152  EPtot      =   -137614.4272
 BOND   =       568.9752  ANGLE   =      1526.9517  DIHED      =      1030.2519
 UB     =         0.0000  IMP     =         0.0000  CMAP       =       141.2001
 1-4 NB =       630.1494  1-4 EEL =      5851.3107  VDWAALS    =     16209.4254
 EELEC  =   -163572.6916  EHBOND  =         0.0000  RESTRAINT  =         0.0000
 EKCMT  =         0.0000  VIRIAL  =         0.0000  VOLUME     =    333442.6811
                                                    Density    =         1.0323
 ------------------------------------------------------------------------------

| MC Barostat: Decreasing size of volume moves
| MC Barostat: Decreasing size of volume moves
| MC Barostat: Decreasing size of volume moves
| MC Barostat: Decreasing size of volume moves

 NSTEP =    15000   TIME(PS) =     730.000  TEMP(K) =   298.02  PRESS =     0.0
 Etot   =   -117206.2059  EKtot   =     20366.9980  EPtot      =   -137573.2040
 BOND   =       571.7538  ANGLE   =      1497.5606  DIHED      =      1028.5886
 UB     =         0.0000  IMP     =         0.0000  CMAP       =       134.4692
 1-4 NB =       666.4200  1-4 EEL =      5875.8847  VDWAALS    =     16388.9243
 EELEC  =   -163736.8053  EHBOND  =         0.0000  RESTRAINT  =         0.0000
 EKCMT  =         0.0000  VIRIAL  =         0.0000  VOLUME     =    334705.4036
                                                    Density    =         1.0284
 ------------------------------------------------------------------------------


 NSTEP =    20000   TIME(PS) =     740.000  TEMP(K) =   298.64  PRESS =     0.0
 Etot   =   -116941.4498  EKtot   =     20408.9434  EPtot      =   -137350.3932
 BOND   =       576.4924  ANGLE   =      1516.2102  DIHED      =      1027.0546
 UB     =         0.0000  IMP     =         0.0000  CMAP       =       133.9232
 1-4 NB =       639.2328  1-4 EEL =      5853.6237  VDWAALS    =     16011.1614
 EELEC  =   -163108.0915  EHBOND  =         0.0000  RESTRAINT  =         0.0000
 EKCMT  =         0.0000  VIRIAL  =         0.0000  VOLUME     =    334009.3626
                                                    Density    =         1.0305
 ------------------------------------------------------------------------------


 NSTEP =    25000   TIME(PS) =     750.000  TEMP(K) =   298.73  PRESS =     0.0
 Etot   =   -117094.6353  EKtot   =     20415.4160  EPtot      =   -137510.0513
 BOND   =       548.7485  ANGLE   =      1556.6403  DIHED      =       992.9887
 UB     =         0.0000  IMP     =         0.0000  CMAP       =       147.8404
 1-4 NB =       636.3565  1-4 EEL =      5817.8529  VDWAALS    =     16342.0060
 EELEC  =   -163552.4848  EHBOND  =         0.0000  RESTRAINT  =         0.0000
 EKCMT  =         0.0000  VIRIAL  =         0.0000  VOLUME     =    334069.0660
                                                    Density    =         1.0303
 ------------------------------------------------------------------------------

| MC Barostat: Decreasing size of volume moves
| MC Barostat: Decreasing size of volume moves

 NSTEP =    30000   TIME(PS) =     760.000  TEMP(K) =   300.76  PRESS =     0.0
 Etot   =   -117463.6367  EKtot   =     20554.3398  EPtot      =   -138017.9766
 BOND   =       557.7775  ANGLE   =      1491.3655  DIHED      =       978.5203
 UB     =         0.0000  IMP     =         0.0000  CMAP       =       151.1205
 1-4 NB =       645.8527  1-4 EEL =      5842.4377  VDWAALS    =     16518.8675
 EELEC  =   -164203.9183  EHBOND  =         0.0000  RESTRAINT  =         0.0000
 EKCMT  =         0.0000  VIRIAL  =         0.0000  VOLUME     =    333963.7667
                                                    Density    =         1.0307
 ------------------------------------------------------------------------------

| MC Barostat: Decreasing size of volume moves

 NSTEP =    35000   TIME(PS) =     770.000  TEMP(K) =   300.34  PRESS =     0.0
 Etot   =   -117132.4436  EKtot   =     20525.7031  EPtot      =   -137658.1467
 BOND   =       575.4812  ANGLE   =      1531.4589  DIHED      =      1009.0055
 UB     =         0.0000  IMP     =         0.0000  CMAP       =       134.6799
 1-4 NB =       658.1462  1-4 EEL =      5899.1016  VDWAALS    =     16351.9402
 EELEC  =   -163817.9603  EHBOND  =         0.0000  RESTRAINT  =         0.0000
 EKCMT  =         0.0000  VIRIAL  =         0.0000  VOLUME     =    334286.4391
                                                    Density    =         1.0297
 ------------------------------------------------------------------------------


 NSTEP =    40000   TIME(PS) =     780.000  TEMP(K) =   298.76  PRESS =     0.0
 Etot   =   -117369.8677  EKtot   =     20417.3223  EPtot      =   -137787.1900
 BOND   =       539.1866  ANGLE   =      1501.8452  DIHED      =      1036.0259
 UB     =         0.0000  IMP     =         0.0000  CMAP       =       137.8747
 1-4 NB =       661.6735  1-4 EEL =      5825.6100  VDWAALS    =     16660.1354
 EELEC  =   -164149.5412  EHBOND  =         0.0000  RESTRAINT  =         0.0000
 EKCMT  =         0.0000  VIRIAL  =         0.0000  VOLUME     =    334194.5152
                                                    Density    =         1.0299
 ------------------------------------------------------------------------------


 NSTEP =    45000   TIME(PS) =     790.000  TEMP(K) =   298.51  PRESS =     0.0
 Etot   =   -117559.4956  EKtot   =     20400.5586  EPtot      =   -137960.0541
 BOND   =       542.7866  ANGLE   =      1489.9315  DIHED      =      1005.2716
 UB     =         0.0000  IMP     =         0.0000  CMAP       =       144.8907
 1-4 NB =       638.6712  1-4 EEL =      5875.5745  VDWAALS    =     16325.7613
 EELEC  =   -163982.9415  EHBOND  =         0.0000  RESTRAINT  =         0.0000
 EKCMT  =         0.0000  VIRIAL  =         0.0000  VOLUME     =    333068.9004
                                                    Density    =         1.0334
 ------------------------------------------------------------------------------


 NSTEP =    50000   TIME(PS) =     800.000  TEMP(K) =   299.51  PRESS =     0.0
 Etot   =   -117082.2508  EKtot   =     20468.5918  EPtot      =   -137550.8426
 BOND   =       545.5787  ANGLE   =      1528.2767  DIHED      =      1016.2056
 UB     =         0.0000  IMP     =         0.0000  CMAP       =       140.5450
 1-4 NB =       621.2517  1-4 EEL =      5893.4160  VDWAALS    =     16233.0986
 EELEC  =   -163529.2147  EHBOND  =         0.0000  RESTRAINT  =         0.0000
 EKCMT  =         0.0000  VIRIAL  =         0.0000  VOLUME     =    334392.4859
                                                    Density    =         1.0293
 ------------------------------------------------------------------------------


 NSTEP =    55000   TIME(PS) =     810.000  TEMP(K) =   301.69  PRESS =     0.0
 Etot   =   -117026.3726  EKtot   =     20617.5254  EPtot      =   -137643.8980
 BOND   =       557.9170  ANGLE   =      1508.4833  DIHED      =       999.1303
 UB     =         0.0000  IMP     =         0.0000  CMAP       =       143.3057
 1-4 NB =       656.0636  1-4 EEL =      5840.7693  VDWAALS    =     16538.7553
 EELEC  =   -163888.3226  EHBOND  =         0.0000  RESTRAINT  =         0.0000
 EKCMT  =         0.0000  VIRIAL  =         0.0000  VOLUME     =    333890.8299
                                                    Density    =         1.0309
 ------------------------------------------------------------------------------


 NSTEP =    60000   TIME(PS) =     820.000  TEMP(K) =   301.61  PRESS =     0.0
 Etot   =   -117078.1169  EKtot   =     20612.2734  EPtot      =   -137690.3903
 BOND   =       575.3852  ANGLE   =      1555.8129  DIHED      =      1016.5878
 UB     =         0.0000  IMP     =         0.0000  CMAP       =       151.3060
 1-4 NB =       645.9957  1-4 EEL =      5857.6303  VDWAALS    =     16644.9214
 EELEC  =   -164138.0295  EHBOND  =         0.0000  RESTRAINT  =         0.0000
 EKCMT  =         0.0000  VIRIAL  =         0.0000  VOLUME     =    333490.7325
                                                    Density    =         1.0321
 ------------------------------------------------------------------------------


 NSTEP =    65000   TIME(PS) =     830.000  TEMP(K) =   301.67  PRESS =     0.0
 Etot   =   -117190.1518  EKtot   =     20616.0977  EPtot      =   -137806.2494
 BOND   =       567.4298  ANGLE   =      1544.8613  DIHED      =      1020.7703
 UB     =         0.0000  IMP     =         0.0000  CMAP       =       134.8504
 1-4 NB =       631.9917  1-4 EEL =      5844.0978  VDWAALS    =     16260.2121
 EELEC  =   -163810.4628  EHBOND  =         0.0000  RESTRAINT  =         0.0000
 EKCMT  =         0.0000  VIRIAL  =         0.0000  VOLUME     =    333997.2496
                                                    Density    =         1.0306
 ------------------------------------------------------------------------------


 NSTEP =    70000   TIME(PS) =     840.000  TEMP(K) =   298.15  PRESS =     0.0
 Etot   =   -117448.5759  EKtot   =     20375.5527  EPtot      =   -137824.1286
 BOND   =       565.0039  ANGLE   =      1522.6268  DIHED      =       996.1309
 UB     =         0.0000  IMP     =         0.0000  CMAP       =       146.5502
 1-4 NB =       637.8963  1-4 EEL =      5854.9318  VDWAALS    =     16419.1370
 EELEC  =   -163966.4054  EHBOND  =         0.0000  RESTRAINT  =         0.0000
 EKCMT  =         0.0000  VIRIAL  =         0.0000  VOLUME     =    333945.6584
                                                    Density    =         1.0307
 ------------------------------------------------------------------------------


 NSTEP =    75000   TIME(PS) =     850.000  TEMP(K) =   300.68  PRESS =     0.0
 Etot   =   -117022.3854  EKtot   =     20548.7246  EPtot      =   -137571.1100
 BOND   =       538.4205  ANGLE   =      1502.9031  DIHED      =      1025.4215
 UB     =         0.0000  IMP     =         0.0000  CMAP       =       138.0839
 1-4 NB =       651.4336  1-4 EEL =      5846.6680  VDWAALS    =     16236.1203
 EELEC  =   -163510.1610  EHBOND  =         0.0000  RESTRAINT  =         0.0000
 EKCMT  =         0.0000  VIRIAL  =         0.0000  VOLUME     =    332503.0846
                                                    Density    =         1.0352
 ------------------------------------------------------------------------------


 NSTEP =    80000   TIME(PS) =     860.000  TEMP(K) =   301.52  PRESS =     0.0
 Etot   =   -117040.7160  EKtot   =     20606.0137  EPtot      =   -137646.7296
 BOND   =       571.5330  ANGLE   =      1530.4751  DIHED      =      1030.6654
 UB     =         0.0000  IMP     =         0.0000  CMAP       =       142.9039
 1-4 NB =       645.7808  1-4 EEL =      5858.9135  VDWAALS    =     16600.5340
 EELEC  =   -164027.5352  EHBOND  =         0.0000  RESTRAINT  =         0.0000
 EKCMT  =         0.0000  VIRIAL  =         0.0000  VOLUME     =    334821.6514
                                                    Density    =         1.0280
 ------------------------------------------------------------------------------


 NSTEP =    85000   TIME(PS) =     870.000  TEMP(K) =   302.03  PRESS =     0.0
 Etot   =   -116959.6819  EKtot   =     20640.5625  EPtot      =   -137600.2444
 BOND   =       553.0949  ANGLE   =      1529.9426  DIHED      =       996.3842
 UB     =         0.0000  IMP     =         0.0000  CMAP       =       151.1477
 1-4 NB =       635.9171  1-4 EEL =      5891.1113  VDWAALS    =     16511.5549
 EELEC  =   -163869.3971  EHBOND  =         0.0000  RESTRAINT  =         0.0000
 EKCMT  =         0.0000  VIRIAL  =         0.0000  VOLUME     =    334377.1143
                                                    Density    =         1.0294
 ------------------------------------------------------------------------------


 NSTEP =    90000   TIME(PS) =     880.000  TEMP(K) =   299.35  PRESS =     0.0
 Etot   =   -117442.0214  EKtot   =     20457.8066  EPtot      =   -137899.8281
 BOND   =       539.5582  ANGLE   =      1551.2337  DIHED      =      1039.4995
 UB     =         0.0000  IMP     =         0.0000  CMAP       =       143.4534
 1-4 NB =       637.2731  1-4 EEL =      5849.9007  VDWAALS    =     16499.8593
 EELEC  =   -164160.6059  EHBOND  =         0.0000  RESTRAINT  =         0.0000
 EKCMT  =         0.0000  VIRIAL  =         0.0000  VOLUME     =    333013.6741
                                                    Density    =         1.0336
 ------------------------------------------------------------------------------


 NSTEP =    95000   TIME(PS) =     890.000  TEMP(K) =   302.30  PRESS =     0.0
 Etot   =   -117229.2139  EKtot   =     20659.0371  EPtot      =   -137888.2510
 BOND   =       592.8746  ANGLE   =      1512.3782  DIHED      =      1013.8873
 UB     =         0.0000  IMP     =         0.0000  CMAP       =       148.9548
 1-4 NB =       641.1092  1-4 EEL =      5898.3349  VDWAALS    =     16455.4211
 EELEC  =   -164151.2111  EHBOND  =         0.0000  RESTRAINT  =         0.0000
 EKCMT  =         0.0000  VIRIAL  =         0.0000  VOLUME     =    333503.0590
                                                    Density    =         1.0321
 ------------------------------------------------------------------------------


 NSTEP =   100000   TIME(PS) =     900.000  TEMP(K) =   299.73  PRESS =     0.0
 Etot   =   -117282.0999  EKtot   =     20483.4824  EPtot      =   -137765.5823
 BOND   =       551.6588  ANGLE   =      1543.5127  DIHED      =       988.3044
 UB     =         0.0000  IMP     =         0.0000  CMAP       =       145.6575
 1-4 NB =       627.3823  1-4 EEL =      5863.9965  VDWAALS    =     16557.6358
 EELEC  =   -164043.7303  EHBOND  =         0.0000  RESTRAINT  =         0.0000
 EKCMT  =         0.0000  VIRIAL  =         0.0000  VOLUME     =    334580.6670
                                                    Density    =         1.0288
 ------------------------------------------------------------------------------


 NSTEP =   105000   TIME(PS) =     910.000  TEMP(K) =   301.12  PRESS =     0.0
 Etot   =   -117280.3509  EKtot   =     20578.6387  EPtot      =   -137858.9896
 BOND   =       605.4276  ANGLE   =      1494.0994  DIHED      =       992.6750
 UB     =         0.0000  IMP     =         0.0000  CMAP       =       156.6074
 1-4 NB =       620.2023  1-4 EEL =      5809.0625  VDWAALS    =     16473.1198
 EELEC  =   -164010.1835  EHBOND  =         0.0000  RESTRAINT  =         0.0000
 EKCMT  =         0.0000  VIRIAL  =         0.0000  VOLUME     =    333631.2215
                                                    Density    =         1.0317
 ------------------------------------------------------------------------------


 NSTEP =   110000   TIME(PS) =     920.000  TEMP(K) =   298.67  PRESS =     0.0
 Etot   =   -117012.8441  EKtot   =     20411.5488  EPtot      =   -137424.3929
 BOND   =       550.1400  ANGLE   =      1559.5540  DIHED      =       988.0905
 UB     =         0.0000  IMP     =         0.0000  CMAP       =       138.1896
 1-4 NB =       646.6956  1-4 EEL =      5857.8817  VDWAALS    =     16450.7831
 EELEC  =   -163615.7275  EHBOND  =         0.0000  RESTRAINT  =         0.0000
 EKCMT  =         0.0000  VIRIAL  =         0.0000  VOLUME     =    335117.2237
                                                    Density    =         1.0271
 ------------------------------------------------------------------------------


 NSTEP =   115000   TIME(PS) =     930.000  TEMP(K) =   299.30  PRESS =     0.0
 Etot   =   -117161.4682  EKtot   =     20454.3457  EPtot      =   -137615.8139
 BOND   =       574.3221  ANGLE   =      1514.4571  DIHED      =      1017.4806
 UB     =         0.0000  IMP     =         0.0000  CMAP       =       148.4558
 1-4 NB =       636.4804  1-4 EEL =      5861.1709  VDWAALS    =     16174.2607
 EELEC  =   -163542.4415  EHBOND  =         0.0000  RESTRAINT  =         0.0000
 EKCMT  =         0.0000  VIRIAL  =         0.0000  VOLUME     =    332670.5555
                                                    Density    =         1.0347
 ------------------------------------------------------------------------------


 NSTEP =   120000   TIME(PS) =     940.000  TEMP(K) =   297.53  PRESS =     0.0
 Etot   =   -117245.1479  EKtot   =     20333.1777  EPtot      =   -137578.3256
 BOND   =       528.3824  ANGLE   =      1521.5341  DIHED      =      1009.4628
 UB     =         0.0000  IMP     =         0.0000  CMAP       =       125.5686
 1-4 NB =       643.2834  1-4 EEL =      5855.9913  VDWAALS    =     16321.6677
 EELEC  =   -163584.2158  EHBOND  =         0.0000  RESTRAINT  =         0.0000
 EKCMT  =         0.0000  VIRIAL  =         0.0000  VOLUME     =    334150.6521
                                                    Density    =         1.0301
 ------------------------------------------------------------------------------


 NSTEP =   125000   TIME(PS) =     950.000  TEMP(K) =   302.95  PRESS =     0.0
 Etot   =   -116936.9026  EKtot   =     20703.8828  EPtot      =   -137640.7854
 BOND   =       575.5374  ANGLE   =      1497.2528  DIHED      =      1020.6408
 UB     =         0.0000  IMP     =         0.0000  CMAP       =       135.9430
 1-4 NB =       629.8251  1-4 EEL =      5873.9960  VDWAALS    =     16218.7149
 EELEC  =   -163592.6955  EHBOND  =         0.0000  RESTRAINT  =         0.0000
 EKCMT  =         0.0000  VIRIAL  =         0.0000  VOLUME     =    335475.3710
                                                    Density    =         1.0260
 ------------------------------------------------------------------------------


 NSTEP =   130000   TIME(PS) =     960.000  TEMP(K) =   298.52  PRESS =     0.0
 Etot   =   -116917.2776  EKtot   =     20400.9531  EPtot      =   -137318.2307
 BOND   =       590.0391  ANGLE   =      1500.8140  DIHED      =      1018.7711
 UB     =         0.0000  IMP     =         0.0000  CMAP       =       146.5219
 1-4 NB =       651.2677  1-4 EEL =      5876.0996  VDWAALS    =     16616.7315
 EELEC  =   -163718.4756  EHBOND  =         0.0000  RESTRAINT  =         0.0000
 EKCMT  =         0.0000  VIRIAL  =         0.0000  VOLUME     =    334742.9467
                                                    Density    =         1.0283
 ------------------------------------------------------------------------------


 NSTEP =   135000   TIME(PS) =     970.000  TEMP(K) =   298.71  PRESS =     0.0
 Etot   =   -117049.0079  EKtot   =     20413.9883  EPtot      =   -137462.9962
 BOND   =       513.1949  ANGLE   =      1477.3348  DIHED      =       998.3633
 UB     =         0.0000  IMP     =         0.0000  CMAP       =       136.5667
 1-4 NB =       642.3994  1-4 EEL =      5851.5369  VDWAALS    =     15771.6026
 EELEC  =   -162853.9948  EHBOND  =         0.0000  RESTRAINT  =         0.0000
 EKCMT  =         0.0000  VIRIAL  =         0.0000  VOLUME     =    335064.0471
                                                    Density    =         1.0273
 ------------------------------------------------------------------------------


 NSTEP =   140000   TIME(PS) =     980.000  TEMP(K) =   300.11  PRESS =     0.0
 Etot   =   -116978.3510  EKtot   =     20509.9414  EPtot      =   -137488.2924
 BOND   =       594.0594  ANGLE   =      1546.7163  DIHED      =      1013.6127
 UB     =         0.0000  IMP     =         0.0000  CMAP       =       138.8734
 1-4 NB =       638.9502  1-4 EEL =      5829.6793  VDWAALS    =     16201.6859
 EELEC  =   -163451.8695  EHBOND  =         0.0000  RESTRAINT  =         0.0000
 EKCMT  =         0.0000  VIRIAL  =         0.0000  VOLUME     =    333354.1615
                                                    Density    =         1.0325
 ------------------------------------------------------------------------------


 NSTEP =   145000   TIME(PS) =     990.000  TEMP(K) =   298.56  PRESS =     0.0
 Etot   =   -117642.7031  EKtot   =     20403.5527  EPtot      =   -138046.2559
 BOND   =       574.7644  ANGLE   =      1496.9187  DIHED      =       990.8681
 UB     =         0.0000  IMP     =         0.0000  CMAP       =       142.5369
 1-4 NB =       654.6223  1-4 EEL =      5855.9005  VDWAALS    =     16456.0160
 EELEC  =   -164217.8828  EHBOND  =         0.0000  RESTRAINT  =         0.0000
 EKCMT  =         0.0000  VIRIAL  =         0.0000  VOLUME     =    333290.7122
                                                    Density    =         1.0327
 ------------------------------------------------------------------------------


 NSTEP =   150000   TIME(PS) =    1000.000  TEMP(K) =   298.40  PRESS =     0.0
 Etot   =   -117169.9949  EKtot   =     20393.0391  EPtot      =   -137563.0340
 BOND   =       565.6894  ANGLE   =      1485.2607  DIHED      =      1007.8063
 UB     =         0.0000  IMP     =         0.0000  CMAP       =       145.6762
 1-4 NB =       634.7484  1-4 EEL =      5840.4590  VDWAALS    =     16229.6162
 EELEC  =   -163472.2903  EHBOND  =         0.0000  RESTRAINT  =         0.0000
 EKCMT  =         0.0000  VIRIAL  =         0.0000  VOLUME     =    333132.1791
                                                    Density    =         1.0332
 ------------------------------------------------------------------------------


 NSTEP =   155000   TIME(PS) =    1010.000  TEMP(K) =   299.02  PRESS =     0.0
 Etot   =   -117228.8751  EKtot   =     20435.2773  EPtot      =   -137664.1524
 BOND   =       575.3707  ANGLE   =      1522.6988  DIHED      =      1008.3431
 UB     =         0.0000  IMP     =         0.0000  CMAP       =       142.8795
 1-4 NB =       630.6721  1-4 EEL =      5852.2649  VDWAALS    =     16032.2708
 EELEC  =   -163428.6524  EHBOND  =         0.0000  RESTRAINT  =         0.0000
 EKCMT  =         0.0000  VIRIAL  =         0.0000  VOLUME     =    333184.8793
                                                    Density    =         1.0331
 ------------------------------------------------------------------------------


 NSTEP =   160000   TIME(PS) =    1020.000  TEMP(K) =   300.62  PRESS =     0.0
 Etot   =   -117074.1006  EKtot   =     20544.3613  EPtot      =   -137618.4619
 BOND   =       580.4420  ANGLE   =      1538.4525  DIHED      =      1015.2314
 UB     =         0.0000  IMP     =         0.0000  CMAP       =       143.3750
 1-4 NB =       624.5288  1-4 EEL =      5833.3337  VDWAALS    =     16295.9399
 EELEC  =   -163649.7652  EHBOND  =         0.0000  RESTRAINT  =         0.0000
 EKCMT  =         0.0000  VIRIAL  =         0.0000  VOLUME     =    333974.6952
                                                    Density    =         1.0306
 ------------------------------------------------------------------------------


 NSTEP =   165000   TIME(PS) =    1030.000  TEMP(K) =   300.94  PRESS =     0.0
 Etot   =   -116875.1512  EKtot   =     20566.2695  EPtot      =   -137441.4207
 BOND   =       609.5248  ANGLE   =      1491.6147  DIHED      =       991.4652
 UB     =         0.0000  IMP     =         0.0000  CMAP       =       146.0541
 1-4 NB =       651.9029  1-4 EEL =      5846.5682  VDWAALS    =     16298.4082
 EELEC  =   -163476.9589  EHBOND  =         0.0000  RESTRAINT  =         0.0000
 EKCMT  =         0.0000  VIRIAL  =         0.0000  VOLUME     =    332692.8643
                                                    Density    =         1.0346
 ------------------------------------------------------------------------------


 NSTEP =   170000   TIME(PS) =    1040.000  TEMP(K) =   298.78  PRESS =     0.0
 Etot   =   -117200.2873  EKtot   =     20418.7168  EPtot      =   -137619.0041
 BOND   =       566.7612  ANGLE   =      1553.2433  DIHED      =      1009.5252
 UB     =         0.0000  IMP     =         0.0000  CMAP       =       149.8534
 1-4 NB =       646.2513  1-4 EEL =      5856.6876  VDWAALS    =     16674.4341
 EELEC  =   -164075.7601  EHBOND  =         0.0000  RESTRAINT  =         0.0000
 EKCMT  =         0.0000  VIRIAL  =         0.0000  VOLUME     =    332712.7978
                                                    Density    =         1.0345
 ------------------------------------------------------------------------------


 NSTEP =   175000   TIME(PS) =    1050.000  TEMP(K) =   300.17  PRESS =     0.0
 Etot   =   -117233.2229  EKtot   =     20514.0312  EPtot      =   -137747.2542
 BOND   =       554.6257  ANGLE   =      1531.9085  DIHED      =       992.1998
 UB     =         0.0000  IMP     =         0.0000  CMAP       =       138.6606
 1-4 NB =       657.9241  1-4 EEL =      5879.1459  VDWAALS    =     16565.8986
 EELEC  =   -164067.6173  EHBOND  =         0.0000  RESTRAINT  =         0.0000
 EKCMT  =         0.0000  VIRIAL  =         0.0000  VOLUME     =    332815.5059
                                                    Density    =         1.0342
 ------------------------------------------------------------------------------


 NSTEP =   180000   TIME(PS) =    1060.000  TEMP(K) =   299.18  PRESS =     0.0
 Etot   =   -117413.5832  EKtot   =     20445.9121  EPtot      =   -137859.4953
 BOND   =       553.9929  ANGLE   =      1491.2320  DIHED      =      1020.5356
 UB     =         0.0000  IMP     =         0.0000  CMAP       =       143.5773
 1-4 NB =       666.7506  1-4 EEL =      5870.7556  VDWAALS    =     16398.1243
 EELEC  =   -164004.4636  EHBOND  =         0.0000  RESTRAINT  =         0.0000
 EKCMT  =         0.0000  VIRIAL  =         0.0000  VOLUME     =    333816.1599
                                                    Density    =         1.0311
 ------------------------------------------------------------------------------


 NSTEP =   185000   TIME(PS) =    1070.000  TEMP(K) =   300.79  PRESS =     0.0
 Etot   =   -117196.7018  EKtot   =     20555.8945  EPtot      =   -137752.5963
 BOND   =       587.3513  ANGLE   =      1547.3536  DIHED      =       996.0663
 UB     =         0.0000  IMP     =         0.0000  CMAP       =       147.0017
 1-4 NB =       647.0040  1-4 EEL =      5892.5326  VDWAALS    =     16624.2134
 EELEC  =   -164194.1191  EHBOND  =         0.0000  RESTRAINT  =         0.0000
 EKCMT  =         0.0000  VIRIAL  =         0.0000  VOLUME     =    333367.3536
                                                    Density    =         1.0325
 ------------------------------------------------------------------------------


 NSTEP =   190000   TIME(PS) =    1080.000  TEMP(K) =   300.44  PRESS =     0.0
 Etot   =   -116895.5483  EKtot   =     20532.0508  EPtot      =   -137427.5991
 BOND   =       518.6028  ANGLE   =      1525.5805  DIHED      =      1022.2068
 UB     =         0.0000  IMP     =         0.0000  CMAP       =       143.3648
 1-4 NB =       656.1796  1-4 EEL =      5896.1640  VDWAALS    =     16519.7684
 EELEC  =   -163709.4661  EHBOND  =         0.0000  RESTRAINT  =         0.0000
 EKCMT  =         0.0000  VIRIAL  =         0.0000  VOLUME     =    333335.2797
                                                    Density    =         1.0326
 ------------------------------------------------------------------------------


 NSTEP =   195000   TIME(PS) =    1090.000  TEMP(K) =   300.68  PRESS =     0.0
 Etot   =   -116749.5955  EKtot   =     20548.4766  EPtot      =   -137298.0721
 BOND   =       511.5053  ANGLE   =      1533.1479  DIHED      =      1012.8194
 UB     =         0.0000  IMP     =         0.0000  CMAP       =       146.6358
 1-4 NB =       672.0857  1-4 EEL =      5843.4026  VDWAALS    =     16212.9307
 EELEC  =   -163230.5995  EHBOND  =         0.0000  RESTRAINT  =         0.0000
 EKCMT  =         0.0000  VIRIAL  =         0.0000  VOLUME     =    333212.3509
                                                    Density    =         1.0330
 ------------------------------------------------------------------------------


 NSTEP =   200000   TIME(PS) =    1100.000  TEMP(K) =   300.31  PRESS =     0.0
 Etot   =   -117059.4054  EKtot   =     20523.0391  EPtot      =   -137582.4444
 BOND   =       544.4357  ANGLE   =      1480.8097  DIHED      =       997.6557
 UB     =         0.0000  IMP     =         0.0000  CMAP       =       144.1178
 1-4 NB =       654.8596  1-4 EEL =      5873.6536  VDWAALS    =     16391.1574
 EELEC  =   -163669.1340  EHBOND  =         0.0000  RESTRAINT  =         0.0000
 EKCMT  =         0.0000  VIRIAL  =         0.0000  VOLUME     =    334440.9035
                                                    Density    =         1.0292
 ------------------------------------------------------------------------------


 NSTEP =   205000   TIME(PS) =    1110.000  TEMP(K) =   295.24  PRESS =     0.0
 Etot   =   -117390.3814  EKtot   =     20176.6035  EPtot      =   -137566.9849
 BOND   =       568.0212  ANGLE   =      1490.4907  DIHED      =      1019.6978
 UB     =         0.0000  IMP     =         0.0000  CMAP       =       142.1599
 1-4 NB =       646.3435  1-4 EEL =      5874.3133  VDWAALS    =     16643.5974
 EELEC  =   -163951.6087  EHBOND  =         0.0000  RESTRAINT  =         0.0000
 EKCMT  =         0.0000  VIRIAL  =         0.0000  VOLUME     =    333591.5620
                                                    Density    =         1.0318
 ------------------------------------------------------------------------------


 NSTEP =   210000   TIME(PS) =    1120.000  TEMP(K) =   302.81  PRESS =     0.0
 Etot   =   -116893.8918  EKtot   =     20694.2227  EPtot      =   -137588.1145
 BOND   =       579.3849  ANGLE   =      1540.7721  DIHED      =      1037.0030
 UB     =         0.0000  IMP     =         0.0000  CMAP       =       132.7681
 1-4 NB =       650.9284  1-4 EEL =      5869.8029  VDWAALS    =     16400.8090
 EELEC  =   -163799.5829  EHBOND  =         0.0000  RESTRAINT  =         0.0000
 EKCMT  =         0.0000  VIRIAL  =         0.0000  VOLUME     =    333416.3397
                                                    Density    =         1.0323
 ------------------------------------------------------------------------------


 NSTEP =   215000   TIME(PS) =    1130.000  TEMP(K) =   300.92  PRESS =     0.0
 Etot   =   -117129.3404  EKtot   =     20564.7578  EPtot      =   -137694.0982
 BOND   =       561.9202  ANGLE   =      1530.0895  DIHED      =      1017.1135
 UB     =         0.0000  IMP     =         0.0000  CMAP       =       140.9452
 1-4 NB =       657.8425  1-4 EEL =      5877.5305  VDWAALS    =     16332.6790
 EELEC  =   -163812.2187  EHBOND  =         0.0000  RESTRAINT  =         0.0000
 EKCMT  =         0.0000  VIRIAL  =         0.0000  VOLUME     =    333613.6731
                                                    Density    =         1.0317
 ------------------------------------------------------------------------------


 NSTEP =   220000   TIME(PS) =    1140.000  TEMP(K) =   299.03  PRESS =     0.0
 Etot   =   -117300.2515  EKtot   =     20435.8164  EPtot      =   -137736.0679
 BOND   =       544.6599  ANGLE   =      1493.2576  DIHED      =      1051.6870
 UB     =         0.0000  IMP     =         0.0000  CMAP       =       144.2873
 1-4 NB =       651.9498  1-4 EEL =      5852.6778  VDWAALS    =     16801.2648
 EELEC  =   -164275.8521  EHBOND  =         0.0000  RESTRAINT  =         0.0000
 EKCMT  =         0.0000  VIRIAL  =         0.0000  VOLUME     =    334660.1065
                                                    Density    =         1.0285
 ------------------------------------------------------------------------------


 NSTEP =   225000   TIME(PS) =    1150.000  TEMP(K) =   301.83  PRESS =     0.0
 Etot   =   -116858.6988  EKtot   =     20627.4180  EPtot      =   -137486.1167
 BOND   =       546.1712  ANGLE   =      1458.3793  DIHED      =      1015.0719
 UB     =         0.0000  IMP     =         0.0000  CMAP       =       138.7480
 1-4 NB =       639.2180  1-4 EEL =      5853.5854  VDWAALS    =     16067.5677
 EELEC  =   -163204.8582  EHBOND  =         0.0000  RESTRAINT  =         0.0000
 EKCMT  =         0.0000  VIRIAL  =         0.0000  VOLUME     =    334826.3700
                                                    Density    =         1.0280
 ------------------------------------------------------------------------------


 NSTEP =   230000   TIME(PS) =    1160.000  TEMP(K) =   302.02  PRESS =     0.0
 Etot   =   -116907.8504  EKtot   =     20640.3496  EPtot      =   -137548.2000
 BOND   =       566.5738  ANGLE   =      1488.1598  DIHED      =       982.0833
 UB     =         0.0000  IMP     =         0.0000  CMAP       =       136.6797
 1-4 NB =       660.0489  1-4 EEL =      5839.1040  VDWAALS    =     16530.2796
 EELEC  =   -163751.1292  EHBOND  =         0.0000  RESTRAINT  =         0.0000
 EKCMT  =         0.0000  VIRIAL  =         0.0000  VOLUME     =    334165.1187
                                                    Density    =         1.0300
 ------------------------------------------------------------------------------


 NSTEP =   235000   TIME(PS) =    1170.000  TEMP(K) =   298.75  PRESS =     0.0
 Etot   =   -117360.6154  EKtot   =     20416.7305  EPtot      =   -137777.3458
 BOND   =       595.0963  ANGLE   =      1500.4737  DIHED      =      1003.1983
 UB     =         0.0000  IMP     =         0.0000  CMAP       =       132.2004
 1-4 NB =       654.8029  1-4 EEL =      5871.0259  VDWAALS    =     16354.0122
 EELEC  =   -163888.1555  EHBOND  =         0.0000  RESTRAINT  =         0.0000
 EKCMT  =         0.0000  VIRIAL  =         0.0000  VOLUME     =    333361.0338
                                                    Density    =         1.0325
 ------------------------------------------------------------------------------


 NSTEP =   240000   TIME(PS) =    1180.000  TEMP(K) =   300.16  PRESS =     0.0
 Etot   =   -117131.8820  EKtot   =     20513.0078  EPtot      =   -137644.8898
 BOND   =       558.1053  ANGLE   =      1550.6109  DIHED      =       981.4942
 UB     =         0.0000  IMP     =         0.0000  CMAP       =       145.1928
 1-4 NB =       640.9453  1-4 EEL =      5882.1676  VDWAALS    =     16624.8687
 EELEC  =   -164028.2746  EHBOND  =         0.0000  RESTRAINT  =         0.0000
 EKCMT  =         0.0000  VIRIAL  =         0.0000  VOLUME     =    334419.0098
                                                    Density    =         1.0293
 ------------------------------------------------------------------------------


 NSTEP =   245000   TIME(PS) =    1190.000  TEMP(K) =   299.58  PRESS =     0.0
 Etot   =   -116981.0839  EKtot   =     20473.2812  EPtot      =   -137454.3651
 BOND   =       554.1691  ANGLE   =      1493.6087  DIHED      =       980.3696
 UB     =         0.0000  IMP     =         0.0000  CMAP       =       146.1756
 1-4 NB =       641.7689  1-4 EEL =      5869.6546  VDWAALS    =     16460.6350
 EELEC  =   -163600.7467  EHBOND  =         0.0000  RESTRAINT  =         0.0000
 EKCMT  =         0.0000  VIRIAL  =         0.0000  VOLUME     =    333449.7139
                                                    Density    =         1.0322
 ------------------------------------------------------------------------------


 NSTEP =   250000   TIME(PS) =    1200.000  TEMP(K) =   303.69  PRESS =     0.0
 Etot   =   -116734.1206  EKtot   =     20754.5020  EPtot      =   -137488.6226
 BOND   =       593.1999  ANGLE   =      1452.3624  DIHED      =      1027.8443
 UB     =         0.0000  IMP     =         0.0000  CMAP       =       145.9261
 1-4 NB =       646.5618  1-4 EEL =      5829.8424  VDWAALS    =     16224.6490
 EELEC  =   -163409.0085  EHBOND  =         0.0000  RESTRAINT  =         0.0000
 EKCMT  =         0.0000  VIRIAL  =         0.0000  VOLUME     =    334259.3947
                                                    Density    =         1.0297
 ------------------------------------------------------------------------------


 NSTEP =   255000   TIME(PS) =    1210.000  TEMP(K) =   301.33  PRESS =     0.0
 Etot   =   -117118.5383  EKtot   =     20592.9102  EPtot      =   -137711.4485
 BOND   =       555.3182  ANGLE   =      1470.8258  DIHED      =      1032.2941
 UB     =         0.0000  IMP     =         0.0000  CMAP       =       146.3474
 1-4 NB =       663.0649  1-4 EEL =      5906.3396  VDWAALS    =     16256.5867
 EELEC  =   -163742.2251  EHBOND  =         0.0000  RESTRAINT  =         0.0000
 EKCMT  =         0.0000  VIRIAL  =         0.0000  VOLUME     =    333101.9554
                                                    Density    =         1.0333
 ------------------------------------------------------------------------------


 NSTEP =   260000   TIME(PS) =    1220.000  TEMP(K) =   301.61  PRESS =     0.0
 Etot   =   -117194.3684  EKtot   =     20612.3535  EPtot      =   -137806.7219
 BOND   =       593.3889  ANGLE   =      1515.2989  DIHED      =      1017.2682
 UB     =         0.0000  IMP     =         0.0000  CMAP       =       143.1693
 1-4 NB =       634.2477  1-4 EEL =      5864.3309  VDWAALS    =     16260.3975
 EELEC  =   -163834.8232  EHBOND  =         0.0000  RESTRAINT  =         0.0000
 EKCMT  =         0.0000  VIRIAL  =         0.0000  VOLUME     =    333432.4602
                                                    Density    =         1.0323
 ------------------------------------------------------------------------------


 NSTEP =   265000   TIME(PS) =    1230.000  TEMP(K) =   299.55  PRESS =     0.0
 Etot   =   -117245.4128  EKtot   =     20471.4609  EPtot      =   -137716.8737
 BOND   =       539.7045  ANGLE   =      1511.4614  DIHED      =      1025.3639
 UB     =         0.0000  IMP     =         0.0000  CMAP       =       138.7574
 1-4 NB =       642.6328  1-4 EEL =      5923.8937  VDWAALS    =     16395.0098
 EELEC  =   -163893.6972  EHBOND  =         0.0000  RESTRAINT  =         0.0000
 EKCMT  =         0.0000  VIRIAL  =         0.0000  VOLUME     =    333868.4935
                                                    Density    =         1.0309
 ------------------------------------------------------------------------------


 NSTEP =   270000   TIME(PS) =    1240.000  TEMP(K) =   300.09  PRESS =     0.0
 Etot   =   -117042.0023  EKtot   =     20508.0703  EPtot      =   -137550.0726
 BOND   =       566.6065  ANGLE   =      1510.1160  DIHED      =      1048.2004
 UB     =         0.0000  IMP     =         0.0000  CMAP       =       145.6584
 1-4 NB =       657.0876  1-4 EEL =      5906.1235  VDWAALS    =     16391.4368
 EELEC  =   -163775.3018  EHBOND  =         0.0000  RESTRAINT  =         0.0000
 EKCMT  =         0.0000  VIRIAL  =         0.0000  VOLUME     =    334475.6391
                                                    Density    =         1.0291
 ------------------------------------------------------------------------------


 NSTEP =   275000   TIME(PS) =    1250.000  TEMP(K) =   299.24  PRESS =     0.0
 Etot   =   -117267.0300  EKtot   =     20450.1992  EPtot      =   -137717.2292
 BOND   =       540.7889  ANGLE   =      1509.1063  DIHED      =      1022.6927
 UB     =         0.0000  IMP     =         0.0000  CMAP       =       134.3270
 1-4 NB =       659.3734  1-4 EEL =      5900.0705  VDWAALS    =     16499.1965
 EELEC  =   -163982.7846  EHBOND  =         0.0000  RESTRAINT  =         0.0000
 EKCMT  =         0.0000  VIRIAL  =         0.0000  VOLUME     =    334085.3964
                                                    Density    =         1.0303
 ------------------------------------------------------------------------------


 NSTEP =   280000   TIME(PS) =    1260.000  TEMP(K) =   299.64  PRESS =     0.0
 Etot   =   -117254.0811  EKtot   =     20477.8848  EPtot      =   -137731.9658
 BOND   =       574.3470  ANGLE   =      1463.9621  DIHED      =      1020.5644
 UB     =         0.0000  IMP     =         0.0000  CMAP       =       134.6378
 1-4 NB =       641.6652  1-4 EEL =      5855.7470  VDWAALS    =     16400.6840
 EELEC  =   -163823.5733  EHBOND  =         0.0000  RESTRAINT  =         0.0000
 EKCMT  =         0.0000  VIRIAL  =         0.0000  VOLUME     =    335090.7370
                                                    Density    =         1.0272
 ------------------------------------------------------------------------------


 NSTEP =   285000   TIME(PS) =    1270.000  TEMP(K) =   297.04  PRESS =     0.0
 Etot   =   -117216.0359  EKtot   =     20300.1133  EPtot      =   -137516.1492
 BOND   =       600.7947  ANGLE   =      1534.6101  DIHED      =      1027.5659
 UB     =         0.0000  IMP     =         0.0000  CMAP       =       135.8922
 1-4 NB =       656.3369  1-4 EEL =      5885.0196  VDWAALS    =     16189.5180
 EELEC  =   -163545.8865  EHBOND  =         0.0000  RESTRAINT  =         0.0000
 EKCMT  =         0.0000  VIRIAL  =         0.0000  VOLUME     =    333255.1460
                                                    Density    =         1.0328
 ------------------------------------------------------------------------------


 NSTEP =   290000   TIME(PS) =    1280.000  TEMP(K) =   297.73  PRESS =     0.0
 Etot   =   -117134.5937  EKtot   =     20347.1055  EPtot      =   -137481.6992
 BOND   =       586.8330  ANGLE   =      1512.1605  DIHED      =      1009.1190
 UB     =         0.0000  IMP     =         0.0000  CMAP       =       134.8251
 1-4 NB =       643.6840  1-4 EEL =      5837.0299  VDWAALS    =     16531.4884
 EELEC  =   -163736.8392  EHBOND  =         0.0000  RESTRAINT  =         0.0000
 EKCMT  =         0.0000  VIRIAL  =         0.0000  VOLUME     =    333109.3137
                                                    Density    =         1.0333
 ------------------------------------------------------------------------------


 NSTEP =   295000   TIME(PS) =    1290.000  TEMP(K) =   300.31  PRESS =     0.0
 Etot   =   -117172.5000  EKtot   =     20523.1797  EPtot      =   -137695.6797
 BOND   =       576.0772  ANGLE   =      1521.0183  DIHED      =      1005.4043
 UB     =         0.0000  IMP     =         0.0000  CMAP       =       148.0955
 1-4 NB =       643.7241  1-4 EEL =      5867.2589  VDWAALS    =     16544.7968
 EELEC  =   -164002.0547  EHBOND  =         0.0000  RESTRAINT  =         0.0000
 EKCMT  =         0.0000  VIRIAL  =         0.0000  VOLUME     =    333973.1323
                                                    Density    =         1.0306
 ------------------------------------------------------------------------------


 NSTEP =   300000   TIME(PS) =    1300.000  TEMP(K) =   303.21  PRESS =     0.0
 Etot   =   -116752.5211  EKtot   =     20721.8691  EPtot      =   -137474.3903
 BOND   =       575.3231  ANGLE   =      1466.8746  DIHED      =      1031.9025
 UB     =         0.0000  IMP     =         0.0000  CMAP       =       142.5021
 1-4 NB =       632.8886  1-4 EEL =      5898.3353  VDWAALS    =     16168.2547
 EELEC  =   -163390.4712  EHBOND  =         0.0000  RESTRAINT  =         0.0000
 EKCMT  =         0.0000  VIRIAL  =         0.0000  VOLUME     =    333550.2006
                                                    Density    =         1.0319
 ------------------------------------------------------------------------------


 NSTEP =   305000   TIME(PS) =    1310.000  TEMP(K) =   301.98  PRESS =     0.0
 Etot   =   -117169.6979  EKtot   =     20637.3945  EPtot      =   -137807.0925
 BOND   =       550.0806  ANGLE   =      1551.4154  DIHED      =      1040.0783
 UB     =         0.0000  IMP     =         0.0000  CMAP       =       148.7538
 1-4 NB =       639.2758  1-4 EEL =      5893.4647  VDWAALS    =     16691.5040
 EELEC  =   -164321.6651  EHBOND  =         0.0000  RESTRAINT  =         0.0000
 EKCMT  =         0.0000  VIRIAL  =         0.0000  VOLUME     =    333323.5108
                                                    Density    =         1.0326
 ------------------------------------------------------------------------------


 NSTEP =   310000   TIME(PS) =    1320.000  TEMP(K) =   298.92  PRESS =     0.0
 Etot   =   -117261.7997  EKtot   =     20428.5078  EPtot      =   -137690.3075
 BOND   =       564.4262  ANGLE   =      1496.8608  DIHED      =      1009.7481
 UB     =         0.0000  IMP     =         0.0000  CMAP       =       147.0769
 1-4 NB =       637.1318  1-4 EEL =      5860.1263  VDWAALS    =     16486.9217
 EELEC  =   -163892.5994  EHBOND  =         0.0000  RESTRAINT  =         0.0000
 EKCMT  =         0.0000  VIRIAL  =         0.0000  VOLUME     =    334050.8308
                                                    Density    =         1.0304
 ------------------------------------------------------------------------------


 NSTEP =   315000   TIME(PS) =    1330.000  TEMP(K) =   299.84  PRESS =     0.0
 Etot   =   -117252.4506  EKtot   =     20491.2109  EPtot      =   -137743.6616
 BOND   =       533.9569  ANGLE   =      1527.3890  DIHED      =      1003.8268
 UB     =         0.0000  IMP     =         0.0000  CMAP       =       136.5740
 1-4 NB =       629.8224  1-4 EEL =      5868.6737  VDWAALS    =     16661.4837
 EELEC  =   -164105.3881  EHBOND  =         0.0000  RESTRAINT  =         0.0000
 EKCMT  =         0.0000  VIRIAL  =         0.0000  VOLUME     =    332671.9559
                                                    Density    =         1.0347
 ------------------------------------------------------------------------------


 NSTEP =   320000   TIME(PS) =    1340.000  TEMP(K) =   298.91  PRESS =     0.0
 Etot   =   -117478.1661  EKtot   =     20427.3848  EPtot      =   -137905.5508
 BOND   =       556.3863  ANGLE   =      1512.4998  DIHED      =       981.5286
 UB     =         0.0000  IMP     =         0.0000  CMAP       =       131.9469
 1-4 NB =       620.5858  1-4 EEL =      5829.0279  VDWAALS    =     16312.0265
 EELEC  =   -163849.5527  EHBOND  =         0.0000  RESTRAINT  =         0.0000
 EKCMT  =         0.0000  VIRIAL  =         0.0000  VOLUME     =    334410.9998
                                                    Density    =         1.0293
 ------------------------------------------------------------------------------


 NSTEP =   325000   TIME(PS) =    1350.000  TEMP(K) =   301.68  PRESS =     0.0
 Etot   =   -116891.1301  EKtot   =     20616.8184  EPtot      =   -137507.9485
 BOND   =       559.1345  ANGLE   =      1546.8345  DIHED      =      1020.2880
 UB     =         0.0000  IMP     =         0.0000  CMAP       =       123.8770
 1-4 NB =       640.4539  1-4 EEL =      5874.4625  VDWAALS    =     16381.9355
 EELEC  =   -163654.9344  EHBOND  =         0.0000  RESTRAINT  =         0.0000
 EKCMT  =         0.0000  VIRIAL  =         0.0000  VOLUME     =    333095.9130
                                                    Density    =         1.0333
 ------------------------------------------------------------------------------


 NSTEP =   330000   TIME(PS) =    1360.000  TEMP(K) =   300.70  PRESS =     0.0
 Etot   =   -116968.2215  EKtot   =     20550.2129  EPtot      =   -137518.4344
 BOND   =       562.0134  ANGLE   =      1561.8716  DIHED      =      1037.2837
 UB     =         0.0000  IMP     =         0.0000  CMAP       =       150.5535
 1-4 NB =       647.0439  1-4 EEL =      5890.4782  VDWAALS    =     16395.5996
 EELEC  =   -163763.2783  EHBOND  =         0.0000  RESTRAINT  =         0.0000
 EKCMT  =         0.0000  VIRIAL  =         0.0000  VOLUME     =    333200.3339
                                                    Density    =         1.0330
 ------------------------------------------------------------------------------


 NSTEP =   335000   TIME(PS) =    1370.000  TEMP(K) =   300.49  PRESS =     0.0
 Etot   =   -117359.2279  EKtot   =     20535.4512  EPtot      =   -137894.6791
 BOND   =       577.8079  ANGLE   =      1530.8031  DIHED      =      1018.5812
 UB     =         0.0000  IMP     =         0.0000  CMAP       =       134.6039
 1-4 NB =       635.9261  1-4 EEL =      5881.9243  VDWAALS    =     16439.4140
 EELEC  =   -164113.7395  EHBOND  =         0.0000  RESTRAINT  =         0.0000
 EKCMT  =         0.0000  VIRIAL  =         0.0000  VOLUME     =    332440.3310
                                                    Density    =         1.0354
 ------------------------------------------------------------------------------


 NSTEP =   340000   TIME(PS) =    1380.000  TEMP(K) =   299.50  PRESS =     0.0
 Etot   =   -117057.8564  EKtot   =     20467.7930  EPtot      =   -137525.6494
 BOND   =       573.9395  ANGLE   =      1454.6851  DIHED      =      1012.9803
 UB     =         0.0000  IMP     =         0.0000  CMAP       =       135.9397
 1-4 NB =       665.4756  1-4 EEL =      5927.5807  VDWAALS    =     16252.8094
 EELEC  =   -163549.0598  EHBOND  =         0.0000  RESTRAINT  =         0.0000
 EKCMT  =         0.0000  VIRIAL  =         0.0000  VOLUME     =    332400.7941
                                                    Density    =         1.0355
 ------------------------------------------------------------------------------


 NSTEP =   345000   TIME(PS) =    1390.000  TEMP(K) =   299.64  PRESS =     0.0
 Etot   =   -117603.9991  EKtot   =     20477.7227  EPtot      =   -138081.7217
 BOND   =       542.1612  ANGLE   =      1469.7460  DIHED      =      1035.5267
 UB     =         0.0000  IMP     =         0.0000  CMAP       =       142.8689
 1-4 NB =       650.9088  1-4 EEL =      5899.3037  VDWAALS    =     16555.9535
 EELEC  =   -164378.1906  EHBOND  =         0.0000  RESTRAINT  =         0.0000
 EKCMT  =         0.0000  VIRIAL  =         0.0000  VOLUME     =    333428.2665
                                                    Density    =         1.0323
 ------------------------------------------------------------------------------


 NSTEP =   350000   TIME(PS) =    1400.000  TEMP(K) =   298.71  PRESS =     0.0
 Etot   =   -117522.3334  EKtot   =     20413.7773  EPtot      =   -137936.1108
 BOND   =       540.4775  ANGLE   =      1536.5487  DIHED      =      1044.1858
 UB     =         0.0000  IMP     =         0.0000  CMAP       =       140.8509
 1-4 NB =       653.1897  1-4 EEL =      5878.9547  VDWAALS    =     16524.8972
 EELEC  =   -164255.2154  EHBOND  =         0.0000  RESTRAINT  =         0.0000
 EKCMT  =         0.0000  VIRIAL  =         0.0000  VOLUME     =    333381.6241
                                                    Density    =         1.0325
 ------------------------------------------------------------------------------


 NSTEP =   355000   TIME(PS) =    1410.000  TEMP(K) =   297.34  PRESS =     0.0
 Etot   =   -117168.3506  EKtot   =     20320.5938  EPtot      =   -137488.9444
 BOND   =       579.7748  ANGLE   =      1530.2191  DIHED      =      1019.8615
 UB     =         0.0000  IMP     =         0.0000  CMAP       =       133.4870
 1-4 NB =       655.2664  1-4 EEL =      5871.4273  VDWAALS    =     16218.6904
 EELEC  =   -163497.6709  EHBOND  =         0.0000  RESTRAINT  =         0.0000
 EKCMT  =         0.0000  VIRIAL  =         0.0000  VOLUME     =    334709.2542
                                                    Density    =         1.0284
 ------------------------------------------------------------------------------


 NSTEP =   360000   TIME(PS) =    1420.000  TEMP(K) =   301.58  PRESS =     0.0
 Etot   =   -117024.4522  EKtot   =     20610.1406  EPtot      =   -137634.5929
 BOND   =       551.1445  ANGLE   =      1472.6609  DIHED      =      1039.7984
 UB     =         0.0000  IMP     =         0.0000  CMAP       =       141.0412
 1-4 NB =       640.7233  1-4 EEL =      5870.9591  VDWAALS    =     16599.8079
 EELEC  =   -163950.7282  EHBOND  =         0.0000  RESTRAINT  =         0.0000
 EKCMT  =         0.0000  VIRIAL  =         0.0000  VOLUME     =    334178.0534
                                                    Density    =         1.0300
 ------------------------------------------------------------------------------


 NSTEP =   365000   TIME(PS) =    1430.000  TEMP(K) =   301.65  PRESS =     0.0
 Etot   =   -116842.7873  EKtot   =     20614.9980  EPtot      =   -137457.7854
 BOND   =       601.6819  ANGLE   =      1508.4835  DIHED      =      1029.8413
 UB     =         0.0000  IMP     =         0.0000  CMAP       =       145.0737
 1-4 NB =       638.7685  1-4 EEL =      5859.1061  VDWAALS    =     16229.2150
 EELEC  =   -163469.9552  EHBOND  =         0.0000  RESTRAINT  =         0.0000
 EKCMT  =         0.0000  VIRIAL  =         0.0000  VOLUME     =    333668.7115
                                                    Density    =         1.0316
 ------------------------------------------------------------------------------


 NSTEP =   370000   TIME(PS) =    1440.000  TEMP(K) =   297.27  PRESS =     0.0
 Etot   =   -117478.4892  EKtot   =     20315.3906  EPtot      =   -137793.8798
 BOND   =       541.8100  ANGLE   =      1521.5190  DIHED      =      1014.3000
 UB     =         0.0000  IMP     =         0.0000  CMAP       =       141.4352
 1-4 NB =       629.6461  1-4 EEL =      5898.8531  VDWAALS    =     16486.8194
 EELEC  =   -164028.2625  EHBOND  =         0.0000  RESTRAINT  =         0.0000
 EKCMT  =         0.0000  VIRIAL  =         0.0000  VOLUME     =    334018.8004
                                                    Density    =         1.0305
 ------------------------------------------------------------------------------


 NSTEP =   375000   TIME(PS) =    1450.000  TEMP(K) =   299.55  PRESS =     0.0
 Etot   =   -117212.8751  EKtot   =     20471.4258  EPtot      =   -137684.3009
 BOND   =       573.3323  ANGLE   =      1439.5467  DIHED      =      1037.6967
 UB     =         0.0000  IMP     =         0.0000  CMAP       =       145.7394
 1-4 NB =       628.8817  1-4 EEL =      5861.4802  VDWAALS    =     16615.5373
 EELEC  =   -163986.5152  EHBOND  =         0.0000  RESTRAINT  =         0.0000
 EKCMT  =         0.0000  VIRIAL  =         0.0000  VOLUME     =    332779.1434
                                                    Density    =         1.0343
 ------------------------------------------------------------------------------


 NSTEP =   380000   TIME(PS) =    1460.000  TEMP(K) =   298.64  PRESS =     0.0
 Etot   =   -117359.7894  EKtot   =     20409.3516  EPtot      =   -137769.1410
 BOND   =       546.0697  ANGLE   =      1573.9326  DIHED      =      1012.9103
 UB     =         0.0000  IMP     =         0.0000  CMAP       =       146.7770
 1-4 NB =       653.3819  1-4 EEL =      5936.4851  VDWAALS    =     16127.2195
 EELEC  =   -163765.9173  EHBOND  =         0.0000  RESTRAINT  =         0.0000
 EKCMT  =         0.0000  VIRIAL  =         0.0000  VOLUME     =    333229.1196
                                                    Density    =         1.0329
 ------------------------------------------------------------------------------


 NSTEP =   385000   TIME(PS) =    1470.000  TEMP(K) =   299.61  PRESS =     0.0
 Etot   =   -116889.8466  EKtot   =     20475.3145  EPtot      =   -137365.1611
 BOND   =       554.6949  ANGLE   =      1582.1668  DIHED      =      1025.0052
 UB     =         0.0000  IMP     =         0.0000  CMAP       =       153.4699
 1-4 NB =       627.6414  1-4 EEL =      5860.7442  VDWAALS    =     16234.2265
 EELEC  =   -163403.1101  EHBOND  =         0.0000  RESTRAINT  =         0.0000
 EKCMT  =         0.0000  VIRIAL  =         0.0000  VOLUME     =    334627.4931
                                                    Density    =         1.0286
 ------------------------------------------------------------------------------


 NSTEP =   390000   TIME(PS) =    1480.000  TEMP(K) =   300.89  PRESS =     0.0
 Etot   =   -117329.7618  EKtot   =     20562.7598  EPtot      =   -137892.5216
 BOND   =       540.1826  ANGLE   =      1527.7794  DIHED      =       999.4282
 UB     =         0.0000  IMP     =         0.0000  CMAP       =       153.1998
 1-4 NB =       629.3018  1-4 EEL =      5844.0208  VDWAALS    =     16203.9522
 EELEC  =   -163790.3863  EHBOND  =         0.0000  RESTRAINT  =         0.0000
 EKCMT  =         0.0000  VIRIAL  =         0.0000  VOLUME     =    333857.4953
                                                    Density    =         1.0310
 ------------------------------------------------------------------------------


 NSTEP =   395000   TIME(PS) =    1490.000  TEMP(K) =   299.78  PRESS =     0.0
 Etot   =   -117105.2619  EKtot   =     20487.3809  EPtot      =   -137592.6428
 BOND   =       589.5613  ANGLE   =      1459.9206  DIHED      =      1026.6881
 UB     =         0.0000  IMP     =         0.0000  CMAP       =       147.8940
 1-4 NB =       646.8753  1-4 EEL =      5866.8525  VDWAALS    =     16606.5966
 EELEC  =   -163937.0313  EHBOND  =         0.0000  RESTRAINT  =         0.0000
 EKCMT  =         0.0000  VIRIAL  =         0.0000  VOLUME     =    333747.9524
                                                    Density    =         1.0313
 ------------------------------------------------------------------------------


 NSTEP =   400000   TIME(PS) =    1500.000  TEMP(K) =   297.05  PRESS =     0.0
 Etot   =   -117595.8240  EKtot   =     20300.2480  EPtot      =   -137896.0721
 BOND   =       561.7255  ANGLE   =      1550.1656  DIHED      =       983.3002
 UB     =         0.0000  IMP     =         0.0000  CMAP       =       139.9879
 1-4 NB =       630.9395  1-4 EEL =      5853.8763  VDWAALS    =     17015.2426
 EELEC  =   -164631.3098  EHBOND  =         0.0000  RESTRAINT  =         0.0000
 EKCMT  =         0.0000  VIRIAL  =         0.0000  VOLUME     =    333317.3494
                                                    Density    =         1.0327
 ------------------------------------------------------------------------------


 NSTEP =   405000   TIME(PS) =    1510.000  TEMP(K) =   299.63  PRESS =     0.0
 Etot   =   -117180.7263  EKtot   =     20476.8789  EPtot      =   -137657.6052
 BOND   =       566.6486  ANGLE   =      1579.4370  DIHED      =      1025.3224
 UB     =         0.0000  IMP     =         0.0000  CMAP       =       146.8811
 1-4 NB =       646.1296  1-4 EEL =      5860.0308  VDWAALS    =     16669.3755
 EELEC  =   -164151.4302  EHBOND  =         0.0000  RESTRAINT  =         0.0000
 EKCMT  =         0.0000  VIRIAL  =         0.0000  VOLUME     =    333389.6682
                                                    Density    =         1.0324
 ------------------------------------------------------------------------------


 NSTEP =   410000   TIME(PS) =    1520.000  TEMP(K) =   296.58  PRESS =     0.0
 Etot   =   -117150.2731  EKtot   =     20268.3594  EPtot      =   -137418.6324
 BOND   =       544.2804  ANGLE   =      1502.6101  DIHED      =      1029.0257
 UB     =         0.0000  IMP     =         0.0000  CMAP       =       153.1647
 1-4 NB =       642.5015  1-4 EEL =      5906.5686  VDWAALS    =     16133.3341
 EELEC  =   -163330.1177  EHBOND  =         0.0000  RESTRAINT  =         0.0000
 EKCMT  =         0.0000  VIRIAL  =         0.0000  VOLUME     =    333245.5093
                                                    Density    =         1.0329
 ------------------------------------------------------------------------------


 NSTEP =   415000   TIME(PS) =    1530.000  TEMP(K) =   301.54  PRESS =     0.0
 Etot   =   -117104.8079  EKtot   =     20607.4492  EPtot      =   -137712.2571
 BOND   =       563.6457  ANGLE   =      1475.9918  DIHED      =      1020.6946
 UB     =         0.0000  IMP     =         0.0000  CMAP       =       161.9177
 1-4 NB =       640.5761  1-4 EEL =      5850.9436  VDWAALS    =     16544.8418
 EELEC  =   -163970.8685  EHBOND  =         0.0000  RESTRAINT  =         0.0000
 EKCMT  =         0.0000  VIRIAL  =         0.0000  VOLUME     =    333567.4322
                                                    Density    =         1.0319
 ------------------------------------------------------------------------------


 NSTEP =   420000   TIME(PS) =    1540.000  TEMP(K) =   300.58  PRESS =     0.0
 Etot   =   -116958.4867  EKtot   =     20541.7715  EPtot      =   -137500.2582
 BOND   =       577.4500  ANGLE   =      1477.1564  DIHED      =      1048.3243
 UB     =         0.0000  IMP     =         0.0000  CMAP       =       149.4003
 1-4 NB =       632.7250  1-4 EEL =      5861.2906  VDWAALS    =     15882.8655
 EELEC  =   -163129.4702  EHBOND  =         0.0000  RESTRAINT  =         0.0000
 EKCMT  =         0.0000  VIRIAL  =         0.0000  VOLUME     =    334699.2187
                                                    Density    =         1.0284
 ------------------------------------------------------------------------------


 NSTEP =   425000   TIME(PS) =    1550.000  TEMP(K) =   299.50  PRESS =     0.0
 Etot   =   -117089.9111  EKtot   =     20468.1953  EPtot      =   -137558.1064
 BOND   =       544.2291  ANGLE   =      1554.5138  DIHED      =      1023.8179
 UB     =         0.0000  IMP     =         0.0000  CMAP       =       146.4349
 1-4 NB =       644.0124  1-4 EEL =      5891.2128  VDWAALS    =     16785.2550
 EELEC  =   -164147.5823  EHBOND  =         0.0000  RESTRAINT  =         0.0000
 EKCMT  =         0.0000  VIRIAL  =         0.0000  VOLUME     =    332982.1429
                                                    Density    =         1.0337
 ------------------------------------------------------------------------------


 NSTEP =   430000   TIME(PS) =    1560.000  TEMP(K) =   299.36  PRESS =     0.0
 Etot   =   -116960.7229  EKtot   =     20458.2910  EPtot      =   -137419.0139
 BOND   =       551.1675  ANGLE   =      1506.5087  DIHED      =      1035.4816
 UB     =         0.0000  IMP     =         0.0000  CMAP       =       141.2860
 1-4 NB =       649.1153  1-4 EEL =      5895.8074  VDWAALS    =     16421.6109
 EELEC  =   -163619.9913  EHBOND  =         0.0000  RESTRAINT  =         0.0000
 EKCMT  =         0.0000  VIRIAL  =         0.0000  VOLUME     =    334582.4077
                                                    Density    =         1.0287
 ------------------------------------------------------------------------------


 NSTEP =   435000   TIME(PS) =    1570.000  TEMP(K) =   298.04  PRESS =     0.0
 Etot   =   -117345.5207  EKtot   =     20368.3457  EPtot      =   -137713.8664
 BOND   =       538.6854  ANGLE   =      1550.0679  DIHED      =      1017.2412
 UB     =         0.0000  IMP     =         0.0000  CMAP       =       147.5527
 1-4 NB =       647.9550  1-4 EEL =      5881.7480  VDWAALS    =     16327.6993
 EELEC  =   -163824.8158  EHBOND  =         0.0000  RESTRAINT  =         0.0000
 EKCMT  =         0.0000  VIRIAL  =         0.0000  VOLUME     =    334471.3252
                                                    Density    =         1.0291
 ------------------------------------------------------------------------------


 NSTEP =   440000   TIME(PS) =    1580.000  TEMP(K) =   300.01  PRESS =     0.0
 Etot   =   -117016.8573  EKtot   =     20502.7363  EPtot      =   -137519.5936
 BOND   =       532.3339  ANGLE   =      1533.7274  DIHED      =      1069.6430
 UB     =         0.0000  IMP     =         0.0000  CMAP       =       146.6859
 1-4 NB =       656.4205  1-4 EEL =      5936.6827  VDWAALS    =     16761.7638
 EELEC  =   -164156.8509  EHBOND  =         0.0000  RESTRAINT  =         0.0000
 EKCMT  =         0.0000  VIRIAL  =         0.0000  VOLUME     =    334101.9612
                                                    Density    =         1.0302
 ------------------------------------------------------------------------------


 NSTEP =   445000   TIME(PS) =    1590.000  TEMP(K) =   301.06  PRESS =     0.0
 Etot   =   -117075.7347  EKtot   =     20574.7363  EPtot      =   -137650.4710
 BOND   =       590.3825  ANGLE   =      1508.0683  DIHED      =      1019.5073
 UB     =         0.0000  IMP     =         0.0000  CMAP       =       144.0947
 1-4 NB =       665.4017  1-4 EEL =      5895.7465  VDWAALS    =     16551.7772
 EELEC  =   -164025.4492  EHBOND  =         0.0000  RESTRAINT  =         0.0000
 EKCMT  =         0.0000  VIRIAL  =         0.0000  VOLUME     =    333401.3631
                                                    Density    =         1.0324
 ------------------------------------------------------------------------------


 NSTEP =   450000   TIME(PS) =    1600.000  TEMP(K) =   299.54  PRESS =     0.0
 Etot   =   -117134.8989  EKtot   =     20470.9316  EPtot      =   -137605.8306
 BOND   =       595.9253  ANGLE   =      1553.1613  DIHED      =      1024.4655
 UB     =         0.0000  IMP     =         0.0000  CMAP       =       139.8820
 1-4 NB =       629.1130  1-4 EEL =      5850.8590  VDWAALS    =     16378.9844
 EELEC  =   -163778.2210  EHBOND  =         0.0000  RESTRAINT  =         0.0000
 EKCMT  =         0.0000  VIRIAL  =         0.0000  VOLUME     =    334133.6924
                                                    Density    =         1.0301
 ------------------------------------------------------------------------------


 NSTEP =   455000   TIME(PS) =    1610.000  TEMP(K) =   297.87  PRESS =     0.0
 Etot   =   -117047.1536  EKtot   =     20356.2656  EPtot      =   -137403.4192
 BOND   =       583.5748  ANGLE   =      1567.4419  DIHED      =      1018.0493
 UB     =         0.0000  IMP     =         0.0000  CMAP       =       144.6529
 1-4 NB =       641.0423  1-4 EEL =      5858.3992  VDWAALS    =     16301.7412
 EELEC  =   -163518.3207  EHBOND  =         0.0000  RESTRAINT  =         0.0000
 EKCMT  =         0.0000  VIRIAL  =         0.0000  VOLUME     =    334007.4344
                                                    Density    =         1.0305
 ------------------------------------------------------------------------------


 NSTEP =   460000   TIME(PS) =    1620.000  TEMP(K) =   302.94  PRESS =     0.0
 Etot   =   -117060.8113  EKtot   =     20703.1797  EPtot      =   -137763.9910
 BOND   =       570.5889  ANGLE   =      1513.8752  DIHED      =      1010.6155
 UB     =         0.0000  IMP     =         0.0000  CMAP       =       145.5905
 1-4 NB =       653.3323  1-4 EEL =      5871.1194  VDWAALS    =     16960.7799
 EELEC  =   -164489.8928  EHBOND  =         0.0000  RESTRAINT  =         0.0000
 EKCMT  =         0.0000  VIRIAL  =         0.0000  VOLUME     =    333246.2512
                                                    Density    =         1.0329
 ------------------------------------------------------------------------------


 NSTEP =   465000   TIME(PS) =    1630.000  TEMP(K) =   299.45  PRESS =     0.0
 Etot   =   -117158.0042  EKtot   =     20464.3418  EPtot      =   -137622.3460
 BOND   =       549.7195  ANGLE   =      1497.4539  DIHED      =      1019.7552
 UB     =         0.0000  IMP     =         0.0000  CMAP       =       134.2256
 1-4 NB =       644.7712  1-4 EEL =      5879.2493  VDWAALS    =     16343.4797
 EELEC  =   -163691.0003  EHBOND  =         0.0000  RESTRAINT  =         0.0000
 EKCMT  =         0.0000  VIRIAL  =         0.0000  VOLUME     =    333388.8233
                                                    Density    =         1.0324
 ------------------------------------------------------------------------------


 NSTEP =   470000   TIME(PS) =    1640.000  TEMP(K) =   298.85  PRESS =     0.0
 Etot   =   -117272.9389  EKtot   =     20423.5430  EPtot      =   -137696.4819
 BOND   =       535.1330  ANGLE   =      1507.4159  DIHED      =      1011.2988
 UB     =         0.0000  IMP     =         0.0000  CMAP       =       137.1331
 1-4 NB =       639.5325  1-4 EEL =      5915.1678  VDWAALS    =     16175.5699
 EELEC  =   -163617.7328  EHBOND  =         0.0000  RESTRAINT  =         0.0000
 EKCMT  =         0.0000  VIRIAL  =         0.0000  VOLUME     =    332965.3309
                                                    Density    =         1.0337
 ------------------------------------------------------------------------------


 NSTEP =   475000   TIME(PS) =    1650.000  TEMP(K) =   297.10  PRESS =     0.0
 Etot   =   -117416.3240  EKtot   =     20303.9355  EPtot      =   -137720.2596
 BOND   =       546.2193  ANGLE   =      1502.6727  DIHED      =      1013.5557
 UB     =         0.0000  IMP     =         0.0000  CMAP       =       142.4718
 1-4 NB =       649.5487  1-4 EEL =      5905.9233  VDWAALS    =     16350.6945
 EELEC  =   -163831.3455  EHBOND  =         0.0000  RESTRAINT  =         0.0000
 EKCMT  =         0.0000  VIRIAL  =         0.0000  VOLUME     =    332917.2351
                                                    Density    =         1.0339
 ------------------------------------------------------------------------------


 NSTEP =   480000   TIME(PS) =    1660.000  TEMP(K) =   301.73  PRESS =     0.0
 Etot   =   -116976.6323  EKtot   =     20620.5195  EPtot      =   -137597.1518
 BOND   =       565.2469  ANGLE   =      1510.9055  DIHED      =      1009.1039
 UB     =         0.0000  IMP     =         0.0000  CMAP       =       147.7637
 1-4 NB =       635.3336  1-4 EEL =      5839.3374  VDWAALS    =     16491.9324
 EELEC  =   -163796.7753  EHBOND  =         0.0000  RESTRAINT  =         0.0000
 EKCMT  =         0.0000  VIRIAL  =         0.0000  VOLUME     =    335190.2783
                                                    Density    =         1.0269
 ------------------------------------------------------------------------------


 NSTEP =   485000   TIME(PS) =    1670.000  TEMP(K) =   301.91  PRESS =     0.0
 Etot   =   -117055.8682  EKtot   =     20632.4492  EPtot      =   -137688.3175
 BOND   =       570.7212  ANGLE   =      1531.5858  DIHED      =      1031.4916
 UB     =         0.0000  IMP     =         0.0000  CMAP       =       144.5962
 1-4 NB =       632.5002  1-4 EEL =      5895.6020  VDWAALS    =     16370.6888
 EELEC  =   -163865.5033  EHBOND  =         0.0000  RESTRAINT  =         0.0000
 EKCMT  =         0.0000  VIRIAL  =         0.0000  VOLUME     =    334307.7291
                                                    Density    =         1.0296
 ------------------------------------------------------------------------------


 NSTEP =   490000   TIME(PS) =    1680.000  TEMP(K) =   298.53  PRESS =     0.0
 Etot   =   -117157.4467  EKtot   =     20401.8438  EPtot      =   -137559.2905
 BOND   =       587.6206  ANGLE   =      1554.7098  DIHED      =      1043.7589
 UB     =         0.0000  IMP     =         0.0000  CMAP       =       144.1668
 1-4 NB =       643.4322  1-4 EEL =      5816.4845  VDWAALS    =     16617.5439
 EELEC  =   -163967.0071  EHBOND  =         0.0000  RESTRAINT  =         0.0000
 EKCMT  =         0.0000  VIRIAL  =         0.0000  VOLUME     =    333389.1893
                                                    Density    =         1.0324
 ------------------------------------------------------------------------------


 NSTEP =   495000   TIME(PS) =    1690.000  TEMP(K) =   301.06  PRESS =     0.0
 Etot   =   -116962.8901  EKtot   =     20574.6992  EPtot      =   -137537.5894
 BOND   =       584.6180  ANGLE   =      1517.6203  DIHED      =       998.2688
 UB     =         0.0000  IMP     =         0.0000  CMAP       =       140.0275
 1-4 NB =       642.6406  1-4 EEL =      5885.0044  VDWAALS    =     16289.7557
 EELEC  =   -163595.5246  EHBOND  =         0.0000  RESTRAINT  =         0.0000
 EKCMT  =         0.0000  VIRIAL  =         0.0000  VOLUME     =    334853.4743
                                                    Density    =         1.0279
 ------------------------------------------------------------------------------


 NSTEP =   500000   TIME(PS) =    1700.000  TEMP(K) =   297.98  PRESS =     0.0
 Etot   =   -117182.1458  EKtot   =     20364.0762  EPtot      =   -137546.2219
 BOND   =       563.5394  ANGLE   =      1491.5297  DIHED      =      1028.1516
 UB     =         0.0000  IMP     =         0.0000  CMAP       =       141.4489
 1-4 NB =       635.5956  1-4 EEL =      5861.7436  VDWAALS    =     16123.1856
 EELEC  =   -163391.4163  EHBOND  =         0.0000  RESTRAINT  =         0.0000
 EKCMT  =         0.0000  VIRIAL  =         0.0000  VOLUME     =    333843.1774
                                                    Density    =         1.0310
 ------------------------------------------------------------------------------


      A V E R A G E S   O V E R     100 S T E P S


 NSTEP =   500000   TIME(PS) =    1700.000  TEMP(K) =   299.88  PRESS =     0.0
 Etot   =   -117150.1016  EKtot   =     20493.8621  EPtot      =   -137643.9638
 BOND   =       562.9527  ANGLE   =      1515.6077  DIHED      =      1016.4231
 UB     =         0.0000  IMP     =         0.0000  CMAP       =       142.7313
 1-4 NB =       644.0689  1-4 EEL =      5868.9369  VDWAALS    =     16407.0408
 EELEC  =   -163801.7251  EHBOND  =         0.0000  RESTRAINT  =         0.0000
 EKCMT  =         0.0000  VIRIAL  =         0.0000  VOLUME     =    333778.3887
                                                    Density    =         1.0312
 ------------------------------------------------------------------------------


      R M S  F L U C T U A T I O N S


 NSTEP =   500000   TIME(PS) =    1700.000  TEMP(K) =     1.59  PRESS =     0.0
 Etot   =       193.8418  EKtot   =       108.9755  EPtot      =       162.4723
 BOND   =        20.5372  ANGLE   =        30.1129  DIHED      =        17.4870
 UB     =         0.0000  IMP     =         0.0000  CMAP       =         6.2884
 1-4 NB =        11.1349  1-4 EEL =        25.8036  VDWAALS    =       208.1290
 EELEC  =       309.2271  EHBOND  =         0.0000  RESTRAINT  =         0.0000
 EKCMT  =         0.0000  VIRIAL  =         0.0000  VOLUME     =       689.3048
                                                    Density    =         0.0021
 ------------------------------------------------------------------------------

| MC Barostat:       5000 volume changes attempted.
| MC Barostat:       1734 changes successful ( 34.68%)
 ------------------------------------------------------------------------------

--------------------------------------------------------------------------------
   5.  TIMINGS
--------------------------------------------------------------------------------

|  NonSetup CPU Time in Major Routines:
|
|     Routine           Sec        %
|     ------------------------------
|     Nonbond          25.93   13.46
|     Bond              0.00    0.00
|     Angle             0.00    0.00
|     Dihedral          0.00    0.00
|     Shake             2.50    1.30
|     RunMD           159.49   82.79
|     Other             4.74    2.46
|     ------------------------------
|     Total           192.65

|  PME Nonbond Pairlist CPU Time:
|
|     Routine              Sec        %
|     ---------------------------------
|     Set Up Cit           0.00    0.00
|     Build List           0.00    0.00
|     ---------------------------------
|     Total                0.00    0.00

|  PME Direct Force CPU Time:
|
|     Routine              Sec        %
|     ---------------------------------
|     NonBonded Calc       0.00    0.00
|     Exclude Masked       0.00    0.00
|     Other                0.79    0.41
|     ---------------------------------
|     Total                0.79    0.41

|  PME Reciprocal Force CPU Time:
|
|     Routine              Sec        %
|     ---------------------------------
|     1D bspline           0.00    0.00
|     Grid Charges         0.00    0.00
|     Scalar Sum           0.00    0.00
|     Gradient Sum         0.00    0.00
|     FFT                  0.00    0.00
|     ---------------------------------
|     Total                0.00    0.00

|  Final Performance Info:
|     -----------------------------------------------------
|     Average timings for last   30000 steps:
|     Elapsed(s) =      11.60 Per Step(ms) =       0.39
|         ns/day =     446.71   seconds/ns =     193.41
|
|     Average timings for all steps:
|     Elapsed(s) =     193.25 Per Step(ms) =       0.39
|         ns/day =     447.10   seconds/ns =     193.25
|     -----------------------------------------------------

|  Setup CPU time:            0.59 seconds
|  NonSetup CPU time:       192.65 seconds
|  Total CPU time:          193.24 seconds     0.05 hours

|  Setup wall time:           1    seconds
|  NonSetup wall time:      193    seconds
|  Total wall time:         194    seconds     0.05 hours
