
          -------------------------------------------------------
          Amber 22 PMEMD                              2022
          -------------------------------------------------------

| PMEMD implementation of SANDER, Release 22

|  Compiled date/time: Thu Apr 14 11:06:37 2022
| Run on 09/01/2026 at 11:41:09

|   Executable path: pmemd.cuda
| Working directory: /bigdata/cutlerlab/jjaco081/PYR1_pocket_expansion/data/posecheck/aba_crystal/rep2
|          Hostname: gpu09

  [-O]verwriting output

File Assignments:
|   MDIN: min2.in                                                               
|  MDOUT: min2.out                                                              
| INPCRD: min1.rst7                                                             
|   PARM: /bigdata/cutlerlab/jjaco081/PYR1_pocket_expansion/data/posecheck/aba_c
| RESTRT: min2.rst7                                                             
|   REFC: refc                                                                  
|  MDVEL: mdvel                                                                 
|   MDEN: mden                                                                  
|  MDCRD: min2.nc                                                               
| MDINFO: min2.info                                                             
|  MDFRC: mdfrc                                                                 


 Here is the input file:

minimisation 2, unrestrained                                                   
 &cntrl                                                                        
  imin=1, maxcyc=5000, ncyc=2500,                                              
  ntb=1, cut=10.0, ntr=0,                                                      
 /                                                                             


Note: ig = -1. Setting random seed to   289295 based on wallclock time in 
      microseconds.
| irandom = 1, using AMBER's internal random number generator (default).
 
|--------------------- INFORMATION ----------------------
| GPU (CUDA) Version of PMEMD in use: NVIDIA GPU IN USE.
|                    Version 18.0.0
| 
|                      03/25/2018
| 
| Implementation by:
|                    Ross C. Walker     (SDSC)
|                    Scott Le Grand     (nVIDIA)
| 
| Version 18 performance extensions by:
|                    David Cerutti     (Rutgers)
| 
| Precision model in use:
|      [SPFP] - Single Precision Forces, 64-bit Fixed Point
|               Accumulation. (Default)
| 
|--------------------------------------------------------
 
|----------------- CITATION INFORMATION -----------------
|
|    When publishing work that utilized the CUDA version
|    of AMBER, please cite the following in addition to
|    the regular AMBER citations:
|
|  - Romelia Salomon-Ferrer; Andreas W. Goetz; Duncan
|    Poole; Scott Le Grand; Ross C. Walker "Routine
|    microsecond molecular dynamics simulations with
|    AMBER - Part II: Particle Mesh Ewald", J. Chem.
|    Theory Comput., 2013, 9 (9), pp3878-3888,
|    DOI: 10.1021/ct400314y.
|
|  - Andreas W. Goetz; Mark J. Williamson; Dong Xu;
|    Duncan Poole; Scott Le Grand; Ross C. Walker
|    "Routine microsecond molecular dynamics simulations
|    with AMBER - Part I: Generalized Born", J. Chem.
|    Theory Comput., 2012, 8 (5), pp1542-1555.
|
|  - Scott Le Grand; Andreas W. Goetz; Ross C. Walker
|    "SPFP: Speed without compromise - a mixed precision
|    model for GPU accelerated molecular dynamics
|    simulations.", Comp. Phys. Comm., 2013, 184
|    pp374-380, DOI: 10.1016/j.cpc.2012.09.022
|
|--------------------------------------------------------
 
|------------------- GPU DEVICE INFO --------------------
|
|            CUDA_VISIBLE_DEVICES: 0
|   CUDA Capable Devices Detected:      1
|           CUDA Device ID in use:      0
|                CUDA Device Name: NVIDIA RTX 6000 Ada Generation
|     CUDA Device Global Mem Size:  48510 MB
| CUDA Device Num Multiprocessors:    142
|           CUDA Device Core Freq:   2.50 GHz
|
|--------------------------------------------------------
 
 
| Conditional Compilation Defines Used:
| PUBFFT
| BINTRAJ
| CUDA
| EMIL

| Largest sphere to fit in unit cell has radius =    32.318

| New format PARM file being parsed.
| Version =    1.000 Date = 09/01/26 Time = 11:33:49

| Note: 1-4 EEL scale factors are being read from the topology file.

| Note: 1-4 VDW scale factors are being read from the topology file.
| INFO:    Virtual site frames will be inferred from bonding patterns.
| Duplicated    0 dihedrals

| Duplicated    0 dihedrals

--------------------------------------------------------------------------------
   1.  RESOURCE   USE: 
--------------------------------------------------------------------------------

 getting box info from netcdf restart file
 NATOM  =   43861 NTYPES =      26 NBONH =   32118 MBONA  =   11708
 NTHETH =    3249 MTHETA =    2007 NPHIH =    6624 MPHIA  =    6358
 NHPARM =       0 NPARM  =       0 NNB   =   87569 NRES   =   10470
 NBONA  =   11708 NTHETA =    2007 NPHIA =    6358 NUMBND =      92
 NUMANG =     206 NPTRA  =     217 NATYP =      50 NPHB   =       0
 IFBOX  =       2 NMXRS  =      38 IFCAP =       0 NEXTRA =   10228
 NCOPY  =       0


| Coordinate Index Table dimensions:    12   12   12
| Direct force subcell size =     6.5969    6.5969    6.5969

     BOX TYPE: TRUNCATED OCTAHEDRON

--------------------------------------------------------------------------------
   2.  CONTROL  DATA  FOR  THE  RUN
--------------------------------------------------------------------------------

default_name                                                                    

General flags:
     imin    =       1, nmropt  =       0

Nature and format of input:
     ntx     =       1, irest   =       0, ntrx    =       1

Nature and format of output:
     ntxo    =       2, ntpr    =      50, ntrx    =       1, ntwr    =       1
     iwrap   =       0, ntwx    =       0, ntwv    =       0, ntwe    =       0
     ioutfm  =       1, ntwprt  =       0, idecomp =       0, rbornstat=      0

Potential function:
     ntf     =       1, ntb     =       1, igb     =       0, nsnb    =      25
     ipol    =       0, gbsa    =       0, iesp    =       0
     dielc   =   1.00000, cut     =  10.00000, intdiel =   1.00000

Frozen or restrained atoms:
     ibelly  =       0, ntr     =       0

Energy minimization:
     maxcyc  =    5000, ncyc    =    2500, ntmin   =       1
     dx0     =   0.01000, drms    =   0.00010

| Intermolecular bonds treatment:
|     no_intermolecular_bonds =       1

| Energy averages sample interval:
|     ene_avg_sampling =       1

Extra-points options:
     frameon =       1, chngmask=       1

Ewald parameters:
     verbose =       0, ew_type =       0, nbflag  =       1, use_pme =       1
     vdwmeth =       1, eedmeth =       1, netfrc  =       0
     Box X =   79.163   Box Y =   79.163   Box Z =   79.163
     Alpha =  109.471   Beta  =  109.471   Gamma =  109.471
     NFFT1 =   80       NFFT2 =   80       NFFT3 =   80
     Cutoff=   10.000   Tol   =0.100E-04
     Ewald Coefficient =  0.27511
     Interpolation order =    4
|      EXTRA_PTS, trim_bonds: num bonds BEFORE trim = 32118     0
|      EXTRA_PTS, trim_bonds: num bonds AFTER  trim = 32118     0
|      EXTRA_PTS, trim_bonds: num bonds BEFORE trim = 11708     0
|      EXTRA_PTS, trim_bonds: num bonds AFTER  trim =  1480     0
|      EXTRA_PTS, trim_theta: num angle BEFORE trim =  3249     0
|      EXTRA_PTS, trim_theta: num angle AFTER  trim =  3249     0
|      EXTRA_PTS, trim_theta: num angle BEFORE trim =  2007     0
|      EXTRA_PTS, trim_theta: num angle AFTER  trim =  2007     0
|      EXTRA_PTS, trim_phi:  num diheds BEFORE trim =  6624     0
|      EXTRA_PTS, trim_phi:  num diheds AFTER  trim =  6624     0
|      EXTRA_PTS, trim_phi:  num diheds BEFORE trim =  6358     0
|      EXTRA_PTS, trim_phi:  num diheds AFTER  trim =  6358     0

--------------------------------------------------------------------------------
   3.  ATOMIC COORDINATES AND VELOCITIES
--------------------------------------------------------------------------------

default_name                                                                    
 begin time read from input coords =     0.000 ps

 
 Number of triangulated 3-point waters found:    10228

     Sum of charges from parm topology file =  -0.00094292
     Forcing neutrality...

| Dynamic Memory, Types Used:
| Reals             1205795
| Integers          4232219

| Nonbonded Pairs Initial Allocation:    13266855

| GPU memory information (estimate):
| KB of GPU memory in use:    291483
| KB of CPU memory in use:    102483

--------------------------------------------------------------------------------
   4.  RESULTS
--------------------------------------------------------------------------------



   NSTEP       ENERGY          RMS            GMAX         NAME    NUMBER
      1      -1.8609E+05     2.8657E-01     3.0239E+01     C        1089

 BOND    =    34945.0900  ANGLE   =      444.7023  DIHED      =      743.1869
 UB      =        0.0000  IMP     =        0.0000  CMAP       =      157.9877
 VDWAALS =    40086.3825  EEL     =  -269055.7973  HBOND      =        0.0000
 1-4 VDW =      600.9697  1-4 EEL =     5985.2373  RESTRAINT  =        0.0000


   NSTEP       ENERGY          RMS            GMAX         NAME    NUMBER
     50      -1.8617E+05     3.3316E-01     1.6063E+01     H1      23307

 BOND    =    34944.7052  ANGLE   =      449.1325  DIHED      =      741.7602
 UB      =        0.0000  IMP     =        0.0000  CMAP       =      156.6311
 VDWAALS =    40106.1425  EEL     =  -269109.6300  HBOND      =        0.0000
 1-4 VDW =      580.6833  1-4 EEL =     5959.7112  RESTRAINT  =        0.0000


   NSTEP       ENERGY          RMS            GMAX         NAME    NUMBER
    100      -1.8621E+05     1.1623E-01     8.3068E+00     C        1089

 BOND    =    34956.0861  ANGLE   =      448.0708  DIHED      =      742.5682
 UB      =        0.0000  IMP     =        0.0000  CMAP       =      155.6510
 VDWAALS =    40118.2148  EEL     =  -269157.9754  HBOND      =        0.0000
 1-4 VDW =      574.0616  1-4 EEL =     5950.7663  RESTRAINT  =        0.0000


   NSTEP       ENERGY          RMS            GMAX         NAME    NUMBER
    150      -1.8624E+05     2.8002E-01     3.4377E+01     C        1089

 BOND    =    34969.8012  ANGLE   =      446.9410  DIHED      =      743.3159
 UB      =        0.0000  IMP     =        0.0000  CMAP       =      154.9854
 VDWAALS =    40128.7818  EEL     =  -269201.0380  HBOND      =        0.0000
 1-4 VDW =      570.2427  1-4 EEL =     5945.4153  RESTRAINT  =        0.0000


   NSTEP       ENERGY          RMS            GMAX         NAME    NUMBER
    200      -1.8627E+05     9.6623E-02     1.1419E+01     C        1089

 BOND    =    34963.6665  ANGLE   =      447.2615  DIHED      =      744.0039
 UB      =        0.0000  IMP     =        0.0000  CMAP       =      154.4082
 VDWAALS =    40139.3438  EEL     =  -269226.9155  HBOND      =        0.0000
 1-4 VDW =      567.4245  1-4 EEL =     5941.2700  RESTRAINT  =        0.0000


   NSTEP       ENERGY          RMS            GMAX         NAME    NUMBER
    250      -1.8629E+05     7.3420E-02     5.9428E+00     C        1089

 BOND    =    34970.9155  ANGLE   =      446.6745  DIHED      =      744.5473
 UB      =        0.0000  IMP     =        0.0000  CMAP       =      153.8814
 VDWAALS =    40148.5893  EEL     =  -269260.6490  HBOND      =        0.0000
 1-4 VDW =      565.5288  1-4 EEL =     5938.2670  RESTRAINT  =        0.0000


   NSTEP       ENERGY          RMS            GMAX         NAME    NUMBER
    300      -1.8631E+05     1.2338E-01     1.7875E+01     C        1089

 BOND    =    34976.8215  ANGLE   =      446.3870  DIHED      =      745.0295
 UB      =        0.0000  IMP     =        0.0000  CMAP       =      153.3750
 VDWAALS =    40157.3286  EEL     =  -269292.2569  HBOND      =        0.0000
 1-4 VDW =      564.0186  1-4 EEL =     5935.7792  RESTRAINT  =        0.0000


   NSTEP       ENERGY          RMS            GMAX         NAME    NUMBER
    350      -1.8633E+05     2.0560E-01     3.1399E+01     C        1089

 BOND    =    34982.6992  ANGLE   =      446.2530  DIHED      =      745.4870
 UB      =        0.0000  IMP     =        0.0000  CMAP       =      152.8845
 VDWAALS =    40165.9781  EEL     =  -269323.3881  HBOND      =        0.0000
 1-4 VDW =      562.7348  1-4 EEL =     5933.6333  RESTRAINT  =        0.0000


   NSTEP       ENERGY          RMS            GMAX         NAME    NUMBER
    400      -1.8635E+05     2.9418E-01     4.1610E+01     C        1089

 BOND    =    34988.8916  ANGLE   =      446.3676  DIHED      =      745.9529
 UB      =        0.0000  IMP     =        0.0000  CMAP       =      152.4263
 VDWAALS =    40175.6967  EEL     =  -269356.9410  HBOND      =        0.0000
 1-4 VDW =      561.5639  1-4 EEL =     5931.7630  RESTRAINT  =        0.0000


   NSTEP       ENERGY          RMS            GMAX         NAME    NUMBER
    450      -1.8637E+05     1.6916E-01     1.1541E+01     C1       2850

 BOND    =    34992.5019  ANGLE   =      447.0049  DIHED      =      746.4782
 UB      =        0.0000  IMP     =        0.0000  CMAP       =      152.0253
 VDWAALS =    40187.7791  EEL     =  -269390.1701  HBOND      =        0.0000
 1-4 VDW =      560.3420  1-4 EEL =     5929.8117  RESTRAINT  =        0.0000


   NSTEP       ENERGY          RMS            GMAX         NAME    NUMBER
    500      -1.8639E+05     5.6620E-02     2.0940E+00     OE1      2076

 BOND    =    34997.3347  ANGLE   =      446.5300  DIHED      =      746.9346
 UB      =        0.0000  IMP     =        0.0000  CMAP       =      151.6536
 VDWAALS =    40197.7212  EEL     =  -269417.7315  HBOND      =        0.0000
 1-4 VDW =      559.5609  1-4 EEL =     5928.3326  RESTRAINT  =        0.0000


   NSTEP       ENERGY          RMS            GMAX         NAME    NUMBER
    550      -1.8640E+05     1.5266E-01     1.0473E+01     NE2      1776

 BOND    =    35002.4702  ANGLE   =      446.3771  DIHED      =      747.4158
 UB      =        0.0000  IMP     =        0.0000  CMAP       =      151.2996
 VDWAALS =    40207.0790  EEL     =  -269444.5525  HBOND      =        0.0000
 1-4 VDW =      558.8028  1-4 EEL =     5926.8321  RESTRAINT  =        0.0000


   NSTEP       ENERGY          RMS            GMAX         NAME    NUMBER
    600      -1.8642E+05     5.4481E-02     1.9203E+00     HD21     2845

 BOND    =    35005.9576  ANGLE   =      446.2334  DIHED      =      747.8818
 UB      =        0.0000  IMP     =        0.0000  CMAP       =      151.0023
 VDWAALS =    40215.0041  EEL     =  -269467.5699  HBOND      =        0.0000
 1-4 VDW =      558.1553  1-4 EEL =     5925.4192  RESTRAINT  =        0.0000


   NSTEP       ENERGY          RMS            GMAX         NAME    NUMBER
    650      -1.8643E+05     1.2669E-01     8.6997E+00     CZ        978

 BOND    =    35009.9681  ANGLE   =      446.1813  DIHED      =      748.3754
 UB      =        0.0000  IMP     =        0.0000  CMAP       =      150.7185
 VDWAALS =    40222.7904  EEL     =  -269490.2756  HBOND      =        0.0000
 1-4 VDW =      557.5503  1-4 EEL =     5923.9894  RESTRAINT  =        0.0000


   NSTEP       ENERGY          RMS            GMAX         NAME    NUMBER
    700      -1.8644E+05     2.0902E-01     4.4070E+01     C1       2850

 BOND    =    35013.8255  ANGLE   =      446.1390  DIHED      =      748.8750
 UB      =        0.0000  IMP     =        0.0000  CMAP       =      150.4670
 VDWAALS =    40230.1348  EEL     =  -269511.3364  HBOND      =        0.0000
 1-4 VDW =      557.0267  1-4 EEL =     5922.6370  RESTRAINT  =        0.0000


   NSTEP       ENERGY          RMS            GMAX         NAME    NUMBER
    750      -1.8646E+05     6.9885E-02     6.1535E+00     C1       2850

 BOND    =    35016.6784  ANGLE   =      446.0154  DIHED      =      749.4461
 UB      =        0.0000  IMP     =        0.0000  CMAP       =      150.2258
 VDWAALS =    40237.6599  EEL     =  -269532.9880  HBOND      =        0.0000
 1-4 VDW =      556.5280  1-4 EEL =     5921.2987  RESTRAINT  =        0.0000


   NSTEP       ENERGY          RMS            GMAX         NAME    NUMBER
    800      -1.8647E+05     1.6337E-01     2.6078E+01     C1       2850

 BOND    =    35020.4519  ANGLE   =      446.1153  DIHED      =      750.1366
 UB      =        0.0000  IMP     =        0.0000  CMAP       =      149.9952
 VDWAALS =    40245.2789  EEL     =  -269554.7951  HBOND      =        0.0000
 1-4 VDW =      556.0458  1-4 EEL =     5919.8980  RESTRAINT  =        0.0000


   NSTEP       ENERGY          RMS            GMAX         NAME    NUMBER
    850      -1.8648E+05     5.2613E-02     2.0389E+00     OE2       651

 BOND    =    35023.1752  ANGLE   =      446.1565  DIHED      =      750.9333
 UB      =        0.0000  IMP     =        0.0000  CMAP       =      149.7816
 VDWAALS =    40252.7501  EEL     =  -269576.1756  HBOND      =        0.0000
 1-4 VDW =      555.5843  1-4 EEL =     5918.4459  RESTRAINT  =        0.0000


   NSTEP       ENERGY          RMS            GMAX         NAME    NUMBER
    900      -1.8649E+05     1.4638E-01     1.6294E+01     C1       2850

 BOND    =    35026.7065  ANGLE   =      446.3794  DIHED      =      751.7506
 UB      =        0.0000  IMP     =        0.0000  CMAP       =      149.5712
 VDWAALS =    40260.6736  EEL     =  -269597.7114  HBOND      =        0.0000
 1-4 VDW =      555.1155  1-4 EEL =     5916.9173  RESTRAINT  =        0.0000


   NSTEP       ENERGY          RMS            GMAX         NAME    NUMBER
    950      -1.8650E+05     4.8508E-02     1.6845E+00     C1       2850

 BOND    =    35029.4884  ANGLE   =      446.5137  DIHED      =      752.2865
 UB      =        0.0000  IMP     =        0.0000  CMAP       =      149.3732
 VDWAALS =    40268.4462  EEL     =  -269617.6783  HBOND      =        0.0000
 1-4 VDW =      554.6738  1-4 EEL =     5915.3929  RESTRAINT  =        0.0000


   NSTEP       ENERGY          RMS            GMAX         NAME    NUMBER
   1000      -1.8651E+05     1.2351E-01     1.7491E+01     C1       2850

 BOND    =    35032.7611  ANGLE   =      446.6951  DIHED      =      752.5752
 UB      =        0.0000  IMP     =        0.0000  CMAP       =      149.1733
 VDWAALS =    40275.9359  EEL     =  -269636.4334  HBOND      =        0.0000
 1-4 VDW =      554.2509  1-4 EEL =     5913.8046  RESTRAINT  =        0.0000


   NSTEP       ENERGY          RMS            GMAX         NAME    NUMBER
   1050      -1.8652E+05     1.6453E-01     1.2585E+01     C1       2850

 BOND    =    35035.9063  ANGLE   =      446.8610  DIHED      =      752.7652
 UB      =        0.0000  IMP     =        0.0000  CMAP       =      148.9803
 VDWAALS =    40282.8679  EEL     =  -269654.4330  HBOND      =        0.0000
 1-4 VDW =      553.8720  1-4 EEL =     5912.3636  RESTRAINT  =        0.0000


   NSTEP       ENERGY          RMS            GMAX         NAME    NUMBER
   1100      -1.8653E+05     7.1166E-02     4.4758E+00     C1       2850

 BOND    =    35038.1792  ANGLE   =      446.9980  DIHED      =      752.9702
 UB      =        0.0000  IMP     =        0.0000  CMAP       =      148.7940
 VDWAALS =    40289.4704  EEL     =  -269671.8790  HBOND      =        0.0000
 1-4 VDW =      553.5088  1-4 EEL =     5910.9795  RESTRAINT  =        0.0000


   NSTEP       ENERGY          RMS            GMAX         NAME    NUMBER
   1150      -1.8654E+05     1.3925E-01     1.6414E+01     C1       2850

 BOND    =    35041.1667  ANGLE   =      447.1697  DIHED      =      753.1675
 UB      =        0.0000  IMP     =        0.0000  CMAP       =      148.6159
 VDWAALS =    40295.9242  EEL     =  -269689.2851  HBOND      =        0.0000
 1-4 VDW =      553.1695  1-4 EEL =     5909.7010  RESTRAINT  =        0.0000


   NSTEP       ENERGY          RMS            GMAX         NAME    NUMBER
   1200      -1.8655E+05     4.9242E-02     2.7842E+00     H2      41712

 BOND    =    35043.5608  ANGLE   =      447.1570  DIHED      =      753.3320
 UB      =        0.0000  IMP     =        0.0000  CMAP       =      148.4568
 VDWAALS =    40301.9758  EEL     =  -269706.1508  HBOND      =        0.0000
 1-4 VDW =      552.8685  1-4 EEL =     5908.5511  RESTRAINT  =        0.0000


   NSTEP       ENERGY          RMS            GMAX         NAME    NUMBER
   1250      -1.8656E+05     1.3177E-01     1.4612E+01     C1       2850

 BOND    =    35046.6384  ANGLE   =      447.2325  DIHED      =      753.4986
 UB      =        0.0000  IMP     =        0.0000  CMAP       =      148.3054
 VDWAALS =    40308.1422  EEL     =  -269723.7843  HBOND      =        0.0000
 1-4 VDW =      552.5630  1-4 EEL =     5907.3990  RESTRAINT  =        0.0000


   NSTEP       ENERGY          RMS            GMAX         NAME    NUMBER
   1300      -1.8657E+05     5.5084E-02     2.9528E+00     CZ        978

 BOND    =    35048.9386  ANGLE   =      447.3265  DIHED      =      753.6595
 UB      =        0.0000  IMP     =        0.0000  CMAP       =      148.1751
 VDWAALS =    40313.9070  EEL     =  -269740.2101  HBOND      =        0.0000
 1-4 VDW =      552.2674  1-4 EEL =     5906.3386  RESTRAINT  =        0.0000


   NSTEP       ENERGY          RMS            GMAX         NAME    NUMBER
   1350      -1.8658E+05     1.0435E-01     9.5748E+00     C1       2850

 BOND    =    35051.6894  ANGLE   =      447.4118  DIHED      =      753.7795
 UB      =        0.0000  IMP     =        0.0000  CMAP       =      148.0564
 VDWAALS =    40319.4805  EEL     =  -269756.5887  HBOND      =        0.0000
 1-4 VDW =      551.9884  1-4 EEL =     5905.3453  RESTRAINT  =        0.0000


   NSTEP       ENERGY          RMS            GMAX         NAME    NUMBER
   1400      -1.8659E+05     1.7021E-01     1.5237E+01     C1       2850

 BOND    =    35054.6604  ANGLE   =      447.5146  DIHED      =      753.8674
 UB      =        0.0000  IMP     =        0.0000  CMAP       =      147.9456
 VDWAALS =    40324.9072  EEL     =  -269772.9148  HBOND      =        0.0000
 1-4 VDW =      551.7158  1-4 EEL =     5904.4124  RESTRAINT  =        0.0000


   NSTEP       ENERGY          RMS            GMAX         NAME    NUMBER
   1450      -1.8660E+05     6.2227E-02     5.2128E+00     C1       2850

 BOND    =    35056.8447  ANGLE   =      447.4899  DIHED      =      753.8996
 UB      =        0.0000  IMP     =        0.0000  CMAP       =      147.8442
 VDWAALS =    40330.1075  EEL     =  -269788.9149  HBOND      =        0.0000
 1-4 VDW =      551.4737  1-4 EEL =     5903.6346  RESTRAINT  =        0.0000


   NSTEP       ENERGY          RMS            GMAX         NAME    NUMBER
   1500      -1.8661E+05     1.4286E-01     1.5798E+01     C1       2850

 BOND    =    35059.8148  ANGLE   =      447.5781  DIHED      =      753.9283
 UB      =        0.0000  IMP     =        0.0000  CMAP       =      147.7477
 VDWAALS =    40335.3133  EEL     =  -269805.0319  HBOND      =        0.0000
 1-4 VDW =      551.2435  1-4 EEL =     5902.9223  RESTRAINT  =        0.0000


   NSTEP       ENERGY          RMS            GMAX         NAME    NUMBER
   1550      -1.8662E+05     6.3798E-02     3.9499E+00     CZ        978

 BOND    =    35062.2161  ANGLE   =      447.5779  DIHED      =      753.9812
 UB      =        0.0000  IMP     =        0.0000  CMAP       =      147.6523
 VDWAALS =    40340.6994  EEL     =  -269821.3874  HBOND      =        0.0000
 1-4 VDW =      551.0222  1-4 EEL =     5902.2181  RESTRAINT  =        0.0000


   NSTEP       ENERGY          RMS            GMAX         NAME    NUMBER
   1600      -1.8662E+05     1.0704E-01     7.9772E+00     CZ        978

 BOND    =    35065.0001  ANGLE   =      447.6075  DIHED      =      754.0320
 UB      =        0.0000  IMP     =        0.0000  CMAP       =      147.5608
 VDWAALS =    40346.0380  EEL     =  -269837.2163  HBOND      =        0.0000
 1-4 VDW =      550.8301  1-4 EEL =     5901.6174  RESTRAINT  =        0.0000


   NSTEP       ENERGY          RMS            GMAX         NAME    NUMBER
   1650      -1.8663E+05     1.7051E-01     2.4993E+01     C1       2850

 BOND    =    35067.9639  ANGLE   =      447.6309  DIHED      =      754.0946
 UB      =        0.0000  IMP     =        0.0000  CMAP       =      147.4669
 VDWAALS =    40351.4173  EEL     =  -269853.1020  HBOND      =        0.0000
 1-4 VDW =      550.6550  1-4 EEL =     5901.0504  RESTRAINT  =        0.0000


   NSTEP       ENERGY          RMS            GMAX         NAME    NUMBER
   1700      -1.8664E+05     5.4947E-02     2.9881E+00     CE2       980

 BOND    =    35070.0957  ANGLE   =      447.5828  DIHED      =      754.1509
 UB      =        0.0000  IMP     =        0.0000  CMAP       =      147.3711
 VDWAALS =    40356.6777  EEL     =  -269868.8474  HBOND      =        0.0000
 1-4 VDW =      550.5016  1-4 EEL =     5900.5820  RESTRAINT  =        0.0000


   NSTEP       ENERGY          RMS            GMAX         NAME    NUMBER
   1750      -1.8665E+05     1.3182E-01     1.3522E+01     C1       2850

 BOND    =    35072.8917  ANGLE   =      447.6064  DIHED      =      754.2275
 UB      =        0.0000  IMP     =        0.0000  CMAP       =      147.2693
 VDWAALS =    40361.8075  EEL     =  -269884.4087  HBOND      =        0.0000
 1-4 VDW =      550.3606  1-4 EEL =     5900.1207  RESTRAINT  =        0.0000


   NSTEP       ENERGY          RMS            GMAX         NAME    NUMBER
   1800      -1.8666E+05     4.4837E-02     1.7318E+00     H2      29536

 BOND    =    35074.8533  ANGLE   =      447.5723  DIHED      =      754.3281
 UB      =        0.0000  IMP     =        0.0000  CMAP       =      147.1654
 VDWAALS =    40366.3457  EEL     =  -269898.8032  HBOND      =        0.0000
 1-4 VDW =      550.2304  1-4 EEL =     5899.6697  RESTRAINT  =        0.0000


   NSTEP       ENERGY          RMS            GMAX         NAME    NUMBER
   1850      -1.8667E+05     1.3711E-01     2.9851E+01     C1       2850

 BOND    =    35077.3557  ANGLE   =      447.6472  DIHED      =      754.4290
 UB      =        0.0000  IMP     =        0.0000  CMAP       =      147.0506
 VDWAALS =    40370.5840  EEL     =  -269913.2590  HBOND      =        0.0000
 1-4 VDW =      550.1061  1-4 EEL =     5899.2783  RESTRAINT  =        0.0000


   NSTEP       ENERGY          RMS            GMAX         NAME    NUMBER
   1900      -1.8667E+05     6.5666E-02     1.2269E+01     C1       2850

 BOND    =    35079.1226  ANGLE   =      447.5407  DIHED      =      754.5160
 UB      =        0.0000  IMP     =        0.0000  CMAP       =      146.9434
 VDWAALS =    40373.9760  EEL     =  -269925.6958  HBOND      =        0.0000
 1-4 VDW =      550.0118  1-4 EEL =     5898.9476  RESTRAINT  =        0.0000


   NSTEP       ENERGY          RMS            GMAX         NAME    NUMBER
   1950      -1.8668E+05     1.2261E-01     2.7581E+01     C1       2850

 BOND    =    35081.2255  ANGLE   =      447.5463  DIHED      =      754.6204
 UB      =        0.0000  IMP     =        0.0000  CMAP       =      146.8319
 VDWAALS =    40377.1080  EEL     =  -269938.1331  HBOND      =        0.0000
 1-4 VDW =      549.9198  1-4 EEL =     5898.6582  RESTRAINT  =        0.0000


   NSTEP       ENERGY          RMS            GMAX         NAME    NUMBER
   2000      -1.8669E+05     1.7573E-01     4.0665E+01     C1       2850

 BOND    =    35083.3832  ANGLE   =      447.5762  DIHED      =      754.7393
 UB      =        0.0000  IMP     =        0.0000  CMAP       =      146.7185
 VDWAALS =    40380.0664  EEL     =  -269950.1716  HBOND      =        0.0000
 1-4 VDW =      549.8320  1-4 EEL =     5898.3964  RESTRAINT  =        0.0000


   NSTEP       ENERGY          RMS            GMAX         NAME    NUMBER
   2050      -1.8670E+05     5.8525E-02     9.6686E+00     C1       2850

 BOND    =    35084.8886  ANGLE   =      447.5686  DIHED      =      754.8811
 UB      =        0.0000  IMP     =        0.0000  CMAP       =      146.6048
 VDWAALS =    40382.9240  EEL     =  -269962.3767  HBOND      =        0.0000
 1-4 VDW =      549.7397  1-4 EEL =     5898.1824  RESTRAINT  =        0.0000


   NSTEP       ENERGY          RMS            GMAX         NAME    NUMBER
   2100      -1.8671E+05     1.4586E-01     3.2923E+01     C1       2850

 BOND    =    35087.0851  ANGLE   =      447.6658  DIHED      =      755.0436
 UB      =        0.0000  IMP     =        0.0000  CMAP       =      146.4942
 VDWAALS =    40385.8001  EEL     =  -269974.8329  HBOND      =        0.0000
 1-4 VDW =      549.6506  1-4 EEL =     5897.9684  RESTRAINT  =        0.0000


   NSTEP       ENERGY          RMS            GMAX         NAME    NUMBER
   2150      -1.8671E+05     4.4080E-02     3.6647E+00     C1       2850

 BOND    =    35088.7548  ANGLE   =      447.5996  DIHED      =      755.2248
 UB      =        0.0000  IMP     =        0.0000  CMAP       =      146.3887
 VDWAALS =    40388.8770  EEL     =  -269987.3587  HBOND      =        0.0000
 1-4 VDW =      549.5619  1-4 EEL =     5897.7229  RESTRAINT  =        0.0000


   NSTEP       ENERGY          RMS            GMAX         NAME    NUMBER
   2200      -1.8672E+05     1.2735E-01     2.6272E+01     C1       2850

 BOND    =    35090.8813  ANGLE   =      447.6442  DIHED      =      755.4246
 UB      =        0.0000  IMP     =        0.0000  CMAP       =      146.2901
 VDWAALS =    40392.2297  EEL     =  -269999.9632  HBOND      =        0.0000
 1-4 VDW =      549.4632  1-4 EEL =     5897.4694  RESTRAINT  =        0.0000


   NSTEP       ENERGY          RMS            GMAX         NAME    NUMBER
   2250      -1.8673E+05     4.6481E-02     2.2976E+00     OE1      2076

 BOND    =    35092.6073  ANGLE   =      447.6895  DIHED      =      755.6393
 UB      =        0.0000  IMP     =        0.0000  CMAP       =      146.1973
 VDWAALS =    40395.8319  EEL     =  -270012.6168  HBOND      =        0.0000
 1-4 VDW =      549.3482  1-4 EEL =     5897.2043  RESTRAINT  =        0.0000


   NSTEP       ENERGY          RMS            GMAX         NAME    NUMBER
   2300      -1.8674E+05     1.0074E-01     6.4563E+00     H2      22516

 BOND    =    35094.7129  ANGLE   =      447.7490  DIHED      =      755.8705
 UB      =        0.0000  IMP     =        0.0000  CMAP       =      146.1070
 VDWAALS =    40399.7423  EEL     =  -270025.9145  HBOND      =        0.0000
 1-4 VDW =      549.2210  1-4 EEL =     5896.8717  RESTRAINT  =        0.0000


   NSTEP       ENERGY          RMS            GMAX         NAME    NUMBER
   2350      -1.8674E+05     4.3468E-02     2.2944E+00     OE1      2076

 BOND    =    35096.2824  ANGLE   =      447.8098  DIHED      =      756.0984
 UB      =        0.0000  IMP     =        0.0000  CMAP       =      146.0254
 VDWAALS =    40403.6769  EEL     =  -270038.4028  HBOND      =        0.0000
 1-4 VDW =      549.0935  1-4 EEL =     5896.5069  RESTRAINT  =        0.0000


   NSTEP       ENERGY          RMS            GMAX         NAME    NUMBER
   2400      -1.8675E+05     5.1109E-02     2.5809E+00     H2      22516

 BOND    =    35098.0976  ANGLE   =      447.8711  DIHED      =      756.3236
 UB      =        0.0000  IMP     =        0.0000  CMAP       =      145.9489
 VDWAALS =    40407.9769  EEL     =  -270050.9466  HBOND      =        0.0000
 1-4 VDW =      548.9694  1-4 EEL =     5896.1074  RESTRAINT  =        0.0000


   NSTEP       ENERGY          RMS            GMAX         NAME    NUMBER
   2450      -1.8676E+05     1.1707E-01     5.5389E+00     H2      20668

 BOND    =    35099.8806  ANGLE   =      447.9350  DIHED      =      756.5539
 UB      =        0.0000  IMP     =        0.0000  CMAP       =      145.8739
 VDWAALS =    40413.0151  EEL     =  -270064.4032  HBOND      =        0.0000
 1-4 VDW =      548.8466  1-4 EEL =     5895.6565  RESTRAINT  =        0.0000


   NSTEP       ENERGY          RMS            GMAX         NAME    NUMBER
   2500      -1.8676E+05     3.6384E-02     1.3907E+00     O       11898

 BOND    =    35102.3965  ANGLE   =      447.9757  DIHED      =      756.7587
 UB      =        0.0000  IMP     =        0.0000  CMAP       =      145.8079
 VDWAALS =    40418.0416  EEL     =  -270078.0510  HBOND      =        0.0000
 1-4 VDW =      548.7461  1-4 EEL =     5895.2228  RESTRAINT  =        0.0000


   NSTEP       ENERGY          RMS            GMAX         NAME    NUMBER
   2550      -1.8684E+05     1.2958E-01     1.0892E+01     CD       2075

 BOND    =    35131.9713  ANGLE   =      448.9063  DIHED      =      760.2059
 UB      =        0.0000  IMP     =        0.0000  CMAP       =      144.9555
 VDWAALS =    40510.0058  EEL     =  -270276.3622  HBOND      =        0.0000
 1-4 VDW =      547.2820  1-4 EEL =     5890.1667  RESTRAINT  =        0.0000


   NSTEP       ENERGY          RMS            GMAX         NAME    NUMBER
   2600      -1.8686E+05     9.9746E-02     6.5010E+00     CB        831

 BOND    =    35149.7851  ANGLE   =      448.3621  DIHED      =      760.9162
 UB      =        0.0000  IMP     =        0.0000  CMAP       =      144.9281
 VDWAALS =    40520.3526  EEL     =  -270322.8554  HBOND      =        0.0000
 1-4 VDW =      547.4523  1-4 EEL =     5888.1327  RESTRAINT  =        0.0000


   NSTEP       ENERGY          RMS            GMAX         NAME    NUMBER
   2650      -1.8689E+05     1.0907E-01     1.2851E+01     CG        834

 BOND    =    35153.8966  ANGLE   =      448.1485  DIHED      =      761.7368
 UB      =        0.0000  IMP     =        0.0000  CMAP       =      144.8843
 VDWAALS =    40535.0815  EEL     =  -270362.6347  HBOND      =        0.0000
 1-4 VDW =      547.3456  1-4 EEL =     5886.5112  RESTRAINT  =        0.0000


   NSTEP       ENERGY          RMS            GMAX         NAME    NUMBER
   2700      -1.8691E+05     4.7360E-01     5.3009E+01     CG        834

 BOND    =    35174.9659  ANGLE   =      451.4753  DIHED      =      763.3630
 UB      =        0.0000  IMP     =        0.0000  CMAP       =      144.8636
 VDWAALS =    40558.9027  EEL     =  -270438.5172  HBOND      =        0.0000
 1-4 VDW =      547.0337  1-4 EEL =     5886.7689  RESTRAINT  =        0.0000


   NSTEP       ENERGY          RMS            GMAX         NAME    NUMBER
   2750      -1.8694E+05     1.3879E-01     7.4019E+00     CD       2075

 BOND    =    35174.8466  ANGLE   =      451.4148  DIHED      =      762.4586
 UB      =        0.0000  IMP     =        0.0000  CMAP       =      144.5300
 VDWAALS =    40572.7466  EEL     =  -270478.3896  HBOND      =        0.0000
 1-4 VDW =      546.6150  1-4 EEL =     5883.8620  RESTRAINT  =        0.0000


   NSTEP       ENERGY          RMS            GMAX         NAME    NUMBER
   2800      -1.8696E+05     1.2775E-01     8.6557E+00     OD2       836

 BOND    =    35182.4697  ANGLE   =      452.3395  DIHED      =      762.4474
 UB      =        0.0000  IMP     =        0.0000  CMAP       =      144.3280
 VDWAALS =    40589.4197  EEL     =  -270524.0470  HBOND      =        0.0000
 1-4 VDW =      546.2058  1-4 EEL =     5882.6710  RESTRAINT  =        0.0000


   NSTEP       ENERGY          RMS            GMAX         NAME    NUMBER
   2850      -1.8698E+05     1.3725E-01     8.2273E+00     OD2       836

 BOND    =    35187.4659  ANGLE   =      452.3284  DIHED      =      762.3718
 UB      =        0.0000  IMP     =        0.0000  CMAP       =      143.9358
 VDWAALS =    40603.8369  EEL     =  -270560.9868  HBOND      =        0.0000
 1-4 VDW =      546.0989  1-4 EEL =     5881.8353  RESTRAINT  =        0.0000


   NSTEP       ENERGY          RMS            GMAX         NAME    NUMBER
   2900      -1.8700E+05     1.2790E-01     1.0736E+01     CD       2075

 BOND    =    35194.0357  ANGLE   =      451.6868  DIHED      =      762.3280
 UB      =        0.0000  IMP     =        0.0000  CMAP       =      143.2730
 VDWAALS =    40617.5969  EEL     =  -270598.6721  HBOND      =        0.0000
 1-4 VDW =      546.2553  1-4 EEL =     5881.4226  RESTRAINT  =        0.0000


   NSTEP       ENERGY          RMS            GMAX         NAME    NUMBER
   2950      -1.8702E+05     1.0047E-01     7.2435E+00     H1      22959

 BOND    =    35202.3658  ANGLE   =      451.1667  DIHED      =      762.5760
 UB      =        0.0000  IMP     =        0.0000  CMAP       =      142.6083
 VDWAALS =    40634.4315  EEL     =  -270641.9405  HBOND      =        0.0000
 1-4 VDW =      546.2376  1-4 EEL =     5881.1426  RESTRAINT  =        0.0000


   NSTEP       ENERGY          RMS            GMAX         NAME    NUMBER
   3000      -1.8704E+05     1.1686E-01     5.1205E+00     OD2       836

 BOND    =    35205.1051  ANGLE   =      451.1469  DIHED      =      763.2525
 UB      =        0.0000  IMP     =        0.0000  CMAP       =      141.9974
 VDWAALS =    40647.8323  EEL     =  -270674.9635  HBOND      =        0.0000
 1-4 VDW =      546.0934  1-4 EEL =     5880.8433  RESTRAINT  =        0.0000


   NSTEP       ENERGY          RMS            GMAX         NAME    NUMBER
   3050      -1.8705E+05     9.7834E-02     4.6359E+00     CG        834

 BOND    =    35213.7148  ANGLE   =      450.2458  DIHED      =      763.4842
 UB      =        0.0000  IMP     =        0.0000  CMAP       =      141.9891
 VDWAALS =    40645.9208  EEL     =  -270688.8710  HBOND      =        0.0000
 1-4 VDW =      545.8690  1-4 EEL =     5879.9202  RESTRAINT  =        0.0000


   NSTEP       ENERGY          RMS            GMAX         NAME    NUMBER
   3100      -1.8708E+05     7.7036E-02     3.8759E+00     CB       1927

 BOND    =    35224.3592  ANGLE   =      449.8613  DIHED      =      765.3713
 UB      =        0.0000  IMP     =        0.0000  CMAP       =      141.2905
 VDWAALS =    40669.3604  EEL     =  -270757.1263  HBOND      =        0.0000
 1-4 VDW =      545.6147  1-4 EEL =     5880.0066  RESTRAINT  =        0.0000


   NSTEP       ENERGY          RMS            GMAX         NAME    NUMBER
   3150      -1.8710E+05     6.4591E-02     3.2361E+00     OD2       836

 BOND    =    35230.1921  ANGLE   =      449.4833  DIHED      =      765.8713
 UB      =        0.0000  IMP     =        0.0000  CMAP       =      140.9759
 VDWAALS =    40683.2873  EEL     =  -270796.5779  HBOND      =        0.0000
 1-4 VDW =      545.5203  1-4 EEL =     5880.2172  RESTRAINT  =        0.0000


   NSTEP       ENERGY          RMS            GMAX         NAME    NUMBER
   3200      -1.8712E+05     7.0363E-02     4.9894E+00     CG        209

 BOND    =    35232.5006  ANGLE   =      449.1089  DIHED      =      766.3553
 UB      =        0.0000  IMP     =        0.0000  CMAP       =      140.7010
 VDWAALS =    40690.6619  EEL     =  -270824.7571  HBOND      =        0.0000
 1-4 VDW =      545.4119  1-4 EEL =     5880.3492  RESTRAINT  =        0.0000


   NSTEP       ENERGY          RMS            GMAX         NAME    NUMBER
   3250      -1.8714E+05     7.7672E-02     4.4725E+00     NZ        218

 BOND    =    35235.1255  ANGLE   =      448.5887  DIHED      =      766.7466
 UB      =        0.0000  IMP     =        0.0000  CMAP       =      140.4034
 VDWAALS =    40701.7855  EEL     =  -270858.9548  HBOND      =        0.0000
 1-4 VDW =      545.2495  1-4 EEL =     5880.2898  RESTRAINT  =        0.0000


   NSTEP       ENERGY          RMS            GMAX         NAME    NUMBER
   3300      -1.8715E+05     4.4483E-01     4.7225E+01     C1       2850

 BOND    =    35249.6360  ANGLE   =      448.4582  DIHED      =      767.0250
 UB      =        0.0000  IMP     =        0.0000  CMAP       =      140.2015
 VDWAALS =    40711.6996  EEL     =  -270890.7481  HBOND      =        0.0000
 1-4 VDW =      545.1536  1-4 EEL =     5880.3032  RESTRAINT  =        0.0000


   NSTEP       ENERGY          RMS            GMAX         NAME    NUMBER
   3350      -1.8716E+05     4.8511E-02     2.7375E+00     O       28982

 BOND    =    35243.1110  ANGLE   =      448.0191  DIHED      =      767.0441
 UB      =        0.0000  IMP     =        0.0000  CMAP       =      139.9995
 VDWAALS =    40717.6017  EEL     =  -270902.9374  HBOND      =        0.0000
 1-4 VDW =      545.0636  1-4 EEL =     5879.9681  RESTRAINT  =        0.0000


   NSTEP       ENERGY          RMS            GMAX         NAME    NUMBER
   3400      -1.8719E+05     2.9329E-01     2.7780E+01     CD       2075

 BOND    =    35249.7572  ANGLE   =      448.8020  DIHED      =      767.4419
 UB      =        0.0000  IMP     =        0.0000  CMAP       =      139.0560
 VDWAALS =    40737.0603  EEL     =  -270955.7163  HBOND      =        0.0000
 1-4 VDW =      544.7457  1-4 EEL =     5880.6855  RESTRAINT  =        0.0000


   NSTEP       ENERGY          RMS            GMAX         NAME    NUMBER
   3450      -1.8721E+05     1.2013E-01     8.4551E+00     H2      29720

 BOND    =    35261.9668  ANGLE   =      448.4128  DIHED      =      767.1596
 UB      =        0.0000  IMP     =        0.0000  CMAP       =      138.8439
 VDWAALS =    40744.7578  EEL     =  -270997.1172  HBOND      =        0.0000
 1-4 VDW =      544.5652  1-4 EEL =     5879.1423  RESTRAINT  =        0.0000


   NSTEP       ENERGY          RMS            GMAX         NAME    NUMBER
   3500      -1.8723E+05     1.0490E-01     5.1482E+00     CG2      1929

 BOND    =    35262.4757  ANGLE   =      448.3438  DIHED      =      767.0867
 UB      =        0.0000  IMP     =        0.0000  CMAP       =      138.6608
 VDWAALS =    40743.5724  EEL     =  -271009.2936  HBOND      =        0.0000
 1-4 VDW =      544.0975  1-4 EEL =     5878.6034  RESTRAINT  =        0.0000


   NSTEP       ENERGY          RMS            GMAX         NAME    NUMBER
   3550      -1.8724E+05     1.0765E-01     9.5431E+00     C1       2850

 BOND    =    35265.1539  ANGLE   =      448.2290  DIHED      =      766.9405
 UB      =        0.0000  IMP     =        0.0000  CMAP       =      138.5374
 VDWAALS =    40746.7209  EEL     =  -271023.2806  HBOND      =        0.0000
 1-4 VDW =      543.9546  1-4 EEL =     5878.0418  RESTRAINT  =        0.0000


   NSTEP       ENERGY          RMS            GMAX         NAME    NUMBER
   3600      -1.8725E+05     2.1664E-01     9.4705E+00     O       28982

 BOND    =    35271.8670  ANGLE   =      448.6806  DIHED      =      766.9090
 UB      =        0.0000  IMP     =        0.0000  CMAP       =      138.2766
 VDWAALS =    40754.1047  EEL     =  -271053.2053  HBOND      =        0.0000
 1-4 VDW =      543.9119  1-4 EEL =     5877.1056  RESTRAINT  =        0.0000


   NSTEP       ENERGY          RMS            GMAX         NAME    NUMBER
   3650      -1.8727E+05     2.1340E-01     1.7579E+01     C1       2850

 BOND    =    35281.3341  ANGLE   =      447.7605  DIHED      =      766.9077
 UB      =        0.0000  IMP     =        0.0000  CMAP       =      138.1224
 VDWAALS =    40766.0411  EEL     =  -271093.1817  HBOND      =        0.0000
 1-4 VDW =      543.7740  1-4 EEL =     5876.7247  RESTRAINT  =        0.0000


   NSTEP       ENERGY          RMS            GMAX         NAME    NUMBER
   3700      -1.8729E+05     1.2498E-01     1.4094E+01     C1       2850

 BOND    =    35286.4773  ANGLE   =      447.5970  DIHED      =      766.9125
 UB      =        0.0000  IMP     =        0.0000  CMAP       =      138.0576
 VDWAALS =    40774.9772  EEL     =  -271123.6293  HBOND      =        0.0000
 1-4 VDW =      543.6539  1-4 EEL =     5876.6310  RESTRAINT  =        0.0000


   NSTEP       ENERGY          RMS            GMAX         NAME    NUMBER
   3750      -1.8730E+05     1.0859E-01     7.3998E+00     C1       2850

 BOND    =    35292.1618  ANGLE   =      447.4292  DIHED      =      766.9559
 UB      =        0.0000  IMP     =        0.0000  CMAP       =      137.9906
 VDWAALS =    40786.3352  EEL     =  -271152.6999  HBOND      =        0.0000
 1-4 VDW =      543.5887  1-4 EEL =     5876.4988  RESTRAINT  =        0.0000


   NSTEP       ENERGY          RMS            GMAX         NAME    NUMBER
   3800      -1.8731E+05     8.1935E-02     5.3346E+00     CD       2075

 BOND    =    35299.2177  ANGLE   =      447.3014  DIHED      =      767.1391
 UB      =        0.0000  IMP     =        0.0000  CMAP       =      137.9071
 VDWAALS =    40799.2485  EEL     =  -271184.0392  HBOND      =        0.0000
 1-4 VDW =      543.5643  1-4 EEL =     5876.4025  RESTRAINT  =        0.0000


   NSTEP       ENERGY          RMS            GMAX         NAME    NUMBER
   3850      -1.8732E+05     4.4436E-02     3.7927E+00     CD       2075

 BOND    =    35304.0032  ANGLE   =      447.6575  DIHED      =      767.3537
 UB      =        0.0000  IMP     =        0.0000  CMAP       =      137.9237
 VDWAALS =    40806.0547  EEL     =  -271207.0446  HBOND      =        0.0000
 1-4 VDW =      543.3046  1-4 EEL =     5876.0036  RESTRAINT  =        0.0000


   NSTEP       ENERGY          RMS            GMAX         NAME    NUMBER
   3900      -1.8734E+05     7.3671E-02     6.0545E+00     C1       2850

 BOND    =    35310.5438  ANGLE   =      447.5766  DIHED      =      767.9412
 UB      =        0.0000  IMP     =        0.0000  CMAP       =      137.8443
 VDWAALS =    40823.1406  EEL     =  -271246.9320  HBOND      =        0.0000
 1-4 VDW =      543.1956  1-4 EEL =     5875.8802  RESTRAINT  =        0.0000


   NSTEP       ENERGY          RMS            GMAX         NAME    NUMBER
   3950      -1.8735E+05     1.1375E-01     8.9595E+00     CG       1562

 BOND    =    35318.2972  ANGLE   =      447.6124  DIHED      =      768.0006
 UB      =        0.0000  IMP     =        0.0000  CMAP       =      137.8049
 VDWAALS =    40836.7451  EEL     =  -271281.8010  HBOND      =        0.0000
 1-4 VDW =      543.0678  1-4 EEL =     5875.5343  RESTRAINT  =        0.0000


   NSTEP       ENERGY          RMS            GMAX         NAME    NUMBER
   4000      -1.8737E+05     1.2815E-01     1.0019E+01     OE1      2076

 BOND    =    35324.9078  ANGLE   =      447.8055  DIHED      =      768.4549
 UB      =        0.0000  IMP     =        0.0000  CMAP       =      137.6717
 VDWAALS =    40845.9625  EEL     =  -271308.6616  HBOND      =        0.0000
 1-4 VDW =      543.0816  1-4 EEL =     5875.2069  RESTRAINT  =        0.0000


   NSTEP       ENERGY          RMS            GMAX         NAME    NUMBER
   4050      -1.8737E+05     7.6664E-02     7.8417E+00     C1       2850

 BOND    =    35323.6854  ANGLE   =      447.5244  DIHED      =      768.4695
 UB      =        0.0000  IMP     =        0.0000  CMAP       =      137.6035
 VDWAALS =    40849.8053  EEL     =  -271316.3212  HBOND      =        0.0000
 1-4 VDW =      543.1066  1-4 EEL =     5875.7944  RESTRAINT  =        0.0000


   NSTEP       ENERGY          RMS            GMAX         NAME    NUMBER
   4100      -1.8739E+05     1.5326E-01     1.5199E+01     H1      13443

 BOND    =    35340.1520  ANGLE   =      447.8151  DIHED      =      769.1751
 UB      =        0.0000  IMP     =        0.0000  CMAP       =      137.4405
 VDWAALS =    40872.2734  EEL     =  -271371.6530  HBOND      =        0.0000
 1-4 VDW =      542.6270  1-4 EEL =     5875.1863  RESTRAINT  =        0.0000


   NSTEP       ENERGY          RMS            GMAX         NAME    NUMBER
   4150      -1.8740E+05     1.3779E-01     8.4127E+00     C1       2850

 BOND    =    35338.3329  ANGLE   =      447.7511  DIHED      =      769.5019
 UB      =        0.0000  IMP     =        0.0000  CMAP       =      137.3390
 VDWAALS =    40889.5831  EEL     =  -271403.4852  HBOND      =        0.0000
 1-4 VDW =      542.4078  1-4 EEL =     5875.4715  RESTRAINT  =        0.0000


   NSTEP       ENERGY          RMS            GMAX         NAME    NUMBER
   4200      -1.8742E+05     1.5437E-01     1.1627E+01     C1       2850

 BOND    =    35342.8983  ANGLE   =      448.4091  DIHED      =      770.3971
 UB      =        0.0000  IMP     =        0.0000  CMAP       =      137.2285
 VDWAALS =    40895.8509  EEL     =  -271429.4275  HBOND      =        0.0000
 1-4 VDW =      542.0271  1-4 EEL =     5875.3755  RESTRAINT  =        0.0000


   NSTEP       ENERGY          RMS            GMAX         NAME    NUMBER
   4250      -1.8743E+05     1.7487E-01     9.9378E+00     CD       2075

 BOND    =    35351.6026  ANGLE   =      448.0121  DIHED      =      771.1402
 UB      =        0.0000  IMP     =        0.0000  CMAP       =      137.0941
 VDWAALS =    40910.1886  EEL     =  -271467.7697  HBOND      =        0.0000
 1-4 VDW =      541.9377  1-4 EEL =     5875.5518  RESTRAINT  =        0.0000


   NSTEP       ENERGY          RMS            GMAX         NAME    NUMBER
   4300      -1.8744E+05     1.5220E-01     7.3690E+00     CD       2358

 BOND    =    35353.6133  ANGLE   =      447.6901  DIHED      =      771.2645
 UB      =        0.0000  IMP     =        0.0000  CMAP       =      137.0933
 VDWAALS =    40914.8823  EEL     =  -271485.7083  HBOND      =        0.0000
 1-4 VDW =      542.0049  1-4 EEL =     5875.7730  RESTRAINT  =        0.0000


   NSTEP       ENERGY          RMS            GMAX         NAME    NUMBER
   4350      -1.8746E+05     1.3343E-01     7.8422E+00     H1       6483

 BOND    =    35366.0085  ANGLE   =      447.4938  DIHED      =      771.7874
 UB      =        0.0000  IMP     =        0.0000  CMAP       =      137.0782
 VDWAALS =    40931.1361  EEL     =  -271532.0290  HBOND      =        0.0000
 1-4 VDW =      541.6796  1-4 EEL =     5875.2897  RESTRAINT  =        0.0000


   NSTEP       ENERGY          RMS            GMAX         NAME    NUMBER
   4400      -1.8747E+05     1.0387E-01     6.2664E+00     CD2       510

 BOND    =    35369.4767  ANGLE   =      446.8812  DIHED      =      771.8606
 UB      =        0.0000  IMP     =        0.0000  CMAP       =      136.9426
 VDWAALS =    40933.8827  EEL     =  -271548.3751  HBOND      =        0.0000
 1-4 VDW =      542.1058  1-4 EEL =     5875.3941  RESTRAINT  =        0.0000


   NSTEP       ENERGY          RMS            GMAX         NAME    NUMBER
   4450      -1.8749E+05     1.3394E-01     1.1360E+01     H2      22596

 BOND    =    35371.6664  ANGLE   =      447.7667  DIHED      =      772.1693
 UB      =        0.0000  IMP     =        0.0000  CMAP       =      136.9399
 VDWAALS =    40938.0830  EEL     =  -271570.4103  HBOND      =        0.0000
 1-4 VDW =      542.2171  1-4 EEL =     5875.2964  RESTRAINT  =        0.0000


   NSTEP       ENERGY          RMS            GMAX         NAME    NUMBER
   4500      -1.8750E+05     1.2559E-01     1.0501E+01     H1      22595

 BOND    =    35379.0000  ANGLE   =      447.4612  DIHED      =      772.3896
 UB      =        0.0000  IMP     =        0.0000  CMAP       =      137.0266
 VDWAALS =    40942.8752  EEL     =  -271593.5640  HBOND      =        0.0000
 1-4 VDW =      542.1066  1-4 EEL =     5875.1314  RESTRAINT  =        0.0000


   NSTEP       ENERGY          RMS            GMAX         NAME    NUMBER
   4550      -1.8751E+05     8.4533E-02     7.2082E+00     C1       2850

 BOND    =    35380.2966  ANGLE   =      447.4313  DIHED      =      772.7095
 UB      =        0.0000  IMP     =        0.0000  CMAP       =      137.0994
 VDWAALS =    40945.4941  EEL     =  -271606.1053  HBOND      =        0.0000
 1-4 VDW =      542.0433  1-4 EEL =     5875.0133  RESTRAINT  =        0.0000


   NSTEP       ENERGY          RMS            GMAX         NAME    NUMBER
   4600      -1.8751E+05     3.9401E-02     2.6668E+00     H1      22595

 BOND    =    35381.6283  ANGLE   =      447.3461  DIHED      =      772.7391
 UB      =        0.0000  IMP     =        0.0000  CMAP       =      137.1441
 VDWAALS =    40946.2525  EEL     =  -271610.9497  HBOND      =        0.0000
 1-4 VDW =      541.8664  1-4 EEL =     5875.0749  RESTRAINT  =        0.0000


   NSTEP       ENERGY          RMS            GMAX         NAME    NUMBER
   4650      -1.8752E+05     1.4819E-01     1.5480E+01     CG        834

 BOND    =    35385.3560  ANGLE   =      447.3623  DIHED      =      772.8448
 UB      =        0.0000  IMP     =        0.0000  CMAP       =      137.1572
 VDWAALS =    40954.0225  EEL     =  -271629.4247  HBOND      =        0.0000
 1-4 VDW =      541.7036  1-4 EEL =     5875.1422  RESTRAINT  =        0.0000


   NSTEP       ENERGY          RMS            GMAX         NAME    NUMBER
   4700      -1.8752E+05     5.5781E-02     4.7823E+00     C1       2850

 BOND    =    35388.7944  ANGLE   =      447.2252  DIHED      =      772.8394
 UB      =        0.0000  IMP     =        0.0000  CMAP       =      137.1097
 VDWAALS =    40960.0117  EEL     =  -271644.4918  HBOND      =        0.0000
 1-4 VDW =      541.7582  1-4 EEL =     5875.1013  RESTRAINT  =        0.0000


   NSTEP       ENERGY          RMS            GMAX         NAME    NUMBER
   4750      -1.8753E+05     4.7091E-02     5.4250E+00     CD       2075

 BOND    =    35393.6688  ANGLE   =      447.1117  DIHED      =      772.8170
 UB      =        0.0000  IMP     =        0.0000  CMAP       =      137.0577
 VDWAALS =    40974.8698  EEL     =  -271675.2259  HBOND      =        0.0000
 1-4 VDW =      541.7080  1-4 EEL =     5875.0360  RESTRAINT  =        0.0000


   NSTEP       ENERGY          RMS            GMAX         NAME    NUMBER
   4800      -1.8754E+05     4.6513E-02     2.6147E+00     O       36590

 BOND    =    35398.1106  ANGLE   =      447.1213  DIHED      =      772.7695
 UB      =        0.0000  IMP     =        0.0000  CMAP       =      136.9960
 VDWAALS =    40987.5960  EEL     =  -271700.7972  HBOND      =        0.0000
 1-4 VDW =      541.6608  1-4 EEL =     5874.9857  RESTRAINT  =        0.0000


   NSTEP       ENERGY          RMS            GMAX         NAME    NUMBER
   4850      -1.8756E+05     5.5750E-02     5.6982E+00     CG        834

 BOND    =    35402.8336  ANGLE   =      447.1427  DIHED      =      772.5679
 UB      =        0.0000  IMP     =        0.0000  CMAP       =      136.9088
 VDWAALS =    40998.1014  EEL     =  -271730.1274  HBOND      =        0.0000
 1-4 VDW =      541.5625  1-4 EEL =     5874.6702  RESTRAINT  =        0.0000


   NSTEP       ENERGY          RMS            GMAX         NAME    NUMBER
   4900      -1.8757E+05     5.0159E-02     3.1872E+00     CG        834

 BOND    =    35408.8331  ANGLE   =      447.5138  DIHED      =      772.3088
 UB      =        0.0000  IMP     =        0.0000  CMAP       =      136.8056
 VDWAALS =    41010.6156  EEL     =  -271759.8496  HBOND      =        0.0000
 1-4 VDW =      541.4954  1-4 EEL =     5874.6361  RESTRAINT  =        0.0000


   NSTEP       ENERGY          RMS            GMAX         NAME    NUMBER
   4950      -1.8757E+05     3.4490E-02     2.0819E+00     C1       2850

 BOND    =    35407.8347  ANGLE   =      447.1881  DIHED      =      772.1452
 UB      =        0.0000  IMP     =        0.0000  CMAP       =      136.7778
 VDWAALS =    41014.7953  EEL     =  -271767.1630  HBOND      =        0.0000
 1-4 VDW =      541.4830  1-4 EEL =     5874.5780  RESTRAINT  =        0.0000


   NSTEP       ENERGY          RMS            GMAX         NAME    NUMBER
   5000      -1.8757E+05     1.0506E-01     4.5481E+00     NE2      2663

 BOND    =    35433.3364  ANGLE   =      446.8512  DIHED      =      772.0886
 UB      =        0.0000  IMP     =        0.0000  CMAP       =      136.7313
 VDWAALS =    41017.3696  EEL     =  -271797.0636  HBOND      =        0.0000
 1-4 VDW =      541.5554  1-4 EEL =     5874.2777  RESTRAINT  =        0.0000


  Maximum number of minimization cycles reached.


                    FINAL RESULTS



   NSTEP       ENERGY          RMS            GMAX         NAME    NUMBER
   5000      -1.8757E+05     1.0506E-01     4.5481E+00     NE2      2663

 BOND    =    35433.3364  ANGLE   =      446.8512  DIHED      =      772.0886
 UB      =        0.0000  IMP     =        0.0000  CMAP       =      136.7313
 VDWAALS =    41017.3696  EEL     =  -271797.0636  HBOND      =        0.0000
 1-4 VDW =      541.5554  1-4 EEL =     5874.2777  RESTRAINT  =        0.0000
--------------------------------------------------------------------------------
   5.  TIMINGS
--------------------------------------------------------------------------------

|  NonSetup CPU Time in Major Routines:
|
|     Routine           Sec        %
|     ------------------------------
|     Nonbond           3.19   34.56
|     Bond              0.00    0.00
|     Angle             0.00    0.00
|     Dihedral          0.00    0.00
|     Shake             0.00    0.00
|     Other             6.05   65.44
|     ------------------------------
|     Total             9.24

|  PME Nonbond Pairlist CPU Time:
|
|     Routine              Sec        %
|     ---------------------------------
|     Set Up Cit           0.00    0.00
|     Build List           0.00    0.00
|     ---------------------------------
|     Total                0.00    0.00

|  PME Direct Force CPU Time:
|
|     Routine              Sec        %
|     ---------------------------------
|     NonBonded Calc       0.00    0.00
|     Exclude Masked       0.00    0.00
|     Other                0.01    0.12
|     ---------------------------------
|     Total                0.01    0.12

|  PME Reciprocal Force CPU Time:
|
|     Routine              Sec        %
|     ---------------------------------
|     1D bspline           0.00    0.00
|     Grid Charges         0.00    0.00
|     Scalar Sum           0.00    0.00
|     Gradient Sum         0.00    0.00
|     FFT                  0.00    0.00
|     ---------------------------------
|     Total                0.00    0.00

|  Setup CPU time:            0.63 seconds
|  NonSetup CPU time:         9.24 seconds
|  Total CPU time:            9.87 seconds     0.00 hours

|  Setup wall time:           1    seconds
|  NonSetup wall time:        9    seconds
|  Total wall time:          10    seconds     0.00 hours
