
          -------------------------------------------------------
          Amber 22 PMEMD                              2022
          -------------------------------------------------------

| PMEMD implementation of SANDER, Release 22

|  Compiled date/time: Thu Apr 14 11:06:37 2022
| Run on 09/01/2026 at 12:51:04

|   Executable path: pmemd.cuda
| Working directory: /bigdata/cutlerlab/jjaco081/PYR1_pocket_expansion/data/posecheck/mandi_crystal/rep1
|          Hostname: gpu10

  [-O]verwriting output

File Assignments:
|   MDIN: eq2.in                                                                
|  MDOUT: eq2.out                                                               
| INPCRD: eq1.rst7                                                              
|   PARM: /bigdata/cutlerlab/jjaco081/PYR1_pocket_expansion/data/posecheck/mandi
| RESTRT: eq2.rst7                                                              
|   REFC: refc                                                                  
|  MDVEL: mdvel                                                                 
|   MDEN: mden                                                                  
|  MDCRD: eq2.nc                                                                
| MDINFO: eq2.info                                                              
|  MDFRC: mdfrc                                                                 


 Here is the input file:

NPT equilibration 2, 1 ns, unrestrained                                        
 &cntrl                                                                        
  imin=0, irest=1, ntx=5,                                                      
  nstlim=500000, dt=0.002,                                                     
  ntc=2, ntf=2, cut=10.0,                                                      
  ntb=2, ntp=1, barostat=2, pres0=1.0, taup=2.0,                               
  ntt=3, gamma_ln=2.0, ig=-1, temp0=300.0,                                     
  ntr=0,                                                                       
  ntpr=5000, ntwx=5000, ntwr=50000,                                            
 /                                                                             


Note: ig = -1. Setting random seed to   403140 based on wallclock time in 
      microseconds.
| irandom = 1, using AMBER's internal random number generator (default).
 
|--------------------- INFORMATION ----------------------
| GPU (CUDA) Version of PMEMD in use: NVIDIA GPU IN USE.
|                    Version 18.0.0
| 
|                      03/25/2018
| 
| Implementation by:
|                    Ross C. Walker     (SDSC)
|                    Scott Le Grand     (nVIDIA)
| 
| Version 18 performance extensions by:
|                    David Cerutti     (Rutgers)
| 
| Precision model in use:
|      [SPFP] - Single Precision Forces, 64-bit Fixed Point
|               Accumulation. (Default)
| 
|--------------------------------------------------------
 
|----------------- CITATION INFORMATION -----------------
|
|    When publishing work that utilized the CUDA version
|    of AMBER, please cite the following in addition to
|    the regular AMBER citations:
|
|  - Romelia Salomon-Ferrer; Andreas W. Goetz; Duncan
|    Poole; Scott Le Grand; Ross C. Walker "Routine
|    microsecond molecular dynamics simulations with
|    AMBER - Part II: Particle Mesh Ewald", J. Chem.
|    Theory Comput., 2013, 9 (9), pp3878-3888,
|    DOI: 10.1021/ct400314y.
|
|  - Andreas W. Goetz; Mark J. Williamson; Dong Xu;
|    Duncan Poole; Scott Le Grand; Ross C. Walker
|    "Routine microsecond molecular dynamics simulations
|    with AMBER - Part I: Generalized Born", J. Chem.
|    Theory Comput., 2012, 8 (5), pp1542-1555.
|
|  - Scott Le Grand; Andreas W. Goetz; Ross C. Walker
|    "SPFP: Speed without compromise - a mixed precision
|    model for GPU accelerated molecular dynamics
|    simulations.", Comp. Phys. Comm., 2013, 184
|    pp374-380, DOI: 10.1016/j.cpc.2012.09.022
|
|--------------------------------------------------------
 
|------------------- GPU DEVICE INFO --------------------
|
|            CUDA_VISIBLE_DEVICES: 0
|   CUDA Capable Devices Detected:      1
|           CUDA Device ID in use:      0
|                CUDA Device Name: NVIDIA RTX 6000 Ada Generation
|     CUDA Device Global Mem Size:  48510 MB
| CUDA Device Num Multiprocessors:    142
|           CUDA Device Core Freq:   2.50 GHz
|
|--------------------------------------------------------
 
 
| Conditional Compilation Defines Used:
| PUBFFT
| BINTRAJ
| CUDA
| EMIL

| Largest sphere to fit in unit cell has radius =    30.928

| New format PARM file being parsed.
| Version =    1.000 Date = 09/01/26 Time = 11:33:59

| Note: 1-4 EEL scale factors are being read from the topology file.

| Note: 1-4 VDW scale factors are being read from the topology file.
| INFO:    Virtual site frames will be inferred from bonding patterns.
| Duplicated    0 dihedrals

| Duplicated    0 dihedrals

--------------------------------------------------------------------------------
   1.  RESOURCE   USE: 
--------------------------------------------------------------------------------

 getting box info from netcdf restart file
 NATOM  =   43893 NTYPES =      30 NBONH =   32136 MBONA  =   11724
 NTHETH =    3258 MTHETA =    2016 NPHIH =    6625 MPHIA  =    6376
 NHPARM =       0 NPARM  =       0 NNB   =   87650 NRES   =   10474
 NBONA  =   11724 NTHETA =    2016 NPHIA =    6376 NUMBND =      93
 NUMANG =     205 NPTRA  =     215 NATYP =      52 NPHB   =       0
 IFBOX  =       2 NMXRS  =      51 IFCAP =       0 NEXTRA =   10233
 NCOPY  =       0


| Coordinate Index Table dimensions:    12   12   12
| Direct force subcell size =     6.3131    6.3131    6.3131

     BOX TYPE: TRUNCATED OCTAHEDRON

--------------------------------------------------------------------------------
   2.  CONTROL  DATA  FOR  THE  RUN
--------------------------------------------------------------------------------

default_name                                                                    

General flags:
     imin    =       0, nmropt  =       0

Nature and format of input:
     ntx     =       5, irest   =       1, ntrx    =       1

Nature and format of output:
     ntxo    =       2, ntpr    =    5000, ntrx    =       1, ntwr    =   50000
     iwrap   =       0, ntwx    =    5000, ntwv    =       0, ntwe    =       0
     ioutfm  =       1, ntwprt  =       0, idecomp =       0, rbornstat=      0

Potential function:
     ntf     =       2, ntb     =       2, igb     =       0, nsnb    =      25
     ipol    =       0, gbsa    =       0, iesp    =       0
     dielc   =   1.00000, cut     =  10.00000, intdiel =   1.00000

Frozen or restrained atoms:
     ibelly  =       0, ntr     =       0

Molecular dynamics:
     nstlim  =    500000, nscm    =      1000, nrespa  =         1
     t       =   0.00000, dt      =   0.00200, vlimit  =  -1.00000

Langevin dynamics temperature regulation:
     ig      =  403140
     temp0   = 300.00000, tempi   =   0.00000, gamma_ln=   2.00000

Pressure regulation:
     ntp     =       1
     pres0   =   1.00000, comp    =  44.60000, taup    =   2.00000
     Monte-Carlo Barostat:
     mcbarint  =     100

SHAKE:
     ntc     =       2, jfastw  =       0
     tol     =   0.00001

| Intermolecular bonds treatment:
|     no_intermolecular_bonds =       1

| Energy averages sample interval:
|     ene_avg_sampling =    5000

Extra-points options:
     frameon =       1, chngmask=       1

Ewald parameters:
     verbose =       0, ew_type =       0, nbflag  =       1, use_pme =       1
     vdwmeth =       1, eedmeth =       1, netfrc  =       1
     Box X =   75.757   Box Y =   75.757   Box Z =   75.757
     Alpha =  109.471   Beta  =  109.471   Gamma =  109.471
     NFFT1 =   80       NFFT2 =   80       NFFT3 =   80
     Cutoff=   10.000   Tol   =0.100E-04
     Ewald Coefficient =  0.27511
     Interpolation order =    4
|      EXTRA_PTS, trim_bonds: num bonds BEFORE trim = 32136     0
|      EXTRA_PTS, trim_bonds: num bonds AFTER  trim = 32136     0
|      EXTRA_PTS, trim_bonds: num bonds BEFORE trim = 11724     0
|      EXTRA_PTS, trim_bonds: num bonds AFTER  trim =  1491     0
|      EXTRA_PTS, trim_theta: num angle BEFORE trim =  3258     0
|      EXTRA_PTS, trim_theta: num angle AFTER  trim =  3258     0
|      EXTRA_PTS, trim_theta: num angle BEFORE trim =  2016     0
|      EXTRA_PTS, trim_theta: num angle AFTER  trim =  2016     0
|      EXTRA_PTS, trim_phi:  num diheds BEFORE trim =  6625     0
|      EXTRA_PTS, trim_phi:  num diheds AFTER  trim =  6625     0
|      EXTRA_PTS, trim_phi:  num diheds BEFORE trim =  6376     0
|      EXTRA_PTS, trim_phi:  num diheds AFTER  trim =  6376     0
| MONTE CARLO BAROSTAT IMPORTANT NOTE:
|   The Monte-Carlo barostat does not require the virial to adjust the system volume.
|   Since it is an expensive calculation, it is skipped for efficiency. A side-effect
|   is that the reported pressure is always 0 because it is not calculated.

--------------------------------------------------------------------------------
   3.  ATOMIC COORDINATES AND VELOCITIES
--------------------------------------------------------------------------------

default_name                                                                    
 begin time read from input coords =   700.000 ps

 
 Number of triangulated 3-point waters found:    10233

     Sum of charges from parm topology file =  -0.00094390
     Forcing neutrality...

| Dynamic Memory, Types Used:
| Reals             1889452
| Integers          4334775

| Nonbonded Pairs Initial Allocation:    13276535

| GPU memory information (estimate):
| KB of GPU memory in use:    388501
| KB of CPU memory in use:     97976

--------------------------------------------------------------------------------
   4.  RESULTS
--------------------------------------------------------------------------------

| MC Barostat: Decreasing size of volume moves
| MC Barostat: Decreasing size of volume moves
| MC Barostat: Decreasing size of volume moves
| MC Barostat: Decreasing size of volume moves
| MC Barostat: Decreasing size of volume moves

 NSTEP =     5000   TIME(PS) =     710.000  TEMP(K) =   298.62  PRESS =     0.0
 Etot   =   -116755.1422  EKtot   =     20426.4434  EPtot      =   -137181.5855
 BOND   =       563.0171  ANGLE   =      1533.1499  DIHED      =      1026.1606
 UB     =         0.0000  IMP     =         0.0000  CMAP       =       142.5039
 1-4 NB =       661.9255  1-4 EEL =      5892.9043  VDWAALS    =     16068.0489
 EELEC  =   -163069.2958  EHBOND  =         0.0000  RESTRAINT  =         0.0000
 EKCMT  =         0.0000  VIRIAL  =         0.0000  VOLUME     =    336199.2157
                                                    Density    =         1.0248
 ------------------------------------------------------------------------------

| MC Barostat: Decreasing size of volume moves
| MC Barostat: Decreasing size of volume moves

 NSTEP =    10000   TIME(PS) =     720.000  TEMP(K) =   299.19  PRESS =     0.0
 Etot   =   -116839.4899  EKtot   =     20465.6875  EPtot      =   -137305.1774
 BOND   =       595.3755  ANGLE   =      1560.8521  DIHED      =      1011.8060
 UB     =         0.0000  IMP     =         0.0000  CMAP       =       153.5559
 1-4 NB =       645.0111  1-4 EEL =      5852.7517  VDWAALS    =     16176.2929
 EELEC  =   -163300.8226  EHBOND  =         0.0000  RESTRAINT  =         0.0000
 EKCMT  =         0.0000  VIRIAL  =         0.0000  VOLUME     =    334357.9070
                                                    Density    =         1.0304
 ------------------------------------------------------------------------------


 NSTEP =    15000   TIME(PS) =     730.000  TEMP(K) =   300.63  PRESS =     0.0
 Etot   =   -117229.8999  EKtot   =     20563.7383  EPtot      =   -137793.6382
 BOND   =       598.9784  ANGLE   =      1544.2291  DIHED      =      1000.1229
 UB     =         0.0000  IMP     =         0.0000  CMAP       =       155.2886
 1-4 NB =       648.9118  1-4 EEL =      5884.2176  VDWAALS    =     16431.6881
 EELEC  =   -164057.0745  EHBOND  =         0.0000  RESTRAINT  =         0.0000
 EKCMT  =         0.0000  VIRIAL  =         0.0000  VOLUME     =    333147.2647
                                                    Density    =         1.0342
 ------------------------------------------------------------------------------


 NSTEP =    20000   TIME(PS) =     740.000  TEMP(K) =   298.85  PRESS =     0.0
 Etot   =   -117169.7774  EKtot   =     20442.0547  EPtot      =   -137611.8320
 BOND   =       548.5870  ANGLE   =      1530.4646  DIHED      =       974.2158
 UB     =         0.0000  IMP     =         0.0000  CMAP       =       153.0696
 1-4 NB =       650.7946  1-4 EEL =      5868.7726  VDWAALS    =     16233.6326
 EELEC  =   -163571.3689  EHBOND  =         0.0000  RESTRAINT  =         0.0000
 EKCMT  =         0.0000  VIRIAL  =         0.0000  VOLUME     =    333575.2624
                                                    Density    =         1.0328
 ------------------------------------------------------------------------------

| MC Barostat: Decreasing size of volume moves
| MC Barostat: Decreasing size of volume moves
| MC Barostat: Decreasing size of volume moves

 NSTEP =    25000   TIME(PS) =     750.000  TEMP(K) =   298.59  PRESS =     0.0
 Etot   =   -117152.4639  EKtot   =     20424.2031  EPtot      =   -137576.6670
 BOND   =       579.8958  ANGLE   =      1571.0322  DIHED      =       987.7562
 UB     =         0.0000  IMP     =         0.0000  CMAP       =       164.1452
 1-4 NB =       635.6395  1-4 EEL =      5847.2501  VDWAALS    =     16113.5307
 EELEC  =   -163475.9166  EHBOND  =         0.0000  RESTRAINT  =         0.0000
 EKCMT  =         0.0000  VIRIAL  =         0.0000  VOLUME     =    334050.4542
                                                    Density    =         1.0314
 ------------------------------------------------------------------------------

| MC Barostat: Decreasing size of volume moves
| MC Barostat: Decreasing size of volume moves

 NSTEP =    30000   TIME(PS) =     760.000  TEMP(K) =   301.62  PRESS =     0.0
 Etot   =   -117045.6399  EKtot   =     20631.4746  EPtot      =   -137677.1145
 BOND   =       561.2499  ANGLE   =      1478.9587  DIHED      =       976.6645
 UB     =         0.0000  IMP     =         0.0000  CMAP       =       145.0669
 1-4 NB =       646.2482  1-4 EEL =      5874.9438  VDWAALS    =     16241.5473
 EELEC  =   -163601.7939  EHBOND  =         0.0000  RESTRAINT  =         0.0000
 EKCMT  =         0.0000  VIRIAL  =         0.0000  VOLUME     =    333830.4607
                                                    Density    =         1.0321
 ------------------------------------------------------------------------------


 NSTEP =    35000   TIME(PS) =     770.000  TEMP(K) =   300.71  PRESS =     0.0
 Etot   =   -116853.7535  EKtot   =     20569.6973  EPtot      =   -137423.4507
 BOND   =       583.8902  ANGLE   =      1506.1466  DIHED      =      1007.1311
 UB     =         0.0000  IMP     =         0.0000  CMAP       =       143.5788
 1-4 NB =       650.3250  1-4 EEL =      5846.3335  VDWAALS    =     16159.4871
 EELEC  =   -163320.3430  EHBOND  =         0.0000  RESTRAINT  =         0.0000
 EKCMT  =         0.0000  VIRIAL  =         0.0000  VOLUME     =    334852.2972
                                                    Density    =         1.0289
 ------------------------------------------------------------------------------


 NSTEP =    40000   TIME(PS) =     780.000  TEMP(K) =   296.82  PRESS =     0.0
 Etot   =   -117216.1357  EKtot   =     20303.7383  EPtot      =   -137519.8740
 BOND   =       575.4130  ANGLE   =      1507.1004  DIHED      =       994.0072
 UB     =         0.0000  IMP     =         0.0000  CMAP       =       144.6361
 1-4 NB =       633.0203  1-4 EEL =      5895.7099  VDWAALS    =     16245.4393
 EELEC  =   -163515.2002  EHBOND  =         0.0000  RESTRAINT  =         0.0000
 EKCMT  =         0.0000  VIRIAL  =         0.0000  VOLUME     =    334821.2438
                                                    Density    =         1.0290
 ------------------------------------------------------------------------------


 NSTEP =    45000   TIME(PS) =     790.000  TEMP(K) =   298.70  PRESS =     0.0
 Etot   =   -117168.1657  EKtot   =     20431.9902  EPtot      =   -137600.1559
 BOND   =       543.3509  ANGLE   =      1532.5607  DIHED      =      1014.6210
 UB     =         0.0000  IMP     =         0.0000  CMAP       =       139.5260
 1-4 NB =       657.4090  1-4 EEL =      5899.7526  VDWAALS    =     16482.2246
 EELEC  =   -163869.6007  EHBOND  =         0.0000  RESTRAINT  =         0.0000
 EKCMT  =         0.0000  VIRIAL  =         0.0000  VOLUME     =    335039.6545
                                                    Density    =         1.0283
 ------------------------------------------------------------------------------


 NSTEP =    50000   TIME(PS) =     800.000  TEMP(K) =   299.62  PRESS =     0.0
 Etot   =   -117437.4606  EKtot   =     20495.2559  EPtot      =   -137932.7164
 BOND   =       577.5115  ANGLE   =      1484.8199  DIHED      =      1009.8388
 UB     =         0.0000  IMP     =         0.0000  CMAP       =       136.4403
 1-4 NB =       657.4476  1-4 EEL =      5940.5714  VDWAALS    =     16476.8023
 EELEC  =   -164216.1481  EHBOND  =         0.0000  RESTRAINT  =         0.0000
 EKCMT  =         0.0000  VIRIAL  =         0.0000  VOLUME     =    332599.2226
                                                    Density    =         1.0359
 ------------------------------------------------------------------------------


 NSTEP =    55000   TIME(PS) =     810.000  TEMP(K) =   302.00  PRESS =     0.0
 Etot   =   -116587.7140  EKtot   =     20657.4531  EPtot      =   -137245.1672
 BOND   =       609.0946  ANGLE   =      1505.6252  DIHED      =      1014.7578
 UB     =         0.0000  IMP     =         0.0000  CMAP       =       132.1757
 1-4 NB =       660.0653  1-4 EEL =      5876.8531  VDWAALS    =     16384.3292
 EELEC  =   -163428.0682  EHBOND  =         0.0000  RESTRAINT  =         0.0000
 EKCMT  =         0.0000  VIRIAL  =         0.0000  VOLUME     =    332946.6963
                                                    Density    =         1.0348
 ------------------------------------------------------------------------------


 NSTEP =    60000   TIME(PS) =     820.000  TEMP(K) =   299.02  PRESS =     0.0
 Etot   =   -117233.3350  EKtot   =     20453.5977  EPtot      =   -137686.9326
 BOND   =       581.1017  ANGLE   =      1544.5743  DIHED      =       996.5965
 UB     =         0.0000  IMP     =         0.0000  CMAP       =       142.1220
 1-4 NB =       643.9408  1-4 EEL =      5928.0662  VDWAALS    =     16153.3197
 EELEC  =   -163676.6538  EHBOND  =         0.0000  RESTRAINT  =         0.0000
 EKCMT  =         0.0000  VIRIAL  =         0.0000  VOLUME     =    334395.0648
                                                    Density    =         1.0303
 ------------------------------------------------------------------------------


 NSTEP =    65000   TIME(PS) =     830.000  TEMP(K) =   298.56  PRESS =     0.0
 Etot   =   -117230.7430  EKtot   =     20422.1641  EPtot      =   -137652.9070
 BOND   =       574.3066  ANGLE   =      1550.1363  DIHED      =      1011.6972
 UB     =         0.0000  IMP     =         0.0000  CMAP       =       143.7803
 1-4 NB =       642.2869  1-4 EEL =      5866.8135  VDWAALS    =     16399.4544
 EELEC  =   -163841.3821  EHBOND  =         0.0000  RESTRAINT  =         0.0000
 EKCMT  =         0.0000  VIRIAL  =         0.0000  VOLUME     =    334627.4016
                                                    Density    =         1.0296
 ------------------------------------------------------------------------------


 NSTEP =    70000   TIME(PS) =     840.000  TEMP(K) =   298.85  PRESS =     0.0
 Etot   =   -116885.9308  EKtot   =     20442.5176  EPtot      =   -137328.4484
 BOND   =       531.6350  ANGLE   =      1567.4555  DIHED      =       984.9428
 UB     =         0.0000  IMP     =         0.0000  CMAP       =       141.5026
 1-4 NB =       667.6792  1-4 EEL =      5883.2470  VDWAALS    =     16429.0166
 EELEC  =   -163533.9270  EHBOND  =         0.0000  RESTRAINT  =         0.0000
 EKCMT  =         0.0000  VIRIAL  =         0.0000  VOLUME     =    334905.1635
                                                    Density    =         1.0287
 ------------------------------------------------------------------------------


 NSTEP =    75000   TIME(PS) =     850.000  TEMP(K) =   299.13  PRESS =     0.0
 Etot   =   -117157.7938  EKtot   =     20461.1855  EPtot      =   -137618.9794
 BOND   =       555.8877  ANGLE   =      1497.9068  DIHED      =      1006.9651
 UB     =         0.0000  IMP     =         0.0000  CMAP       =       153.1309
 1-4 NB =       649.9510  1-4 EEL =      5854.0647  VDWAALS    =     16489.9500
 EELEC  =   -163826.8357  EHBOND  =         0.0000  RESTRAINT  =         0.0000
 EKCMT  =         0.0000  VIRIAL  =         0.0000  VOLUME     =    332788.7407
                                                    Density    =         1.0353
 ------------------------------------------------------------------------------


 NSTEP =    80000   TIME(PS) =     860.000  TEMP(K) =   299.26  PRESS =     0.0
 Etot   =   -117071.5517  EKtot   =     20470.4551  EPtot      =   -137542.0068
 BOND   =       564.4839  ANGLE   =      1479.9967  DIHED      =      1007.1387
 UB     =         0.0000  IMP     =         0.0000  CMAP       =       155.3677
 1-4 NB =       655.8199  1-4 EEL =      5881.6381  VDWAALS    =     16719.6155
 EELEC  =   -164006.0673  EHBOND  =         0.0000  RESTRAINT  =         0.0000
 EKCMT  =         0.0000  VIRIAL  =         0.0000  VOLUME     =    332901.6758
                                                    Density    =         1.0349
 ------------------------------------------------------------------------------


 NSTEP =    85000   TIME(PS) =     870.000  TEMP(K) =   301.55  PRESS =     0.0
 Etot   =   -116955.9493  EKtot   =     20626.7402  EPtot      =   -137582.6895
 BOND   =       523.7932  ANGLE   =      1557.2404  DIHED      =       962.5090
 UB     =         0.0000  IMP     =         0.0000  CMAP       =       151.2997
 1-4 NB =       670.5020  1-4 EEL =      5929.9443  VDWAALS    =     16218.7463
 EELEC  =   -163596.7245  EHBOND  =         0.0000  RESTRAINT  =         0.0000
 EKCMT  =         0.0000  VIRIAL  =         0.0000  VOLUME     =    333394.5970
                                                    Density    =         1.0334
 ------------------------------------------------------------------------------


 NSTEP =    90000   TIME(PS) =     880.000  TEMP(K) =   297.27  PRESS =     0.0
 Etot   =   -117357.3398  EKtot   =     20333.8887  EPtot      =   -137691.2284
 BOND   =       525.5680  ANGLE   =      1514.1459  DIHED      =      1002.4351
 UB     =         0.0000  IMP     =         0.0000  CMAP       =       149.3579
 1-4 NB =       650.3678  1-4 EEL =      5854.4214  VDWAALS    =     16566.2463
 EELEC  =   -163953.7709  EHBOND  =         0.0000  RESTRAINT  =         0.0000
 EKCMT  =         0.0000  VIRIAL  =         0.0000  VOLUME     =    333567.1265
                                                    Density    =         1.0329
 ------------------------------------------------------------------------------


 NSTEP =    95000   TIME(PS) =     890.000  TEMP(K) =   301.43  PRESS =     0.0
 Etot   =   -117025.4884  EKtot   =     20618.9609  EPtot      =   -137644.4494
 BOND   =       571.2191  ANGLE   =      1488.8397  DIHED      =       999.9624
 UB     =         0.0000  IMP     =         0.0000  CMAP       =       140.6914
 1-4 NB =       635.5294  1-4 EEL =      5859.1022  VDWAALS    =     16775.9452
 EELEC  =   -164115.7389  EHBOND  =         0.0000  RESTRAINT  =         0.0000
 EKCMT  =         0.0000  VIRIAL  =         0.0000  VOLUME     =    334840.6374
                                                    Density    =         1.0289
 ------------------------------------------------------------------------------


 NSTEP =   100000   TIME(PS) =     900.000  TEMP(K) =   300.54  PRESS =     0.0
 Etot   =   -116965.7181  EKtot   =     20558.1758  EPtot      =   -137523.8939
 BOND   =       576.6030  ANGLE   =      1515.6301  DIHED      =      1012.6315
 UB     =         0.0000  IMP     =         0.0000  CMAP       =       135.0220
 1-4 NB =       637.0019  1-4 EEL =      5866.9359  VDWAALS    =     16755.0753
 EELEC  =   -164022.7935  EHBOND  =         0.0000  RESTRAINT  =         0.0000
 EKCMT  =         0.0000  VIRIAL  =         0.0000  VOLUME     =    333661.4514
                                                    Density    =         1.0326
 ------------------------------------------------------------------------------


 NSTEP =   105000   TIME(PS) =     910.000  TEMP(K) =   301.89  PRESS =     0.0
 Etot   =   -116856.5013  EKtot   =     20650.3398  EPtot      =   -137506.8411
 BOND   =       619.3045  ANGLE   =      1524.0632  DIHED      =       974.2417
 UB     =         0.0000  IMP     =         0.0000  CMAP       =       142.2690
 1-4 NB =       641.6580  1-4 EEL =      5887.9966  VDWAALS    =     16517.5706
 EELEC  =   -163813.9448  EHBOND  =         0.0000  RESTRAINT  =         0.0000
 EKCMT  =         0.0000  VIRIAL  =         0.0000  VOLUME     =    334287.5301
                                                    Density    =         1.0306
 ------------------------------------------------------------------------------


 NSTEP =   110000   TIME(PS) =     920.000  TEMP(K) =   297.89  PRESS =     0.0
 Etot   =   -117089.0624  EKtot   =     20376.5586  EPtot      =   -137465.6209
 BOND   =       581.6502  ANGLE   =      1549.9010  DIHED      =       995.4555
 UB     =         0.0000  IMP     =         0.0000  CMAP       =       149.4692
 1-4 NB =       654.3654  1-4 EEL =      5897.0430  VDWAALS    =     16301.8866
 EELEC  =   -163595.3917  EHBOND  =         0.0000  RESTRAINT  =         0.0000
 EKCMT  =         0.0000  VIRIAL  =         0.0000  VOLUME     =    333802.2057
                                                    Density    =         1.0321
 ------------------------------------------------------------------------------


 NSTEP =   115000   TIME(PS) =     930.000  TEMP(K) =   302.98  PRESS =     0.0
 Etot   =   -116555.2370  EKtot   =     20724.7930  EPtot      =   -137280.0299
 BOND   =       555.4692  ANGLE   =      1568.2942  DIHED      =      1005.4002
 UB     =         0.0000  IMP     =         0.0000  CMAP       =       138.4312
 1-4 NB =       647.6971  1-4 EEL =      5843.6576  VDWAALS    =     16101.0981
 EELEC  =   -163140.0775  EHBOND  =         0.0000  RESTRAINT  =         0.0000
 EKCMT  =         0.0000  VIRIAL  =         0.0000  VOLUME     =    335372.1981
                                                    Density    =         1.0273
 ------------------------------------------------------------------------------


 NSTEP =   120000   TIME(PS) =     940.000  TEMP(K) =   299.72  PRESS =     0.0
 Etot   =   -116883.7319  EKtot   =     20501.4395  EPtot      =   -137385.1713
 BOND   =       567.8309  ANGLE   =      1531.3813  DIHED      =      1006.4028
 UB     =         0.0000  IMP     =         0.0000  CMAP       =       139.7856
 1-4 NB =       659.4092  1-4 EEL =      5817.7395  VDWAALS    =     16376.2555
 EELEC  =   -163483.9762  EHBOND  =         0.0000  RESTRAINT  =         0.0000
 EKCMT  =         0.0000  VIRIAL  =         0.0000  VOLUME     =    334499.5142
                                                    Density    =         1.0300
 ------------------------------------------------------------------------------


 NSTEP =   125000   TIME(PS) =     950.000  TEMP(K) =   300.07  PRESS =     0.0
 Etot   =   -117115.4960  EKtot   =     20525.9004  EPtot      =   -137641.3964
 BOND   =       547.2902  ANGLE   =      1507.4876  DIHED      =       997.3116
 UB     =         0.0000  IMP     =         0.0000  CMAP       =       142.9919
 1-4 NB =       651.3158  1-4 EEL =      5840.3863  VDWAALS    =     16584.7223
 EELEC  =   -163912.9021  EHBOND  =         0.0000  RESTRAINT  =         0.0000
 EKCMT  =         0.0000  VIRIAL  =         0.0000  VOLUME     =    334298.3435
                                                    Density    =         1.0306
 ------------------------------------------------------------------------------


 NSTEP =   130000   TIME(PS) =     960.000  TEMP(K) =   299.66  PRESS =     0.0
 Etot   =   -116966.1334  EKtot   =     20497.7363  EPtot      =   -137463.8698
 BOND   =       543.3917  ANGLE   =      1558.4456  DIHED      =       994.9039
 UB     =         0.0000  IMP     =         0.0000  CMAP       =       140.8873
 1-4 NB =       642.7667  1-4 EEL =      5850.7045  VDWAALS    =     16352.9617
 EELEC  =   -163547.9311  EHBOND  =         0.0000  RESTRAINT  =         0.0000
 EKCMT  =         0.0000  VIRIAL  =         0.0000  VOLUME     =    333924.0718
                                                    Density    =         1.0318
 ------------------------------------------------------------------------------


 NSTEP =   135000   TIME(PS) =     970.000  TEMP(K) =   298.32  PRESS =     0.0
 Etot   =   -117619.5987  EKtot   =     20406.0820  EPtot      =   -138025.6807
 BOND   =       583.4127  ANGLE   =      1494.6457  DIHED      =       994.7415
 UB     =         0.0000  IMP     =         0.0000  CMAP       =       145.6087
 1-4 NB =       645.5503  1-4 EEL =      5859.4353  VDWAALS    =     16580.1713
 EELEC  =   -164329.2462  EHBOND  =         0.0000  RESTRAINT  =         0.0000
 EKCMT  =         0.0000  VIRIAL  =         0.0000  VOLUME     =    334985.5991
                                                    Density    =         1.0285
 ------------------------------------------------------------------------------


 NSTEP =   140000   TIME(PS) =     980.000  TEMP(K) =   299.71  PRESS =     0.0
 Etot   =   -116829.3365  EKtot   =     20500.7871  EPtot      =   -137330.1236
 BOND   =       583.3481  ANGLE   =      1568.0151  DIHED      =       983.3814
 UB     =         0.0000  IMP     =         0.0000  CMAP       =       145.9399
 1-4 NB =       639.5358  1-4 EEL =      5849.6980  VDWAALS    =     16072.5554
 EELEC  =   -163172.5974  EHBOND  =         0.0000  RESTRAINT  =         0.0000
 EKCMT  =         0.0000  VIRIAL  =         0.0000  VOLUME     =    334922.6727
                                                    Density    =         1.0287
 ------------------------------------------------------------------------------


 NSTEP =   145000   TIME(PS) =     990.000  TEMP(K) =   298.77  PRESS =     0.0
 Etot   =   -117113.1094  EKtot   =     20436.6230  EPtot      =   -137549.7324
 BOND   =       526.9011  ANGLE   =      1571.1932  DIHED      =       998.9744
 UB     =         0.0000  IMP     =         0.0000  CMAP       =       139.2824
 1-4 NB =       666.1339  1-4 EEL =      5845.3724  VDWAALS    =     16309.2934
 EELEC  =   -163606.8833  EHBOND  =         0.0000  RESTRAINT  =         0.0000
 EKCMT  =         0.0000  VIRIAL  =         0.0000  VOLUME     =    333661.1732
                                                    Density    =         1.0326
 ------------------------------------------------------------------------------


 NSTEP =   150000   TIME(PS) =    1000.000  TEMP(K) =   302.34  PRESS =     0.0
 Etot   =   -117031.4012  EKtot   =     20681.1270  EPtot      =   -137712.5281
 BOND   =       566.4792  ANGLE   =      1481.1881  DIHED      =      1011.9853
 UB     =         0.0000  IMP     =         0.0000  CMAP       =       135.5917
 1-4 NB =       662.9060  1-4 EEL =      5908.3313  VDWAALS    =     16603.0930
 EELEC  =   -164082.1028  EHBOND  =         0.0000  RESTRAINT  =         0.0000
 EKCMT  =         0.0000  VIRIAL  =         0.0000  VOLUME     =    334730.2610
                                                    Density    =         1.0293
 ------------------------------------------------------------------------------


 NSTEP =   155000   TIME(PS) =    1010.000  TEMP(K) =   301.86  PRESS =     0.0
 Etot   =   -116792.3238  EKtot   =     20648.4043  EPtot      =   -137440.7281
 BOND   =       546.3375  ANGLE   =      1481.5722  DIHED      =      1008.8217
 UB     =         0.0000  IMP     =         0.0000  CMAP       =       148.7658
 1-4 NB =       637.8630  1-4 EEL =      5842.9813  VDWAALS    =     16160.5016
 EELEC  =   -163267.5712  EHBOND  =         0.0000  RESTRAINT  =         0.0000
 EKCMT  =         0.0000  VIRIAL  =         0.0000  VOLUME     =    334890.3925
                                                    Density    =         1.0288
 ------------------------------------------------------------------------------


 NSTEP =   160000   TIME(PS) =    1020.000  TEMP(K) =   300.08  PRESS =     0.0
 Etot   =   -117170.4127  EKtot   =     20526.6621  EPtot      =   -137697.0748
 BOND   =       540.5332  ANGLE   =      1464.3916  DIHED      =      1003.7100
 UB     =         0.0000  IMP     =         0.0000  CMAP       =       137.8361
 1-4 NB =       646.4114  1-4 EEL =      5844.3384  VDWAALS    =     16462.2594
 EELEC  =   -163796.5548  EHBOND  =         0.0000  RESTRAINT  =         0.0000
 EKCMT  =         0.0000  VIRIAL  =         0.0000  VOLUME     =    335052.3787
                                                    Density    =         1.0283
 ------------------------------------------------------------------------------


 NSTEP =   165000   TIME(PS) =    1030.000  TEMP(K) =   302.86  PRESS =     0.0
 Etot   =   -116328.9452  EKtot   =     20716.2812  EPtot      =   -137045.2265
 BOND   =       553.1971  ANGLE   =      1514.0546  DIHED      =       992.2840
 UB     =         0.0000  IMP     =         0.0000  CMAP       =       142.0920
 1-4 NB =       653.7776  1-4 EEL =      5848.0177  VDWAALS    =     16302.2986
 EELEC  =   -163050.9480  EHBOND  =         0.0000  RESTRAINT  =         0.0000
 EKCMT  =         0.0000  VIRIAL  =         0.0000  VOLUME     =    335009.6938
                                                    Density    =         1.0284
 ------------------------------------------------------------------------------


 NSTEP =   170000   TIME(PS) =    1040.000  TEMP(K) =   297.57  PRESS =     0.0
 Etot   =   -117273.2382  EKtot   =     20354.5703  EPtot      =   -137627.8085
 BOND   =       574.0222  ANGLE   =      1498.8427  DIHED      =      1000.4457
 UB     =         0.0000  IMP     =         0.0000  CMAP       =       141.4245
 1-4 NB =       659.3174  1-4 EEL =      5863.5491  VDWAALS    =     16628.7562
 EELEC  =   -163994.1662  EHBOND  =         0.0000  RESTRAINT  =         0.0000
 EKCMT  =         0.0000  VIRIAL  =         0.0000  VOLUME     =    333417.1691
                                                    Density    =         1.0333
 ------------------------------------------------------------------------------


 NSTEP =   175000   TIME(PS) =    1050.000  TEMP(K) =   301.74  PRESS =     0.0
 Etot   =   -117142.4563  EKtot   =     20639.6758  EPtot      =   -137782.1321
 BOND   =       555.1185  ANGLE   =      1496.2726  DIHED      =       978.2680
 UB     =         0.0000  IMP     =         0.0000  CMAP       =       152.1823
 1-4 NB =       651.2554  1-4 EEL =      5866.7875  VDWAALS    =     16188.4151
 EELEC  =   -163670.4315  EHBOND  =         0.0000  RESTRAINT  =         0.0000
 EKCMT  =         0.0000  VIRIAL  =         0.0000  VOLUME     =    333683.5840
                                                    Density    =         1.0325
 ------------------------------------------------------------------------------


 NSTEP =   180000   TIME(PS) =    1060.000  TEMP(K) =   297.51  PRESS =     0.0
 Etot   =   -117047.1205  EKtot   =     20350.5703  EPtot      =   -137397.6908
 BOND   =       561.6794  ANGLE   =      1534.6732  DIHED      =      1015.7067
 UB     =         0.0000  IMP     =         0.0000  CMAP       =       141.9467
 1-4 NB =       669.5382  1-4 EEL =      5875.3747  VDWAALS    =     15978.1539
 EELEC  =   -163174.7634  EHBOND  =         0.0000  RESTRAINT  =         0.0000
 EKCMT  =         0.0000  VIRIAL  =         0.0000  VOLUME     =    333806.8805
                                                    Density    =         1.0321
 ------------------------------------------------------------------------------


 NSTEP =   185000   TIME(PS) =    1070.000  TEMP(K) =   300.64  PRESS =     0.0
 Etot   =   -116904.9643  EKtot   =     20564.6094  EPtot      =   -137469.5737
 BOND   =       552.8131  ANGLE   =      1544.9048  DIHED      =       993.6371
 UB     =         0.0000  IMP     =         0.0000  CMAP       =       136.3248
 1-4 NB =       641.8133  1-4 EEL =      5873.6011  VDWAALS    =     16504.1201
 EELEC  =   -163716.7880  EHBOND  =         0.0000  RESTRAINT  =         0.0000
 EKCMT  =         0.0000  VIRIAL  =         0.0000  VOLUME     =    335088.9654
                                                    Density    =         1.0282
 ------------------------------------------------------------------------------


 NSTEP =   190000   TIME(PS) =    1080.000  TEMP(K) =   300.43  PRESS =     0.0
 Etot   =   -116776.9913  EKtot   =     20550.5234  EPtot      =   -137327.5147
 BOND   =       550.7728  ANGLE   =      1540.5538  DIHED      =      1001.4115
 UB     =         0.0000  IMP     =         0.0000  CMAP       =       146.7232
 1-4 NB =       632.5857  1-4 EEL =      5887.5025  VDWAALS    =     16427.8092
 EELEC  =   -163514.8734  EHBOND  =         0.0000  RESTRAINT  =         0.0000
 EKCMT  =         0.0000  VIRIAL  =         0.0000  VOLUME     =    333153.9085
                                                    Density    =         1.0342
 ------------------------------------------------------------------------------


 NSTEP =   195000   TIME(PS) =    1090.000  TEMP(K) =   300.83  PRESS =     0.0
 Etot   =   -116680.5139  EKtot   =     20577.6602  EPtot      =   -137258.1741
 BOND   =       603.4230  ANGLE   =      1491.4167  DIHED      =      1007.8596
 UB     =         0.0000  IMP     =         0.0000  CMAP       =       130.6591
 1-4 NB =       656.7335  1-4 EEL =      5895.6709  VDWAALS    =     16148.6309
 EELEC  =   -163192.5676  EHBOND  =         0.0000  RESTRAINT  =         0.0000
 EKCMT  =         0.0000  VIRIAL  =         0.0000  VOLUME     =    334619.8154
                                                    Density    =         1.0296
 ------------------------------------------------------------------------------


 NSTEP =   200000   TIME(PS) =    1100.000  TEMP(K) =   300.56  PRESS =     0.0
 Etot   =   -116864.6101  EKtot   =     20559.4844  EPtot      =   -137424.0945
 BOND   =       581.4192  ANGLE   =      1535.8382  DIHED      =       985.9203
 UB     =         0.0000  IMP     =         0.0000  CMAP       =       133.2831
 1-4 NB =       650.2471  1-4 EEL =      5862.9085  VDWAALS    =     15996.0051
 EELEC  =   -163169.7160  EHBOND  =         0.0000  RESTRAINT  =         0.0000
 EKCMT  =         0.0000  VIRIAL  =         0.0000  VOLUME     =    334824.7701
                                                    Density    =         1.0290
 ------------------------------------------------------------------------------


 NSTEP =   205000   TIME(PS) =    1110.000  TEMP(K) =   301.03  PRESS =     0.0
 Etot   =   -116642.2845  EKtot   =     20591.1289  EPtot      =   -137233.4134
 BOND   =       554.7005  ANGLE   =      1488.8477  DIHED      =       945.1096
 UB     =         0.0000  IMP     =         0.0000  CMAP       =       140.7044
 1-4 NB =       636.5356  1-4 EEL =      5876.3909  VDWAALS    =     16382.9321
 EELEC  =   -163258.6341  EHBOND  =         0.0000  RESTRAINT  =         0.0000
 EKCMT  =         0.0000  VIRIAL  =         0.0000  VOLUME     =    335905.0825
                                                    Density    =         1.0257
 ------------------------------------------------------------------------------


 NSTEP =   210000   TIME(PS) =    1120.000  TEMP(K) =   299.34  PRESS =     0.0
 Etot   =   -117438.4113  EKtot   =     20476.0332  EPtot      =   -137914.4445
 BOND   =       539.1488  ANGLE   =      1528.2750  DIHED      =      1003.1210
 UB     =         0.0000  IMP     =         0.0000  CMAP       =       142.7292
 1-4 NB =       653.3454  1-4 EEL =      5865.0763  VDWAALS    =     16610.8125
 EELEC  =   -164256.9527  EHBOND  =         0.0000  RESTRAINT  =         0.0000
 EKCMT  =         0.0000  VIRIAL  =         0.0000  VOLUME     =    334211.1598
                                                    Density    =         1.0309
 ------------------------------------------------------------------------------


 NSTEP =   215000   TIME(PS) =    1130.000  TEMP(K) =   301.71  PRESS =     0.0
 Etot   =   -116962.1142  EKtot   =     20638.1211  EPtot      =   -137600.2353
 BOND   =       559.3706  ANGLE   =      1464.0224  DIHED      =       979.7027
 UB     =         0.0000  IMP     =         0.0000  CMAP       =       137.2883
 1-4 NB =       652.6581  1-4 EEL =      5922.3439  VDWAALS    =     16597.0220
 EELEC  =   -163912.6433  EHBOND  =         0.0000  RESTRAINT  =         0.0000
 EKCMT  =         0.0000  VIRIAL  =         0.0000  VOLUME     =    333460.5445
                                                    Density    =         1.0332
 ------------------------------------------------------------------------------


 NSTEP =   220000   TIME(PS) =    1140.000  TEMP(K) =   297.98  PRESS =     0.0
 Etot   =   -117436.0936  EKtot   =     20382.6875  EPtot      =   -137818.7811
 BOND   =       552.0691  ANGLE   =      1538.8014  DIHED      =       982.9634
 UB     =         0.0000  IMP     =         0.0000  CMAP       =       136.2348
 1-4 NB =       649.5472  1-4 EEL =      5835.1848  VDWAALS    =     16282.5099
 EELEC  =   -163796.0918  EHBOND  =         0.0000  RESTRAINT  =         0.0000
 EKCMT  =         0.0000  VIRIAL  =         0.0000  VOLUME     =    333707.0937
                                                    Density    =         1.0324
 ------------------------------------------------------------------------------


 NSTEP =   225000   TIME(PS) =    1150.000  TEMP(K) =   299.55  PRESS =     0.0
 Etot   =   -116984.5398  EKtot   =     20490.1172  EPtot      =   -137474.6570
 BOND   =       601.9563  ANGLE   =      1483.2947  DIHED      =       979.7644
 UB     =         0.0000  IMP     =         0.0000  CMAP       =       140.7675
 1-4 NB =       644.5294  1-4 EEL =      5863.3616  VDWAALS    =     16175.1458
 EELEC  =   -163363.4768  EHBOND  =         0.0000  RESTRAINT  =         0.0000
 EKCMT  =         0.0000  VIRIAL  =         0.0000  VOLUME     =    335357.4734
                                                    Density    =         1.0274
 ------------------------------------------------------------------------------


 NSTEP =   230000   TIME(PS) =    1160.000  TEMP(K) =   300.50  PRESS =     0.0
 Etot   =   -116796.8327  EKtot   =     20555.3672  EPtot      =   -137352.1999
 BOND   =       573.7011  ANGLE   =      1451.6307  DIHED      =       992.4574
 UB     =         0.0000  IMP     =         0.0000  CMAP       =       148.2663
 1-4 NB =       648.5163  1-4 EEL =      5920.0985  VDWAALS    =     16509.8010
 EELEC  =   -163596.6712  EHBOND  =         0.0000  RESTRAINT  =         0.0000
 EKCMT  =         0.0000  VIRIAL  =         0.0000  VOLUME     =    333130.0084
                                                    Density    =         1.0342
 ------------------------------------------------------------------------------


 NSTEP =   235000   TIME(PS) =    1170.000  TEMP(K) =   302.85  PRESS =     0.0
 Etot   =   -116815.7893  EKtot   =     20716.1270  EPtot      =   -137531.9163
 BOND   =       562.6564  ANGLE   =      1497.7927  DIHED      =       994.9096
 UB     =         0.0000  IMP     =         0.0000  CMAP       =       137.3459
 1-4 NB =       644.3399  1-4 EEL =      5819.3510  VDWAALS    =     16225.3760
 EELEC  =   -163413.6878  EHBOND  =         0.0000  RESTRAINT  =         0.0000
 EKCMT  =         0.0000  VIRIAL  =         0.0000  VOLUME     =    334271.4559
                                                    Density    =         1.0307
 ------------------------------------------------------------------------------


 NSTEP =   240000   TIME(PS) =    1180.000  TEMP(K) =   299.96  PRESS =     0.0
 Etot   =   -117141.5006  EKtot   =     20518.4375  EPtot      =   -137659.9381
 BOND   =       560.7864  ANGLE   =      1554.2781  DIHED      =      1001.9750
 UB     =         0.0000  IMP     =         0.0000  CMAP       =       149.9403
 1-4 NB =       630.0739  1-4 EEL =      5855.3215  VDWAALS    =     16459.5662
 EELEC  =   -163871.8795  EHBOND  =         0.0000  RESTRAINT  =         0.0000
 EKCMT  =         0.0000  VIRIAL  =         0.0000  VOLUME     =    333176.9904
                                                    Density    =         1.0341
 ------------------------------------------------------------------------------


 NSTEP =   245000   TIME(PS) =    1190.000  TEMP(K) =   298.35  PRESS =     0.0
 Etot   =   -117352.4090  EKtot   =     20407.8242  EPtot      =   -137760.2332
 BOND   =       557.1381  ANGLE   =      1485.6296  DIHED      =       991.9623
 UB     =         0.0000  IMP     =         0.0000  CMAP       =       136.3073
 1-4 NB =       642.9357  1-4 EEL =      5870.6964  VDWAALS    =     16163.5409
 EELEC  =   -163608.4435  EHBOND  =         0.0000  RESTRAINT  =         0.0000
 EKCMT  =         0.0000  VIRIAL  =         0.0000  VOLUME     =    332898.5568
                                                    Density    =         1.0349
 ------------------------------------------------------------------------------


 NSTEP =   250000   TIME(PS) =    1200.000  TEMP(K) =   299.40  PRESS =     0.0
 Etot   =   -117191.1570  EKtot   =     20479.5547  EPtot      =   -137670.7117
 BOND   =       577.5972  ANGLE   =      1498.1866  DIHED      =       985.8119
 UB     =         0.0000  IMP     =         0.0000  CMAP       =       138.7676
 1-4 NB =       661.1932  1-4 EEL =      5848.2511  VDWAALS    =     16313.3859
 EELEC  =   -163693.9052  EHBOND  =         0.0000  RESTRAINT  =         0.0000
 EKCMT  =         0.0000  VIRIAL  =         0.0000  VOLUME     =    333027.0160
                                                    Density    =         1.0345
 ------------------------------------------------------------------------------


 NSTEP =   255000   TIME(PS) =    1210.000  TEMP(K) =   300.44  PRESS =     0.0
 Etot   =   -116787.3194  EKtot   =     20551.3633  EPtot      =   -137338.6827
 BOND   =       579.1268  ANGLE   =      1538.6680  DIHED      =       988.9366
 UB     =         0.0000  IMP     =         0.0000  CMAP       =       137.4924
 1-4 NB =       646.7645  1-4 EEL =      5841.1658  VDWAALS    =     16224.2194
 EELEC  =   -163295.0563  EHBOND  =         0.0000  RESTRAINT  =         0.0000
 EKCMT  =         0.0000  VIRIAL  =         0.0000  VOLUME     =    334877.6935
                                                    Density    =         1.0288
 ------------------------------------------------------------------------------


 NSTEP =   260000   TIME(PS) =    1220.000  TEMP(K) =   301.34  PRESS =     0.0
 Etot   =   -116803.6692  EKtot   =     20612.7578  EPtot      =   -137416.4270
 BOND   =       562.8534  ANGLE   =      1491.1492  DIHED      =      1008.1987
 UB     =         0.0000  IMP     =         0.0000  CMAP       =       145.3755
 1-4 NB =       654.4875  1-4 EEL =      5873.4333  VDWAALS    =     16573.4799
 EELEC  =   -163725.4044  EHBOND  =         0.0000  RESTRAINT  =         0.0000
 EKCMT  =         0.0000  VIRIAL  =         0.0000  VOLUME     =    333548.6055
                                                    Density    =         1.0329
 ------------------------------------------------------------------------------


 NSTEP =   265000   TIME(PS) =    1230.000  TEMP(K) =   297.34  PRESS =     0.0
 Etot   =   -117317.3137  EKtot   =     20339.0723  EPtot      =   -137656.3859
 BOND   =       543.7256  ANGLE   =      1487.2705  DIHED      =      1005.6925
 UB     =         0.0000  IMP     =         0.0000  CMAP       =       132.4627
 1-4 NB =       642.9226  1-4 EEL =      5813.7925  VDWAALS    =     16360.1768
 EELEC  =   -163642.4292  EHBOND  =         0.0000  RESTRAINT  =         0.0000
 EKCMT  =         0.0000  VIRIAL  =         0.0000  VOLUME     =    333849.1829
                                                    Density    =         1.0320
 ------------------------------------------------------------------------------


 NSTEP =   270000   TIME(PS) =    1240.000  TEMP(K) =   299.87  PRESS =     0.0
 Etot   =   -117215.0191  EKtot   =     20512.3203  EPtot      =   -137727.3394
 BOND   =       577.7087  ANGLE   =      1508.4618  DIHED      =       973.8959
 UB     =         0.0000  IMP     =         0.0000  CMAP       =       130.3731
 1-4 NB =       643.3750  1-4 EEL =      5878.6492  VDWAALS    =     16674.5225
 EELEC  =   -164114.3255  EHBOND  =         0.0000  RESTRAINT  =         0.0000
 EKCMT  =         0.0000  VIRIAL  =         0.0000  VOLUME     =    335296.2421
                                                    Density    =         1.0275
 ------------------------------------------------------------------------------


 NSTEP =   275000   TIME(PS) =    1250.000  TEMP(K) =   300.65  PRESS =     0.0
 Etot   =   -116847.6836  EKtot   =     20565.4980  EPtot      =   -137413.1816
 BOND   =       578.0945  ANGLE   =      1512.2299  DIHED      =      1002.2791
 UB     =         0.0000  IMP     =         0.0000  CMAP       =       143.9287
 1-4 NB =       653.7546  1-4 EEL =      5856.9535  VDWAALS    =     16492.8926
 EELEC  =   -163653.3146  EHBOND  =         0.0000  RESTRAINT  =         0.0000
 EKCMT  =         0.0000  VIRIAL  =         0.0000  VOLUME     =    333640.8905
                                                    Density    =         1.0326
 ------------------------------------------------------------------------------


 NSTEP =   280000   TIME(PS) =    1260.000  TEMP(K) =   301.39  PRESS =     0.0
 Etot   =   -116784.5583  EKtot   =     20616.0312  EPtot      =   -137400.5895
 BOND   =       558.5209  ANGLE   =      1513.2095  DIHED      =       993.2875
 UB     =         0.0000  IMP     =         0.0000  CMAP       =       144.2488
 1-4 NB =       652.6257  1-4 EEL =      5873.4732  VDWAALS    =     16514.5634
 EELEC  =   -163650.5185  EHBOND  =         0.0000  RESTRAINT  =         0.0000
 EKCMT  =         0.0000  VIRIAL  =         0.0000  VOLUME     =    333646.7778
                                                    Density    =         1.0326
 ------------------------------------------------------------------------------


 NSTEP =   285000   TIME(PS) =    1270.000  TEMP(K) =   300.26  PRESS =     0.0
 Etot   =   -116885.6828  EKtot   =     20539.0332  EPtot      =   -137424.7160
 BOND   =       543.3787  ANGLE   =      1572.7239  DIHED      =      1019.4086
 UB     =         0.0000  IMP     =         0.0000  CMAP       =       142.4719
 1-4 NB =       647.7122  1-4 EEL =      5859.1666  VDWAALS    =     16322.4951
 EELEC  =   -163532.0730  EHBOND  =         0.0000  RESTRAINT  =         0.0000
 EKCMT  =         0.0000  VIRIAL  =         0.0000  VOLUME     =    334208.5062
                                                    Density    =         1.0309
 ------------------------------------------------------------------------------


 NSTEP =   290000   TIME(PS) =    1280.000  TEMP(K) =   297.48  PRESS =     0.0
 Etot   =   -117090.5563  EKtot   =     20348.4004  EPtot      =   -137438.9567
 BOND   =       549.0052  ANGLE   =      1484.9624  DIHED      =      1002.8228
 UB     =         0.0000  IMP     =         0.0000  CMAP       =       146.5267
 1-4 NB =       638.1031  1-4 EEL =      5817.2729  VDWAALS    =     16608.0959
 EELEC  =   -163685.7457  EHBOND  =         0.0000  RESTRAINT  =         0.0000
 EKCMT  =         0.0000  VIRIAL  =         0.0000  VOLUME     =    334475.5735
                                                    Density    =         1.0301
 ------------------------------------------------------------------------------


 NSTEP =   295000   TIME(PS) =    1290.000  TEMP(K) =   298.42  PRESS =     0.0
 Etot   =   -117103.7011  EKtot   =     20413.0312  EPtot      =   -137516.7323
 BOND   =       533.1222  ANGLE   =      1528.6044  DIHED      =      1020.3377
 UB     =         0.0000  IMP     =         0.0000  CMAP       =       147.3360
 1-4 NB =       652.2100  1-4 EEL =      5849.7750  VDWAALS    =     16478.6102
 EELEC  =   -163726.7278  EHBOND  =         0.0000  RESTRAINT  =         0.0000
 EKCMT  =         0.0000  VIRIAL  =         0.0000  VOLUME     =    334345.5065
                                                    Density    =         1.0305
 ------------------------------------------------------------------------------


 NSTEP =   300000   TIME(PS) =    1300.000  TEMP(K) =   300.54  PRESS =     0.0
 Etot   =   -116803.2690  EKtot   =     20558.0781  EPtot      =   -137361.3471
 BOND   =       545.8966  ANGLE   =      1497.4712  DIHED      =       988.7154
 UB     =         0.0000  IMP     =         0.0000  CMAP       =       135.7369
 1-4 NB =       659.1321  1-4 EEL =      5863.2356  VDWAALS    =     16196.2963
 EELEC  =   -163247.8312  EHBOND  =         0.0000  RESTRAINT  =         0.0000
 EKCMT  =         0.0000  VIRIAL  =         0.0000  VOLUME     =    335842.1893
                                                    Density    =         1.0259
 ------------------------------------------------------------------------------


 NSTEP =   305000   TIME(PS) =    1310.000  TEMP(K) =   296.73  PRESS =     0.0
 Etot   =   -117237.8636  EKtot   =     20297.5352  EPtot      =   -137535.3988
 BOND   =       564.7179  ANGLE   =      1508.0275  DIHED      =       975.6445
 UB     =         0.0000  IMP     =         0.0000  CMAP       =       146.5745
 1-4 NB =       632.8741  1-4 EEL =      5911.8692  VDWAALS    =     15926.8384
 EELEC  =   -163201.9449  EHBOND  =         0.0000  RESTRAINT  =         0.0000
 EKCMT  =         0.0000  VIRIAL  =         0.0000  VOLUME     =    333759.1386
                                                    Density    =         1.0323
 ------------------------------------------------------------------------------


 NSTEP =   310000   TIME(PS) =    1320.000  TEMP(K) =   300.29  PRESS =     0.0
 Etot   =   -116902.5530  EKtot   =     20541.0703  EPtot      =   -137443.6233
 BOND   =       548.5806  ANGLE   =      1505.5215  DIHED      =       983.2611
 UB     =         0.0000  IMP     =         0.0000  CMAP       =       138.6174
 1-4 NB =       658.1386  1-4 EEL =      5813.6012  VDWAALS    =     16675.9242
 EELEC  =   -163767.2679  EHBOND  =         0.0000  RESTRAINT  =         0.0000
 EKCMT  =         0.0000  VIRIAL  =         0.0000  VOLUME     =    334476.1188
                                                    Density    =         1.0301
 ------------------------------------------------------------------------------


 NSTEP =   315000   TIME(PS) =    1330.000  TEMP(K) =   297.72  PRESS =     0.0
 Etot   =   -117125.4055  EKtot   =     20364.7539  EPtot      =   -137490.1594
 BOND   =       564.6632  ANGLE   =      1496.6146  DIHED      =       959.8703
 UB     =         0.0000  IMP     =         0.0000  CMAP       =       137.6564
 1-4 NB =       632.4585  1-4 EEL =      5873.5439  VDWAALS    =     16460.7794
 EELEC  =   -163615.7458  EHBOND  =         0.0000  RESTRAINT  =         0.0000
 EKCMT  =         0.0000  VIRIAL  =         0.0000  VOLUME     =    334918.4612
                                                    Density    =         1.0287
 ------------------------------------------------------------------------------


 NSTEP =   320000   TIME(PS) =    1340.000  TEMP(K) =   301.55  PRESS =     0.0
 Etot   =   -117130.7472  EKtot   =     20627.2695  EPtot      =   -137758.0167
 BOND   =       577.1566  ANGLE   =      1468.3152  DIHED      =       995.9654
 UB     =         0.0000  IMP     =         0.0000  CMAP       =       137.0081
 1-4 NB =       655.5900  1-4 EEL =      5858.8865  VDWAALS    =     16446.1149
 EELEC  =   -163897.0534  EHBOND  =         0.0000  RESTRAINT  =         0.0000
 EKCMT  =         0.0000  VIRIAL  =         0.0000  VOLUME     =    335401.6023
                                                    Density    =         1.0272
 ------------------------------------------------------------------------------


 NSTEP =   325000   TIME(PS) =    1350.000  TEMP(K) =   300.20  PRESS =     0.0
 Etot   =   -117145.2556  EKtot   =     20534.7832  EPtot      =   -137680.0388
 BOND   =       561.4314  ANGLE   =      1498.2061  DIHED      =       981.9013
 UB     =         0.0000  IMP     =         0.0000  CMAP       =       133.1035
 1-4 NB =       642.9766  1-4 EEL =      5875.7534  VDWAALS    =     16617.7136
 EELEC  =   -163991.1246  EHBOND  =         0.0000  RESTRAINT  =         0.0000
 EKCMT  =         0.0000  VIRIAL  =         0.0000  VOLUME     =    334594.5883
                                                    Density    =         1.0297
 ------------------------------------------------------------------------------


 NSTEP =   330000   TIME(PS) =    1360.000  TEMP(K) =   298.64  PRESS =     0.0
 Etot   =   -117295.7582  EKtot   =     20427.6055  EPtot      =   -137723.3637
 BOND   =       582.8643  ANGLE   =      1509.6054  DIHED      =      1005.1516
 UB     =         0.0000  IMP     =         0.0000  CMAP       =       144.1998
 1-4 NB =       635.4386  1-4 EEL =      5835.6881  VDWAALS    =     16531.8073
 EELEC  =   -163968.1187  EHBOND  =         0.0000  RESTRAINT  =         0.0000
 EKCMT  =         0.0000  VIRIAL  =         0.0000  VOLUME     =    333679.9922
                                                    Density    =         1.0325
 ------------------------------------------------------------------------------


 NSTEP =   335000   TIME(PS) =    1370.000  TEMP(K) =   298.87  PRESS =     0.0
 Etot   =   -116812.8613  EKtot   =     20443.9004  EPtot      =   -137256.7617
 BOND   =       539.0710  ANGLE   =      1533.2126  DIHED      =      1011.7207
 UB     =         0.0000  IMP     =         0.0000  CMAP       =       132.8120
 1-4 NB =       643.6387  1-4 EEL =      5857.5462  VDWAALS    =     16312.4464
 EELEC  =   -163287.2092  EHBOND  =         0.0000  RESTRAINT  =         0.0000
 EKCMT  =         0.0000  VIRIAL  =         0.0000  VOLUME     =    333584.9044
                                                    Density    =         1.0328
 ------------------------------------------------------------------------------


 NSTEP =   340000   TIME(PS) =    1380.000  TEMP(K) =   295.71  PRESS =     0.0
 Etot   =   -117182.1505  EKtot   =     20227.7871  EPtot      =   -137409.9376
 BOND   =       581.6804  ANGLE   =      1538.6864  DIHED      =       999.9355
 UB     =         0.0000  IMP     =         0.0000  CMAP       =       141.0349
 1-4 NB =       646.5340  1-4 EEL =      5800.9740  VDWAALS    =     16571.6834
 EELEC  =   -163690.4662  EHBOND  =         0.0000  RESTRAINT  =         0.0000
 EKCMT  =         0.0000  VIRIAL  =         0.0000  VOLUME     =    336064.1734
                                                    Density    =         1.0252
 ------------------------------------------------------------------------------


 NSTEP =   345000   TIME(PS) =    1390.000  TEMP(K) =   299.28  PRESS =     0.0
 Etot   =   -117184.4496  EKtot   =     20471.5215  EPtot      =   -137655.9710
 BOND   =       578.2095  ANGLE   =      1479.8651  DIHED      =       987.3244
 UB     =         0.0000  IMP     =         0.0000  CMAP       =       148.1538
 1-4 NB =       649.8157  1-4 EEL =      5840.3708  VDWAALS    =     16669.3617
 EELEC  =   -164009.0720  EHBOND  =         0.0000  RESTRAINT  =         0.0000
 EKCMT  =         0.0000  VIRIAL  =         0.0000  VOLUME     =    335562.1447
                                                    Density    =         1.0267
 ------------------------------------------------------------------------------


 NSTEP =   350000   TIME(PS) =    1400.000  TEMP(K) =   300.36  PRESS =     0.0
 Etot   =   -117008.7197  EKtot   =     20545.7656  EPtot      =   -137554.4853
 BOND   =       556.7265  ANGLE   =      1504.6797  DIHED      =      1001.2889
 UB     =         0.0000  IMP     =         0.0000  CMAP       =       133.2804
 1-4 NB =       649.0969  1-4 EEL =      5815.8824  VDWAALS    =     16730.3539
 EELEC  =   -163945.7940  EHBOND  =         0.0000  RESTRAINT  =         0.0000
 EKCMT  =         0.0000  VIRIAL  =         0.0000  VOLUME     =    333028.7580
                                                    Density    =         1.0345
 ------------------------------------------------------------------------------


 NSTEP =   355000   TIME(PS) =    1410.000  TEMP(K) =   299.82  PRESS =     0.0
 Etot   =   -116931.0199  EKtot   =     20508.4141  EPtot      =   -137439.4339
 BOND   =       545.1635  ANGLE   =      1551.0730  DIHED      =       968.9333
 UB     =         0.0000  IMP     =         0.0000  CMAP       =       141.4039
 1-4 NB =       651.4383  1-4 EEL =      5847.0636  VDWAALS    =     16597.9230
 EELEC  =   -163742.4325  EHBOND  =         0.0000  RESTRAINT  =         0.0000
 EKCMT  =         0.0000  VIRIAL  =         0.0000  VOLUME     =    333842.4667
                                                    Density    =         1.0320
 ------------------------------------------------------------------------------


 NSTEP =   360000   TIME(PS) =    1420.000  TEMP(K) =   300.10  PRESS =     0.0
 Etot   =   -116916.0437  EKtot   =     20527.9941  EPtot      =   -137444.0378
 BOND   =       604.1338  ANGLE   =      1513.4678  DIHED      =       994.9681
 UB     =         0.0000  IMP     =         0.0000  CMAP       =       147.0383
 1-4 NB =       662.3431  1-4 EEL =      5824.5493  VDWAALS    =     16412.5690
 EELEC  =   -163603.1072  EHBOND  =         0.0000  RESTRAINT  =         0.0000
 EKCMT  =         0.0000  VIRIAL  =         0.0000  VOLUME     =    334622.2651
                                                    Density    =         1.0296
 ------------------------------------------------------------------------------


 NSTEP =   365000   TIME(PS) =    1430.000  TEMP(K) =   297.70  PRESS =     0.0
 Etot   =   -117241.8788  EKtot   =     20363.3555  EPtot      =   -137605.2342
 BOND   =       549.0380  ANGLE   =      1482.0904  DIHED      =       975.7241
 UB     =         0.0000  IMP     =         0.0000  CMAP       =       125.6956
 1-4 NB =       652.6806  1-4 EEL =      5815.9169  VDWAALS    =     16608.7322
 EELEC  =   -163815.1120  EHBOND  =         0.0000  RESTRAINT  =         0.0000
 EKCMT  =         0.0000  VIRIAL  =         0.0000  VOLUME     =    334217.8064
                                                    Density    =         1.0309
 ------------------------------------------------------------------------------


 NSTEP =   370000   TIME(PS) =    1440.000  TEMP(K) =   298.49  PRESS =     0.0
 Etot   =   -117075.6813  EKtot   =     20417.7520  EPtot      =   -137493.4333
 BOND   =       554.7069  ANGLE   =      1511.1613  DIHED      =      1027.5348
 UB     =         0.0000  IMP     =         0.0000  CMAP       =       143.7154
 1-4 NB =       649.8655  1-4 EEL =      5878.0784  VDWAALS    =     16334.6501
 EELEC  =   -163593.1457  EHBOND  =         0.0000  RESTRAINT  =         0.0000
 EKCMT  =         0.0000  VIRIAL  =         0.0000  VOLUME     =    333627.6609
                                                    Density    =         1.0327
 ------------------------------------------------------------------------------


 NSTEP =   375000   TIME(PS) =    1450.000  TEMP(K) =   300.71  PRESS =     0.0
 Etot   =   -117079.9526  EKtot   =     20569.3359  EPtot      =   -137649.2885
 BOND   =       574.0597  ANGLE   =      1538.3842  DIHED      =       977.7636
 UB     =         0.0000  IMP     =         0.0000  CMAP       =       143.3261
 1-4 NB =       639.5231  1-4 EEL =      5844.3084  VDWAALS    =     16580.3726
 EELEC  =   -163947.0262  EHBOND  =         0.0000  RESTRAINT  =         0.0000
 EKCMT  =         0.0000  VIRIAL  =         0.0000  VOLUME     =    332769.7991
                                                    Density    =         1.0353
 ------------------------------------------------------------------------------


 NSTEP =   380000   TIME(PS) =    1460.000  TEMP(K) =   300.27  PRESS =     0.0
 Etot   =   -116796.5380  EKtot   =     20539.0684  EPtot      =   -137335.6063
 BOND   =       574.5194  ANGLE   =      1506.9408  DIHED      =       976.7723
 UB     =         0.0000  IMP     =         0.0000  CMAP       =       148.5656
 1-4 NB =       630.0075  1-4 EEL =      5825.4501  VDWAALS    =     16134.9055
 EELEC  =   -163132.7677  EHBOND  =         0.0000  RESTRAINT  =         0.0000
 EKCMT  =         0.0000  VIRIAL  =         0.0000  VOLUME     =    334671.8738
                                                    Density    =         1.0295
 ------------------------------------------------------------------------------


 NSTEP =   385000   TIME(PS) =    1470.000  TEMP(K) =   299.28  PRESS =     0.0
 Etot   =   -117229.2509  EKtot   =     20471.8652  EPtot      =   -137701.1161
 BOND   =       558.7700  ANGLE   =      1516.1867  DIHED      =       980.0084
 UB     =         0.0000  IMP     =         0.0000  CMAP       =       148.7467
 1-4 NB =       617.9131  1-4 EEL =      5850.4047  VDWAALS    =     16217.0302
 EELEC  =   -163590.1760  EHBOND  =         0.0000  RESTRAINT  =         0.0000
 EKCMT  =         0.0000  VIRIAL  =         0.0000  VOLUME     =    333847.1908
                                                    Density    =         1.0320
 ------------------------------------------------------------------------------


 NSTEP =   390000   TIME(PS) =    1480.000  TEMP(K) =   299.19  PRESS =     0.0
 Etot   =   -117183.4072  EKtot   =     20465.8594  EPtot      =   -137649.2666
 BOND   =       590.0015  ANGLE   =      1572.7302  DIHED      =       996.1585
 UB     =         0.0000  IMP     =         0.0000  CMAP       =       145.2132
 1-4 NB =       641.5577  1-4 EEL =      5808.9905  VDWAALS    =     16519.0660
 EELEC  =   -163922.9843  EHBOND  =         0.0000  RESTRAINT  =         0.0000
 EKCMT  =         0.0000  VIRIAL  =         0.0000  VOLUME     =    334203.8360
                                                    Density    =         1.0309
 ------------------------------------------------------------------------------


 NSTEP =   395000   TIME(PS) =    1490.000  TEMP(K) =   301.45  PRESS =     0.0
 Etot   =   -116820.8045  EKtot   =     20620.1621  EPtot      =   -137440.9666
 BOND   =       553.6915  ANGLE   =      1519.1920  DIHED      =      1010.2781
 UB     =         0.0000  IMP     =         0.0000  CMAP       =       152.8877
 1-4 NB =       645.4526  1-4 EEL =      5826.7440  VDWAALS    =     16119.4500
 EELEC  =   -163268.6624  EHBOND  =         0.0000  RESTRAINT  =         0.0000
 EKCMT  =         0.0000  VIRIAL  =         0.0000  VOLUME     =    333765.1692
                                                    Density    =         1.0323
 ------------------------------------------------------------------------------


 NSTEP =   400000   TIME(PS) =    1500.000  TEMP(K) =   299.31  PRESS =     0.0
 Etot   =   -117137.3424  EKtot   =     20473.5000  EPtot      =   -137610.8424
 BOND   =       563.1879  ANGLE   =      1535.2849  DIHED      =       986.9079
 UB     =         0.0000  IMP     =         0.0000  CMAP       =       142.7162
 1-4 NB =       640.8338  1-4 EEL =      5838.1950  VDWAALS    =     16294.5605
 EELEC  =   -163612.5285  EHBOND  =         0.0000  RESTRAINT  =         0.0000
 EKCMT  =         0.0000  VIRIAL  =         0.0000  VOLUME     =    334987.2051
                                                    Density    =         1.0285
 ------------------------------------------------------------------------------


 NSTEP =   405000   TIME(PS) =    1510.000  TEMP(K) =   301.51  PRESS =     0.0
 Etot   =   -117085.2474  EKtot   =     20623.9668  EPtot      =   -137709.2142
 BOND   =       559.4171  ANGLE   =      1488.3522  DIHED      =       993.6758
 UB     =         0.0000  IMP     =         0.0000  CMAP       =       136.7614
 1-4 NB =       642.5674  1-4 EEL =      5874.1686  VDWAALS    =     16382.6858
 EELEC  =   -163786.8425  EHBOND  =         0.0000  RESTRAINT  =         0.0000
 EKCMT  =         0.0000  VIRIAL  =         0.0000  VOLUME     =    334892.3122
                                                    Density    =         1.0288
 ------------------------------------------------------------------------------


 NSTEP =   410000   TIME(PS) =    1520.000  TEMP(K) =   299.23  PRESS =     0.0
 Etot   =   -116971.4241  EKtot   =     20468.3809  EPtot      =   -137439.8049
 BOND   =       553.4356  ANGLE   =      1519.6076  DIHED      =       995.7296
 UB     =         0.0000  IMP     =         0.0000  CMAP       =       144.9669
 1-4 NB =       643.1791  1-4 EEL =      5879.5720  VDWAALS    =     16543.0869
 EELEC  =   -163719.3827  EHBOND  =         0.0000  RESTRAINT  =         0.0000
 EKCMT  =         0.0000  VIRIAL  =         0.0000  VOLUME     =    334812.3392
                                                    Density    =         1.0290
 ------------------------------------------------------------------------------


 NSTEP =   415000   TIME(PS) =    1530.000  TEMP(K) =   300.66  PRESS =     0.0
 Etot   =   -116754.7760  EKtot   =     20565.8145  EPtot      =   -137320.5905
 BOND   =       553.0231  ANGLE   =      1478.6055  DIHED      =       985.8975
 UB     =         0.0000  IMP     =         0.0000  CMAP       =       139.8381
 1-4 NB =       641.1959  1-4 EEL =      5837.9488  VDWAALS    =     16586.8637
 EELEC  =   -163543.9632  EHBOND  =         0.0000  RESTRAINT  =         0.0000
 EKCMT  =         0.0000  VIRIAL  =         0.0000  VOLUME     =    335226.0543
                                                    Density    =         1.0278
 ------------------------------------------------------------------------------


 NSTEP =   420000   TIME(PS) =    1540.000  TEMP(K) =   298.74  PRESS =     0.0
 Etot   =   -117480.8672  EKtot   =     20434.5195  EPtot      =   -137915.3868
 BOND   =       571.3385  ANGLE   =      1516.3382  DIHED      =       980.1162
 UB     =         0.0000  IMP     =         0.0000  CMAP       =       145.7562
 1-4 NB =       640.2774  1-4 EEL =      5834.1604  VDWAALS    =     16592.1630
 EELEC  =   -164195.5366  EHBOND  =         0.0000  RESTRAINT  =         0.0000
 EKCMT  =         0.0000  VIRIAL  =         0.0000  VOLUME     =    335472.8690
                                                    Density    =         1.0270
 ------------------------------------------------------------------------------


 NSTEP =   425000   TIME(PS) =    1550.000  TEMP(K) =   297.59  PRESS =     0.0
 Etot   =   -117222.4015  EKtot   =     20356.0762  EPtot      =   -137578.4777
 BOND   =       588.9711  ANGLE   =      1479.8419  DIHED      =      1003.3249
 UB     =         0.0000  IMP     =         0.0000  CMAP       =       135.3126
 1-4 NB =       647.7113  1-4 EEL =      5821.4648  VDWAALS    =     16172.1522
 EELEC  =   -163427.2565  EHBOND  =         0.0000  RESTRAINT  =         0.0000
 EKCMT  =         0.0000  VIRIAL  =         0.0000  VOLUME     =    334558.4209
                                                    Density    =         1.0298
 ------------------------------------------------------------------------------


 NSTEP =   430000   TIME(PS) =    1560.000  TEMP(K) =   300.82  PRESS =     0.0
 Etot   =   -117011.1778  EKtot   =     20577.2090  EPtot      =   -137588.3868
 BOND   =       584.9640  ANGLE   =      1509.9510  DIHED      =      1004.0250
 UB     =         0.0000  IMP     =         0.0000  CMAP       =       147.2017
 1-4 NB =       637.2777  1-4 EEL =      5822.8982  VDWAALS    =     16104.2985
 EELEC  =   -163399.0031  EHBOND  =         0.0000  RESTRAINT  =         0.0000
 EKCMT  =         0.0000  VIRIAL  =         0.0000  VOLUME     =    334372.0929
                                                    Density    =         1.0304
 ------------------------------------------------------------------------------


 NSTEP =   435000   TIME(PS) =    1570.000  TEMP(K) =   298.86  PRESS =     0.0
 Etot   =   -117075.0456  EKtot   =     20443.1895  EPtot      =   -137518.2351
 BOND   =       579.3139  ANGLE   =      1494.9378  DIHED      =       988.6024
 UB     =         0.0000  IMP     =         0.0000  CMAP       =       143.5623
 1-4 NB =       657.4721  1-4 EEL =      5907.9392  VDWAALS    =     16435.5400
 EELEC  =   -163725.6028  EHBOND  =         0.0000  RESTRAINT  =         0.0000
 EKCMT  =         0.0000  VIRIAL  =         0.0000  VOLUME     =    334747.2072
                                                    Density    =         1.0292
 ------------------------------------------------------------------------------


 NSTEP =   440000   TIME(PS) =    1580.000  TEMP(K) =   298.04  PRESS =     0.0
 Etot   =   -116984.0918  EKtot   =     20386.6582  EPtot      =   -137370.7500
 BOND   =       547.7778  ANGLE   =      1542.5116  DIHED      =       974.0682
 UB     =         0.0000  IMP     =         0.0000  CMAP       =       138.8492
 1-4 NB =       654.1549  1-4 EEL =      5866.5072  VDWAALS    =     16276.2840
 EELEC  =   -163370.9029  EHBOND  =         0.0000  RESTRAINT  =         0.0000
 EKCMT  =         0.0000  VIRIAL  =         0.0000  VOLUME     =    333299.6735
                                                    Density    =         1.0337
 ------------------------------------------------------------------------------


 NSTEP =   445000   TIME(PS) =    1590.000  TEMP(K) =   300.28  PRESS =     0.0
 Etot   =   -117192.8854  EKtot   =     20540.0117  EPtot      =   -137732.8971
 BOND   =       537.7479  ANGLE   =      1540.2830  DIHED      =       982.8435
 UB     =         0.0000  IMP     =         0.0000  CMAP       =       151.9236
 1-4 NB =       663.9955  1-4 EEL =      5870.0722  VDWAALS    =     15907.4389
 EELEC  =   -163387.2017  EHBOND  =         0.0000  RESTRAINT  =         0.0000
 EKCMT  =         0.0000  VIRIAL  =         0.0000  VOLUME     =    334435.1347
                                                    Density    =         1.0302
 ------------------------------------------------------------------------------


 NSTEP =   450000   TIME(PS) =    1600.000  TEMP(K) =   300.35  PRESS =     0.0
 Etot   =   -117226.8759  EKtot   =     20544.7930  EPtot      =   -137771.6689
 BOND   =       597.1416  ANGLE   =      1494.0362  DIHED      =       970.7859
 UB     =         0.0000  IMP     =         0.0000  CMAP       =       144.3742
 1-4 NB =       634.3074  1-4 EEL =      5834.1251  VDWAALS    =     16634.7126
 EELEC  =   -164081.1520  EHBOND  =         0.0000  RESTRAINT  =         0.0000
 EKCMT  =         0.0000  VIRIAL  =         0.0000  VOLUME     =    333654.6134
                                                    Density    =         1.0326
 ------------------------------------------------------------------------------


 NSTEP =   455000   TIME(PS) =    1610.000  TEMP(K) =   299.97  PRESS =     0.0
 Etot   =   -117026.2332  EKtot   =     20518.7148  EPtot      =   -137544.9481
 BOND   =       569.6545  ANGLE   =      1496.8607  DIHED      =       991.9299
 UB     =         0.0000  IMP     =         0.0000  CMAP       =       138.6165
 1-4 NB =       646.7695  1-4 EEL =      5876.4123  VDWAALS    =     16496.9691
 EELEC  =   -163762.1604  EHBOND  =         0.0000  RESTRAINT  =         0.0000
 EKCMT  =         0.0000  VIRIAL  =         0.0000  VOLUME     =    333876.3206
                                                    Density    =         1.0319
 ------------------------------------------------------------------------------


 NSTEP =   460000   TIME(PS) =    1620.000  TEMP(K) =   299.81  PRESS =     0.0
 Etot   =   -117140.2369  EKtot   =     20507.6621  EPtot      =   -137647.8991
 BOND   =       574.5516  ANGLE   =      1539.8701  DIHED      =       975.3775
 UB     =         0.0000  IMP     =         0.0000  CMAP       =       140.4160
 1-4 NB =       643.6720  1-4 EEL =      5855.4397  VDWAALS    =     16157.0933
 EELEC  =   -163534.3193  EHBOND  =         0.0000  RESTRAINT  =         0.0000
 EKCMT  =         0.0000  VIRIAL  =         0.0000  VOLUME     =    333977.3415
                                                    Density    =         1.0316
 ------------------------------------------------------------------------------


 NSTEP =   465000   TIME(PS) =    1630.000  TEMP(K) =   301.32  PRESS =     0.0
 Etot   =   -116972.0102  EKtot   =     20611.3633  EPtot      =   -137583.3735
 BOND   =       560.1615  ANGLE   =      1489.7133  DIHED      =       996.9575
 UB     =         0.0000  IMP     =         0.0000  CMAP       =       153.0329
 1-4 NB =       634.8679  1-4 EEL =      5880.3306  VDWAALS    =     16501.6039
 EELEC  =   -163800.0411  EHBOND  =         0.0000  RESTRAINT  =         0.0000
 EKCMT  =         0.0000  VIRIAL  =         0.0000  VOLUME     =    333057.4045
                                                    Density    =         1.0345
 ------------------------------------------------------------------------------


 NSTEP =   470000   TIME(PS) =    1640.000  TEMP(K) =   300.96  PRESS =     0.0
 Etot   =   -117033.3766  EKtot   =     20586.9336  EPtot      =   -137620.3102
 BOND   =       569.9605  ANGLE   =      1516.0204  DIHED      =       990.0837
 UB     =         0.0000  IMP     =         0.0000  CMAP       =       143.7395
 1-4 NB =       644.2359  1-4 EEL =      5815.4895  VDWAALS    =     16366.5516
 EELEC  =   -163666.3913  EHBOND  =         0.0000  RESTRAINT  =         0.0000
 EKCMT  =         0.0000  VIRIAL  =         0.0000  VOLUME     =    333017.5022
                                                    Density    =         1.0346
 ------------------------------------------------------------------------------


 NSTEP =   475000   TIME(PS) =    1650.000  TEMP(K) =   300.84  PRESS =     0.0
 Etot   =   -116959.7963  EKtot   =     20578.6680  EPtot      =   -137538.4643
 BOND   =       542.1343  ANGLE   =      1534.6362  DIHED      =       985.4506
 UB     =         0.0000  IMP     =         0.0000  CMAP       =       134.7994
 1-4 NB =       641.0175  1-4 EEL =      5853.9881  VDWAALS    =     16277.1341
 EELEC  =   -163507.6246  EHBOND  =         0.0000  RESTRAINT  =         0.0000
 EKCMT  =         0.0000  VIRIAL  =         0.0000  VOLUME     =    335423.3467
                                                    Density    =         1.0272
 ------------------------------------------------------------------------------


 NSTEP =   480000   TIME(PS) =    1660.000  TEMP(K) =   299.30  PRESS =     0.0
 Etot   =   -116634.3811  EKtot   =     20472.7480  EPtot      =   -137107.1292
 BOND   =       552.0101  ANGLE   =      1525.2098  DIHED      =       983.8340
 UB     =         0.0000  IMP     =         0.0000  CMAP       =       140.3301
 1-4 NB =       640.8409  1-4 EEL =      5862.1564  VDWAALS    =     15909.7274
 EELEC  =   -162721.2380  EHBOND  =         0.0000  RESTRAINT  =         0.0000
 EKCMT  =         0.0000  VIRIAL  =         0.0000  VOLUME     =    334304.3623
                                                    Density    =         1.0306
 ------------------------------------------------------------------------------


 NSTEP =   485000   TIME(PS) =    1670.000  TEMP(K) =   298.78  PRESS =     0.0
 Etot   =   -117147.3853  EKtot   =     20437.3848  EPtot      =   -137584.7701
 BOND   =       541.0148  ANGLE   =      1518.7847  DIHED      =       977.4792
 UB     =         0.0000  IMP     =         0.0000  CMAP       =       139.2141
 1-4 NB =       639.5158  1-4 EEL =      5814.0273  VDWAALS    =     16210.7507
 EELEC  =   -163425.5567  EHBOND  =         0.0000  RESTRAINT  =         0.0000
 EKCMT  =         0.0000  VIRIAL  =         0.0000  VOLUME     =    333613.6914
                                                    Density    =         1.0327
 ------------------------------------------------------------------------------


 NSTEP =   490000   TIME(PS) =    1680.000  TEMP(K) =   299.18  PRESS =     0.0
 Etot   =   -117221.2965  EKtot   =     20464.8926  EPtot      =   -137686.1891
 BOND   =       550.6392  ANGLE   =      1503.5942  DIHED      =       976.3387
 UB     =         0.0000  IMP     =         0.0000  CMAP       =       151.2913
 1-4 NB =       638.1259  1-4 EEL =      5829.2241  VDWAALS    =     16295.2060
 EELEC  =   -163630.6085  EHBOND  =         0.0000  RESTRAINT  =         0.0000
 EKCMT  =         0.0000  VIRIAL  =         0.0000  VOLUME     =    334734.6190
                                                    Density    =         1.0293
 ------------------------------------------------------------------------------


 NSTEP =   495000   TIME(PS) =    1690.000  TEMP(K) =   300.50  PRESS =     0.0
 Etot   =   -117086.1805  EKtot   =     20555.2227  EPtot      =   -137641.4032
 BOND   =       564.7419  ANGLE   =      1523.0288  DIHED      =       966.1470
 UB     =         0.0000  IMP     =         0.0000  CMAP       =       131.0734
 1-4 NB =       637.7249  1-4 EEL =      5913.2964  VDWAALS    =     16288.1928
 EELEC  =   -163665.6083  EHBOND  =         0.0000  RESTRAINT  =         0.0000
 EKCMT  =         0.0000  VIRIAL  =         0.0000  VOLUME     =    334526.1997
                                                    Density    =         1.0299
 ------------------------------------------------------------------------------


 NSTEP =   500000   TIME(PS) =    1700.000  TEMP(K) =   300.22  PRESS =     0.0
 Etot   =   -117225.0417  EKtot   =     20536.0625  EPtot      =   -137761.1042
 BOND   =       533.1440  ANGLE   =      1537.5818  DIHED      =       992.8582
 UB     =         0.0000  IMP     =         0.0000  CMAP       =       136.3406
 1-4 NB =       662.0314  1-4 EEL =      5880.9796  VDWAALS    =     16468.8565
 EELEC  =   -163972.8964  EHBOND  =         0.0000  RESTRAINT  =         0.0000
 EKCMT  =         0.0000  VIRIAL  =         0.0000  VOLUME     =    332705.1730
                                                    Density    =         1.0355
 ------------------------------------------------------------------------------


      A V E R A G E S   O V E R     100 S T E P S


 NSTEP =   500000   TIME(PS) =    1700.000  TEMP(K) =   299.77  PRESS =     0.0
 Etot   =   -117036.6900  EKtot   =     20505.4980  EPtot      =   -137542.1880
 BOND   =       563.9943  ANGLE   =      1515.9252  DIHED      =       993.2681
 UB     =         0.0000  IMP     =         0.0000  CMAP       =       142.3721
 1-4 NB =       647.3464  1-4 EEL =      5860.4240  VDWAALS    =     16376.5199
 EELEC  =   -163642.0380  EHBOND  =         0.0000  RESTRAINT  =         0.0000
 EKCMT  =         0.0000  VIRIAL  =         0.0000  VOLUME     =    334217.4105
                                                    Density    =         1.0309
 ------------------------------------------------------------------------------


      R M S  F L U C T U A T I O N S


 NSTEP =   500000   TIME(PS) =    1700.000  TEMP(K) =     1.45  PRESS =     0.0
 Etot   =       217.2025  EKtot   =        99.1209  EPtot      =       179.2688
 BOND   =        19.3225  ANGLE   =        27.9837  DIHED      =        14.9835
 UB     =         0.0000  IMP     =         0.0000  CMAP       =         6.5382
 1-4 NB =         9.6778  1-4 EEL =        29.4254  VDWAALS    =       203.3407
 EELEC  =       302.3714  EHBOND  =         0.0000  RESTRAINT  =         0.0000
 EKCMT  =         0.0000  VIRIAL  =         0.0000  VOLUME     =       825.8041
                                                    Density    =         0.0025
 ------------------------------------------------------------------------------

| MC Barostat:       5000 volume changes attempted.
| MC Barostat:       1730 changes successful ( 34.60%)
 ------------------------------------------------------------------------------

--------------------------------------------------------------------------------
   5.  TIMINGS
--------------------------------------------------------------------------------

|  NonSetup CPU Time in Major Routines:
|
|     Routine           Sec        %
|     ------------------------------
|     Nonbond          22.37   12.20
|     Bond              0.00    0.00
|     Angle             0.00    0.00
|     Dihedral          0.00    0.00
|     Shake             2.13    1.16
|     RunMD           154.35   84.15
|     Other             4.56    2.49
|     ------------------------------
|     Total           183.41

|  PME Nonbond Pairlist CPU Time:
|
|     Routine              Sec        %
|     ---------------------------------
|     Set Up Cit           0.00    0.00
|     Build List           0.00    0.00
|     ---------------------------------
|     Total                0.00    0.00

|  PME Direct Force CPU Time:
|
|     Routine              Sec        %
|     ---------------------------------
|     NonBonded Calc       0.00    0.00
|     Exclude Masked       0.00    0.00
|     Other                0.73    0.40
|     ---------------------------------
|     Total                0.73    0.40

|  PME Reciprocal Force CPU Time:
|
|     Routine              Sec        %
|     ---------------------------------
|     1D bspline           0.00    0.00
|     Grid Charges         0.00    0.00
|     Scalar Sum           0.00    0.00
|     Gradient Sum         0.00    0.00
|     FFT                  0.00    0.00
|     ---------------------------------
|     Total                0.00    0.00

|  Final Performance Info:
|     -----------------------------------------------------
|     Average timings for last       1 steps:
|     Elapsed(s) =       0.00 Per Step(ms) =       3.37
|         ns/day =      51.27   seconds/ns =    1685.06
|
|     Average timings for all steps:
|     Elapsed(s) =     183.79 Per Step(ms) =       0.37
|         ns/day =     470.09   seconds/ns =     183.79
|     -----------------------------------------------------

|  Setup CPU time:            0.50 seconds
|  NonSetup CPU time:       183.41 seconds
|  Total CPU time:          183.91 seconds     0.05 hours

|  Setup wall time:           1    seconds
|  NonSetup wall time:      184    seconds
|  Total wall time:         185    seconds     0.05 hours
