
CPPTRAJ: Trajectory Analysis. V6.4.4 (AmberTools)
    ___  ___  ___  ___
     | \/ | \/ | \/ | 
    _|_/\_|_/\_|_/\_|_

| Date/time: 08/18/26 13:06:49
| Available memory: 878.453 GB

INPUT: Reading input from '/bigdata/cutlerlab/jjaco081/PYR1_pocket_expansion/data/md191/_verify/S10_holo_open_lig.in'
  [parm /bigdata/cutlerlab/jjaco081/PYR1_pocket_expansion/data/md191/S10_holo_open/system.prmtop [sys]]
	Reading '/bigdata/cutlerlab/jjaco081/PYR1_pocket_expansion/data/md191/S10_holo_open/system.prmtop' as Amber Topology
	Radius Set: modified Bondi radii (mbondi)
  [trajin /bigdata/cutlerlab/jjaco081/PYR1_pocket_expansion/data/md191/S10_holo_open/system.inpcrd parm [sys]]
	Reading '/bigdata/cutlerlab/jjaco081/PYR1_pocket_expansion/data/md191/S10_holo_open/system.inpcrd' as Amber Restart
  [nativecontacts :59 :A8S&!@H= mindist out /bigdata/cutlerlab/jjaco081/PYR1_pocket_expansion/data/md191/_verify/S10_holo_open_k59.dat distance 4.0]
Warning: No reference structure specified. Defaulting to first.
    NATIVECONTACTS: Mask1=':59' Mask2=':A8S&!@H*', native contacts set up based on first frame.
	Distance cutoff is 4 Angstroms, imaging is on.
	Mask selection will not include solvent.
	Data set name: Contacts_00001
	Saving minimum observed distances in set 'Contacts_00001[mindist]'
	Output to '/bigdata/cutlerlab/jjaco081/PYR1_pocket_expansion/data/md191/_verify/S10_holo_open_k59.dat'
	Contact stats will be written to 'STDOUT'
	Contact res pairs will be written to 'STDOUT'
  [run]
---------- RUN BEGIN -------------------------------------------------

PARAMETER FILES (1 total):
 0: [sys] system.prmtop, 51588 atoms, 12385 res, box: Truncated octahedron, 12195 mol, 12120 solvent

INPUT TRAJECTORIES (1 total):
 0: 'system.inpcrd' is an AMBER restart file, no velocities, Parm system.prmtop (Truncated octahedron box) (reading 1 of 1)
  Coordinate processing will occur on 1 frames.

BEGIN TRAJECTORY PROCESSING:
.....................................................
ACTION SETUP FOR PARM 'system.prmtop' (1 actions):
  0: [nativecontacts :59 :A8S&!@H= mindist out /bigdata/cutlerlab/jjaco081/PYR1_pocket_expansion/data/md191/_verify/S10_holo_open_k59.dat distance 4.0]
	Mask [:59] corresponds to 22 atoms.
	Mask [:A8S&!@H*] corresponds to 19 atoms.
	22 potential contact sites for ':59'
	19 potential contact sites for ':A8S&!@H*'
	Imaging enabled.
----- system.inpcrd (1-1, 1) -----
	Using first frame to determine native contacts.
	Mask [:59] corresponds to 22 atoms.
	Mask [:A8S&!@H*] corresponds to 19 atoms.
	Setup 16 native contacts:
		Atom ':59@CD' to ':192@O3'
		Atom ':59@HD3' to ':192@C1'
		Atom ':59@HD3' to ':192@O3'
		Atom ':59@HD3' to ':192@O4'
		Atom ':59@CE' to ':192@O4'
		Atom ':59@HE3' to ':192@O3'
		Atom ':59@HE3' to ':192@O4'
		Atom ':59@NZ' to ':192@C1'
		Atom ':59@NZ' to ':192@O3'
		Atom ':59@NZ' to ':192@O4'
		Atom ':59@HZ1' to ':192@O4'
		Atom ':59@HZ2' to ':192@O4'
		Atom ':59@HZ3' to ':192@C1'
		Atom ':59@HZ3' to ':192@C2'
		Atom ':59@HZ3' to ':192@O3'
		Atom ':59@HZ3' to ':192@O4'
100% Complete.

Read 1 frames and processed 1 frames.
TIME: Avg. throughput= 399.6803 frames / second.

ACTION OUTPUT:
    CONTACTS: Contacts_00001
#Res1       #Res2  TotalFrac   Contacts
59            192         16         16
#                     Contact  Nframes    Frac.      Avg    Stdev
       1      :59@HZ3_:192@O4        1        1     1.74 2.11e-08
       2      :59@HZ3_:192@C1        1        1     2.66        0
       3       :59@NZ_:192@O4        1        1     2.72 2.98e-08
       4      :59@HD3_:192@O3        1        1     2.75        0
       5      :59@HZ3_:192@O3        1        1     2.97        0
       6      :59@HZ2_:192@O4        1        1     3.03        0
       7      :59@HZ1_:192@O4        1        1     3.28        0
       8      :59@HD3_:192@O4        1        1     3.34 4.21e-08
       9      :59@HD3_:192@C1        1        1     3.38        0
      10      :59@HE3_:192@O4        1        1     3.57        0
      11       :59@CE_:192@O4        1        1      3.6        0
      12       :59@NZ_:192@C1        1        1     3.66        0
      13       :59@CD_:192@O3        1        1     3.69        0
      14      :59@HZ3_:192@C2        1        1     3.82        0
      15       :59@NZ_:192@O3        1        1     3.86        0
      16      :59@HE3_:192@O3        1        1     3.88        0
TIME: Analyses took 0.0000 seconds.

DATASETS (3 total):
	Contacts_00001[native] "Contacts_00001[native]" (integer), size is 1 (0.004 kB)
	Contacts_00001[nonnative] "Contacts_00001[nonnative]" (integer), size is 1 (0.004 kB)
	Contacts_00001[mindist] "Contacts_00001[mindist]" (double), size is 1 (0.008 kB)
    Total data set memory usage is at least 0.016 kB

DATAFILES (3 total):
  S10_holo_open_k59.dat (Standard Data File):  Contacts_00001[native] Contacts_00001[nonnative] Contacts_00001[mindist]
  STDOUT (Native Contacts)
  STDOUT (Contact Res Pairs)

RUN TIMING:
TIME:		Init               : 0.0000 s (  0.66%)
TIME:		Trajectory Process : 0.0025 s ( 61.49%)
TIME:		Action Post        : 0.0000 s (  1.18%)
TIME:		Analysis           : 0.0000 s (  0.02%)
TIME:		Data File Write    : 0.0015 s ( 36.40%)
TIME:		Other              : 0.0000 s (  0.00%)
TIME:	Run Total 0.0041 s
---------- RUN END ---------------------------------------------------
  [quit]
TIME: Total execution time: 0.0901 seconds.
--------------------------------------------------------------------------------
To cite CPPTRAJ use:
Daniel R. Roe and Thomas E. Cheatham, III, "PTRAJ and CPPTRAJ: Software for
  Processing and Analysis of Molecular Dynamics Trajectory Data". J. Chem.
  Theory Comput., 2013, 9 (7), pp 3084-3095.

