
CPPTRAJ: Trajectory Analysis. V6.4.4 (AmberTools)
    ___  ___  ___  ___
     | \/ | \/ | \/ | 
    _|_/\_|_/\_|_/\_|_

| Date/time: 08/18/26 13:06:48
| Available memory: 879.080 GB

INPUT: Reading input from '/bigdata/cutlerlab/jjaco081/PYR1_pocket_expansion/data/md191/_verify/S2_holo_closed_lig.in'
  [parm /bigdata/cutlerlab/jjaco081/PYR1_pocket_expansion/data/md191/S2_holo_closed/system.prmtop [sys]]
	Reading '/bigdata/cutlerlab/jjaco081/PYR1_pocket_expansion/data/md191/S2_holo_closed/system.prmtop' as Amber Topology
	Radius Set: modified Bondi radii (mbondi)
  [trajin /bigdata/cutlerlab/jjaco081/PYR1_pocket_expansion/data/md191/S2_holo_closed/system.inpcrd parm [sys]]
	Reading '/bigdata/cutlerlab/jjaco081/PYR1_pocket_expansion/data/md191/S2_holo_closed/system.inpcrd' as Amber Restart
  [nativecontacts :59 :A8S&!@H= mindist out /bigdata/cutlerlab/jjaco081/PYR1_pocket_expansion/data/md191/_verify/S2_holo_closed_k59.dat distance 4.0]
Warning: No reference structure specified. Defaulting to first.
    NATIVECONTACTS: Mask1=':59' Mask2=':A8S&!@H*', native contacts set up based on first frame.
	Distance cutoff is 4 Angstroms, imaging is on.
	Mask selection will not include solvent.
	Data set name: Contacts_00001
	Saving minimum observed distances in set 'Contacts_00001[mindist]'
	Output to '/bigdata/cutlerlab/jjaco081/PYR1_pocket_expansion/data/md191/_verify/S2_holo_closed_k59.dat'
	Contact stats will be written to 'STDOUT'
	Contact res pairs will be written to 'STDOUT'
  [run]
---------- RUN BEGIN -------------------------------------------------

PARAMETER FILES (1 total):
 0: [sys] system.prmtop, 46570 atoms, 11126 res, box: Truncated octahedron, 10936 mol, 10867 solvent

INPUT TRAJECTORIES (1 total):
 0: 'system.inpcrd' is an AMBER restart file, no velocities, Parm system.prmtop (Truncated octahedron box) (reading 1 of 1)
  Coordinate processing will occur on 1 frames.

BEGIN TRAJECTORY PROCESSING:
.....................................................
ACTION SETUP FOR PARM 'system.prmtop' (1 actions):
  0: [nativecontacts :59 :A8S&!@H= mindist out /bigdata/cutlerlab/jjaco081/PYR1_pocket_expansion/data/md191/_verify/S2_holo_closed_k59.dat distance 4.0]
	Mask [:59] corresponds to 22 atoms.
	Mask [:A8S&!@H*] corresponds to 19 atoms.
	22 potential contact sites for ':59'
	19 potential contact sites for ':A8S&!@H*'
	Imaging enabled.
----- system.inpcrd (1-1, 1) -----
	Using first frame to determine native contacts.
	Mask [:59] corresponds to 22 atoms.
	Mask [:A8S&!@H*] corresponds to 19 atoms.
	Setup 20 native contacts:
		Atom ':59@CD' to ':192@O3'
		Atom ':59@HD3' to ':192@C1'
		Atom ':59@HD3' to ':192@O3'
		Atom ':59@CE' to ':192@O3'
		Atom ':59@CE' to ':192@O4'
		Atom ':59@HE2' to ':192@O3'
		Atom ':59@HE2' to ':192@O4'
		Atom ':59@NZ' to ':192@C1'
		Atom ':59@NZ' to ':192@O3'
		Atom ':59@NZ' to ':192@O4'
		Atom ':59@HZ1' to ':192@C1'
		Atom ':59@HZ1' to ':192@C2'
		Atom ':59@HZ1' to ':192@O3'
		Atom ':59@HZ1' to ':192@O4'
		Atom ':59@HZ2' to ':192@C1'
		Atom ':59@HZ2' to ':192@O3'
		Atom ':59@HZ2' to ':192@O4'
		Atom ':59@HZ3' to ':192@C1'
		Atom ':59@HZ3' to ':192@O3'
		Atom ':59@HZ3' to ':192@O4'
100% Complete.

Read 1 frames and processed 1 frames.
TIME: Avg. throughput= 381.8251 frames / second.

ACTION OUTPUT:
    CONTACTS: Contacts_00001
#Res1       #Res2  TotalFrac   Contacts
59            192         20         20
#                     Contact  Nframes    Frac.      Avg    Stdev
       1      :59@HZ1_:192@O3        1        1     2.01        0
       2      :59@HZ1_:192@O4        1        1     2.19 2.98e-08
       3      :59@HZ1_:192@C1        1        1     2.42        0
       4      :59@HZ2_:192@O4        1        1      2.7 2.98e-08
       5       :59@NZ_:192@O4        1        1     2.85        0
       6       :59@NZ_:192@O3        1        1     3.02        0
       7      :59@HD3_:192@O3        1        1     3.11        0
       8      :59@HE2_:192@O4        1        1     3.32        0
       9       :59@NZ_:192@C1        1        1     3.35        0
      10      :59@HZ3_:192@O3        1        1     3.43 4.21e-08
      11      :59@HZ2_:192@C1        1        1     3.49        0
      12      :59@HZ2_:192@O3        1        1      3.5 4.21e-08
      13       :59@CE_:192@O4        1        1     3.66 4.21e-08
      14      :59@HZ3_:192@O4        1        1     3.67        0
      15      :59@HZ1_:192@C2        1        1      3.8        0
      16       :59@CE_:192@O3        1        1     3.91        0
      17      :59@HD3_:192@C1        1        1     3.95 4.21e-08
      18       :59@CD_:192@O3        1        1     3.97        0
      19      :59@HE2_:192@O3        1        1     3.98        0
      20      :59@HZ3_:192@C1        1        1     3.98 4.21e-08
TIME: Analyses took 0.0000 seconds.

DATASETS (3 total):
	Contacts_00001[native] "Contacts_00001[native]" (integer), size is 1 (0.004 kB)
	Contacts_00001[nonnative] "Contacts_00001[nonnative]" (integer), size is 1 (0.004 kB)
	Contacts_00001[mindist] "Contacts_00001[mindist]" (double), size is 1 (0.008 kB)
    Total data set memory usage is at least 0.016 kB

DATAFILES (3 total):
  S2_holo_closed_k59.dat (Standard Data File):  Contacts_00001[native] Contacts_00001[nonnative] Contacts_00001[mindist]
  STDOUT (Native Contacts)
  STDOUT (Contact Res Pairs)

RUN TIMING:
TIME:		Init               : 0.0000 s (  1.26%)
TIME:		Trajectory Process : 0.0026 s ( 71.62%)
TIME:		Action Post        : 0.0001 s (  2.54%)
TIME:		Analysis           : 0.0000 s (  0.03%)
TIME:		Data File Write    : 0.0009 s ( 24.25%)
TIME:		Other              : 0.0000 s (  0.00%)
TIME:	Run Total 0.0037 s
---------- RUN END ---------------------------------------------------
  [quit]
TIME: Total execution time: 0.0796 seconds.
--------------------------------------------------------------------------------
To cite CPPTRAJ use:
Daniel R. Roe and Thomas E. Cheatham, III, "PTRAJ and CPPTRAJ: Software for
  Processing and Analysis of Molecular Dynamics Trajectory Data". J. Chem.
  Theory Comput., 2013, 9 (7), pp 3084-3095.

