            --------------------------------------------------------
                             AMBER SQM VERSION 19
 
                                     By
              Ross C. Walker, Michael F. Crowley, Scott Brozell,
                         Tim Giese, Andreas W. Goetz,
                        Tai-Sung Lee and David A. Case
 
            --------------------------------------------------------
 

--------------------------------------------------------------------------------
  QM CALCULATION INFO
--------------------------------------------------------------------------------

| QMMM: Citation for AMBER QMMM Run:
| QMMM: R.C. Walker, M.F. Crowley and D.A. Case, J. COMP. CHEM. 29:1019, 2008

QMMM: SINGLET STATE CALCULATION
QMMM: RHF CALCULATION, NO. OF DOUBLY OCCUPIED LEVELS = 54

| QMMM: *** Selected Hamiltonian *** 
| QMMM: AM1         

| QMMM: *** Parameter sets in use ***
| QMMM: C : M.J.S.DEWAR et al. JACS, 107, 3902, (1985)
| QMMM: O : M.J.S.DEWAR et al. JACS, 107, 3902, (1985)
| QMMM: H : M.J.S.DEWAR et al. JACS, 107, 3902, (1985)

| QMMM: *** SCF convergence criteria ***
| QMMM: Energy change                :  0.1D-09 kcal/mol
| QMMM: Error matrix |FP-PF|         :  0.1D+00 au
| QMMM: Density matrix change        :  0.5D-06
| QMMM: Maximum number of SCF cycles :     1000

| QMMM: *** Diagonalization Routine Information ***
| QMMM: Pseudo diagonalizations are allowed.
| QMMM: Auto diagonalization routine selection is in use.
| QMMM:
| QMMM: Timing diagonalization routines:
| QMMM:                              norbs =      104
| QMMM:    diag iterations used for timing =       10
| QMMM:
| QMMM:              Internal diag routine = 0.015309 seconds
| QMMM:                 Dspev diag routine = 0.018185 seconds
| QMMM:                Dspevd diag routine = 0.008506 seconds
| QMMM:                Dspevx diag routine = 0.046369 seconds
| QMMM:                 Dsyev diag routine = 0.017588 seconds
| QMMM:                Dsyevd diag routine = 0.007038 seconds
| QMMM:                Dsyevr diag routine = 0.010396 seconds
| QMMM:
| QMMM:                Pseudo diag routine = 0.006009 seconds
| QMMM:
| QMMM: Using dsyevd routine (diag_routine=6).

  QMMM: QM Region Cartesian Coordinates (*=link atom) 
  QMMM: QM_NO.   MM_NO.  ATOM         X         Y         Z
  QMMM:     1        1      C        1.4930   19.8520   31.1940
  QMMM:     2        2      C        1.6450   21.3890   31.0690
  QMMM:     3        3      C        3.0630   21.8000   31.4880
  QMMM:     4        4      C        3.2970   21.6100   32.9990
  QMMM:     5        5      C        2.2170   22.2890   33.8810
  QMMM:     6        6      C        2.3870   22.0810   35.3850
  QMMM:     7        7      C        3.6640   21.9770   35.9660
  QMMM:     8        8      C        3.8270   21.8290   37.3460
  QMMM:     9        9      C        2.7080   21.7970   38.1650
  QMMM:    10       10      O        2.8170   21.6500   39.5160
  QMMM:    11       11      C        1.4360   21.9200   37.6250
  QMMM:    12       12      C        1.2620   22.0790   36.2390
  QMMM:    13       13      C       -0.1500   22.1890   35.7170
  QMMM:    14       14      C       -0.2410   22.6500   34.2660
  QMMM:    15       15      C        0.7820   21.8950   33.4160
  QMMM:    16       16      C        0.6470   22.2010   31.9230
  QMMM:    17       17      C       -0.6930   21.9560   31.2380
  QMMM:    18       18      C       -0.3440   21.8480   29.7410
  QMMM:    19       19      C        1.1960   21.8030   29.6520
  QMMM:    20       20      O        1.6780   23.1020   29.3220
  QMMM:    21       21      H        3.7590   21.5790   39.7410
  QMMM:    22       22      H        1.3420   23.3230   28.4370
  QMMM:    23       23      H        1.6940   19.4840   32.2040
  QMMM:    24       24      H        0.4920   19.5020   30.9240
  QMMM:    25       25      H        2.1990   19.3480   30.5230
  QMMM:    26       26      H        3.8110   21.2280   30.9250
  QMMM:    27       27      H        3.2430   22.8560   31.2520
  QMMM:    28       28      H        3.3570   20.5410   33.2390
  QMMM:    29       29      H        4.2860   22.0260   33.2240
  QMMM:    30       30      H        2.3300   23.3730   33.7290
  QMMM:    31       31      H        4.5610   22.0180   35.3550
  QMMM:    32       32      H        4.8280   21.7460   37.7560
  QMMM:    33       33      H        0.5750   21.8950   38.2880
  QMMM:    34       34      H       -0.6200   21.2010   35.8080
  QMMM:    35       35      H       -0.7240   22.8840   36.3420
  QMMM:    36       36      H       -1.2610   22.4800   33.9050
  QMMM:    37       37      H       -0.0570   23.7310   34.2040
  QMMM:    38       38      H        0.6230   20.8220   33.5840
  QMMM:    39       39      H        0.8630   23.2740   31.7970
  QMMM:    40       40      H       -1.1620   21.0290   31.5900
  QMMM:    41       41      H       -1.4000   22.7720   31.4210
  QMMM:    42       42      H       -0.7820   20.9290   29.3360
  QMMM:    43       43      H       -0.7630   22.6940   29.1850
  QMMM:    44       44      H        1.5420   21.1120   28.8770

--------------------------------------------------------------------------------
  RESULTS
--------------------------------------------------------------------------------

 
 Final MO eigenvalues (eV):
 -41.5957  -40.4085  -38.7018  -36.9230  -35.3135  -34.8689  -32.6645  -30.9187
 -30.1954  -29.1074  -27.5341  -26.7734  -24.4929  -23.5760  -23.3318  -21.8099
 -21.0208  -20.4725  -19.3403  -18.4467  -18.0261  -17.0229  -16.7513  -16.4523
 -15.9920  -15.6644  -15.5141  -15.1206  -14.9576  -14.7285  -14.3961  -14.2408
 -14.1241  -13.6970  -13.6297  -13.4190  -13.3282  -13.1758  -12.9181  -12.7379
 -12.5066  -12.3471  -12.2001  -11.7880  -11.6862  -11.6109  -11.5082  -11.3033
 -11.0496  -10.9229  -10.7861  -10.6023   -9.4645   -8.8002    0.4417    0.6243
   2.8350    3.0664    3.1954    3.2909    3.4394    3.6198    3.7652    3.8516
   3.8988    3.9533    4.0168    4.0653    4.1396    4.1759    4.2376    4.2843
   4.3326    4.3525    4.4686    4.5601    4.5745    4.6177    4.6384    4.6923
   4.7446    4.8140    4.8618    4.8993    4.9569    4.9977    5.0145    5.0366
   5.0938    5.1084    5.1952    5.1994    5.2649    5.3004    5.3310    5.4251
   5.4364    5.4533    5.5771    5.6680    5.8255    5.9619    6.2992    6.4665


 Heat of formation   =        -94.89618427 kcal/mol  (       -4.11500734 eV)

 Total SCF energy    =     -75577.53077665 kcal/mol  (    -3277.28766214 eV)
 Electronic energy   =    -567187.81525370 kcal/mol  (   -24595.10928640 eV)
 Core-core repulsion =     491610.28447705 kcal/mol  (    21317.82162426 eV)
 
    Atomic Charges for Step       1 :
  Atom    Element       Mulliken Charge
     1      C                 -0.199
     2      C                 -0.033
     3      C                 -0.138
     4      C                 -0.147
     5      C                 -0.051
     6      C                 -0.092
     7      C                 -0.089
     8      C                 -0.224
     9      C                  0.086
    10      O                 -0.254
    11      C                 -0.164
    12      C                 -0.030
    13      C                 -0.120
    14      C                 -0.152
    15      C                 -0.085
    16      C                 -0.100
    17      C                 -0.149
    18      C                 -0.195
    19      C                  0.040
    20      O                 -0.332
    21      H                  0.220
    22      H                  0.201
    23      H                  0.082
    24      H                  0.072
    25      H                  0.070
    26      H                  0.080
    27      H                  0.097
    28      H                  0.080
    29      H                  0.075
    30      H                  0.094
    31      H                  0.131
    32      H                  0.130
    33      H                  0.145
    34      H                  0.090
    35      H                  0.090
    36      H                  0.083
    37      H                  0.084
    38      H                  0.094
    39      H                  0.104
    40      H                  0.080
    41      H                  0.082
    42      H                  0.082
    43      H                  0.087
    44      H                  0.075
 Total Mulliken Charge =      -0.000
 
                  X        Y        Z     TOTAL  
  QM DIPOLE    -0.066   -0.820   -1.718    1.904
 
 Final Structure

  QMMM: QM Region Cartesian Coordinates (*=link atom) 
  QMMM: QM_NO.   MM_NO.  ATOM         X         Y         Z
  QMMM:     1        1      C        1.4930   19.8520   31.1940
  QMMM:     2        2      C        1.6450   21.3890   31.0690
  QMMM:     3        3      C        3.0630   21.8000   31.4880
  QMMM:     4        4      C        3.2970   21.6100   32.9990
  QMMM:     5        5      C        2.2170   22.2890   33.8810
  QMMM:     6        6      C        2.3870   22.0810   35.3850
  QMMM:     7        7      C        3.6640   21.9770   35.9660
  QMMM:     8        8      C        3.8270   21.8290   37.3460
  QMMM:     9        9      C        2.7080   21.7970   38.1650
  QMMM:    10       10      O        2.8170   21.6500   39.5160
  QMMM:    11       11      C        1.4360   21.9200   37.6250
  QMMM:    12       12      C        1.2620   22.0790   36.2390
  QMMM:    13       13      C       -0.1500   22.1890   35.7170
  QMMM:    14       14      C       -0.2410   22.6500   34.2660
  QMMM:    15       15      C        0.7820   21.8950   33.4160
  QMMM:    16       16      C        0.6470   22.2010   31.9230
  QMMM:    17       17      C       -0.6930   21.9560   31.2380
  QMMM:    18       18      C       -0.3440   21.8480   29.7410
  QMMM:    19       19      C        1.1960   21.8030   29.6520
  QMMM:    20       20      O        1.6780   23.1020   29.3220
  QMMM:    21       21      H        3.7590   21.5790   39.7410
  QMMM:    22       22      H        1.3420   23.3230   28.4370
  QMMM:    23       23      H        1.6940   19.4840   32.2040
  QMMM:    24       24      H        0.4920   19.5020   30.9240
  QMMM:    25       25      H        2.1990   19.3480   30.5230
  QMMM:    26       26      H        3.8110   21.2280   30.9250
  QMMM:    27       27      H        3.2430   22.8560   31.2520
  QMMM:    28       28      H        3.3570   20.5410   33.2390
  QMMM:    29       29      H        4.2860   22.0260   33.2240
  QMMM:    30       30      H        2.3300   23.3730   33.7290
  QMMM:    31       31      H        4.5610   22.0180   35.3550
  QMMM:    32       32      H        4.8280   21.7460   37.7560
  QMMM:    33       33      H        0.5750   21.8950   38.2880
  QMMM:    34       34      H       -0.6200   21.2010   35.8080
  QMMM:    35       35      H       -0.7240   22.8840   36.3420
  QMMM:    36       36      H       -1.2610   22.4800   33.9050
  QMMM:    37       37      H       -0.0570   23.7310   34.2040
  QMMM:    38       38      H        0.6230   20.8220   33.5840
  QMMM:    39       39      H        0.8630   23.2740   31.7970
  QMMM:    40       40      H       -1.1620   21.0290   31.5900
  QMMM:    41       41      H       -1.4000   22.7720   31.4210
  QMMM:    42       42      H       -0.7820   20.9290   29.3360
  QMMM:    43       43      H       -0.7630   22.6940   29.1850
  QMMM:    44       44      H        1.5420   21.1120   28.8770

           --------- Calculation Completed ----------

