            --------------------------------------------------------
                             AMBER SQM VERSION 19
 
                                     By
              Ross C. Walker, Michael F. Crowley, Scott Brozell,
                         Tim Giese, Andreas W. Goetz,
                        Tai-Sung Lee and David A. Case
 
            --------------------------------------------------------
 

--------------------------------------------------------------------------------
  QM CALCULATION INFO
--------------------------------------------------------------------------------

| QMMM: Citation for AMBER QMMM Run:
| QMMM: R.C. Walker, M.F. Crowley and D.A. Case, J. COMP. CHEM. 29:1019, 2008

QMMM: SINGLET STATE CALCULATION
QMMM: RHF CALCULATION, NO. OF DOUBLY OCCUPIED LEVELS = 75

| QMMM: *** Selected Hamiltonian *** 
| QMMM: PM3         

| QMMM: *** Parameter sets in use ***
| QMMM: C : J.J.P.STEWART, JCC, 10, 209 (1989)
| QMMM: Cl: J.J.P.STEWART, JCC, 10, 209 (1989)
| QMMM: O : J.J.P.STEWART, JCC, 10, 209 (1989)
| QMMM: N : J.J.P.STEWART, JCC, 10, 209 (1989)
| QMMM: H : J.J.P.STEWART, JCC, 10, 209 (1989)

| QMMM: *** SCF convergence criteria ***
| QMMM: Energy change                :  0.1D-07 kcal/mol
| QMMM: Error matrix |FP-PF|         :  0.1D+00 au
| QMMM: Density matrix change        :  0.5D-05
| QMMM: Maximum number of SCF cycles :     1000

| QMMM: *** Diagonalization Routine Information ***
| QMMM: Pseudo diagonalizations are allowed.
| QMMM: Auto diagonalization routine selection is in use.
| QMMM:
| QMMM: Timing diagonalization routines:
| QMMM:                              norbs =      138
| QMMM:    diag iterations used for timing =       10
| QMMM:
| QMMM:              Internal diag routine = 0.032306 seconds
| QMMM:                 Dspev diag routine = 0.037652 seconds
| QMMM:                Dspevd diag routine = 0.015794 seconds
| QMMM:                Dspevx diag routine = 0.085407 seconds
| QMMM:                 Dsyev diag routine = 0.035927 seconds
| QMMM:                Dsyevd diag routine = 0.012301 seconds
| QMMM:                Dsyevr diag routine = 0.017661 seconds
| QMMM:
| QMMM:                Pseudo diag routine = 0.014596 seconds
| QMMM: Pseudo diagonalization appears to be slower than regular
| QMMM: diagonalization. Setting pseudo_diag=0 for optimum performance.
| QMMM:
| QMMM: Using dsyevd routine (diag_routine=6).

  QMMM: QM Region Cartesian Coordinates (*=link atom) 
  QMMM: QM_NO.   MM_NO.  ATOM         X         Y         Z
  QMMM:     1        1      C        1.5790   23.0530   34.9130
  QMMM:     2        2      C        0.3360   22.6610   34.4300
  QMMM:     3        3      C       -0.5110   21.9010   35.2290
  QMMM:     4        4      Cl      -2.0540   21.4130   34.6300
  QMMM:     5        5      C       -0.1160   21.5350   36.5100
  QMMM:     6        6      C        1.1270   21.9280   36.9930
  QMMM:     7        7      C        1.9750   22.6880   36.1940
  QMMM:     8        8      C        3.2170   23.0800   36.6770
  QMMM:     9        9      O        3.2340   24.5000   36.8500
  QMMM:    10       10      C        4.1230   24.8390   37.9170
  QMMM:    11       11      C        3.8610   26.2150   38.3550
  QMMM:    12       12      C        3.6500   27.3120   38.7050
  QMMM:    13       13      C        4.3040   22.6750   35.6800
  QMMM:    14       14      O        4.9740   21.6570   35.8530
  QMMM:    15       15      N        4.4530   23.5020   34.6360
  QMMM:    16       16      C        5.4530   23.2590   33.5860
  QMMM:    17       17      C        4.9950   23.9170   32.2820
  QMMM:    18       18      C        3.8380   23.2920   31.8290
  QMMM:    19       19      C        2.6510   24.0130   31.7420
  QMMM:    20       20      C        1.5060   23.3730   31.2870
  QMMM:    21       21      O        0.3080   24.0080   31.1730
  QMMM:    22       22      C        0.4330   25.1020   30.2610
  QMMM:    23       23      C        3.8730   21.9480   31.4650
  QMMM:    24       24      C        2.7240   21.3110   31.0090
  QMMM:    25       25      C        1.5420   22.0350   30.9230
  QMMM:    26       26      O        0.3760   21.4850   30.4880
  QMMM:    27       27      C        0.0450   20.3600   31.3060
  QMMM:    28       28      C       -1.1940   19.7440   30.8130
  QMMM:    29       29      C       -2.1810   19.2530   30.4210
  QMMM:    30       30      H        2.2500   23.6530   34.2810
  QMMM:    31       31      H        0.0230   22.9520   33.4160
  QMMM:    32       32      H       -0.7870   20.9340   37.1420
  QMMM:    33       33      H        1.4400   21.6380   38.0070
  QMMM:    34       34      H        3.4060   22.5900   37.6440
  QMMM:    35       35      H        3.9640   24.1500   38.7590
  QMMM:    36       36      H        5.1630   24.7580   37.5670
  QMMM:    37       37      H        3.4520   28.3430   39.0340
  QMMM:    38       38      H        3.8490   24.3330   34.5670
  QMMM:    39       39      H        6.4180   23.6870   33.8930
  QMMM:    40       40      H        5.5650   22.1760   33.4300
  QMMM:    41       41      H        4.7900   24.9830   32.4610
  QMMM:    42       42      H        5.7860   23.8180   31.5240
  QMMM:    43       43      H        2.6200   25.0740   32.0290
  QMMM:    44       44      H        0.5400   26.0400   30.8260
  QMMM:    45       45      H        1.3200   24.9520   29.6280
  QMMM:    46       46      H       -0.4650   25.1560   29.6280
  QMMM:    47       47      H        4.8160   21.3870   31.5390
  QMMM:    48       48      H        2.7510   20.2500   30.7210
  QMMM:    49       49      H        0.8620   19.6240   31.2650
  QMMM:    50       50      H       -0.0990   20.6920   32.3450
  QMMM:    51       51      H       -3.1090   18.7910   30.0520

--------------------------------------------------------------------------------
  RESULTS
--------------------------------------------------------------------------------

 
 Final MO eigenvalues (eV):
 -55.0775  -42.9219  -41.6270  -39.0605  -38.1738  -37.8902  -36.5738  -34.1185
 -32.8184  -32.2259  -30.9664  -30.3458  -29.8654  -28.9399  -27.5096  -26.5374
 -26.3381  -26.0023  -24.8896  -23.3074  -22.2740  -22.0661  -21.0595  -20.5165
 -20.0183  -19.2212  -18.8546  -18.4862  -18.4323  -18.1254  -18.0213  -17.7759
 -17.4537  -16.9543  -16.7339  -16.6340  -16.5226  -16.3318  -16.2933  -15.8950
 -15.8126  -15.5627  -15.2911  -15.1395  -14.9711  -14.8509  -14.6635  -14.5597
 -14.3524  -14.1831  -13.8217  -13.7274  -13.6465  -13.4642  -13.3165  -13.1031
 -13.0445  -12.8190  -12.6117  -12.5309  -12.1822  -11.9201  -11.6877  -11.5544
 -11.3773  -11.3415  -11.0822  -10.8372  -10.5410  -10.3985  -10.0523   -9.9855
  -9.6741   -9.4419   -9.3753   -0.2279   -0.2185   -0.1120    0.1176    1.2224
   1.2706    1.3382    1.5365    1.6421    1.8014    1.9821    2.1291    2.2832
   2.3814    2.4183    2.5646    2.6447    2.8314    2.8722    3.0148    3.0456
   3.1590    3.1836    3.2358    3.2574    3.3299    3.3619    3.4381    3.4799
   3.5550    3.5957    3.6726    3.6837    3.7223    3.8389    3.9390    4.0170
   4.0583    4.0640    4.1198    4.1293    4.1509    4.2388    4.2907    4.4500
   4.5840    4.5983    4.6752    4.7035    4.7788    4.8483    4.9542    5.2039
   5.2917    5.5727    5.7364    5.8296    5.8900    5.9335    6.2950    6.3414
   6.5233    7.4044

 Heat of formation   =         37.27970477 kcal/mol  (        1.61656931 eV)

 Total SCF energy    =    -108642.51125358 kcal/mol  (    -4711.09280836 eV)
 Electronic energy   =    -935100.54726848 kcal/mol  (   -40549.00252671 eV)
 Core-core repulsion =     826458.03601491 kcal/mol  (    35837.90971835 eV)
 
    Atomic Charges for Step       1 :
  Atom    Element       Mulliken Charge
     1      C                 -0.085
     2      C                 -0.112
     3      C                 -0.106
     4      Cl                 0.061
     5      C                 -0.105
     6      C                 -0.059
     7      C                 -0.107
     8      C                  0.074
     9      O                 -0.254
    10      C                  0.204
    11      C                 -0.209
    12      C                 -0.149
    13      C                  0.201
    14      O                 -0.408
    15      N                 -0.003
    16      C                 -0.074
    17      C                 -0.082
    18      C                 -0.088
    19      C                 -0.141
    20      C                  0.047
    21      O                 -0.184
    22      C                  0.043
    23      C                 -0.090
    24      C                 -0.123
    25      C                  0.043
    26      O                 -0.174
    27      C                  0.192
    28      C                 -0.202
    29      C                 -0.151
    30      H                  0.122
    31      H                  0.137
    32      H                  0.117
    33      H                  0.111
    34      H                  0.088
    35      H                  0.047
    36      H                  0.044
    37      H                  0.199
    38      H                  0.119
    39      H                  0.056
    40      H                  0.088
    41      H                  0.065
    42      H                  0.079
    43      H                  0.123
    44      H                  0.025
    45      H                  0.033
    46      H                  0.050
    47      H                  0.116
    48      H                  0.123
    49      H                  0.046
    50      H                  0.054
    51      H                  0.198
 Total Mulliken Charge =       0.000
 
                  X        Y        Z     TOTAL  
  QM DIPOLE     1.096    2.350   -0.540    2.649
 
 Final Structure

  QMMM: QM Region Cartesian Coordinates (*=link atom) 
  QMMM: QM_NO.   MM_NO.  ATOM         X         Y         Z
  QMMM:     1        1      C        1.5790   23.0530   34.9130
  QMMM:     2        2      C        0.3360   22.6610   34.4300
  QMMM:     3        3      C       -0.5110   21.9010   35.2290
  QMMM:     4        4      Cl      -2.0540   21.4130   34.6300
  QMMM:     5        5      C       -0.1160   21.5350   36.5100
  QMMM:     6        6      C        1.1270   21.9280   36.9930
  QMMM:     7        7      C        1.9750   22.6880   36.1940
  QMMM:     8        8      C        3.2170   23.0800   36.6770
  QMMM:     9        9      O        3.2340   24.5000   36.8500
  QMMM:    10       10      C        4.1230   24.8390   37.9170
  QMMM:    11       11      C        3.8610   26.2150   38.3550
  QMMM:    12       12      C        3.6500   27.3120   38.7050
  QMMM:    13       13      C        4.3040   22.6750   35.6800
  QMMM:    14       14      O        4.9740   21.6570   35.8530
  QMMM:    15       15      N        4.4530   23.5020   34.6360
  QMMM:    16       16      C        5.4530   23.2590   33.5860
  QMMM:    17       17      C        4.9950   23.9170   32.2820
  QMMM:    18       18      C        3.8380   23.2920   31.8290
  QMMM:    19       19      C        2.6510   24.0130   31.7420
  QMMM:    20       20      C        1.5060   23.3730   31.2870
  QMMM:    21       21      O        0.3080   24.0080   31.1730
  QMMM:    22       22      C        0.4330   25.1020   30.2610
  QMMM:    23       23      C        3.8730   21.9480   31.4650
  QMMM:    24       24      C        2.7240   21.3110   31.0090
  QMMM:    25       25      C        1.5420   22.0350   30.9230
  QMMM:    26       26      O        0.3760   21.4850   30.4880
  QMMM:    27       27      C        0.0450   20.3600   31.3060
  QMMM:    28       28      C       -1.1940   19.7440   30.8130
  QMMM:    29       29      C       -2.1810   19.2530   30.4210
  QMMM:    30       30      H        2.2500   23.6530   34.2810
  QMMM:    31       31      H        0.0230   22.9520   33.4160
  QMMM:    32       32      H       -0.7870   20.9340   37.1420
  QMMM:    33       33      H        1.4400   21.6380   38.0070
  QMMM:    34       34      H        3.4060   22.5900   37.6440
  QMMM:    35       35      H        3.9640   24.1500   38.7590
  QMMM:    36       36      H        5.1630   24.7580   37.5670
  QMMM:    37       37      H        3.4520   28.3430   39.0340
  QMMM:    38       38      H        3.8490   24.3330   34.5670
  QMMM:    39       39      H        6.4180   23.6870   33.8930
  QMMM:    40       40      H        5.5650   22.1760   33.4300
  QMMM:    41       41      H        4.7900   24.9830   32.4610
  QMMM:    42       42      H        5.7860   23.8180   31.5240
  QMMM:    43       43      H        2.6200   25.0740   32.0290
  QMMM:    44       44      H        0.5400   26.0400   30.8260
  QMMM:    45       45      H        1.3200   24.9520   29.6280
  QMMM:    46       46      H       -0.4650   25.1560   29.6280
  QMMM:    47       47      H        4.8160   21.3870   31.5390
  QMMM:    48       48      H        2.7510   20.2500   30.7210
  QMMM:    49       49      H        0.8620   19.6240   31.2650
  QMMM:    50       50      H       -0.0990   20.6920   32.3450
  QMMM:    51       51      H       -3.1090   18.7910   30.0520

           --------- Calculation Completed ----------

