$ tleap -f mklib.in

-I: Adding /opt/linux/rocky/8.x/x86_64/pkgs/amber/amber22/dat/leap/prep to search path.
-I: Adding /opt/linux/rocky/8.x/x86_64/pkgs/amber/amber22/dat/leap/lib to search path.
-I: Adding /opt/linux/rocky/8.x/x86_64/pkgs/amber/amber22/dat/leap/parm to search path.
-I: Adding /opt/linux/rocky/8.x/x86_64/pkgs/amber/amber22/dat/leap/cmd to search path.
-f: Source mklib.in.

Welcome to LEaP!
(no leaprc in search path)
Sourcing: ./mklib.in
----- Source: /opt/linux/rocky/8.x/x86_64/pkgs/amber/amber22/dat/leap/cmd/leaprc.gaff2
----- Source of /opt/linux/rocky/8.x/x86_64/pkgs/amber/amber22/dat/leap/cmd/leaprc.gaff2 done
Log file: ./leap.log
Loading parameters: /opt/linux/rocky/8.x/x86_64/pkgs/amber/amber22/dat/leap/parm/gaff2.dat
Reading title:
AMBER General Force Field for organic molecules (Version 2.11, May 2016)
Loading parameters: ./A8S.frcmod
Reading force field modification type file (frcmod)
Reading title:
Remark line goes here
Loading Mol2 file: ./A8S.mol2
Reading MOLECULE named A8S
Checking 'A8S'....

/opt/linux/rocky/8.x/x86_64/pkgs/amber/amber22/bin/teLeap: Warning!
The unperturbed charge of the unit (-1.000998) is not zero.
Checking parameters for unit 'A8S'.
Checking for bond parameters.
Checking for angle parameters.
check:  Warnings: 1
Unit is OK.
 Creating A8S.lib
Building topology.
Building atom parameters.
	Quit

Exiting LEaP: Errors = 0; Warnings = 1; Notes = 0.

