            --------------------------------------------------------
                             AMBER SQM VERSION 19
 
                                     By
              Ross C. Walker, Michael F. Crowley, Scott Brozell,
                         Tim Giese, Andreas W. Goetz,
                        Tai-Sung Lee and David A. Case
 
            --------------------------------------------------------
 

--------------------------------------------------------------------------------
  QM CALCULATION INFO
--------------------------------------------------------------------------------

| QMMM: Citation for AMBER QMMM Run:
| QMMM: R.C. Walker, M.F. Crowley and D.A. Case, J. COMP. CHEM. 29:1019, 2008

QMMM: SINGLET STATE CALCULATION
QMMM: RHF CALCULATION, NO. OF DOUBLY OCCUPIED LEVELS = 52

| QMMM: *** Selected Hamiltonian *** 
| QMMM: AM1         

| QMMM: *** Parameter sets in use ***
| QMMM: C : M.J.S.DEWAR et al. JACS, 107, 3902, (1985)
| QMMM: O : M.J.S.DEWAR et al. JACS, 107, 3902, (1985)
| QMMM: N : M.J.S.DEWAR et al. JACS, 107, 3902, (1985)
| QMMM: H : M.J.S.DEWAR et al. JACS, 107, 3902, (1985)
| QMMM: F : M.J.S.DEWAR et al. THEOCHEM, 180, 1, (1988)

| QMMM: *** SCF convergence criteria ***
| QMMM: Energy change                :  0.1D-09 kcal/mol
| QMMM: Error matrix |FP-PF|         :  0.1D+00 au
| QMMM: Density matrix change        :  0.5D-06
| QMMM: Maximum number of SCF cycles :     1000

| QMMM: *** Diagonalization Routine Information ***
| QMMM: Pseudo diagonalizations are allowed.
| QMMM: Auto diagonalization routine selection is in use.
| QMMM:
| QMMM: Timing diagonalization routines:
| QMMM:                              norbs =       87
| QMMM:    diag iterations used for timing =       15
| QMMM:
| QMMM:              Internal diag routine = 0.014265 seconds
| QMMM:                 Dspev diag routine = 0.017703 seconds
| QMMM:                Dspevd diag routine = 0.009452 seconds
| QMMM:                Dspevx diag routine = 0.047647 seconds
| QMMM:                 Dsyev diag routine = 0.017262 seconds
| QMMM:                Dsyevd diag routine = 0.008046 seconds
| QMMM:                Dsyevr diag routine = 0.010653 seconds
| QMMM:
| QMMM:                Pseudo diag routine = 0.004571 seconds
| QMMM:
| QMMM: Using dsyevd routine (diag_routine=6).

  QMMM: QM Region Cartesian Coordinates (*=link atom) 
  QMMM: QM_NO.   MM_NO.  ATOM         X         Y         Z
  QMMM:     1        1      C        1.2100   22.1110   32.5360
  QMMM:     2        2      C        2.5580   21.7670   32.3740
  QMMM:     3        3      C        3.4470   21.8400   33.4480
  QMMM:     4        4      C        2.9790   22.2580   34.7000
  QMMM:     5        5      C        1.6330   22.5880   34.9060
  QMMM:     6        6      C        0.7600   22.5170   33.7990
  QMMM:     7        7      C       -0.1490   23.0520   30.6480
  QMMM:     8        8      O        0.0330   24.2480   30.8490
  QMMM:     9        9      N        0.3850   22.0150   31.3970
  QMMM:    10       10      H        0.7520   21.2970   30.7860
  QMMM:    11       11      C       -0.9330   21.0290   29.3770
  QMMM:    12       12      C       -1.0230   22.5490   29.4940
  QMMM:    13       13      C       -2.4780   22.9790   29.6770
  QMMM:    14       14      C        1.1010   23.0070   36.2520
  QMMM:    15       15      F       -0.1800   23.4590   36.1960
  QMMM:    16       16      F        1.8130   24.0270   36.8090
  QMMM:    17       17      F        1.1260   22.0010   37.1640
  QMMM:    18       18      N        3.9520   22.3500   35.7810
  QMMM:    19       19      O        4.0820   21.3560   36.5060
  QMMM:    20       20      O        4.5970   23.4000   35.8680
  QMMM:    21       21      H        2.9420   21.4610   31.4030
  QMMM:    22       22      H        4.4950   21.5880   33.3010
  QMMM:    23       23      H       -0.2910   22.7840   33.9140
  QMMM:    24       24      H       -1.2530   20.5040   30.2840
  QMMM:    25       25      H       -1.5990   20.6860   28.5750
  QMMM:    26       26      H        0.0690   20.6930   29.0860
  QMMM:    27       27      H       -0.6270   22.9930   28.5730
  QMMM:    28       28      H       -2.8980   22.5650   30.5990
  QMMM:    29       29      H       -2.5540   24.0700   29.7430
  QMMM:    30       30      H       -3.0950   22.6470   28.8360

--------------------------------------------------------------------------------
  RESULTS
--------------------------------------------------------------------------------

 
 Final MO eigenvalues (eV):
 -52.6110  -49.3252  -49.1191  -42.7739  -41.4750  -39.9743  -37.3447  -36.7910
 -35.8450  -33.6284  -32.0247  -28.8540  -28.2744  -27.1243  -25.3187  -24.3922
 -23.3881  -21.4425  -20.6941  -20.1618  -19.9354  -19.7005  -19.6916  -18.7606
 -18.1710  -18.0764  -17.2545  -16.4706  -16.2559  -15.8649  -15.7240  -15.6108
 -15.3876  -15.0606  -15.0087  -14.7850  -14.7467  -14.7030  -14.3938  -14.1811
 -13.9290  -13.7148  -13.2796  -12.8863  -12.7098  -12.6137  -12.0976  -12.0259
 -11.9391  -11.4663  -11.1505  -10.3206   -1.3376   -0.9633   -0.6859    0.2159
   0.5507    0.9638    1.1822    1.5069    2.3864    2.7400    2.7999    2.8819
   3.0364    3.1131    3.1355    3.2143    3.2734    3.3093    3.5520    3.6265
   3.7042    3.9028    3.9470    3.9993    4.0700    4.1577    4.2358    4.3131
   4.4631    4.6694    4.6933    4.8660    5.0658    6.2744    6.6100

 Heat of formation   =       -146.04602639 kcal/mol  (       -6.33303093 eV)

 Total SCF energy    =    -101169.18375818 kcal/mol  (    -4387.02501011 eV)
 Electronic energy   =    -554700.17376804 kcal/mol  (   -24053.60451707 eV)
 Core-core repulsion =     453530.99000987 kcal/mol  (    19666.57950695 eV)
 
    Atomic Charges for Step       1 :
  Atom    Element       Mulliken Charge
     1      C                  0.073
     2      C                 -0.144
     3      C                 -0.075
     4      C                 -0.061
     5      C                 -0.118
     6      C                 -0.072
     7      C                  0.300
     8      O                 -0.307
     9      N                 -0.319
    10      H                  0.222
    11      C                 -0.225
    12      C                 -0.119
    13      C                 -0.200
    14      C                  0.483
    15      F                 -0.154
    16      F                 -0.149
    17      F                 -0.144
    18      N                  0.526
    19      O                 -0.323
    20      O                 -0.314
    21      H                  0.149
    22      H                  0.166
    23      H                  0.175
    24      H                  0.096
    25      H                  0.084
    26      H                  0.067
    27      H                  0.119
    28      H                  0.083
    29      H                  0.094
    30      H                  0.086
 Total Mulliken Charge =      -0.000
 
                  X        Y        Z     TOTAL  
  QM DIPOLE    -2.407   -3.590   -7.294    8.479
 
 Final Structure

  QMMM: QM Region Cartesian Coordinates (*=link atom) 
  QMMM: QM_NO.   MM_NO.  ATOM         X         Y         Z
  QMMM:     1        1      C        1.2100   22.1110   32.5360
  QMMM:     2        2      C        2.5580   21.7670   32.3740
  QMMM:     3        3      C        3.4470   21.8400   33.4480
  QMMM:     4        4      C        2.9790   22.2580   34.7000
  QMMM:     5        5      C        1.6330   22.5880   34.9060
  QMMM:     6        6      C        0.7600   22.5170   33.7990
  QMMM:     7        7      C       -0.1490   23.0520   30.6480
  QMMM:     8        8      O        0.0330   24.2480   30.8490
  QMMM:     9        9      N        0.3850   22.0150   31.3970
  QMMM:    10       10      H        0.7520   21.2970   30.7860
  QMMM:    11       11      C       -0.9330   21.0290   29.3770
  QMMM:    12       12      C       -1.0230   22.5490   29.4940
  QMMM:    13       13      C       -2.4780   22.9790   29.6770
  QMMM:    14       14      C        1.1010   23.0070   36.2520
  QMMM:    15       15      F       -0.1800   23.4590   36.1960
  QMMM:    16       16      F        1.8130   24.0270   36.8090
  QMMM:    17       17      F        1.1260   22.0010   37.1640
  QMMM:    18       18      N        3.9520   22.3500   35.7810
  QMMM:    19       19      O        4.0820   21.3560   36.5060
  QMMM:    20       20      O        4.5970   23.4000   35.8680
  QMMM:    21       21      H        2.9420   21.4610   31.4030
  QMMM:    22       22      H        4.4950   21.5880   33.3010
  QMMM:    23       23      H       -0.2910   22.7840   33.9140
  QMMM:    24       24      H       -1.2530   20.5040   30.2840
  QMMM:    25       25      H       -1.5990   20.6860   28.5750
  QMMM:    26       26      H        0.0690   20.6930   29.0860
  QMMM:    27       27      H       -0.6270   22.9930   28.5730
  QMMM:    28       28      H       -2.8980   22.5650   30.5990
  QMMM:    29       29      H       -2.5540   24.0700   29.7430
  QMMM:    30       30      H       -3.0950   22.6470   28.8360

           --------- Calculation Completed ----------

