            --------------------------------------------------------
                             AMBER SQM VERSION 19
 
                                     By
              Ross C. Walker, Michael F. Crowley, Scott Brozell,
                         Tim Giese, Andreas W. Goetz,
                        Tai-Sung Lee and David A. Case
 
            --------------------------------------------------------
 

--------------------------------------------------------------------------------
  QM CALCULATION INFO
--------------------------------------------------------------------------------

| QMMM: Citation for AMBER QMMM Run:
| QMMM: R.C. Walker, M.F. Crowley and D.A. Case, J. COMP. CHEM. 29:1019, 2008

QMMM: SINGLET STATE CALCULATION
QMMM: RHF CALCULATION, NO. OF DOUBLY OCCUPIED LEVELS = 54

| QMMM: *** Selected Hamiltonian *** 
| QMMM: AM1         

| QMMM: *** Parameter sets in use ***
| QMMM: C : M.J.S.DEWAR et al. JACS, 107, 3902, (1985)
| QMMM: O : M.J.S.DEWAR et al. JACS, 107, 3902, (1985)
| QMMM: H : M.J.S.DEWAR et al. JACS, 107, 3902, (1985)

| QMMM: *** SCF convergence criteria ***
| QMMM: Energy change                :  0.1D-09 kcal/mol
| QMMM: Error matrix |FP-PF|         :  0.1D+00 au
| QMMM: Density matrix change        :  0.5D-06
| QMMM: Maximum number of SCF cycles :     1000

| QMMM: *** Diagonalization Routine Information ***
| QMMM: Pseudo diagonalizations are allowed.
| QMMM: Auto diagonalization routine selection is in use.
| QMMM:
| QMMM: Timing diagonalization routines:
| QMMM:                              norbs =      104
| QMMM:    diag iterations used for timing =       10
| QMMM:
| QMMM:              Internal diag routine = 0.015203 seconds
| QMMM:                 Dspev diag routine = 0.018179 seconds
| QMMM:                Dspevd diag routine = 0.008568 seconds
| QMMM:                Dspevx diag routine = 0.046395 seconds
| QMMM:                 Dsyev diag routine = 0.017515 seconds
| QMMM:                Dsyevd diag routine = 0.007057 seconds
| QMMM:                Dsyevr diag routine = 0.010307 seconds
| QMMM:
| QMMM:                Pseudo diag routine = 0.006009 seconds
| QMMM:
| QMMM: Using dsyevd routine (diag_routine=6).

  QMMM: QM Region Cartesian Coordinates (*=link atom) 
  QMMM: QM_NO.   MM_NO.  ATOM         X         Y         Z
  QMMM:     1        1      C        2.3210   21.9020   35.3330
  QMMM:     2        2      C        3.1740   22.7850   34.3860
  QMMM:     3        3      C        2.5180   24.1660   34.2440
  QMMM:     4        4      C        1.1930   24.0990   33.4610
  QMMM:     5        5      C        1.3210   23.3780   32.0920
  QMMM:     6        6      C        0.0170   23.2480   31.3070
  QMMM:     7        7      C       -0.9780   24.2410   31.3770
  QMMM:     8        8      C       -2.1540   24.1470   30.6280
  QMMM:     9        9      C       -2.3430   23.0610   29.7880
  QMMM:    10       10      O       -3.4750   22.9250   29.0410
  QMMM:    11       11      C       -1.3700   22.0770   29.6790
  QMMM:    12       12      C       -0.1790   22.1670   30.4200
  QMMM:    13       13      C        0.8280   21.0530   30.2670
  QMMM:    14       14      C        2.1960   21.3670   30.8650
  QMMM:    15       15      C        2.0260   21.9970   32.2490
  QMMM:    16       16      C        3.3600   22.2040   32.9680
  QMMM:    17       17      C        4.2720   21.0010   33.1910
  QMMM:    18       18      C        5.1980   21.4320   34.3450
  QMMM:    19       19      C        4.6320   22.7610   34.8880
  QMMM:    20       20      O        5.3800   23.8410   34.3380
  QMMM:    21       21      H       -4.0540   23.6840   29.2210
  QMMM:    22       22      H        6.2930   23.7590   34.6630
  QMMM:    23       23      H        2.2770   22.3560   36.3310
  QMMM:    24       24      H        1.2900   21.7820   34.9910
  QMMM:    25       25      H        2.7330   20.8960   35.4590
  QMMM:    26       26      H        2.3400   24.6100   35.2310
  QMMM:    27       27      H        3.1860   24.8560   33.7130
  QMMM:    28       28      H        0.4210   23.6110   34.0680
  QMMM:    29       29      H        0.8560   25.1320   33.3140
  QMMM:    30       30      H        1.9680   24.0140   31.4670
  QMMM:    31       31      H       -0.8530   25.1140   32.0110
  QMMM:    32       32      H       -2.9010   24.9300   30.7150
  QMMM:    33       33      H       -1.5400   21.2370   29.0100
  QMMM:    34       34      H        0.4200   20.1610   30.7600
  QMMM:    35       35      H        0.9570   20.8120   29.2050
  QMMM:    36       36      H        2.7790   20.4410   30.9180
  QMMM:    37       37      H        2.7450   22.0510   30.2040
  QMMM:    38       38      H        1.3920   21.3250   32.8410
  QMMM:    39       39      H        3.9410   22.9200   32.3640
  QMMM:    40       40      H        3.7010   20.1090   33.4700
  QMMM:    41       41      H        4.8490   20.7550   32.2930
  QMMM:    42       42      H        5.1850   20.6600   35.1230
  QMMM:    43       43      H        6.2300   21.5390   33.9930
  QMMM:    44       44      H        4.7080   22.8240   35.9790

--------------------------------------------------------------------------------
  RESULTS
--------------------------------------------------------------------------------

 
 Final MO eigenvalues (eV):
 -41.5926  -40.4102  -38.7012  -36.9221  -35.3084  -34.8622  -32.6583  -30.9187
 -30.1874  -29.1076  -27.5289  -26.7747  -24.4882  -23.5742  -23.3348  -21.8077
 -21.0226  -20.4719  -19.3382  -18.4463  -18.0241  -17.0217  -16.7498  -16.4511
 -15.9892  -15.6635  -15.5121  -15.1218  -14.9570  -14.7258  -14.3939  -14.2410
 -14.1241  -13.6952  -13.6273  -13.4173  -13.3263  -13.1752  -12.9172  -12.7382
 -12.5046  -12.3467  -12.1991  -11.7885  -11.6857  -11.6104  -11.5084  -11.3054
 -11.0498  -10.9248  -10.7862  -10.6000   -9.4642   -8.7994    0.4450    0.6226
   2.8358    3.0653    3.1983    3.2902    3.4397    3.6220    3.7651    3.8504
   3.8998    3.9531    4.0193    4.0647    4.1387    4.1743    4.2377    4.2846
   4.3333    4.3519    4.4690    4.5583    4.5736    4.6167    4.6390    4.6926
   4.7445    4.8141    4.8611    4.8978    4.9558    4.9991    5.0138    5.0364
   5.0938    5.1081    5.1943    5.1992    5.2657    5.2997    5.3307    5.4244
   5.4358    5.4531    5.5775    5.6676    5.8256    5.9617    6.2936    6.4677


 Heat of formation   =        -94.88130981 kcal/mol  (       -4.11436234 eV)

 Total SCF energy    =     -75577.51590219 kcal/mol  (    -3277.28701714 eV)
 Electronic energy   =    -567178.04407775 kcal/mol  (   -24594.68557642 eV)
 Core-core repulsion =     491600.52817556 kcal/mol  (    21317.39855928 eV)
 
    Atomic Charges for Step       1 :
  Atom    Element       Mulliken Charge
     1      C                 -0.199
     2      C                 -0.034
     3      C                 -0.138
     4      C                 -0.147
     5      C                 -0.051
     6      C                 -0.092
     7      C                 -0.089
     8      C                 -0.224
     9      C                  0.086
    10      O                 -0.254
    11      C                 -0.164
    12      C                 -0.030
    13      C                 -0.120
    14      C                 -0.152
    15      C                 -0.085
    16      C                 -0.100
    17      C                 -0.149
    18      C                 -0.195
    19      C                  0.039
    20      O                 -0.332
    21      H                  0.220
    22      H                  0.201
    23      H                  0.070
    24      H                  0.082
    25      H                  0.072
    26      H                  0.080
    27      H                  0.097
    28      H                  0.080
    29      H                  0.075
    30      H                  0.094
    31      H                  0.131
    32      H                  0.130
    33      H                  0.145
    34      H                  0.090
    35      H                  0.090
    36      H                  0.083
    37      H                  0.084
    38      H                  0.094
    39      H                  0.104
    40      H                  0.080
    41      H                  0.082
    42      H                  0.082
    43      H                  0.087
    44      H                  0.075
 Total Mulliken Charge =      -0.000
 
                  X        Y        Z     TOTAL  
  QM DIPOLE     0.872   -0.243    1.674    1.903
 
 Final Structure

  QMMM: QM Region Cartesian Coordinates (*=link atom) 
  QMMM: QM_NO.   MM_NO.  ATOM         X         Y         Z
  QMMM:     1        1      C        2.3210   21.9020   35.3330
  QMMM:     2        2      C        3.1740   22.7850   34.3860
  QMMM:     3        3      C        2.5180   24.1660   34.2440
  QMMM:     4        4      C        1.1930   24.0990   33.4610
  QMMM:     5        5      C        1.3210   23.3780   32.0920
  QMMM:     6        6      C        0.0170   23.2480   31.3070
  QMMM:     7        7      C       -0.9780   24.2410   31.3770
  QMMM:     8        8      C       -2.1540   24.1470   30.6280
  QMMM:     9        9      C       -2.3430   23.0610   29.7880
  QMMM:    10       10      O       -3.4750   22.9250   29.0410
  QMMM:    11       11      C       -1.3700   22.0770   29.6790
  QMMM:    12       12      C       -0.1790   22.1670   30.4200
  QMMM:    13       13      C        0.8280   21.0530   30.2670
  QMMM:    14       14      C        2.1960   21.3670   30.8650
  QMMM:    15       15      C        2.0260   21.9970   32.2490
  QMMM:    16       16      C        3.3600   22.2040   32.9680
  QMMM:    17       17      C        4.2720   21.0010   33.1910
  QMMM:    18       18      C        5.1980   21.4320   34.3450
  QMMM:    19       19      C        4.6320   22.7610   34.8880
  QMMM:    20       20      O        5.3800   23.8410   34.3380
  QMMM:    21       21      H       -4.0540   23.6840   29.2210
  QMMM:    22       22      H        6.2930   23.7590   34.6630
  QMMM:    23       23      H        2.2770   22.3560   36.3310
  QMMM:    24       24      H        1.2900   21.7820   34.9910
  QMMM:    25       25      H        2.7330   20.8960   35.4590
  QMMM:    26       26      H        2.3400   24.6100   35.2310
  QMMM:    27       27      H        3.1860   24.8560   33.7130
  QMMM:    28       28      H        0.4210   23.6110   34.0680
  QMMM:    29       29      H        0.8560   25.1320   33.3140
  QMMM:    30       30      H        1.9680   24.0140   31.4670
  QMMM:    31       31      H       -0.8530   25.1140   32.0110
  QMMM:    32       32      H       -2.9010   24.9300   30.7150
  QMMM:    33       33      H       -1.5400   21.2370   29.0100
  QMMM:    34       34      H        0.4200   20.1610   30.7600
  QMMM:    35       35      H        0.9570   20.8120   29.2050
  QMMM:    36       36      H        2.7790   20.4410   30.9180
  QMMM:    37       37      H        2.7450   22.0510   30.2040
  QMMM:    38       38      H        1.3920   21.3250   32.8410
  QMMM:    39       39      H        3.9410   22.9200   32.3640
  QMMM:    40       40      H        3.7010   20.1090   33.4700
  QMMM:    41       41      H        4.8490   20.7550   32.2930
  QMMM:    42       42      H        5.1850   20.6600   35.1230
  QMMM:    43       43      H        6.2300   21.5390   33.9930
  QMMM:    44       44      H        4.7080   22.8240   35.9790

           --------- Calculation Completed ----------

