
          -------------------------------------------------------
          Amber 22 PMEMD                              2022
          -------------------------------------------------------

| PMEMD implementation of SANDER, Release 22

|  Compiled date/time: Thu Apr 14 11:06:37 2022
| Run on 09/01/2026 at 15:04:35

|   Executable path: pmemd.cuda
| Working directory: /bigdata/cutlerlab/jjaco081/PYR1_pocket_expansion/data/posecheck/fludioxonil_pred/rep0
|          Hostname: gpu10

  [-O]verwriting output

File Assignments:
|   MDIN: eq1.in                                                                
|  MDOUT: eq1.out                                                               
| INPCRD: heat.rst7                                                             
|   PARM: /bigdata/cutlerlab/jjaco081/PYR1_pocket_expansion/data/posecheck/fludi
| RESTRT: eq1.rst7                                                              
|   REFC: heat.rst7                                                             
|  MDVEL: mdvel                                                                 
|   MDEN: mden                                                                  
|  MDCRD: eq1.nc                                                                
| MDINFO: eq1.info                                                              
|  MDFRC: mdfrc                                                                 


 Here is the input file:

NPT equilibration 1, 500 ps, light restraints                                  
 &cntrl                                                                        
  imin=0, irest=1, ntx=5,                                                      
  nstlim=250000, dt=0.002,                                                     
  ntc=2, ntf=2, cut=10.0,                                                      
  ntb=2, ntp=1, barostat=2, pres0=1.0, taup=2.0,                               
  ntt=3, gamma_ln=2.0, ig=-1, temp0=300.0,                                     
  ntr=1, restraintmask='!:WAT,Na+,K+,Cl- & !@H=', restraint_wt=1.0,            
  ntpr=5000, ntwx=5000, ntwr=50000,                                            
 /                                                                             


Note: ig = -1. Setting random seed to   820866 based on wallclock time in 
      microseconds.
| irandom = 1, using AMBER's internal random number generator (default).
 
|--------------------- INFORMATION ----------------------
| GPU (CUDA) Version of PMEMD in use: NVIDIA GPU IN USE.
|                    Version 18.0.0
| 
|                      03/25/2018
| 
| Implementation by:
|                    Ross C. Walker     (SDSC)
|                    Scott Le Grand     (nVIDIA)
| 
| Version 18 performance extensions by:
|                    David Cerutti     (Rutgers)
| 
| Precision model in use:
|      [SPFP] - Single Precision Forces, 64-bit Fixed Point
|               Accumulation. (Default)
| 
|--------------------------------------------------------
 
|----------------- CITATION INFORMATION -----------------
|
|    When publishing work that utilized the CUDA version
|    of AMBER, please cite the following in addition to
|    the regular AMBER citations:
|
|  - Romelia Salomon-Ferrer; Andreas W. Goetz; Duncan
|    Poole; Scott Le Grand; Ross C. Walker "Routine
|    microsecond molecular dynamics simulations with
|    AMBER - Part II: Particle Mesh Ewald", J. Chem.
|    Theory Comput., 2013, 9 (9), pp3878-3888,
|    DOI: 10.1021/ct400314y.
|
|  - Andreas W. Goetz; Mark J. Williamson; Dong Xu;
|    Duncan Poole; Scott Le Grand; Ross C. Walker
|    "Routine microsecond molecular dynamics simulations
|    with AMBER - Part I: Generalized Born", J. Chem.
|    Theory Comput., 2012, 8 (5), pp1542-1555.
|
|  - Scott Le Grand; Andreas W. Goetz; Ross C. Walker
|    "SPFP: Speed without compromise - a mixed precision
|    model for GPU accelerated molecular dynamics
|    simulations.", Comp. Phys. Comm., 2013, 184
|    pp374-380, DOI: 10.1016/j.cpc.2012.09.022
|
|--------------------------------------------------------
 
|------------------- GPU DEVICE INFO --------------------
|
|            CUDA_VISIBLE_DEVICES: 0
|   CUDA Capable Devices Detected:      1
|           CUDA Device ID in use:      0
|                CUDA Device Name: NVIDIA RTX 6000 Ada Generation
|     CUDA Device Global Mem Size:  48510 MB
| CUDA Device Num Multiprocessors:    142
|           CUDA Device Core Freq:   2.50 GHz
|
|--------------------------------------------------------
 
 
| Conditional Compilation Defines Used:
| PUBFFT
| BINTRAJ
| CUDA
| EMIL

| Largest sphere to fit in unit cell has radius =    32.321

| New format PARM file being parsed.
| Version =    1.000 Date = 09/01/26 Time = 11:34:27

| Note: 1-4 EEL scale factors are being read from the topology file.

| Note: 1-4 VDW scale factors are being read from the topology file.
| INFO:    Virtual site frames will be inferred from bonding patterns.
| Duplicated    0 dihedrals

| Duplicated    0 dihedrals

--------------------------------------------------------------------------------
   1.  RESOURCE   USE: 
--------------------------------------------------------------------------------

 getting box info from netcdf restart file
 NATOM  =   43878 NTYPES =      29 NBONH =   32129 MBONA  =   11717
 NTHETH =    3223 MTHETA =    2008 NPHIH =    6579 MPHIA  =    6363
 NHPARM =       0 NPARM  =       0 NNB   =   87537 NRES   =   10477
 NBONA  =   11717 NTHETA =    2008 NPHIA =    6363 NUMBND =      89
 NUMANG =     193 NPTRA  =     207 NATYP =      52 NPHB   =       0
 IFBOX  =       2 NMXRS  =      24 IFCAP =       0 NEXTRA =   10236
 NCOPY  =       0


| Coordinate Index Table dimensions:    12   12   12
| Direct force subcell size =     6.5974    6.5974    6.5974

     BOX TYPE: TRUNCATED OCTAHEDRON

--------------------------------------------------------------------------------
   2.  CONTROL  DATA  FOR  THE  RUN
--------------------------------------------------------------------------------

default_name                                                                    

General flags:
     imin    =       0, nmropt  =       0

Nature and format of input:
     ntx     =       5, irest   =       1, ntrx    =       1

Nature and format of output:
     ntxo    =       2, ntpr    =    5000, ntrx    =       1, ntwr    =   50000
     iwrap   =       0, ntwx    =    5000, ntwv    =       0, ntwe    =       0
     ioutfm  =       1, ntwprt  =       0, idecomp =       0, rbornstat=      0

Potential function:
     ntf     =       2, ntb     =       2, igb     =       0, nsnb    =      25
     ipol    =       0, gbsa    =       0, iesp    =       0
     dielc   =   1.00000, cut     =  10.00000, intdiel =   1.00000

Frozen or restrained atoms:
     ibelly  =       0, ntr     =       1
     restraint_wt =   1.00000

Molecular dynamics:
     nstlim  =    250000, nscm    =         0, nrespa  =         1
     t       =   0.00000, dt      =   0.00200, vlimit  =  -1.00000

Langevin dynamics temperature regulation:
     ig      =  820866
     temp0   = 300.00000, tempi   =   0.00000, gamma_ln=   2.00000

Pressure regulation:
     ntp     =       1
     pres0   =   1.00000, comp    =  44.60000, taup    =   2.00000
     Monte-Carlo Barostat:
     mcbarint  =     100

SHAKE:
     ntc     =       2, jfastw  =       0
     tol     =   0.00001

| Intermolecular bonds treatment:
|     no_intermolecular_bonds =       1

| Energy averages sample interval:
|     ene_avg_sampling =    5000

Extra-points options:
     frameon =       1, chngmask=       1

Ewald parameters:
     verbose =       0, ew_type =       0, nbflag  =       1, use_pme =       1
     vdwmeth =       1, eedmeth =       1, netfrc  =       1
     Box X =   79.169   Box Y =   79.169   Box Z =   79.169
     Alpha =  109.471   Beta  =  109.471   Gamma =  109.471
     NFFT1 =   80       NFFT2 =   80       NFFT3 =   80
     Cutoff=   10.000   Tol   =0.100E-04
     Ewald Coefficient =  0.27511
     Interpolation order =    4

    LOADING THE CONSTRAINED ATOMS AS GROUPS


   5.  REFERENCE ATOM COORDINATES

  default_name                                                                    
     Mask !:WAT,Na+,K+,Cl- & !@H=; matches  1452 atoms
|      EXTRA_PTS, trim_bonds: num bonds BEFORE trim = 32129     0
|      EXTRA_PTS, trim_bonds: num bonds AFTER  trim = 32129     0
|      EXTRA_PTS, trim_bonds: num bonds BEFORE trim = 11717     0
|      EXTRA_PTS, trim_bonds: num bonds AFTER  trim =  1481     0
|      EXTRA_PTS, trim_theta: num angle BEFORE trim =  3223     0
|      EXTRA_PTS, trim_theta: num angle AFTER  trim =  3223     0
|      EXTRA_PTS, trim_theta: num angle BEFORE trim =  2008     0
|      EXTRA_PTS, trim_theta: num angle AFTER  trim =  2008     0
|      EXTRA_PTS, trim_phi:  num diheds BEFORE trim =  6579     0
|      EXTRA_PTS, trim_phi:  num diheds AFTER  trim =  6579     0
|      EXTRA_PTS, trim_phi:  num diheds BEFORE trim =  6363     0
|      EXTRA_PTS, trim_phi:  num diheds AFTER  trim =  6363     0
| MONTE CARLO BAROSTAT IMPORTANT NOTE:
|   The Monte-Carlo barostat does not require the virial to adjust the system volume.
|   Since it is an expensive calculation, it is skipped for efficiency. A side-effect
|   is that the reported pressure is always 0 because it is not calculated.

--------------------------------------------------------------------------------
   3.  ATOMIC COORDINATES AND VELOCITIES
--------------------------------------------------------------------------------

default_name                                                                    
 begin time read from input coords =   200.000 ps

 
 Number of triangulated 3-point waters found:    10236

     Sum of charges from parm topology file =   0.00005612
     Forcing neutrality...

| Dynamic Memory, Types Used:
| Reals             2064299
| Integers          4372018

| Nonbonded Pairs Initial Allocation:    13271998

| GPU memory information (estimate):
| KB of GPU memory in use:    422582
| KB of CPU memory in use:    101870

--------------------------------------------------------------------------------
   4.  RESULTS
--------------------------------------------------------------------------------


 NSTEP =     5000   TIME(PS) =     210.000  TEMP(K) =   296.48  PRESS =     0.0
 Etot   =   -116731.4336  EKtot   =     20266.5566  EPtot      =   -136997.9903
 BOND   =       571.6361  ANGLE   =      1542.0498  DIHED      =       980.1196
 UB     =         0.0000  IMP     =         0.0000  CMAP       =       146.8204
 1-4 NB =       648.0636  1-4 EEL =      5902.0472  VDWAALS    =     16722.1163
 EELEC  =   -163666.6300  EHBOND  =         0.0000  RESTRAINT  =       155.7867
 EAMBER (non-restraint)  =   -137153.7770
 EKCMT  =         0.0000  VIRIAL  =         0.0000  VOLUME     =    349945.9781
                                                    Density    =         0.9840
 ------------------------------------------------------------------------------


 NSTEP =    10000   TIME(PS) =     220.000  TEMP(K) =   301.73  PRESS =     0.0
 Etot   =   -116625.2937  EKtot   =     20625.2070  EPtot      =   -137250.5008
 BOND   =       591.0847  ANGLE   =      1507.2231  DIHED      =       958.5847
 UB     =         0.0000  IMP     =         0.0000  CMAP       =       139.3275
 1-4 NB =       612.4130  1-4 EEL =      5792.0438  VDWAALS    =     16622.2234
 EELEC  =   -163651.6724  EHBOND  =         0.0000  RESTRAINT  =       178.2714
 EAMBER (non-restraint)  =   -137428.7722
 EKCMT  =         0.0000  VIRIAL  =         0.0000  VOLUME     =    340481.7108
                                                    Density    =         1.0114
 ------------------------------------------------------------------------------


 NSTEP =    15000   TIME(PS) =     230.000  TEMP(K) =   299.78  PRESS =     0.0
 Etot   =   -116762.9613  EKtot   =     20491.7500  EPtot      =   -137254.7113
 BOND   =       570.7890  ANGLE   =      1452.3276  DIHED      =      1005.5583
 UB     =         0.0000  IMP     =         0.0000  CMAP       =       144.7428
 1-4 NB =       633.9797  1-4 EEL =      5853.3070  VDWAALS    =     16087.9352
 EELEC  =   -163156.4550  EHBOND  =         0.0000  RESTRAINT  =       153.1041
 EAMBER (non-restraint)  =   -137407.8154
 EKCMT  =         0.0000  VIRIAL  =         0.0000  VOLUME     =    337762.3113
                                                    Density    =         1.0195
 ------------------------------------------------------------------------------

| MC Barostat: Decreasing size of volume moves

 NSTEP =    20000   TIME(PS) =     240.000  TEMP(K) =   298.25  PRESS =     0.0
 Etot   =   -116980.6093  EKtot   =     20387.4941  EPtot      =   -137368.1035
 BOND   =       564.9258  ANGLE   =      1539.7785  DIHED      =       983.4716
 UB     =         0.0000  IMP     =         0.0000  CMAP       =       138.2345
 1-4 NB =       633.1767  1-4 EEL =      5876.0702  VDWAALS    =     16256.9814
 EELEC  =   -163525.0010  EHBOND  =         0.0000  RESTRAINT  =       164.2588
 EAMBER (non-restraint)  =   -137532.3622
 EKCMT  =         0.0000  VIRIAL  =         0.0000  VOLUME     =    335817.0851
                                                    Density    =         1.0254
 ------------------------------------------------------------------------------

| MC Barostat: Decreasing size of volume moves
| MC Barostat: Decreasing size of volume moves
| MC Barostat: Decreasing size of volume moves
| MC Barostat: Decreasing size of volume moves
| MC Barostat: Decreasing size of volume moves

 NSTEP =    25000   TIME(PS) =     250.000  TEMP(K) =   300.95  PRESS =     0.0
 Etot   =   -116878.3616  EKtot   =     20571.9043  EPtot      =   -137450.2659
 BOND   =       620.7367  ANGLE   =      1473.2819  DIHED      =       988.9140
 UB     =         0.0000  IMP     =         0.0000  CMAP       =       148.6344
 1-4 NB =       634.9997  1-4 EEL =      5838.7200  VDWAALS    =     16564.1448
 EELEC  =   -163880.1059  EHBOND  =         0.0000  RESTRAINT  =       160.4085
 EAMBER (non-restraint)  =   -137610.6744
 EKCMT  =         0.0000  VIRIAL  =         0.0000  VOLUME     =    335547.0559
                                                    Density    =         1.0262
 ------------------------------------------------------------------------------

| MC Barostat: Decreasing size of volume moves
| MC Barostat: Decreasing size of volume moves

 NSTEP =    30000   TIME(PS) =     260.000  TEMP(K) =   295.68  PRESS =     0.0
 Etot   =   -117256.6486  EKtot   =     20211.8066  EPtot      =   -137468.4552
 BOND   =       544.5601  ANGLE   =      1526.7100  DIHED      =      1006.0892
 UB     =         0.0000  IMP     =         0.0000  CMAP       =       154.9883
 1-4 NB =       639.0980  1-4 EEL =      5841.5806  VDWAALS    =     16634.1151
 EELEC  =   -163977.4303  EHBOND  =         0.0000  RESTRAINT  =       161.8338
 EAMBER (non-restraint)  =   -137630.2890
 EKCMT  =         0.0000  VIRIAL  =         0.0000  VOLUME     =    333978.2680
                                                    Density    =         1.0311
 ------------------------------------------------------------------------------


 NSTEP =    35000   TIME(PS) =     270.000  TEMP(K) =   301.40  PRESS =     0.0
 Etot   =   -116531.4668  EKtot   =     20602.3613  EPtot      =   -137133.8281
 BOND   =       568.7296  ANGLE   =      1491.1406  DIHED      =      1016.4437
 UB     =         0.0000  IMP     =         0.0000  CMAP       =       139.7021
 1-4 NB =       626.1929  1-4 EEL =      5809.3194  VDWAALS    =     16301.3556
 EELEC  =   -163261.4526  EHBOND  =         0.0000  RESTRAINT  =       174.7406
 EAMBER (non-restraint)  =   -137308.5687
 EKCMT  =         0.0000  VIRIAL  =         0.0000  VOLUME     =    335504.7862
                                                    Density    =         1.0264
 ------------------------------------------------------------------------------


 NSTEP =    40000   TIME(PS) =     280.000  TEMP(K) =   301.24  PRESS =     0.0
 Etot   =   -116309.9854  EKtot   =     20591.5645  EPtot      =   -136901.5499
 BOND   =       567.2551  ANGLE   =      1482.6020  DIHED      =      1003.4961
 UB     =         0.0000  IMP     =         0.0000  CMAP       =       145.0273
 1-4 NB =       645.2691  1-4 EEL =      5834.3038  VDWAALS    =     16188.4855
 EELEC  =   -162925.8672  EHBOND  =         0.0000  RESTRAINT  =       157.8784
 EAMBER (non-restraint)  =   -137059.4283
 EKCMT  =         0.0000  VIRIAL  =         0.0000  VOLUME     =    334876.3143
                                                    Density    =         1.0283
 ------------------------------------------------------------------------------


 NSTEP =    45000   TIME(PS) =     290.000  TEMP(K) =   299.56  PRESS =     0.0
 Etot   =   -116779.7429  EKtot   =     20476.7129  EPtot      =   -137256.4558
 BOND   =       571.8490  ANGLE   =      1491.1205  DIHED      =       990.6047
 UB     =         0.0000  IMP     =         0.0000  CMAP       =       137.1374
 1-4 NB =       629.2080  1-4 EEL =      5872.8380  VDWAALS    =     16110.3121
 EELEC  =   -163220.6807  EHBOND  =         0.0000  RESTRAINT  =       161.1553
 EAMBER (non-restraint)  =   -137417.6112
 EKCMT  =         0.0000  VIRIAL  =         0.0000  VOLUME     =    334410.8734
                                                    Density    =         1.0297
 ------------------------------------------------------------------------------


 NSTEP =    50000   TIME(PS) =     300.000  TEMP(K) =   302.04  PRESS =     0.0
 Etot   =   -116656.1896  EKtot   =     20646.2246  EPtot      =   -137302.4142
 BOND   =       534.2452  ANGLE   =      1505.0269  DIHED      =       984.9840
 UB     =         0.0000  IMP     =         0.0000  CMAP       =       138.2994
 1-4 NB =       640.5414  1-4 EEL =      5870.3392  VDWAALS    =     16260.7131
 EELEC  =   -163405.8547  EHBOND  =         0.0000  RESTRAINT  =       169.2913
 EAMBER (non-restraint)  =   -137471.7055
 EKCMT  =         0.0000  VIRIAL  =         0.0000  VOLUME     =    334047.3759
                                                    Density    =         1.0308
 ------------------------------------------------------------------------------


 NSTEP =    55000   TIME(PS) =     310.000  TEMP(K) =   296.95  PRESS =     0.0
 Etot   =   -117128.6479  EKtot   =     20298.5488  EPtot      =   -137427.1967
 BOND   =       559.6936  ANGLE   =      1504.5347  DIHED      =       986.3610
 UB     =         0.0000  IMP     =         0.0000  CMAP       =       145.3362
 1-4 NB =       642.8619  1-4 EEL =      5823.3935  VDWAALS    =     16201.1632
 EELEC  =   -163449.3867  EHBOND  =         0.0000  RESTRAINT  =       158.8459
 EAMBER (non-restraint)  =   -137586.0425
 EKCMT  =         0.0000  VIRIAL  =         0.0000  VOLUME     =    335194.1368
                                                    Density    =         1.0273
 ------------------------------------------------------------------------------


 NSTEP =    60000   TIME(PS) =     320.000  TEMP(K) =   300.12  PRESS =     0.0
 Etot   =   -116855.9024  EKtot   =     20515.3555  EPtot      =   -137371.2578
 BOND   =       565.7101  ANGLE   =      1542.6811  DIHED      =       987.1829
 UB     =         0.0000  IMP     =         0.0000  CMAP       =       147.5149
 1-4 NB =       619.6495  1-4 EEL =      5818.9499  VDWAALS    =     16075.1771
 EELEC  =   -163275.7952  EHBOND  =         0.0000  RESTRAINT  =       147.6717
 EAMBER (non-restraint)  =   -137518.9296
 EKCMT  =         0.0000  VIRIAL  =         0.0000  VOLUME     =    335189.2150
                                                    Density    =         1.0273
 ------------------------------------------------------------------------------

| MC Barostat: Decreasing size of volume moves

 NSTEP =    65000   TIME(PS) =     330.000  TEMP(K) =   300.34  PRESS =     0.0
 Etot   =   -116741.6405  EKtot   =     20529.8965  EPtot      =   -137271.5370
 BOND   =       565.2160  ANGLE   =      1534.3506  DIHED      =       993.8884
 UB     =         0.0000  IMP     =         0.0000  CMAP       =       132.4267
 1-4 NB =       631.1153  1-4 EEL =      5852.8922  VDWAALS    =     16459.9439
 EELEC  =   -163607.5685  EHBOND  =         0.0000  RESTRAINT  =       166.1984
 EAMBER (non-restraint)  =   -137437.7354
 EKCMT  =         0.0000  VIRIAL  =         0.0000  VOLUME     =    334952.7867
                                                    Density    =         1.0281
 ------------------------------------------------------------------------------


 NSTEP =    70000   TIME(PS) =     340.000  TEMP(K) =   301.51  PRESS =     0.0
 Etot   =   -116845.6359  EKtot   =     20609.8633  EPtot      =   -137455.4992
 BOND   =       556.9480  ANGLE   =      1532.7732  DIHED      =       978.2223
 UB     =         0.0000  IMP     =         0.0000  CMAP       =       137.6130
 1-4 NB =       649.4957  1-4 EEL =      5884.0242  VDWAALS    =     16441.6823
 EELEC  =   -163787.7750  EHBOND  =         0.0000  RESTRAINT  =       151.5171
 EAMBER (non-restraint)  =   -137607.0162
 EKCMT  =         0.0000  VIRIAL  =         0.0000  VOLUME     =    334302.6300
                                                    Density    =         1.0301
 ------------------------------------------------------------------------------


 NSTEP =    75000   TIME(PS) =     350.000  TEMP(K) =   303.11  PRESS =     0.0
 Etot   =   -116493.3765  EKtot   =     20719.7324  EPtot      =   -137213.1089
 BOND   =       542.3812  ANGLE   =      1561.3765  DIHED      =       991.9360
 UB     =         0.0000  IMP     =         0.0000  CMAP       =       140.1978
 1-4 NB =       624.9995  1-4 EEL =      5859.9320  VDWAALS    =     16625.2441
 EELEC  =   -163733.1507  EHBOND  =         0.0000  RESTRAINT  =       173.9747
 EAMBER (non-restraint)  =   -137387.0836
 EKCMT  =         0.0000  VIRIAL  =         0.0000  VOLUME     =    334088.1804
                                                    Density    =         1.0307
 ------------------------------------------------------------------------------


 NSTEP =    80000   TIME(PS) =     360.000  TEMP(K) =   301.60  PRESS =     0.0
 Etot   =   -117126.9049  EKtot   =     20616.2539  EPtot      =   -137743.1588
 BOND   =       583.0891  ANGLE   =      1498.5634  DIHED      =       960.2596
 UB     =         0.0000  IMP     =         0.0000  CMAP       =       145.2921
 1-4 NB =       623.1035  1-4 EEL =      5821.4152  VDWAALS    =     16474.3041
 EELEC  =   -164013.5682  EHBOND  =         0.0000  RESTRAINT  =       164.3822
 EAMBER (non-restraint)  =   -137907.5410
 EKCMT  =         0.0000  VIRIAL  =         0.0000  VOLUME     =    334099.5378
                                                    Density    =         1.0307
 ------------------------------------------------------------------------------


 NSTEP =    85000   TIME(PS) =     370.000  TEMP(K) =   301.98  PRESS =     0.0
 Etot   =   -117033.5616  EKtot   =     20642.3477  EPtot      =   -137675.9093
 BOND   =       560.6729  ANGLE   =      1491.6990  DIHED      =       998.3173
 UB     =         0.0000  IMP     =         0.0000  CMAP       =       141.1020
 1-4 NB =       646.1830  1-4 EEL =      5847.3652  VDWAALS    =     16450.5021
 EELEC  =   -163965.4048  EHBOND  =         0.0000  RESTRAINT  =       153.6540
 EAMBER (non-restraint)  =   -137829.5633
 EKCMT  =         0.0000  VIRIAL  =         0.0000  VOLUME     =    334510.4921
                                                    Density    =         1.0294
 ------------------------------------------------------------------------------


 NSTEP =    90000   TIME(PS) =     380.000  TEMP(K) =   298.59  PRESS =     0.0
 Etot   =   -117243.9051  EKtot   =     20410.6836  EPtot      =   -137654.5887
 BOND   =       590.0705  ANGLE   =      1507.2220  DIHED      =       979.4633
 UB     =         0.0000  IMP     =         0.0000  CMAP       =       138.3899
 1-4 NB =       642.6840  1-4 EEL =      5831.2398  VDWAALS    =     16883.6621
 EELEC  =   -164378.7040  EHBOND  =         0.0000  RESTRAINT  =       151.3838
 EAMBER (non-restraint)  =   -137805.9725
 EKCMT  =         0.0000  VIRIAL  =         0.0000  VOLUME     =    333744.6609
                                                    Density    =         1.0318
 ------------------------------------------------------------------------------


 NSTEP =    95000   TIME(PS) =     390.000  TEMP(K) =   298.75  PRESS =     0.0
 Etot   =   -116620.2430  EKtot   =     20421.3691  EPtot      =   -137041.6121
 BOND   =       544.9454  ANGLE   =      1560.8378  DIHED      =       996.4217
 UB     =         0.0000  IMP     =         0.0000  CMAP       =       147.7895
 1-4 NB =       649.8363  1-4 EEL =      5869.8648  VDWAALS    =     16428.8631
 EELEC  =   -163405.8140  EHBOND  =         0.0000  RESTRAINT  =       165.6433
 EAMBER (non-restraint)  =   -137207.2554
 EKCMT  =         0.0000  VIRIAL  =         0.0000  VOLUME     =    333745.1603
                                                    Density    =         1.0318
 ------------------------------------------------------------------------------


 NSTEP =   100000   TIME(PS) =     400.000  TEMP(K) =   299.42  PRESS =     0.0
 Etot   =   -116712.2510  EKtot   =     20467.5469  EPtot      =   -137179.7979
 BOND   =       570.0914  ANGLE   =      1502.3318  DIHED      =       983.6962
 UB     =         0.0000  IMP     =         0.0000  CMAP       =       139.8174
 1-4 NB =       638.3447  1-4 EEL =      5848.3542  VDWAALS    =     16504.0799
 EELEC  =   -163526.5167  EHBOND  =         0.0000  RESTRAINT  =       160.0033
 EAMBER (non-restraint)  =   -137339.8012
 EKCMT  =         0.0000  VIRIAL  =         0.0000  VOLUME     =    334199.9214
                                                    Density    =         1.0304
 ------------------------------------------------------------------------------


 NSTEP =   105000   TIME(PS) =     410.000  TEMP(K) =   300.01  PRESS =     0.0
 Etot   =   -116899.8758  EKtot   =     20507.3086  EPtot      =   -137407.1844
 BOND   =       576.4700  ANGLE   =      1467.2756  DIHED      =       979.4742
 UB     =         0.0000  IMP     =         0.0000  CMAP       =       134.1706
 1-4 NB =       651.7132  1-4 EEL =      5829.1565  VDWAALS    =     16689.0630
 EELEC  =   -163899.6735  EHBOND  =         0.0000  RESTRAINT  =       165.1660
 EAMBER (non-restraint)  =   -137572.3504
 EKCMT  =         0.0000  VIRIAL  =         0.0000  VOLUME     =    333983.5479
                                                    Density    =         1.0310
 ------------------------------------------------------------------------------


 NSTEP =   110000   TIME(PS) =     420.000  TEMP(K) =   299.14  PRESS =     0.0
 Etot   =   -116761.4391  EKtot   =     20448.3809  EPtot      =   -137209.8199
 BOND   =       581.9654  ANGLE   =      1548.3152  DIHED      =       983.1030
 UB     =         0.0000  IMP     =         0.0000  CMAP       =       137.7243
 1-4 NB =       635.4862  1-4 EEL =      5824.5038  VDWAALS    =     16645.7391
 EELEC  =   -163741.7899  EHBOND  =         0.0000  RESTRAINT  =       175.1330
 EAMBER (non-restraint)  =   -137384.9529
 EKCMT  =         0.0000  VIRIAL  =         0.0000  VOLUME     =    334186.0892
                                                    Density    =         1.0304
 ------------------------------------------------------------------------------


 NSTEP =   115000   TIME(PS) =     430.000  TEMP(K) =   299.68  PRESS =     0.0
 Etot   =   -116891.9213  EKtot   =     20484.9727  EPtot      =   -137376.8940
 BOND   =       545.6857  ANGLE   =      1522.4335  DIHED      =      1006.3004
 UB     =         0.0000  IMP     =         0.0000  CMAP       =       148.0557
 1-4 NB =       631.2364  1-4 EEL =      5843.8077  VDWAALS    =     16249.5733
 EELEC  =   -163489.8909  EHBOND  =         0.0000  RESTRAINT  =       165.9043
 EAMBER (non-restraint)  =   -137542.7982
 EKCMT  =         0.0000  VIRIAL  =         0.0000  VOLUME     =    333857.8212
                                                    Density    =         1.0314
 ------------------------------------------------------------------------------


 NSTEP =   120000   TIME(PS) =     440.000  TEMP(K) =   298.68  PRESS =     0.0
 Etot   =   -116990.4140  EKtot   =     20416.6191  EPtot      =   -137407.0331
 BOND   =       562.4393  ANGLE   =      1504.8403  DIHED      =       989.0707
 UB     =         0.0000  IMP     =         0.0000  CMAP       =       143.9882
 1-4 NB =       626.4491  1-4 EEL =      5853.6929  VDWAALS    =     16422.2772
 EELEC  =   -163670.8340  EHBOND  =         0.0000  RESTRAINT  =       161.0431
 EAMBER (non-restraint)  =   -137568.0763
 EKCMT  =         0.0000  VIRIAL  =         0.0000  VOLUME     =    334385.5552
                                                    Density    =         1.0298
 ------------------------------------------------------------------------------


 NSTEP =   125000   TIME(PS) =     450.000  TEMP(K) =   299.28  PRESS =     0.0
 Etot   =   -116740.0702  EKtot   =     20458.0488  EPtot      =   -137198.1191
 BOND   =       566.4043  ANGLE   =      1491.1668  DIHED      =      1004.3334
 UB     =         0.0000  IMP     =         0.0000  CMAP       =       143.4110
 1-4 NB =       639.8661  1-4 EEL =      5864.7209  VDWAALS    =     16188.2324
 EELEC  =   -163247.7614  EHBOND  =         0.0000  RESTRAINT  =       151.5074
 EAMBER (non-restraint)  =   -137349.6264
 EKCMT  =         0.0000  VIRIAL  =         0.0000  VOLUME     =    334422.1204
                                                    Density    =         1.0297
 ------------------------------------------------------------------------------


 NSTEP =   130000   TIME(PS) =     460.000  TEMP(K) =   298.77  PRESS =     0.0
 Etot   =   -116822.3149  EKtot   =     20423.0957  EPtot      =   -137245.4106
 BOND   =       574.5170  ANGLE   =      1486.0500  DIHED      =       994.8790
 UB     =         0.0000  IMP     =         0.0000  CMAP       =       143.3919
 1-4 NB =       645.6937  1-4 EEL =      5895.2176  VDWAALS    =     16438.5811
 EELEC  =   -163586.5766  EHBOND  =         0.0000  RESTRAINT  =       162.8357
 EAMBER (non-restraint)  =   -137408.2463
 EKCMT  =         0.0000  VIRIAL  =         0.0000  VOLUME     =    333622.3341
                                                    Density    =         1.0322
 ------------------------------------------------------------------------------


 NSTEP =   135000   TIME(PS) =     470.000  TEMP(K) =   299.76  PRESS =     0.0
 Etot   =   -116664.1980  EKtot   =     20490.6152  EPtot      =   -137154.8132
 BOND   =       584.5573  ANGLE   =      1546.7130  DIHED      =      1005.4037
 UB     =         0.0000  IMP     =         0.0000  CMAP       =       144.3234
 1-4 NB =       633.8083  1-4 EEL =      5873.1176  VDWAALS    =     16374.8000
 EELEC  =   -163477.7393  EHBOND  =         0.0000  RESTRAINT  =       160.2027
 EAMBER (non-restraint)  =   -137315.0159
 EKCMT  =         0.0000  VIRIAL  =         0.0000  VOLUME     =    333337.2336
                                                    Density    =         1.0330
 ------------------------------------------------------------------------------


 NSTEP =   140000   TIME(PS) =     480.000  TEMP(K) =   297.16  PRESS =     0.0
 Etot   =   -117168.3221  EKtot   =     20313.0938  EPtot      =   -137481.4158
 BOND   =       556.8850  ANGLE   =      1549.8659  DIHED      =       990.2564
 UB     =         0.0000  IMP     =         0.0000  CMAP       =       134.5752
 1-4 NB =       640.2357  1-4 EEL =      5776.8732  VDWAALS    =     16437.3527
 EELEC  =   -163730.5476  EHBOND  =         0.0000  RESTRAINT  =       163.0877
 EAMBER (non-restraint)  =   -137644.5036
 EKCMT  =         0.0000  VIRIAL  =         0.0000  VOLUME     =    334541.3500
                                                    Density    =         1.0293
 ------------------------------------------------------------------------------


 NSTEP =   145000   TIME(PS) =     490.000  TEMP(K) =   302.01  PRESS =     0.0
 Etot   =   -116764.5816  EKtot   =     20644.5176  EPtot      =   -137409.0991
 BOND   =       530.4706  ANGLE   =      1522.1741  DIHED      =       980.9280
 UB     =         0.0000  IMP     =         0.0000  CMAP       =       137.3359
 1-4 NB =       627.3613  1-4 EEL =      5825.3674  VDWAALS    =     16438.9003
 EELEC  =   -163632.5379  EHBOND  =         0.0000  RESTRAINT  =       160.9011
 EAMBER (non-restraint)  =   -137570.0003
 EKCMT  =         0.0000  VIRIAL  =         0.0000  VOLUME     =    334814.1880
                                                    Density    =         1.0285
 ------------------------------------------------------------------------------


 NSTEP =   150000   TIME(PS) =     500.000  TEMP(K) =   302.31  PRESS =     0.0
 Etot   =   -116717.8183  EKtot   =     20664.8809  EPtot      =   -137382.6992
 BOND   =       565.5865  ANGLE   =      1483.4678  DIHED      =       983.3500
 UB     =         0.0000  IMP     =         0.0000  CMAP       =       147.5342
 1-4 NB =       634.3554  1-4 EEL =      5880.7146  VDWAALS    =     16413.8767
 EELEC  =   -163666.1268  EHBOND  =         0.0000  RESTRAINT  =       174.5424
 EAMBER (non-restraint)  =   -137557.2416
 EKCMT  =         0.0000  VIRIAL  =         0.0000  VOLUME     =    333668.6272
                                                    Density    =         1.0320
 ------------------------------------------------------------------------------


 NSTEP =   155000   TIME(PS) =     510.000  TEMP(K) =   298.86  PRESS =     0.0
 Etot   =   -116915.7492  EKtot   =     20428.6641  EPtot      =   -137344.4132
 BOND   =       549.0344  ANGLE   =      1521.1860  DIHED      =       990.9721
 UB     =         0.0000  IMP     =         0.0000  CMAP       =       146.0109
 1-4 NB =       628.9448  1-4 EEL =      5807.0511  VDWAALS    =     16264.3808
 EELEC  =   -163406.9310  EHBOND  =         0.0000  RESTRAINT  =       154.9376
 EAMBER (non-restraint)  =   -137499.3509
 EKCMT  =         0.0000  VIRIAL  =         0.0000  VOLUME     =    334970.8450
                                                    Density    =         1.0280
 ------------------------------------------------------------------------------


 NSTEP =   160000   TIME(PS) =     520.000  TEMP(K) =   297.85  PRESS =     0.0
 Etot   =   -116942.2684  EKtot   =     20360.1895  EPtot      =   -137302.4579
 BOND   =       554.3576  ANGLE   =      1512.6648  DIHED      =       983.1684
 UB     =         0.0000  IMP     =         0.0000  CMAP       =       146.1070
 1-4 NB =       645.2580  1-4 EEL =      5821.8693  VDWAALS    =     16360.7964
 EELEC  =   -163493.5968  EHBOND  =         0.0000  RESTRAINT  =       166.9174
 EAMBER (non-restraint)  =   -137469.3753
 EKCMT  =         0.0000  VIRIAL  =         0.0000  VOLUME     =    334980.8412
                                                    Density    =         1.0280
 ------------------------------------------------------------------------------


 NSTEP =   165000   TIME(PS) =     530.000  TEMP(K) =   299.57  PRESS =     0.0
 Etot   =   -116689.2621  EKtot   =     20477.4746  EPtot      =   -137166.7367
 BOND   =       551.4226  ANGLE   =      1482.7559  DIHED      =       998.8919
 UB     =         0.0000  IMP     =         0.0000  CMAP       =       140.8005
 1-4 NB =       635.5010  1-4 EEL =      5838.3565  VDWAALS    =     16358.7527
 EELEC  =   -163350.9310  EHBOND  =         0.0000  RESTRAINT  =       177.7132
 EAMBER (non-restraint)  =   -137344.4499
 EKCMT  =         0.0000  VIRIAL  =         0.0000  VOLUME     =    333821.8938
                                                    Density    =         1.0315
 ------------------------------------------------------------------------------


 NSTEP =   170000   TIME(PS) =     540.000  TEMP(K) =   299.73  PRESS =     0.0
 Etot   =   -116921.9232  EKtot   =     20488.1719  EPtot      =   -137410.0951
 BOND   =       552.3090  ANGLE   =      1507.3362  DIHED      =      1001.0075
 UB     =         0.0000  IMP     =         0.0000  CMAP       =       149.6820
 1-4 NB =       608.7559  1-4 EEL =      5823.8040  VDWAALS    =     16421.6891
 EELEC  =   -163633.2198  EHBOND  =         0.0000  RESTRAINT  =       158.5411
 EAMBER (non-restraint)  =   -137568.6362
 EKCMT  =         0.0000  VIRIAL  =         0.0000  VOLUME     =    333586.3132
                                                    Density    =         1.0323
 ------------------------------------------------------------------------------


 NSTEP =   175000   TIME(PS) =     550.000  TEMP(K) =   298.96  PRESS =     0.0
 Etot   =   -116976.7155  EKtot   =     20435.6133  EPtot      =   -137412.3287
 BOND   =       543.4641  ANGLE   =      1465.7676  DIHED      =       978.6785
 UB     =         0.0000  IMP     =         0.0000  CMAP       =       148.4614
 1-4 NB =       635.7955  1-4 EEL =      5868.2427  VDWAALS    =     16146.9026
 EELEC  =   -163372.4045  EHBOND  =         0.0000  RESTRAINT  =       172.7634
 EAMBER (non-restraint)  =   -137585.0921
 EKCMT  =         0.0000  VIRIAL  =         0.0000  VOLUME     =    333370.1992
                                                    Density    =         1.0329
 ------------------------------------------------------------------------------


 NSTEP =   180000   TIME(PS) =     560.000  TEMP(K) =   300.13  PRESS =     0.0
 Etot   =   -116759.5823  EKtot   =     20516.1426  EPtot      =   -137275.7249
 BOND   =       554.7334  ANGLE   =      1548.3725  DIHED      =       993.0819
 UB     =         0.0000  IMP     =         0.0000  CMAP       =       136.1579
 1-4 NB =       627.3888  1-4 EEL =      5851.8787  VDWAALS    =     16639.0458
 EELEC  =   -163790.0786  EHBOND  =         0.0000  RESTRAINT  =       163.6948
 EAMBER (non-restraint)  =   -137439.4197
 EKCMT  =         0.0000  VIRIAL  =         0.0000  VOLUME     =    334013.6132
                                                    Density    =         1.0309
 ------------------------------------------------------------------------------


 NSTEP =   185000   TIME(PS) =     570.000  TEMP(K) =   298.81  PRESS =     0.0
 Etot   =   -116639.5779  EKtot   =     20425.3535  EPtot      =   -137064.9314
 BOND   =       574.1600  ANGLE   =      1511.5733  DIHED      =       992.1967
 UB     =         0.0000  IMP     =         0.0000  CMAP       =       142.4211
 1-4 NB =       643.3096  1-4 EEL =      5849.0511  VDWAALS    =     16455.9402
 EELEC  =   -163397.8505  EHBOND  =         0.0000  RESTRAINT  =       164.2671
 EAMBER (non-restraint)  =   -137229.1985
 EKCMT  =         0.0000  VIRIAL  =         0.0000  VOLUME     =    335380.2529
                                                    Density    =         1.0267
 ------------------------------------------------------------------------------


 NSTEP =   190000   TIME(PS) =     580.000  TEMP(K) =   300.36  PRESS =     0.0
 Etot   =   -116908.5808  EKtot   =     20531.5449  EPtot      =   -137440.1257
 BOND   =       585.0782  ANGLE   =      1519.5553  DIHED      =      1013.4559
 UB     =         0.0000  IMP     =         0.0000  CMAP       =       143.5114
 1-4 NB =       642.2315  1-4 EEL =      5878.4362  VDWAALS    =     16273.7180
 EELEC  =   -163659.3081  EHBOND  =         0.0000  RESTRAINT  =       163.1958
 EAMBER (non-restraint)  =   -137603.3216
 EKCMT  =         0.0000  VIRIAL  =         0.0000  VOLUME     =    334205.2895
                                                    Density    =         1.0304
 ------------------------------------------------------------------------------


 NSTEP =   195000   TIME(PS) =     590.000  TEMP(K) =   301.04  PRESS =     0.0
 Etot   =   -117038.3889  EKtot   =     20578.2227  EPtot      =   -137616.6116
 BOND   =       556.3930  ANGLE   =      1512.0303  DIHED      =       984.4579
 UB     =         0.0000  IMP     =         0.0000  CMAP       =       143.1717
 1-4 NB =       607.8947  1-4 EEL =      5839.8304  VDWAALS    =     16840.0050
 EELEC  =   -164262.5559  EHBOND  =         0.0000  RESTRAINT  =       162.1614
 EAMBER (non-restraint)  =   -137778.7730
 EKCMT  =         0.0000  VIRIAL  =         0.0000  VOLUME     =    335280.7723
                                                    Density    =         1.0271
 ------------------------------------------------------------------------------


 NSTEP =   200000   TIME(PS) =     600.000  TEMP(K) =   302.45  PRESS =     0.0
 Etot   =   -116638.1618  EKtot   =     20674.6426  EPtot      =   -137312.8044
 BOND   =       526.5271  ANGLE   =      1521.8377  DIHED      =       982.7604
 UB     =         0.0000  IMP     =         0.0000  CMAP       =       153.6197
 1-4 NB =       648.4141  1-4 EEL =      5797.3227  VDWAALS    =     16655.5961
 EELEC  =   -163770.7222  EHBOND  =         0.0000  RESTRAINT  =       171.8400
 EAMBER (non-restraint)  =   -137484.6444
 EKCMT  =         0.0000  VIRIAL  =         0.0000  VOLUME     =    334787.0050
                                                    Density    =         1.0286
 ------------------------------------------------------------------------------


 NSTEP =   205000   TIME(PS) =     610.000  TEMP(K) =   299.42  PRESS =     0.0
 Etot   =   -117196.2965  EKtot   =     20467.3770  EPtot      =   -137663.6735
 BOND   =       571.0426  ANGLE   =      1534.9988  DIHED      =       992.2763
 UB     =         0.0000  IMP     =         0.0000  CMAP       =       142.5807
 1-4 NB =       613.3884  1-4 EEL =      5848.8772  VDWAALS    =     16650.0835
 EELEC  =   -164179.4349  EHBOND  =         0.0000  RESTRAINT  =       162.5140
 EAMBER (non-restraint)  =   -137826.1874
 EKCMT  =         0.0000  VIRIAL  =         0.0000  VOLUME     =    334658.2237
                                                    Density    =         1.0290
 ------------------------------------------------------------------------------


 NSTEP =   210000   TIME(PS) =     620.000  TEMP(K) =   301.33  PRESS =     0.0
 Etot   =   -116982.2232  EKtot   =     20598.0215  EPtot      =   -137580.2447
 BOND   =       552.5352  ANGLE   =      1473.7496  DIHED      =       997.8212
 UB     =         0.0000  IMP     =         0.0000  CMAP       =       150.4350
 1-4 NB =       616.7151  1-4 EEL =      5857.5829  VDWAALS    =     16617.2448
 EELEC  =   -164004.0803  EHBOND  =         0.0000  RESTRAINT  =       157.7520
 EAMBER (non-restraint)  =   -137737.9967
 EKCMT  =         0.0000  VIRIAL  =         0.0000  VOLUME     =    335395.3533
                                                    Density    =         1.0267
 ------------------------------------------------------------------------------


 NSTEP =   215000   TIME(PS) =     630.000  TEMP(K) =   298.71  PRESS =     0.0
 Etot   =   -116689.9766  EKtot   =     20418.7344  EPtot      =   -137108.7110
 BOND   =       545.2607  ANGLE   =      1521.6370  DIHED      =      1037.1712
 UB     =         0.0000  IMP     =         0.0000  CMAP       =       140.2591
 1-4 NB =       647.1089  1-4 EEL =      5809.0246  VDWAALS    =     16134.2462
 EELEC  =   -163107.1647  EHBOND  =         0.0000  RESTRAINT  =       163.7460
 EAMBER (non-restraint)  =   -137272.4570
 EKCMT  =         0.0000  VIRIAL  =         0.0000  VOLUME     =    335474.9633
                                                    Density    =         1.0265
 ------------------------------------------------------------------------------


 NSTEP =   220000   TIME(PS) =     640.000  TEMP(K) =   301.17  PRESS =     0.0
 Etot   =   -116861.2929  EKtot   =     20587.0371  EPtot      =   -137448.3300
 BOND   =       547.1129  ANGLE   =      1514.5960  DIHED      =       989.7627
 UB     =         0.0000  IMP     =         0.0000  CMAP       =       139.6955
 1-4 NB =       633.2291  1-4 EEL =      5794.7750  VDWAALS    =     16576.3767
 EELEC  =   -163818.8343  EHBOND  =         0.0000  RESTRAINT  =       174.9564
 EAMBER (non-restraint)  =   -137623.2864
 EKCMT  =         0.0000  VIRIAL  =         0.0000  VOLUME     =    334511.7318
                                                    Density    =         1.0294
 ------------------------------------------------------------------------------


 NSTEP =   225000   TIME(PS) =     650.000  TEMP(K) =   298.44  PRESS =     0.0
 Etot   =   -117184.2457  EKtot   =     20400.3047  EPtot      =   -137584.5504
 BOND   =       573.1819  ANGLE   =      1515.1628  DIHED      =       984.2009
 UB     =         0.0000  IMP     =         0.0000  CMAP       =       138.1487
 1-4 NB =       612.2797  1-4 EEL =      5800.7820  VDWAALS    =     16677.7041
 EELEC  =   -164059.3803  EHBOND  =         0.0000  RESTRAINT  =       173.3697
 EAMBER (non-restraint)  =   -137757.9201
 EKCMT  =         0.0000  VIRIAL  =         0.0000  VOLUME     =    334664.9712
                                                    Density    =         1.0289
 ------------------------------------------------------------------------------


 NSTEP =   230000   TIME(PS) =     660.000  TEMP(K) =   300.62  PRESS =     0.0
 Etot   =   -116705.7667  EKtot   =     20549.4395  EPtot      =   -137255.2061
 BOND   =       577.8855  ANGLE   =      1504.4912  DIHED      =       978.2373
 UB     =         0.0000  IMP     =         0.0000  CMAP       =       143.4491
 1-4 NB =       632.0496  1-4 EEL =      5864.7803  VDWAALS    =     16511.1567
 EELEC  =   -163635.7025  EHBOND  =         0.0000  RESTRAINT  =       168.4466
 EAMBER (non-restraint)  =   -137423.6528
 EKCMT  =         0.0000  VIRIAL  =         0.0000  VOLUME     =    333482.4198
                                                    Density    =         1.0326
 ------------------------------------------------------------------------------


 NSTEP =   235000   TIME(PS) =     670.000  TEMP(K) =   299.06  PRESS =     0.0
 Etot   =   -117096.4338  EKtot   =     20442.5156  EPtot      =   -137538.9494
 BOND   =       546.3865  ANGLE   =      1500.9890  DIHED      =       977.1877
 UB     =         0.0000  IMP     =         0.0000  CMAP       =       142.1306
 1-4 NB =       634.5142  1-4 EEL =      5866.6799  VDWAALS    =     16392.3156
 EELEC  =   -163768.8503  EHBOND  =         0.0000  RESTRAINT  =       169.6974
 EAMBER (non-restraint)  =   -137708.6468
 EKCMT  =         0.0000  VIRIAL  =         0.0000  VOLUME     =    334846.2354
                                                    Density    =         1.0284
 ------------------------------------------------------------------------------


 NSTEP =   240000   TIME(PS) =     680.000  TEMP(K) =   301.42  PRESS =     0.0
 Etot   =   -116761.3796  EKtot   =     20603.6660  EPtot      =   -137365.0456
 BOND   =       573.5006  ANGLE   =      1496.8268  DIHED      =       996.3872
 UB     =         0.0000  IMP     =         0.0000  CMAP       =       142.0282
 1-4 NB =       639.8111  1-4 EEL =      5822.3131  VDWAALS    =     16218.0160
 EELEC  =   -163421.4840  EHBOND  =         0.0000  RESTRAINT  =       167.5554
 EAMBER (non-restraint)  =   -137532.6010
 EKCMT  =         0.0000  VIRIAL  =         0.0000  VOLUME     =    333998.9936
                                                    Density    =         1.0310
 ------------------------------------------------------------------------------


 NSTEP =   245000   TIME(PS) =     690.000  TEMP(K) =   300.28  PRESS =     0.0
 Etot   =   -116749.8272  EKtot   =     20526.0645  EPtot      =   -137275.8917
 BOND   =       564.8023  ANGLE   =      1529.8269  DIHED      =      1030.7977
 UB     =         0.0000  IMP     =         0.0000  CMAP       =       146.9086
 1-4 NB =       627.3080  1-4 EEL =      5833.1894  VDWAALS    =     16199.5903
 EELEC  =   -163384.2379  EHBOND  =         0.0000  RESTRAINT  =       175.9231
 EAMBER (non-restraint)  =   -137451.8148
 EKCMT  =         0.0000  VIRIAL  =         0.0000  VOLUME     =    333152.4692
                                                    Density    =         1.0336
 ------------------------------------------------------------------------------


 NSTEP =   250000   TIME(PS) =     700.000  TEMP(K) =   300.91  PRESS =     0.0
 Etot   =   -116749.6749  EKtot   =     20569.0527  EPtot      =   -137318.7276
 BOND   =       572.2597  ANGLE   =      1435.5463  DIHED      =      1002.5979
 UB     =         0.0000  IMP     =         0.0000  CMAP       =       138.9979
 1-4 NB =       625.3048  1-4 EEL =      5804.2531  VDWAALS    =     16106.9340
 EELEC  =   -163164.5486  EHBOND  =         0.0000  RESTRAINT  =       159.9274
 EAMBER (non-restraint)  =   -137478.6550
 EKCMT  =         0.0000  VIRIAL  =         0.0000  VOLUME     =    334360.6409
                                                    Density    =         1.0299
 ------------------------------------------------------------------------------


      A V E R A G E S   O V E R      50 S T E P S


 NSTEP =   250000   TIME(PS) =     700.000  TEMP(K) =   299.91  PRESS =     0.0
 Etot   =   -116842.8609  EKtot   =     20500.6589  EPtot      =   -137343.5198
 BOND   =       563.2212  ANGLE   =      1510.0167  DIHED      =       991.9245
 UB     =         0.0000  IMP     =         0.0000  CMAP       =       142.7496
 1-4 NB =       633.6525  1-4 EEL =      5841.8655  VDWAALS    =     16421.8379
 EELEC  =   -163612.7926  EHBOND  =         0.0000  RESTRAINT  =       164.0049
 EAMBER (non-restraint)  =   -137507.5247
 EKCMT  =         0.0000  VIRIAL  =         0.0000  VOLUME     =    334923.2075
                                                    Density    =         1.0282
 ------------------------------------------------------------------------------


      R M S  F L U C T U A T I O N S


 NSTEP =   250000   TIME(PS) =     700.000  TEMP(K) =     1.59  PRESS =     0.0
 Etot   =       201.3987  EKtot   =       108.9235  EPtot      =       178.9635
 BOND   =        17.0916  ANGLE   =        27.3543  DIHED      =        14.2890
 UB     =         0.0000  IMP     =         0.0000  CMAP       =         4.8625
 1-4 NB =        11.1433  1-4 EEL =        28.3390  VDWAALS    =       201.9943
 EELEC  =       303.5550  EHBOND  =         0.0000  RESTRAINT  =         7.4694
 EAMBER (non-restraint)  =       171.4941
 EKCMT  =         0.0000  VIRIAL  =         0.0000  VOLUME     =      2436.5807
                                                    Density    =         0.0072
 ------------------------------------------------------------------------------

| MC Barostat:       2500 volume changes attempted.
| MC Barostat:        667 changes successful ( 26.68%)
 ------------------------------------------------------------------------------

--------------------------------------------------------------------------------
   5.  TIMINGS
--------------------------------------------------------------------------------

|  NonSetup CPU Time in Major Routines:
|
|     Routine           Sec        %
|     ------------------------------
|     Nonbond          10.47   11.43
|     Bond              0.00    0.00
|     Angle             0.00    0.00
|     Dihedral          0.00    0.00
|     Shake             1.04    1.14
|     RunMD            77.86   85.01
|     Other             2.21    2.42
|     ------------------------------
|     Total            91.58

|  PME Nonbond Pairlist CPU Time:
|
|     Routine              Sec        %
|     ---------------------------------
|     Set Up Cit           0.00    0.00
|     Build List           0.00    0.00
|     ---------------------------------
|     Total                0.00    0.00

|  PME Direct Force CPU Time:
|
|     Routine              Sec        %
|     ---------------------------------
|     NonBonded Calc       0.00    0.00
|     Exclude Masked       0.00    0.00
|     Other                0.33    0.36
|     ---------------------------------
|     Total                0.33    0.36

|  PME Reciprocal Force CPU Time:
|
|     Routine              Sec        %
|     ---------------------------------
|     1D bspline           0.00    0.00
|     Grid Charges         0.00    0.00
|     Scalar Sum           0.00    0.00
|     Gradient Sum         0.00    0.00
|     FFT                  0.00    0.00
|     ---------------------------------
|     Total                0.00    0.00

|  Final Performance Info:
|     -----------------------------------------------------
|     Average timings for last   80000 steps:
|     Elapsed(s) =      29.42 Per Step(ms) =       0.37
|         ns/day =     469.90   seconds/ns =     183.87
|
|     Average timings for all steps:
|     Elapsed(s) =      91.78 Per Step(ms) =       0.37
|         ns/day =     470.70   seconds/ns =     183.56
|     -----------------------------------------------------

|  Setup CPU time:            0.51 seconds
|  NonSetup CPU time:        91.58 seconds
|  Total CPU time:           92.09 seconds     0.03 hours

|  Setup wall time:           0    seconds
|  NonSetup wall time:       92    seconds
|  Total wall time:          92    seconds     0.03 hours
