
          -------------------------------------------------------
          Amber 22 PMEMD                              2022
          -------------------------------------------------------

| PMEMD implementation of SANDER, Release 22

|  Compiled date/time: Thu Apr 14 11:06:37 2022
| Run on 09/01/2026 at 15:03:49

|   Executable path: pmemd.cuda
| Working directory: /bigdata/cutlerlab/jjaco081/PYR1_pocket_expansion/data/posecheck/fludioxonil_pred/rep0
|          Hostname: gpu10

  [-O]verwriting output

File Assignments:
|   MDIN: min2.in                                                               
|  MDOUT: min2.out                                                              
| INPCRD: min1.rst7                                                             
|   PARM: /bigdata/cutlerlab/jjaco081/PYR1_pocket_expansion/data/posecheck/fludi
| RESTRT: min2.rst7                                                             
|   REFC: refc                                                                  
|  MDVEL: mdvel                                                                 
|   MDEN: mden                                                                  
|  MDCRD: min2.nc                                                               
| MDINFO: min2.info                                                             
|  MDFRC: mdfrc                                                                 


 Here is the input file:

minimisation 2, unrestrained                                                   
 &cntrl                                                                        
  imin=1, maxcyc=5000, ncyc=2500,                                              
  ntb=1, cut=10.0, ntr=0,                                                      
 /                                                                             


Note: ig = -1. Setting random seed to   280362 based on wallclock time in 
      microseconds.
| irandom = 1, using AMBER's internal random number generator (default).
 
|--------------------- INFORMATION ----------------------
| GPU (CUDA) Version of PMEMD in use: NVIDIA GPU IN USE.
|                    Version 18.0.0
| 
|                      03/25/2018
| 
| Implementation by:
|                    Ross C. Walker     (SDSC)
|                    Scott Le Grand     (nVIDIA)
| 
| Version 18 performance extensions by:
|                    David Cerutti     (Rutgers)
| 
| Precision model in use:
|      [SPFP] - Single Precision Forces, 64-bit Fixed Point
|               Accumulation. (Default)
| 
|--------------------------------------------------------
 
|----------------- CITATION INFORMATION -----------------
|
|    When publishing work that utilized the CUDA version
|    of AMBER, please cite the following in addition to
|    the regular AMBER citations:
|
|  - Romelia Salomon-Ferrer; Andreas W. Goetz; Duncan
|    Poole; Scott Le Grand; Ross C. Walker "Routine
|    microsecond molecular dynamics simulations with
|    AMBER - Part II: Particle Mesh Ewald", J. Chem.
|    Theory Comput., 2013, 9 (9), pp3878-3888,
|    DOI: 10.1021/ct400314y.
|
|  - Andreas W. Goetz; Mark J. Williamson; Dong Xu;
|    Duncan Poole; Scott Le Grand; Ross C. Walker
|    "Routine microsecond molecular dynamics simulations
|    with AMBER - Part I: Generalized Born", J. Chem.
|    Theory Comput., 2012, 8 (5), pp1542-1555.
|
|  - Scott Le Grand; Andreas W. Goetz; Ross C. Walker
|    "SPFP: Speed without compromise - a mixed precision
|    model for GPU accelerated molecular dynamics
|    simulations.", Comp. Phys. Comm., 2013, 184
|    pp374-380, DOI: 10.1016/j.cpc.2012.09.022
|
|--------------------------------------------------------
 
|------------------- GPU DEVICE INFO --------------------
|
|            CUDA_VISIBLE_DEVICES: 0
|   CUDA Capable Devices Detected:      1
|           CUDA Device ID in use:      0
|                CUDA Device Name: NVIDIA RTX 6000 Ada Generation
|     CUDA Device Global Mem Size:  48510 MB
| CUDA Device Num Multiprocessors:    142
|           CUDA Device Core Freq:   2.50 GHz
|
|--------------------------------------------------------
 
 
| Conditional Compilation Defines Used:
| PUBFFT
| BINTRAJ
| CUDA
| EMIL

| Largest sphere to fit in unit cell has radius =    32.321

| New format PARM file being parsed.
| Version =    1.000 Date = 09/01/26 Time = 11:34:27

| Note: 1-4 EEL scale factors are being read from the topology file.

| Note: 1-4 VDW scale factors are being read from the topology file.
| INFO:    Virtual site frames will be inferred from bonding patterns.
| Duplicated    0 dihedrals

| Duplicated    0 dihedrals

--------------------------------------------------------------------------------
   1.  RESOURCE   USE: 
--------------------------------------------------------------------------------

 getting box info from netcdf restart file
 NATOM  =   43878 NTYPES =      29 NBONH =   32129 MBONA  =   11717
 NTHETH =    3223 MTHETA =    2008 NPHIH =    6579 MPHIA  =    6363
 NHPARM =       0 NPARM  =       0 NNB   =   87537 NRES   =   10477
 NBONA  =   11717 NTHETA =    2008 NPHIA =    6363 NUMBND =      89
 NUMANG =     193 NPTRA  =     207 NATYP =      52 NPHB   =       0
 IFBOX  =       2 NMXRS  =      24 IFCAP =       0 NEXTRA =   10236
 NCOPY  =       0


| Coordinate Index Table dimensions:    12   12   12
| Direct force subcell size =     6.5974    6.5974    6.5974

     BOX TYPE: TRUNCATED OCTAHEDRON

--------------------------------------------------------------------------------
   2.  CONTROL  DATA  FOR  THE  RUN
--------------------------------------------------------------------------------

default_name                                                                    

General flags:
     imin    =       1, nmropt  =       0

Nature and format of input:
     ntx     =       1, irest   =       0, ntrx    =       1

Nature and format of output:
     ntxo    =       2, ntpr    =      50, ntrx    =       1, ntwr    =       1
     iwrap   =       0, ntwx    =       0, ntwv    =       0, ntwe    =       0
     ioutfm  =       1, ntwprt  =       0, idecomp =       0, rbornstat=      0

Potential function:
     ntf     =       1, ntb     =       1, igb     =       0, nsnb    =      25
     ipol    =       0, gbsa    =       0, iesp    =       0
     dielc   =   1.00000, cut     =  10.00000, intdiel =   1.00000

Frozen or restrained atoms:
     ibelly  =       0, ntr     =       0

Energy minimization:
     maxcyc  =    5000, ncyc    =    2500, ntmin   =       1
     dx0     =   0.01000, drms    =   0.00010

| Intermolecular bonds treatment:
|     no_intermolecular_bonds =       1

| Energy averages sample interval:
|     ene_avg_sampling =       1

Extra-points options:
     frameon =       1, chngmask=       1

Ewald parameters:
     verbose =       0, ew_type =       0, nbflag  =       1, use_pme =       1
     vdwmeth =       1, eedmeth =       1, netfrc  =       0
     Box X =   79.169   Box Y =   79.169   Box Z =   79.169
     Alpha =  109.471   Beta  =  109.471   Gamma =  109.471
     NFFT1 =   80       NFFT2 =   80       NFFT3 =   80
     Cutoff=   10.000   Tol   =0.100E-04
     Ewald Coefficient =  0.27511
     Interpolation order =    4
|      EXTRA_PTS, trim_bonds: num bonds BEFORE trim = 32129     0
|      EXTRA_PTS, trim_bonds: num bonds AFTER  trim = 32129     0
|      EXTRA_PTS, trim_bonds: num bonds BEFORE trim = 11717     0
|      EXTRA_PTS, trim_bonds: num bonds AFTER  trim =  1481     0
|      EXTRA_PTS, trim_theta: num angle BEFORE trim =  3223     0
|      EXTRA_PTS, trim_theta: num angle AFTER  trim =  3223     0
|      EXTRA_PTS, trim_theta: num angle BEFORE trim =  2008     0
|      EXTRA_PTS, trim_theta: num angle AFTER  trim =  2008     0
|      EXTRA_PTS, trim_phi:  num diheds BEFORE trim =  6579     0
|      EXTRA_PTS, trim_phi:  num diheds AFTER  trim =  6579     0
|      EXTRA_PTS, trim_phi:  num diheds BEFORE trim =  6363     0
|      EXTRA_PTS, trim_phi:  num diheds AFTER  trim =  6363     0

--------------------------------------------------------------------------------
   3.  ATOMIC COORDINATES AND VELOCITIES
--------------------------------------------------------------------------------

default_name                                                                    
 begin time read from input coords =     0.000 ps

 
 Number of triangulated 3-point waters found:    10236

     Sum of charges from parm topology file =   0.00005612
     Forcing neutrality...

| Dynamic Memory, Types Used:
| Reals             1206345
| Integers          4229922

| Nonbonded Pairs Initial Allocation:    13271998

| GPU memory information (estimate):
| KB of GPU memory in use:    291486
| KB of CPU memory in use:    102486

--------------------------------------------------------------------------------
   4.  RESULTS
--------------------------------------------------------------------------------



   NSTEP       ENERGY          RMS            GMAX         NAME    NUMBER
      1      -1.8601E+05     3.3160E-01     3.0562E+01     C        1089

 BOND    =    34971.4281  ANGLE   =      455.2836  DIHED      =      735.7826
 UB      =        0.0000  IMP     =        0.0000  CMAP       =      157.3112
 VDWAALS =    40185.9633  EEL     =  -269086.1960  HBOND      =        0.0000
 1-4 VDW =      597.2933  1-4 EEL =     5972.6039  RESTRAINT  =        0.0000


   NSTEP       ENERGY          RMS            GMAX         NAME    NUMBER
     50      -1.8610E+05     3.4451E-01     3.6938E+01     C1       2851

 BOND    =    34978.8749  ANGLE   =      457.0220  DIHED      =      735.6742
 UB      =        0.0000  IMP     =        0.0000  CMAP       =      156.0329
 VDWAALS =    40198.8329  EEL     =  -269150.2123  HBOND      =        0.0000
 1-4 VDW =      577.9095  1-4 EEL =     5948.0227  RESTRAINT  =        0.0000


   NSTEP       ENERGY          RMS            GMAX         NAME    NUMBER
    100      -1.8614E+05     2.0524E-01     1.4270E+01     H1      34204

 BOND    =    34982.9866  ANGLE   =      455.3489  DIHED      =      736.8151
 UB      =        0.0000  IMP     =        0.0000  CMAP       =      155.2160
 VDWAALS =    40209.3011  EEL     =  -269187.1486  HBOND      =        0.0000
 1-4 VDW =      571.1625  1-4 EEL =     5938.5037  RESTRAINT  =        0.0000


   NSTEP       ENERGY          RMS            GMAX         NAME    NUMBER
    150      -1.8617E+05     9.3562E-02     4.3650E+00     H1      34204

 BOND    =    34988.6296  ANGLE   =      453.9072  DIHED      =      737.9788
 UB      =        0.0000  IMP     =        0.0000  CMAP       =      154.4410
 VDWAALS =    40218.9249  EEL     =  -269219.5643  HBOND      =        0.0000
 1-4 VDW =      567.1451  1-4 EEL =     5932.1716  RESTRAINT  =        0.0000


   NSTEP       ENERGY          RMS            GMAX         NAME    NUMBER
    200      -1.8619E+05     1.7887E-01     1.1821E+01     H1      34204

 BOND    =    34994.6937  ANGLE   =      452.4800  DIHED      =      739.4195
 UB      =        0.0000  IMP     =        0.0000  CMAP       =      153.6115
 VDWAALS =    40228.5120  EEL     =  -269249.0314  HBOND      =        0.0000
 1-4 VDW =      564.2284  1-4 EEL =     5927.1878  RESTRAINT  =        0.0000


   NSTEP       ENERGY          RMS            GMAX         NAME    NUMBER
    250      -1.8621E+05     2.7164E-01     4.4184E+01     C1       2851

 BOND    =    35000.4700  ANGLE   =      450.8641  DIHED      =      741.0805
 UB      =        0.0000  IMP     =        0.0000  CMAP       =      152.7856
 VDWAALS =    40237.5380  EEL     =  -269275.5413  HBOND      =        0.0000
 1-4 VDW =      561.9680  1-4 EEL =     5923.0925  RESTRAINT  =        0.0000


   NSTEP       ENERGY          RMS            GMAX         NAME    NUMBER
    300      -1.8623E+05     1.1113E-01     1.1122E+01     C1       2851

 BOND    =    35003.2414  ANGLE   =      449.1447  DIHED      =      742.7178
 UB      =        0.0000  IMP     =        0.0000  CMAP       =      152.0944
 VDWAALS =    40246.2192  EEL     =  -269299.3955  HBOND      =        0.0000
 1-4 VDW =      560.1717  1-4 EEL =     5919.6173  RESTRAINT  =        0.0000


   NSTEP       ENERGY          RMS            GMAX         NAME    NUMBER
    350      -1.8624E+05     2.1543E-01     1.3501E+01     H1      34204

 BOND    =    35007.8942  ANGLE   =      447.5363  DIHED      =      744.1806
 UB      =        0.0000  IMP     =        0.0000  CMAP       =      151.5669
 VDWAALS =    40254.4736  EEL     =  -269322.2661  HBOND      =        0.0000
 1-4 VDW =      558.6924  1-4 EEL =     5916.6169  RESTRAINT  =        0.0000


   NSTEP       ENERGY          RMS            GMAX         NAME    NUMBER
    400      -1.8626E+05     1.3057E-01     8.6617E+00     C1       2851

 BOND    =    35012.0743  ANGLE   =      446.1808  DIHED      =      745.4147
 UB      =        0.0000  IMP     =        0.0000  CMAP       =      151.1741
 VDWAALS =    40262.1816  EEL     =  -269344.6071  HBOND      =        0.0000
 1-4 VDW =      557.4709  1-4 EEL =     5914.0155  RESTRAINT  =        0.0000


   NSTEP       ENERGY          RMS            GMAX         NAME    NUMBER
    450      -1.8627E+05     1.8972E-01     1.8954E+01     C1       2851

 BOND    =    35016.3807  ANGLE   =      444.9276  DIHED      =      746.5034
 UB      =        0.0000  IMP     =        0.0000  CMAP       =      150.8731
 VDWAALS =    40269.6979  EEL     =  -269365.5041  HBOND      =        0.0000
 1-4 VDW =      556.4166  1-4 EEL =     5911.6786  RESTRAINT  =        0.0000


   NSTEP       ENERGY          RMS            GMAX         NAME    NUMBER
    500      -1.8628E+05     5.2578E-02     1.8758E+00     H2      11729

 BOND    =    35018.8629  ANGLE   =      443.6904  DIHED      =      747.4524
 UB      =        0.0000  IMP     =        0.0000  CMAP       =      150.6324
 VDWAALS =    40276.6452  EEL     =  -269383.8817  HBOND      =        0.0000
 1-4 VDW =      555.4870  1-4 EEL =     5909.6621  RESTRAINT  =        0.0000


   NSTEP       ENERGY          RMS            GMAX         NAME    NUMBER
    550      -1.8629E+05     1.7894E-01     3.5772E+01     C1       2851

 BOND    =    35022.8907  ANGLE   =      442.4912  DIHED      =      748.3721
 UB      =        0.0000  IMP     =        0.0000  CMAP       =      150.4077
 VDWAALS =    40283.6842  EEL     =  -269403.3196  HBOND      =        0.0000
 1-4 VDW =      554.6136  1-4 EEL =     5907.7252  RESTRAINT  =        0.0000


   NSTEP       ENERGY          RMS            GMAX         NAME    NUMBER
    600      -1.8631E+05     5.3640E-02     1.7890E+00     H2      11729

 BOND    =    35025.9938  ANGLE   =      441.5152  DIHED      =      749.1960
 UB      =        0.0000  IMP     =        0.0000  CMAP       =      150.2091
 VDWAALS =    40290.3071  EEL     =  -269422.1675  HBOND      =        0.0000
 1-4 VDW =      553.8986  1-4 EEL =     5905.9653  RESTRAINT  =        0.0000


   NSTEP       ENERGY          RMS            GMAX         NAME    NUMBER
    650      -1.8632E+05     1.7427E-01     3.8266E+01     C1       2851

 BOND    =    35029.7021  ANGLE   =      440.6392  DIHED      =      749.9471
 UB      =        0.0000  IMP     =        0.0000  CMAP       =      150.0326
 VDWAALS =    40296.6668  EEL     =  -269440.4649  HBOND      =        0.0000
 1-4 VDW =      553.2686  1-4 EEL =     5904.3708  RESTRAINT  =        0.0000


   NSTEP       ENERGY          RMS            GMAX         NAME    NUMBER
    700      -1.8633E+05     9.0185E-02     1.8695E+01     C1       2851

 BOND    =    35032.1158  ANGLE   =      439.8760  DIHED      =      750.5392
 UB      =        0.0000  IMP     =        0.0000  CMAP       =      149.8958
 VDWAALS =    40301.8011  EEL     =  -269455.2909  HBOND      =        0.0000
 1-4 VDW =      552.7538  1-4 EEL =     5903.1580  RESTRAINT  =        0.0000


   NSTEP       ENERGY          RMS            GMAX         NAME    NUMBER
    750      -1.8633E+05     1.3962E-01     3.1831E+01     C1       2851

 BOND    =    35035.0204  ANGLE   =      439.2761  DIHED      =      751.1117
 UB      =        0.0000  IMP     =        0.0000  CMAP       =      149.7661
 VDWAALS =    40306.8025  EEL     =  -269470.0335  HBOND      =        0.0000
 1-4 VDW =      552.3160  1-4 EEL =     5902.0051  RESTRAINT  =        0.0000


   NSTEP       ENERGY          RMS            GMAX         NAME    NUMBER
    800      -1.8634E+05     6.7224E-02     1.1927E+01     C1       2851

 BOND    =    35037.4060  ANGLE   =      438.8109  DIHED      =      751.6907
 UB      =        0.0000  IMP     =        0.0000  CMAP       =      149.6422
 VDWAALS =    40311.8424  EEL     =  -269484.8077  HBOND      =        0.0000
 1-4 VDW =      551.9467  1-4 EEL =     5900.8937  RESTRAINT  =        0.0000


   NSTEP       ENERGY          RMS            GMAX         NAME    NUMBER
    850      -1.8635E+05     1.2035E-01     2.6852E+01     C1       2851

 BOND    =    35040.3159  ANGLE   =      438.4107  DIHED      =      752.3100
 UB      =        0.0000  IMP     =        0.0000  CMAP       =      149.5175
 VDWAALS =    40316.9742  EEL     =  -269500.1812  HBOND      =        0.0000
 1-4 VDW =      551.5939  1-4 EEL =     5899.8165  RESTRAINT  =        0.0000


   NSTEP       ENERGY          RMS            GMAX         NAME    NUMBER
    900      -1.8636E+05     1.7600E-01     4.0939E+01     C1       2851

 BOND    =    35043.2989  ANGLE   =      438.1149  DIHED      =      752.9687
 UB      =        0.0000  IMP     =        0.0000  CMAP       =      149.3959
 VDWAALS =    40322.1020  EEL     =  -269515.5983  HBOND      =        0.0000
 1-4 VDW =      551.2726  1-4 EEL =     5898.7944  RESTRAINT  =        0.0000


   NSTEP       ENERGY          RMS            GMAX         NAME    NUMBER
    950      -1.8637E+05     1.0305E-01     2.2255E+01     C1       2851

 BOND    =    35045.8659  ANGLE   =      437.8442  DIHED      =      753.6717
 UB      =        0.0000  IMP     =        0.0000  CMAP       =      149.2719
 VDWAALS =    40327.5544  EEL     =  -269531.7108  HBOND      =        0.0000
 1-4 VDW =      550.9221  1-4 EEL =     5897.7793  RESTRAINT  =        0.0000


   NSTEP       ENERGY          RMS            GMAX         NAME    NUMBER
   1000      -1.8638E+05     1.4769E-01     3.3889E+01     C1       2851

 BOND    =    35048.8871  ANGLE   =      437.7188  DIHED      =      754.2746
 UB      =        0.0000  IMP     =        0.0000  CMAP       =      149.1496
 VDWAALS =    40333.3086  EEL     =  -269547.4114  HBOND      =        0.0000
 1-4 VDW =      550.6015  1-4 EEL =     5896.7225  RESTRAINT  =        0.0000


   NSTEP       ENERGY          RMS            GMAX         NAME    NUMBER
   1050      -1.8638E+05     7.9502E-02     1.6130E+01     C1       2851

 BOND    =    35051.3575  ANGLE   =      437.6936  DIHED      =      754.6423
 UB      =        0.0000  IMP     =        0.0000  CMAP       =      149.0277
 VDWAALS =    40339.0784  EEL     =  -269562.4548  HBOND      =        0.0000
 1-4 VDW =      550.3135  1-4 EEL =     5895.6139  RESTRAINT  =        0.0000


   NSTEP       ENERGY          RMS            GMAX         NAME    NUMBER
   1100      -1.8639E+05     1.3566E-01     3.0962E+01     C1       2851

 BOND    =    35054.1925  ANGLE   =      437.6542  DIHED      =      754.8087
 UB      =        0.0000  IMP     =        0.0000  CMAP       =      148.9081
 VDWAALS =    40344.3358  EEL     =  -269576.4105  HBOND      =        0.0000
 1-4 VDW =      550.0394  1-4 EEL =     5894.6009  RESTRAINT  =        0.0000


   NSTEP       ENERGY          RMS            GMAX         NAME    NUMBER
   1150      -1.8640E+05     4.3880E-02     3.0456E+00     C1       2851

 BOND    =    35056.4584  ANGLE   =      437.5734  DIHED      =      754.8936
 UB      =        0.0000  IMP     =        0.0000  CMAP       =      148.7929
 VDWAALS =    40349.0296  EEL     =  -269589.5049  HBOND      =        0.0000
 1-4 VDW =      549.7782  1-4 EEL =     5893.7325  RESTRAINT  =        0.0000


   NSTEP       ENERGY          RMS            GMAX         NAME    NUMBER
   1200      -1.8641E+05     1.1043E-01     2.4467E+01     C1       2851

 BOND    =    35059.2589  ANGLE   =      437.5212  DIHED      =      754.9646
 UB      =        0.0000  IMP     =        0.0000  CMAP       =      148.6708
 VDWAALS =    40353.6638  EEL     =  -269603.0045  HBOND      =        0.0000
 1-4 VDW =      549.5291  1-4 EEL =     5892.8824  RESTRAINT  =        0.0000


   NSTEP       ENERGY          RMS            GMAX         NAME    NUMBER
   1250      -1.8641E+05     1.5705E-01     3.6227E+01     C1       2851

 BOND    =    35061.9837  ANGLE   =      437.5033  DIHED      =      755.0338
 UB      =        0.0000  IMP     =        0.0000  CMAP       =      148.5513
 VDWAALS =    40357.8847  EEL     =  -269616.1868  HBOND      =        0.0000
 1-4 VDW =      549.3046  1-4 EEL =     5892.1020  RESTRAINT  =        0.0000


   NSTEP       ENERGY          RMS            GMAX         NAME    NUMBER
   1300      -1.8642E+05     4.4399E-02     3.2098E+00     C1       2851

 BOND    =    35064.0460  ANGLE   =      437.5508  DIHED      =      755.1116
 UB      =        0.0000  IMP     =        0.0000  CMAP       =      148.4307
 VDWAALS =    40361.8465  EEL     =  -269628.9746  HBOND      =        0.0000
 1-4 VDW =      549.1093  1-4 EEL =     5891.3394  RESTRAINT  =        0.0000


   NSTEP       ENERGY          RMS            GMAX         NAME    NUMBER
   1350      -1.8643E+05     1.3642E-01     3.0986E+01     C1       2851

 BOND    =    35066.7278  ANGLE   =      437.6235  DIHED      =      755.2018
 UB      =        0.0000  IMP     =        0.0000  CMAP       =      148.3075
 VDWAALS =    40365.4954  EEL     =  -269641.7084  HBOND      =        0.0000
 1-4 VDW =      548.9103  1-4 EEL =     5890.6032  RESTRAINT  =        0.0000


   NSTEP       ENERGY          RMS            GMAX         NAME    NUMBER
   1400      -1.8644E+05     4.5692E-02     3.4946E+00     C1       2851

 BOND    =    35068.7390  ANGLE   =      437.6635  DIHED      =      755.3046
 UB      =        0.0000  IMP     =        0.0000  CMAP       =      148.1858
 VDWAALS =    40368.6259  EEL     =  -269653.8475  HBOND      =        0.0000
 1-4 VDW =      548.6849  1-4 EEL =     5889.9239  RESTRAINT  =        0.0000


   NSTEP       ENERGY          RMS            GMAX         NAME    NUMBER
   1450      -1.8644E+05     1.2149E-01     2.6944E+01     C1       2851

 BOND    =    35071.0684  ANGLE   =      437.7508  DIHED      =      755.4353
 UB      =        0.0000  IMP     =        0.0000  CMAP       =      148.0622
 VDWAALS =    40371.3309  EEL     =  -269666.0358  HBOND      =        0.0000
 1-4 VDW =      548.4503  1-4 EEL =     5889.2469  RESTRAINT  =        0.0000


   NSTEP       ENERGY          RMS            GMAX         NAME    NUMBER
   1500      -1.8645E+05     5.1271E-02     5.5114E+00     C1       2851

 BOND    =    35072.8304  ANGLE   =      437.9175  DIHED      =      755.5796
 UB      =        0.0000  IMP     =        0.0000  CMAP       =      147.9446
 VDWAALS =    40373.7413  EEL     =  -269678.1325  HBOND      =        0.0000
 1-4 VDW =      548.2332  1-4 EEL =     5888.5831  RESTRAINT  =        0.0000


   NSTEP       ENERGY          RMS            GMAX         NAME    NUMBER
   1550      -1.8646E+05     5.9186E-02     9.2796E+00     C1       2851

 BOND    =    35075.2159  ANGLE   =      438.1020  DIHED      =      755.6873
 UB      =        0.0000  IMP     =        0.0000  CMAP       =      147.8272
 VDWAALS =    40377.0272  EEL     =  -269691.5892  HBOND      =        0.0000
 1-4 VDW =      547.9873  1-4 EEL =     5887.9241  RESTRAINT  =        0.0000


   NSTEP       ENERGY          RMS            GMAX         NAME    NUMBER
   1600      -1.8647E+05     1.3693E-01     2.7722E+01     C1       2851

 BOND    =    35078.5055  ANGLE   =      438.3276  DIHED      =      755.6869
 UB      =        0.0000  IMP     =        0.0000  CMAP       =      147.7092
 VDWAALS =    40381.8594  EEL     =  -269706.2556  HBOND      =        0.0000
 1-4 VDW =      547.7693  1-4 EEL =     5887.2605  RESTRAINT  =        0.0000


   NSTEP       ENERGY          RMS            GMAX         NAME    NUMBER
   1650      -1.8648E+05     4.0798E-02     2.4032E+00     OE1      2076

 BOND    =    35081.0378  ANGLE   =      438.5099  DIHED      =      755.6189
 UB      =        0.0000  IMP     =        0.0000  CMAP       =      147.5932
 VDWAALS =    40386.6444  EEL     =  -269719.5446  HBOND      =        0.0000
 1-4 VDW =      547.5468  1-4 EEL =     5886.6060  RESTRAINT  =        0.0000


   NSTEP       ENERGY          RMS            GMAX         NAME    NUMBER
   1700      -1.8648E+05     7.9809E-02     1.5558E+01     CD       2075

 BOND    =    35083.9275  ANGLE   =      438.7749  DIHED      =      755.5238
 UB      =        0.0000  IMP     =        0.0000  CMAP       =      147.4691
 VDWAALS =    40391.4242  EEL     =  -269733.6569  HBOND      =        0.0000
 1-4 VDW =      547.3437  1-4 EEL =     5885.8868  RESTRAINT  =        0.0000


   NSTEP       ENERGY          RMS            GMAX         NAME    NUMBER
   1750      -1.8649E+05     1.6376E-01     3.6447E+01     CD       2075

 BOND    =    35086.7893  ANGLE   =      439.0959  DIHED      =      755.4264
 UB      =        0.0000  IMP     =        0.0000  CMAP       =      147.3512
 VDWAALS =    40395.8077  EEL     =  -269746.6466  HBOND      =        0.0000
 1-4 VDW =      547.1502  1-4 EEL =     5885.1962  RESTRAINT  =        0.0000


   NSTEP       ENERGY          RMS            GMAX         NAME    NUMBER
   1800      -1.8650E+05     6.0640E-02     1.1142E+01     CD       2075

 BOND    =    35089.3721  ANGLE   =      439.3834  DIHED      =      755.3321
 UB      =        0.0000  IMP     =        0.0000  CMAP       =      147.2358
 VDWAALS =    40400.0533  EEL     =  -269759.9599  HBOND      =        0.0000
 1-4 VDW =      546.9944  1-4 EEL =     5884.5126  RESTRAINT  =        0.0000


   NSTEP       ENERGY          RMS            GMAX         NAME    NUMBER
   1850      -1.8650E+05     1.4762E-01     2.4270E+01     CD       2075

 BOND    =    35092.3533  ANGLE   =      439.7568  DIHED      =      755.2468
 UB      =        0.0000  IMP     =        0.0000  CMAP       =      147.1213
 VDWAALS =    40404.3205  EEL     =  -269773.2232  HBOND      =        0.0000
 1-4 VDW =      546.8084  1-4 EEL =     5883.8109  RESTRAINT  =        0.0000


   NSTEP       ENERGY          RMS            GMAX         NAME    NUMBER
   1900      -1.8651E+05     4.0628E-02     1.8632E+00     HH12     1624

 BOND    =    35094.5814  ANGLE   =      440.1355  DIHED      =      755.1878
 UB      =        0.0000  IMP     =        0.0000  CMAP       =      147.0120
 VDWAALS =    40408.5366  EEL     =  -269786.6331  HBOND      =        0.0000
 1-4 VDW =      546.6028  1-4 EEL =     5883.1132  RESTRAINT  =        0.0000


   NSTEP       ENERGY          RMS            GMAX         NAME    NUMBER
   1950      -1.8652E+05     1.0825E-01     9.4533E+00     H1      11580

 BOND    =    35097.6274  ANGLE   =      440.5590  DIHED      =      755.1384
 UB      =        0.0000  IMP     =        0.0000  CMAP       =      146.9055
 VDWAALS =    40412.8518  EEL     =  -269800.7605  HBOND      =        0.0000
 1-4 VDW =      546.3881  1-4 EEL =     5882.4009  RESTRAINT  =        0.0000


   NSTEP       ENERGY          RMS            GMAX         NAME    NUMBER
   2000      -1.8653E+05     1.5668E-01     1.4965E+01     H1      11580

 BOND    =    35100.5228  ANGLE   =      440.9840  DIHED      =      755.1027
 UB      =        0.0000  IMP     =        0.0000  CMAP       =      146.8087
 VDWAALS =    40417.0271  EEL     =  -269814.3088  HBOND      =        0.0000
 1-4 VDW =      546.1838  1-4 EEL =     5881.7374  RESTRAINT  =        0.0000


   NSTEP       ENERGY          RMS            GMAX         NAME    NUMBER
   2050      -1.8653E+05     9.4559E-02     8.6723E+00     H1      11580

 BOND    =    35102.4653  ANGLE   =      441.3684  DIHED      =      755.0673
 UB      =        0.0000  IMP     =        0.0000  CMAP       =      146.7169
 VDWAALS =    40421.0356  EEL     =  -269827.2481  HBOND      =        0.0000
 1-4 VDW =      545.9740  1-4 EEL =     5881.1346  RESTRAINT  =        0.0000


   NSTEP       ENERGY          RMS            GMAX         NAME    NUMBER
   2100      -1.8654E+05     4.2747E-02     1.8695E+00     H1      11580

 BOND    =    35104.9379  ANGLE   =      441.7297  DIHED      =      755.0286
 UB      =        0.0000  IMP     =        0.0000  CMAP       =      146.6288
 VDWAALS =    40425.0098  EEL     =  -269840.5286  HBOND      =        0.0000
 1-4 VDW =      545.7630  1-4 EEL =     5880.5824  RESTRAINT  =        0.0000


   NSTEP       ENERGY          RMS            GMAX         NAME    NUMBER
   2150      -1.8655E+05     7.3387E-02     5.9451E+00     H1      11580

 BOND    =    35107.5886  ANGLE   =      442.0640  DIHED      =      754.9846
 UB      =        0.0000  IMP     =        0.0000  CMAP       =      146.5395
 VDWAALS =    40428.9539  EEL     =  -269853.5981  HBOND      =        0.0000
 1-4 VDW =      545.5467  1-4 EEL =     5880.0692  RESTRAINT  =        0.0000


   NSTEP       ENERGY          RMS            GMAX         NAME    NUMBER
   2200      -1.8655E+05     1.3349E-01     2.9694E+01     C1       2851

 BOND    =    35109.9299  ANGLE   =      442.3288  DIHED      =      754.9459
 UB      =        0.0000  IMP     =        0.0000  CMAP       =      146.4587
 VDWAALS =    40432.3373  EEL     =  -269865.2770  HBOND      =        0.0000
 1-4 VDW =      545.3426  1-4 EEL =     5879.6429  RESTRAINT  =        0.0000


   NSTEP       ENERGY          RMS            GMAX         NAME    NUMBER
   2250      -1.8656E+05     7.3680E-02     1.4906E+01     C1       2851

 BOND    =    35111.6047  ANGLE   =      442.6260  DIHED      =      754.9153
 UB      =        0.0000  IMP     =        0.0000  CMAP       =      146.3859
 VDWAALS =    40435.3480  EEL     =  -269875.8188  HBOND      =        0.0000
 1-4 VDW =      545.1883  1-4 EEL =     5879.2473  RESTRAINT  =        0.0000


   NSTEP       ENERGY          RMS            GMAX         NAME    NUMBER
   2300      -1.8657E+05     1.3206E-01     2.9847E+01     C1       2851

 BOND    =    35113.6717  ANGLE   =      442.9016  DIHED      =      754.8905
 UB      =        0.0000  IMP     =        0.0000  CMAP       =      146.3146
 VDWAALS =    40438.2015  EEL     =  -269886.2385  HBOND      =        0.0000
 1-4 VDW =      545.0243  1-4 EEL =     5878.8725  RESTRAINT  =        0.0000


   NSTEP       ENERGY          RMS            GMAX         NAME    NUMBER
   2350      -1.8657E+05     5.6929E-02     1.0026E+01     C1       2851

 BOND    =    35115.2597  ANGLE   =      443.1170  DIHED      =      754.8694
 UB      =        0.0000  IMP     =        0.0000  CMAP       =      146.2482
 VDWAALS =    40440.7744  EEL     =  -269895.9446  HBOND      =        0.0000
 1-4 VDW =      544.8449  1-4 EEL =     5878.5375  RESTRAINT  =        0.0000


   NSTEP       ENERGY          RMS            GMAX         NAME    NUMBER
   2400      -1.8658E+05     6.0712E-02     1.1169E+01     C1       2851

 BOND    =    35117.0542  ANGLE   =      443.3830  DIHED      =      754.8559
 UB      =        0.0000  IMP     =        0.0000  CMAP       =      146.1827
 VDWAALS =    40443.3407  EEL     =  -269905.9203  HBOND      =        0.0000
 1-4 VDW =      544.6825  1-4 EEL =     5878.1875  RESTRAINT  =        0.0000


   NSTEP       ENERGY          RMS            GMAX         NAME    NUMBER
   2450      -1.8658E+05     1.4722E-01     3.3506E+01     C1       2851

 BOND    =    35119.1328  ANGLE   =      443.6376  DIHED      =      754.8481
 UB      =        0.0000  IMP     =        0.0000  CMAP       =      146.1187
 VDWAALS =    40445.8610  EEL     =  -269915.8456  HBOND      =        0.0000
 1-4 VDW =      544.5150  1-4 EEL =     5877.8445  RESTRAINT  =        0.0000


   NSTEP       ENERGY          RMS            GMAX         NAME    NUMBER
   2500      -1.8659E+05     8.6783E-02     1.8319E+01     C1       2851

 BOND    =    35120.6250  ANGLE   =      443.9495  DIHED      =      754.8465
 UB      =        0.0000  IMP     =        0.0000  CMAP       =      146.0574
 VDWAALS =    40448.4335  EEL     =  -269926.0220  HBOND      =        0.0000
 1-4 VDW =      544.3863  1-4 EEL =     5877.4821  RESTRAINT  =        0.0000


   NSTEP       ENERGY          RMS            GMAX         NAME    NUMBER
   2550      -1.8666E+05     1.2880E-01     1.2951E+01     C1       2851

 BOND    =    35146.4716  ANGLE   =      443.0081  DIHED      =      755.4055
 UB      =        0.0000  IMP     =        0.0000  CMAP       =      144.9439
 VDWAALS =    40499.7037  EEL     =  -270071.5576  HBOND      =        0.0000
 1-4 VDW =      544.7438  1-4 EEL =     5874.0264  RESTRAINT  =        0.0000


   NSTEP       ENERGY          RMS            GMAX         NAME    NUMBER
   2600      -1.8668E+05     1.0521E-01     9.8410E+00     CG       2233

 BOND    =    35156.1927  ANGLE   =      443.3820  DIHED      =      755.3536
 UB      =        0.0000  IMP     =        0.0000  CMAP       =      144.5683
 VDWAALS =    40512.1450  EEL     =  -270112.0261  HBOND      =        0.0000
 1-4 VDW =      544.3063  1-4 EEL =     5873.0371  RESTRAINT  =        0.0000


   NSTEP       ENERGY          RMS            GMAX         NAME    NUMBER
   2650      -1.8670E+05     9.8027E-02     5.3745E+00     H1      14140

 BOND    =    35167.2777  ANGLE   =      443.5590  DIHED      =      754.9297
 UB      =        0.0000  IMP     =        0.0000  CMAP       =      144.1462
 VDWAALS =    40524.2515  EEL     =  -270154.4994  HBOND      =        0.0000
 1-4 VDW =      544.1442  1-4 EEL =     5872.9755  RESTRAINT  =        0.0000


   NSTEP       ENERGY          RMS            GMAX         NAME    NUMBER
   2700      -1.8672E+05     1.1364E-01     6.6753E+00     O       14331

 BOND    =    35167.4965  ANGLE   =      443.8650  DIHED      =      754.6464
 UB      =        0.0000  IMP     =        0.0000  CMAP       =      143.5291
 VDWAALS =    40534.7256  EEL     =  -270184.4383  HBOND      =        0.0000
 1-4 VDW =      544.1393  1-4 EEL =     5872.6482  RESTRAINT  =        0.0000


   NSTEP       ENERGY          RMS            GMAX         NAME    NUMBER
   2750      -1.8674E+05     1.1009E-01     1.1450E+01     C1       2851

 BOND    =    35178.6832  ANGLE   =      443.8821  DIHED      =      754.5499
 UB      =        0.0000  IMP     =        0.0000  CMAP       =      142.6369
 VDWAALS =    40547.3577  EEL     =  -270224.9895  HBOND      =        0.0000
 1-4 VDW =      544.1426  1-4 EEL =     5872.2753  RESTRAINT  =        0.0000


   NSTEP       ENERGY          RMS            GMAX         NAME    NUMBER
   2800      -1.8676E+05     5.4204E-02     4.4740E+00     CB       2230

 BOND    =    35180.8514  ANGLE   =      444.0811  DIHED      =      754.3190
 UB      =        0.0000  IMP     =        0.0000  CMAP       =      142.2103
 VDWAALS =    40556.8317  EEL     =  -270251.8227  HBOND      =        0.0000
 1-4 VDW =      543.3949  1-4 EEL =     5873.0897  RESTRAINT  =        0.0000


   NSTEP       ENERGY          RMS            GMAX         NAME    NUMBER
   2850      -1.8680E+05     6.8973E-02     3.9937E+00     CZ       1158

 BOND    =    35203.5993  ANGLE   =      444.4072  DIHED      =      753.8800
 UB      =        0.0000  IMP     =        0.0000  CMAP       =      141.2783
 VDWAALS =    40593.3524  EEL     =  -270349.1261  HBOND      =        0.0000
 1-4 VDW =      542.6224  1-4 EEL =     5873.3333  RESTRAINT  =        0.0000


   NSTEP       ENERGY          RMS            GMAX         NAME    NUMBER
   2900      -1.8682E+05     4.6464E-02     2.6366E+00     CZ       1158

 BOND    =    35210.8661  ANGLE   =      444.4810  DIHED      =      753.7670
 UB      =        0.0000  IMP     =        0.0000  CMAP       =      140.8457
 VDWAALS =    40606.9395  EEL     =  -270389.8013  HBOND      =        0.0000
 1-4 VDW =      542.3996  1-4 EEL =     5872.7634  RESTRAINT  =        0.0000


   NSTEP       ENERGY          RMS            GMAX         NAME    NUMBER
   2950      -1.8685E+05     9.1809E-02     5.3445E+00     CB       2230

 BOND    =    35221.0740  ANGLE   =      444.4310  DIHED      =      753.9873
 UB      =        0.0000  IMP     =        0.0000  CMAP       =      140.2102
 VDWAALS =    40621.6961  EEL     =  -270443.7108  HBOND      =        0.0000
 1-4 VDW =      542.0142  1-4 EEL =     5872.1509  RESTRAINT  =        0.0000


   NSTEP       ENERGY          RMS            GMAX         NAME    NUMBER
   3000      -1.8688E+05     7.8676E-02     3.6426E+00     CG       1562

 BOND    =    35229.5480  ANGLE   =      444.6745  DIHED      =      754.2763
 UB      =        0.0000  IMP     =        0.0000  CMAP       =      139.7025
 VDWAALS =    40630.8647  EEL     =  -270490.6939  HBOND      =        0.0000
 1-4 VDW =      541.8449  1-4 EEL =     5871.5965  RESTRAINT  =        0.0000


   NSTEP       ENERGY          RMS            GMAX         NAME    NUMBER
   3050      -1.8690E+05     5.9946E-02     4.8127E+00     CD       2075

 BOND    =    35240.3748  ANGLE   =      444.7314  DIHED      =      754.4970
 UB      =        0.0000  IMP     =        0.0000  CMAP       =      139.3576
 VDWAALS =    40641.6296  EEL     =  -270532.2438  HBOND      =        0.0000
 1-4 VDW =      541.8470  1-4 EEL =     5870.7207  RESTRAINT  =        0.0000


   NSTEP       ENERGY          RMS            GMAX         NAME    NUMBER
   3100      -1.8694E+05     8.7967E-02     6.0304E+00     O        5727

 BOND    =    35257.6229  ANGLE   =      445.5587  DIHED      =      755.5555
 UB      =        0.0000  IMP     =        0.0000  CMAP       =      138.4486
 VDWAALS =    40669.7978  EEL     =  -270619.4856  HBOND      =        0.0000
 1-4 VDW =      541.3977  1-4 EEL =     5869.6361  RESTRAINT  =        0.0000


   NSTEP       ENERGY          RMS            GMAX         NAME    NUMBER
   3150      -1.8696E+05     2.7166E-01     2.0599E+01     H2       5729

 BOND    =    35268.1852  ANGLE   =      446.4847  DIHED      =      757.8578
 UB      =        0.0000  IMP     =        0.0000  CMAP       =      137.8862
 VDWAALS =    40699.1541  EEL     =  -270684.3246  HBOND      =        0.0000
 1-4 VDW =      541.1330  1-4 EEL =     5869.0552  RESTRAINT  =        0.0000


   NSTEP       ENERGY          RMS            GMAX         NAME    NUMBER
   3200      -1.8699E+05     1.8705E-01     1.9210E+01     C1       2851

 BOND    =    35269.7210  ANGLE   =      447.0220  DIHED      =      757.5637
 UB      =        0.0000  IMP     =        0.0000  CMAP       =      137.7525
 VDWAALS =    40692.2068  EEL     =  -270704.8142  HBOND      =        0.0000
 1-4 VDW =      540.6344  1-4 EEL =     5869.1314  RESTRAINT  =        0.0000


   NSTEP       ENERGY          RMS            GMAX         NAME    NUMBER
   3250      -1.8701E+05     1.4575E-01     1.0069E+01     C1       2851

 BOND    =    35279.2401  ANGLE   =      447.2748  DIHED      =      757.8208
 UB      =        0.0000  IMP     =        0.0000  CMAP       =      137.5968
 VDWAALS =    40699.7017  EEL     =  -270740.6128  HBOND      =        0.0000
 1-4 VDW =      540.3861  1-4 EEL =     5868.8992  RESTRAINT  =        0.0000


   NSTEP       ENERGY          RMS            GMAX         NAME    NUMBER
   3300      -1.8702E+05     7.0055E-02     4.5684E+00     CG       1246

 BOND    =    35282.9961  ANGLE   =      446.5947  DIHED      =      757.9194
 UB      =        0.0000  IMP     =        0.0000  CMAP       =      137.4934
 VDWAALS =    40700.9257  EEL     =  -270753.4593  HBOND      =        0.0000
 1-4 VDW =      540.3938  1-4 EEL =     5868.1296  RESTRAINT  =        0.0000


   NSTEP       ENERGY          RMS            GMAX         NAME    NUMBER
   3350      -1.8706E+05     1.1622E-01     1.5651E+01     C1       2851

 BOND    =    35292.7654  ANGLE   =      447.9617  DIHED      =      758.7052
 UB      =        0.0000  IMP     =        0.0000  CMAP       =      137.0436
 VDWAALS =    40708.8480  EEL     =  -270814.3657  HBOND      =        0.0000
 1-4 VDW =      539.5402  1-4 EEL =     5866.9094  RESTRAINT  =        0.0000


   NSTEP       ENERGY          RMS            GMAX         NAME    NUMBER
   3400      -1.8708E+05     7.7946E-02     6.7588E+00     CG       1246

 BOND    =    35297.6384  ANGLE   =      448.5078  DIHED      =      759.1800
 UB      =        0.0000  IMP     =        0.0000  CMAP       =      136.8523
 VDWAALS =    40714.5826  EEL     =  -270838.9920  HBOND      =        0.0000
 1-4 VDW =      539.4153  1-4 EEL =     5866.7608  RESTRAINT  =        0.0000


   NSTEP       ENERGY          RMS            GMAX         NAME    NUMBER
   3450      -1.8709E+05     7.1806E-02     2.9992E+00     O       41231

 BOND    =    35302.0225  ANGLE   =      448.9494  DIHED      =      759.9160
 UB      =        0.0000  IMP     =        0.0000  CMAP       =      136.5986
 VDWAALS =    40720.8704  EEL     =  -270866.8476  HBOND      =        0.0000
 1-4 VDW =      539.2336  1-4 EEL =     5866.2511  RESTRAINT  =        0.0000


   NSTEP       ENERGY          RMS            GMAX         NAME    NUMBER
   3500      -1.8711E+05     7.8144E-02     4.6013E+00     C1       2851

 BOND    =    35306.2057  ANGLE   =      449.4819  DIHED      =      760.4308
 UB      =        0.0000  IMP     =        0.0000  CMAP       =      136.3895
 VDWAALS =    40727.4322  EEL     =  -270895.4993  HBOND      =        0.0000
 1-4 VDW =      538.9868  1-4 EEL =     5865.8287  RESTRAINT  =        0.0000


   NSTEP       ENERGY          RMS            GMAX         NAME    NUMBER
   3550      -1.8713E+05     1.1432E-01     9.1001E+00     O       35335

 BOND    =    35314.8323  ANGLE   =      449.8721  DIHED      =      760.5962
 UB      =        0.0000  IMP     =        0.0000  CMAP       =      136.1230
 VDWAALS =    40739.7015  EEL     =  -270937.1210  HBOND      =        0.0000
 1-4 VDW =      538.7398  1-4 EEL =     5865.1578  RESTRAINT  =        0.0000


   NSTEP       ENERGY          RMS            GMAX         NAME    NUMBER
   3600      -1.8714E+05     8.3281E-02     5.3396E+00     CG       2312

 BOND    =    35315.2953  ANGLE   =      450.4059  DIHED      =      760.6549
 UB      =        0.0000  IMP     =        0.0000  CMAP       =      135.9949
 VDWAALS =    40748.1234  EEL     =  -270958.6584  HBOND      =        0.0000
 1-4 VDW =      538.6943  1-4 EEL =     5864.6798  RESTRAINT  =        0.0000


   NSTEP       ENERGY          RMS            GMAX         NAME    NUMBER
   3650      -1.8716E+05     9.5558E-02     9.5270E+00     C1       2851

 BOND    =    35322.3983  ANGLE   =      450.7012  DIHED      =      760.4764
 UB      =        0.0000  IMP     =        0.0000  CMAP       =      135.8630
 VDWAALS =    40759.7066  EEL     =  -270989.1159  HBOND      =        0.0000
 1-4 VDW =      538.6415  1-4 EEL =     5864.3841  RESTRAINT  =        0.0000


   NSTEP       ENERGY          RMS            GMAX         NAME    NUMBER
   3700      -1.8718E+05     1.1362E-01     9.0643E+00     H2       9593

 BOND    =    35332.7208  ANGLE   =      450.9205  DIHED      =      760.3912
 UB      =        0.0000  IMP     =        0.0000  CMAP       =      135.5104
 VDWAALS =    40787.8710  EEL     =  -271046.3311  HBOND      =        0.0000
 1-4 VDW =      538.2774  1-4 EEL =     5863.9848  RESTRAINT  =        0.0000


   NSTEP       ENERGY          RMS            GMAX         NAME    NUMBER
   3750      -1.8719E+05     1.2819E-01     9.4635E+00     H1       9060

 BOND    =    35335.1871  ANGLE   =      451.3867  DIHED      =      760.4308
 UB      =        0.0000  IMP     =        0.0000  CMAP       =      135.3449
 VDWAALS =    40799.7153  EEL     =  -271077.8251  HBOND      =        0.0000
 1-4 VDW =      538.2538  1-4 EEL =     5863.6162  RESTRAINT  =        0.0000


   NSTEP       ENERGY          RMS            GMAX         NAME    NUMBER
   3800      -1.8720E+05     7.1632E-02     3.6874E+00     O       35327

 BOND    =    35341.8730  ANGLE   =      451.0310  DIHED      =      760.5482
 UB      =        0.0000  IMP     =        0.0000  CMAP       =      135.2196
 VDWAALS =    40801.6917  EEL     =  -271092.9381  HBOND      =        0.0000
 1-4 VDW =      538.2456  1-4 EEL =     5863.0099  RESTRAINT  =        0.0000


   NSTEP       ENERGY          RMS            GMAX         NAME    NUMBER
   3850      -1.8722E+05     3.6668E-01     4.1720E+01     OG       1903

 BOND    =    35372.6270  ANGLE   =      453.1424  DIHED      =      759.1404
 UB      =        0.0000  IMP     =        0.0000  CMAP       =      134.5559
 VDWAALS =    40830.2110  EEL     =  -271170.8591  HBOND      =        0.0000
 1-4 VDW =      538.4408  1-4 EEL =     5861.5622  RESTRAINT  =        0.0000


   NSTEP       ENERGY          RMS            GMAX         NAME    NUMBER
   3900      -1.8725E+05     1.5725E-01     2.2590E+01     CB       1900

 BOND    =    35363.2733  ANGLE   =      452.1983  DIHED      =      758.6158
 UB      =        0.0000  IMP     =        0.0000  CMAP       =      134.3388
 VDWAALS =    40840.5711  EEL     =  -271197.8758  HBOND      =        0.0000
 1-4 VDW =      538.1651  1-4 EEL =     5862.0561  RESTRAINT  =        0.0000


   NSTEP       ENERGY          RMS            GMAX         NAME    NUMBER
   3950      -1.8726E+05     1.3599E-01     1.2084E+01     CA       1898

 BOND    =    35361.2678  ANGLE   =      452.4441  DIHED      =      758.7878
 UB      =        0.0000  IMP     =        0.0000  CMAP       =      134.1634
 VDWAALS =    40843.2280  EEL     =  -271209.2217  HBOND      =        0.0000
 1-4 VDW =      538.0603  1-4 EEL =     5861.8692  RESTRAINT  =        0.0000


   NSTEP       ENERGY          RMS            GMAX         NAME    NUMBER
   4000      -1.8726E+05     5.9428E-02     4.0707E+00     CG       1246

 BOND    =    35362.4729  ANGLE   =      452.0064  DIHED      =      758.6031
 UB      =        0.0000  IMP     =        0.0000  CMAP       =      134.1383
 VDWAALS =    40844.9260  EEL     =  -271216.1804  HBOND      =        0.0000
 1-4 VDW =      537.9215  1-4 EEL =     5861.9197  RESTRAINT  =        0.0000


   NSTEP       ENERGY          RMS            GMAX         NAME    NUMBER
   4050      -1.8729E+05     4.4317E-02     4.0177E+00     CB       1900

 BOND    =    35369.1893  ANGLE   =      452.3545  DIHED      =      758.8747
 UB      =        0.0000  IMP     =        0.0000  CMAP       =      133.7910
 VDWAALS =    40854.4226  EEL     =  -271253.3368  HBOND      =        0.0000
 1-4 VDW =      537.7927  1-4 EEL =     5861.5770  RESTRAINT  =        0.0000


   NSTEP       ENERGY          RMS            GMAX         NAME    NUMBER
   4100      -1.8731E+05     9.1780E-02     9.1443E+00     CB       1900

 BOND    =    35373.0809  ANGLE   =      452.7611  DIHED      =      759.4231
 UB      =        0.0000  IMP     =        0.0000  CMAP       =      133.4432
 VDWAALS =    40864.0483  EEL     =  -271288.7429  HBOND      =        0.0000
 1-4 VDW =      537.7046  1-4 EEL =     5861.4056  RESTRAINT  =        0.0000


   NSTEP       ENERGY          RMS            GMAX         NAME    NUMBER
   4150      -1.8732E+05     6.7440E-02     3.2089E+00     CZ       1158

 BOND    =    35380.1078  ANGLE   =      452.9270  DIHED      =      759.8959
 UB      =        0.0000  IMP     =        0.0000  CMAP       =      133.3007
 VDWAALS =    40869.3334  EEL     =  -271314.7425  HBOND      =        0.0000
 1-4 VDW =      537.6043  1-4 EEL =     5861.1471  RESTRAINT  =        0.0000


   NSTEP       ENERGY          RMS            GMAX         NAME    NUMBER
   4200      -1.8733E+05     2.0253E-01     1.5336E+01     C1       2851

 BOND    =    35381.1566  ANGLE   =      453.3727  DIHED      =      761.2465
 UB      =        0.0000  IMP     =        0.0000  CMAP       =      133.0447
 VDWAALS =    40886.6082  EEL     =  -271347.3683  HBOND      =        0.0000
 1-4 VDW =      537.7094  1-4 EEL =     5860.7863  RESTRAINT  =        0.0000


   NSTEP       ENERGY          RMS            GMAX         NAME    NUMBER
   4250      -1.8735E+05     2.1002E-01     1.2607E+01     C1       2851

 BOND    =    35385.7311  ANGLE   =      453.1256  DIHED      =      763.0925
 UB      =        0.0000  IMP     =        0.0000  CMAP       =      132.8571
 VDWAALS =    40902.7284  EEL     =  -271388.1737  HBOND      =        0.0000
 1-4 VDW =      537.7082  1-4 EEL =     5861.1003  RESTRAINT  =        0.0000


   NSTEP       ENERGY          RMS            GMAX         NAME    NUMBER
   4300      -1.8737E+05     2.3151E-01     2.2653E+01     C1       2851

 BOND    =    35394.9377  ANGLE   =      452.7648  DIHED      =      763.4928
 UB      =        0.0000  IMP     =        0.0000  CMAP       =      132.6556
 VDWAALS =    40917.2583  EEL     =  -271432.0210  HBOND      =        0.0000
 1-4 VDW =      537.8440  1-4 EEL =     5861.2521  RESTRAINT  =        0.0000


   NSTEP       ENERGY          RMS            GMAX         NAME    NUMBER
   4350      -1.8739E+05     1.6976E-01     1.1535E+01     O       23795

 BOND    =    35397.5361  ANGLE   =      452.7543  DIHED      =      763.5165
 UB      =        0.0000  IMP     =        0.0000  CMAP       =      132.5820
 VDWAALS =    40936.2455  EEL     =  -271468.0688  HBOND      =        0.0000
 1-4 VDW =      537.5347  1-4 EEL =     5860.7870  RESTRAINT  =        0.0000


   NSTEP       ENERGY          RMS            GMAX         NAME    NUMBER
   4400      -1.8740E+05     2.9472E-01     2.2414E+01     H1       5840

 BOND    =    35402.9767  ANGLE   =      453.8653  DIHED      =      764.0474
 UB      =        0.0000  IMP     =        0.0000  CMAP       =      132.5281
 VDWAALS =    40962.2571  EEL     =  -271515.6167  HBOND      =        0.0000
 1-4 VDW =      537.2504  1-4 EEL =     5860.0505  RESTRAINT  =        0.0000


   NSTEP       ENERGY          RMS            GMAX         NAME    NUMBER
   4450      -1.8742E+05     1.4431E-01     8.0557E+00     CG       1246

 BOND    =    35418.0125  ANGLE   =      453.6389  DIHED      =      763.5674
 UB      =        0.0000  IMP     =        0.0000  CMAP       =      132.4508
 VDWAALS =    40974.6760  EEL     =  -271561.2110  HBOND      =        0.0000
 1-4 VDW =      537.2430  1-4 EEL =     5859.8877  RESTRAINT  =        0.0000


   NSTEP       ENERGY          RMS            GMAX         NAME    NUMBER
   4500      -1.8744E+05     1.5461E-01     1.3416E+01     C1       2851

 BOND    =    35426.2000  ANGLE   =      453.6732  DIHED      =      763.4351
 UB      =        0.0000  IMP     =        0.0000  CMAP       =      132.3678
 VDWAALS =    40987.5969  EEL     =  -271595.9716  HBOND      =        0.0000
 1-4 VDW =      537.1816  1-4 EEL =     5859.6514  RESTRAINT  =        0.0000


   NSTEP       ENERGY          RMS            GMAX         NAME    NUMBER
   4550      -1.8744E+05     8.3640E-02     4.4508E+00     CG       1550

 BOND    =    35431.9123  ANGLE   =      453.7684  DIHED      =      763.4191
 UB      =        0.0000  IMP     =        0.0000  CMAP       =      132.2194
 VDWAALS =    40990.8073  EEL     =  -271611.3499  HBOND      =        0.0000
 1-4 VDW =      537.1525  1-4 EEL =     5859.1444  RESTRAINT  =        0.0000


   NSTEP       ENERGY          RMS            GMAX         NAME    NUMBER
   4600      -1.8746E+05     6.4617E-02     7.7583E+00     C1       2851

 BOND    =    35442.5000  ANGLE   =      454.0007  DIHED      =      763.5603
 UB      =        0.0000  IMP     =        0.0000  CMAP       =      132.1421
 VDWAALS =    41008.9450  EEL     =  -271658.6640  HBOND      =        0.0000
 1-4 VDW =      537.0358  1-4 EEL =     5858.7048  RESTRAINT  =        0.0000


   NSTEP       ENERGY          RMS            GMAX         NAME    NUMBER
   4650      -1.8747E+05     2.3223E-01     3.8645E+01     C1       2851

 BOND    =    35458.5950  ANGLE   =      455.2778  DIHED      =      763.8215
 UB      =        0.0000  IMP     =        0.0000  CMAP       =      131.9687
 VDWAALS =    41036.0487  EEL     =  -271715.2871  HBOND      =        0.0000
 1-4 VDW =      537.0843  1-4 EEL =     5858.7104  RESTRAINT  =        0.0000


   NSTEP       ENERGY          RMS            GMAX         NAME    NUMBER
   4700      -1.8748E+05     6.1729E-02     4.7466E+00     H1      30104

 BOND    =    35456.5387  ANGLE   =      454.2619  DIHED      =      763.7797
 UB      =        0.0000  IMP     =        0.0000  CMAP       =      131.9461
 VDWAALS =    41036.2315  EEL     =  -271720.3410  HBOND      =        0.0000
 1-4 VDW =      536.9923  1-4 EEL =     5858.2423  RESTRAINT  =        0.0000


   NSTEP       ENERGY          RMS            GMAX         NAME    NUMBER
   4750      -1.8749E+05     1.9356E-01     1.3433E+01     C1       2851

 BOND    =    35465.1845  ANGLE   =      454.7846  DIHED      =      763.6812
 UB      =        0.0000  IMP     =        0.0000  CMAP       =      131.7870
 VDWAALS =    41045.1917  EEL     =  -271745.8176  HBOND      =        0.0000
 1-4 VDW =      536.8450  1-4 EEL =     5858.3332  RESTRAINT  =        0.0000


   NSTEP       ENERGY          RMS            GMAX         NAME    NUMBER
   4800      -1.8750E+05     9.1465E-02     5.4241E+00     O       23519

 BOND    =    35465.8121  ANGLE   =      454.7863  DIHED      =      763.3047
 UB      =        0.0000  IMP     =        0.0000  CMAP       =      131.7677
 VDWAALS =    41049.6511  EEL     =  -271758.1559  HBOND      =        0.0000
 1-4 VDW =      536.7543  1-4 EEL =     5857.8985  RESTRAINT  =        0.0000


   NSTEP       ENERGY          RMS            GMAX         NAME    NUMBER
   4850      -1.8750E+05     5.4203E-02     2.9881E+00     C        1553

 BOND    =    35465.1837  ANGLE   =      454.8344  DIHED      =      763.1414
 UB      =        0.0000  IMP     =        0.0000  CMAP       =      131.7644
 VDWAALS =    41052.3361  EEL     =  -271763.5921  HBOND      =        0.0000
 1-4 VDW =      536.8104  1-4 EEL =     5857.7454  RESTRAINT  =        0.0000


   NSTEP       ENERGY          RMS            GMAX         NAME    NUMBER
   4900      -1.8751E+05     3.4244E-02     2.5969E+00     CG       1246

 BOND    =    35463.2052  ANGLE   =      454.8090  DIHED      =      762.7428
 UB      =        0.0000  IMP     =        0.0000  CMAP       =      131.6783
 VDWAALS =    41055.5907  EEL     =  -271769.0614  HBOND      =        0.0000
 1-4 VDW =      536.7313  1-4 EEL =     5857.5785  RESTRAINT  =        0.0000


   NSTEP       ENERGY          RMS            GMAX         NAME    NUMBER
   4950      -1.8751E+05     2.9026E-02     2.7071E+00     SG       1197

 BOND    =    35466.4799  ANGLE   =      454.8565  DIHED      =      762.6343
 UB      =        0.0000  IMP     =        0.0000  CMAP       =      131.6598
 VDWAALS =    41057.0999  EEL     =  -271775.8338  HBOND      =        0.0000
 1-4 VDW =      536.7456  1-4 EEL =     5857.5122  RESTRAINT  =        0.0000


   NSTEP       ENERGY          RMS            GMAX         NAME    NUMBER
   5000      -1.8752E+05     5.5882E-02     5.5115E+00     C1       2851

 BOND    =    35470.9470  ANGLE   =      454.6546  DIHED      =      762.2513
 UB      =        0.0000  IMP     =        0.0000  CMAP       =      131.5719
 VDWAALS =    41074.0611  EEL     =  -271812.8306  HBOND      =        0.0000
 1-4 VDW =      536.8986  1-4 EEL =     5857.5171  RESTRAINT  =        0.0000


  Maximum number of minimization cycles reached.


                    FINAL RESULTS



   NSTEP       ENERGY          RMS            GMAX         NAME    NUMBER
   5000      -1.8752E+05     5.5882E-02     5.5115E+00     C1       2851

 BOND    =    35470.9470  ANGLE   =      454.6546  DIHED      =      762.2513
 UB      =        0.0000  IMP     =        0.0000  CMAP       =      131.5719
 VDWAALS =    41074.0611  EEL     =  -271812.8306  HBOND      =        0.0000
 1-4 VDW =      536.8986  1-4 EEL =     5857.5171  RESTRAINT  =        0.0000
--------------------------------------------------------------------------------
   5.  TIMINGS
--------------------------------------------------------------------------------

|  NonSetup CPU Time in Major Routines:
|
|     Routine           Sec        %
|     ------------------------------
|     Nonbond           3.15   36.36
|     Bond              0.00    0.00
|     Angle             0.00    0.00
|     Dihedral          0.00    0.00
|     Shake             0.00    0.00
|     Other             5.52   63.64
|     ------------------------------
|     Total             8.68

|  PME Nonbond Pairlist CPU Time:
|
|     Routine              Sec        %
|     ---------------------------------
|     Set Up Cit           0.00    0.00
|     Build List           0.00    0.00
|     ---------------------------------
|     Total                0.00    0.00

|  PME Direct Force CPU Time:
|
|     Routine              Sec        %
|     ---------------------------------
|     NonBonded Calc       0.00    0.00
|     Exclude Masked       0.00    0.00
|     Other                0.01    0.12
|     ---------------------------------
|     Total                0.01    0.12

|  PME Reciprocal Force CPU Time:
|
|     Routine              Sec        %
|     ---------------------------------
|     1D bspline           0.00    0.00
|     Grid Charges         0.00    0.00
|     Scalar Sum           0.00    0.00
|     Gradient Sum         0.00    0.00
|     FFT                  0.00    0.00
|     ---------------------------------
|     Total                0.00    0.00

|  Setup CPU time:            0.51 seconds
|  NonSetup CPU time:         8.68 seconds
|  Total CPU time:            9.19 seconds     0.00 hours

|  Setup wall time:           1    seconds
|  NonSetup wall time:        9    seconds
|  Total wall time:          10    seconds     0.00 hours
