
          -------------------------------------------------------
          Amber 22 PMEMD                              2022
          -------------------------------------------------------

| PMEMD implementation of SANDER, Release 22

|  Compiled date/time: Thu Apr 14 11:06:37 2022
| Run on 09/01/2026 at 16:12:10

|   Executable path: pmemd.cuda
| Working directory: /bigdata/cutlerlab/jjaco081/PYR1_pocket_expansion/data/posecheck/benoxacor_pred/rep1
|          Hostname: gpu10

  [-O]verwriting output

File Assignments:
|   MDIN: eq1.in                                                                
|  MDOUT: eq1.out                                                               
| INPCRD: heat.rst7                                                             
|   PARM: /bigdata/cutlerlab/jjaco081/PYR1_pocket_expansion/data/posecheck/benox
| RESTRT: eq1.rst7                                                              
|   REFC: heat.rst7                                                             
|  MDVEL: mdvel                                                                 
|   MDEN: mden                                                                  
|  MDCRD: eq1.nc                                                                
| MDINFO: eq1.info                                                              
|  MDFRC: mdfrc                                                                 


 Here is the input file:

NPT equilibration 1, 500 ps, light restraints                                  
 &cntrl                                                                        
  imin=0, irest=1, ntx=5,                                                      
  nstlim=250000, dt=0.002,                                                     
  ntc=2, ntf=2, cut=10.0,                                                      
  ntb=2, ntp=1, barostat=2, pres0=1.0, taup=2.0,                               
  ntt=3, gamma_ln=2.0, ig=-1, temp0=300.0,                                     
  ntr=1, restraintmask='!:WAT,Na+,K+,Cl- & !@H=', restraint_wt=1.0,            
  ntpr=5000, ntwx=5000, ntwr=50000,                                            
 /                                                                             


Note: ig = -1. Setting random seed to   816843 based on wallclock time in 
      microseconds.
| irandom = 1, using AMBER's internal random number generator (default).
 
|--------------------- INFORMATION ----------------------
| GPU (CUDA) Version of PMEMD in use: NVIDIA GPU IN USE.
|                    Version 18.0.0
| 
|                      03/25/2018
| 
| Implementation by:
|                    Ross C. Walker     (SDSC)
|                    Scott Le Grand     (nVIDIA)
| 
| Version 18 performance extensions by:
|                    David Cerutti     (Rutgers)
| 
| Precision model in use:
|      [SPFP] - Single Precision Forces, 64-bit Fixed Point
|               Accumulation. (Default)
| 
|--------------------------------------------------------
 
|----------------- CITATION INFORMATION -----------------
|
|    When publishing work that utilized the CUDA version
|    of AMBER, please cite the following in addition to
|    the regular AMBER citations:
|
|  - Romelia Salomon-Ferrer; Andreas W. Goetz; Duncan
|    Poole; Scott Le Grand; Ross C. Walker "Routine
|    microsecond molecular dynamics simulations with
|    AMBER - Part II: Particle Mesh Ewald", J. Chem.
|    Theory Comput., 2013, 9 (9), pp3878-3888,
|    DOI: 10.1021/ct400314y.
|
|  - Andreas W. Goetz; Mark J. Williamson; Dong Xu;
|    Duncan Poole; Scott Le Grand; Ross C. Walker
|    "Routine microsecond molecular dynamics simulations
|    with AMBER - Part I: Generalized Born", J. Chem.
|    Theory Comput., 2012, 8 (5), pp1542-1555.
|
|  - Scott Le Grand; Andreas W. Goetz; Ross C. Walker
|    "SPFP: Speed without compromise - a mixed precision
|    model for GPU accelerated molecular dynamics
|    simulations.", Comp. Phys. Comm., 2013, 184
|    pp374-380, DOI: 10.1016/j.cpc.2012.09.022
|
|--------------------------------------------------------
 
|------------------- GPU DEVICE INFO --------------------
|
|            CUDA_VISIBLE_DEVICES: 0
|   CUDA Capable Devices Detected:      1
|           CUDA Device ID in use:      0
|                CUDA Device Name: NVIDIA RTX 6000 Ada Generation
|     CUDA Device Global Mem Size:  48510 MB
| CUDA Device Num Multiprocessors:    142
|           CUDA Device Core Freq:   2.50 GHz
|
|--------------------------------------------------------
 
 
| Conditional Compilation Defines Used:
| PUBFFT
| BINTRAJ
| CUDA
| EMIL

| Largest sphere to fit in unit cell has radius =    32.323

| New format PARM file being parsed.
| Version =    1.000 Date = 09/01/26 Time = 11:34:36

| Note: 1-4 EEL scale factors are being read from the topology file.

| Note: 1-4 VDW scale factors are being read from the topology file.
| INFO:    Virtual site frames will be inferred from bonding patterns.
| Duplicated    0 dihedrals

| Duplicated    0 dihedrals

--------------------------------------------------------------------------------
   1.  RESOURCE   USE: 
--------------------------------------------------------------------------------

 getting box info from netcdf restart file
 NATOM  =   43881 NTYPES =      29 NBONH =   32134 MBONA  =   11714
 NTHETH =    3236 MTHETA =    2002 NPHIH =    6593 MPHIA  =    6360
 NHPARM =       0 NPARM  =       0 NNB   =   87561 NRES   =   10477
 NBONA  =   11714 NTHETA =    2002 NPHIA =    6360 NUMBND =      90
 NUMANG =     198 NPTRA  =     214 NATYP =      51 NPHB   =       0
 IFBOX  =       2 NMXRS  =      27 IFCAP =       0 NEXTRA =   10236
 NCOPY  =       0


| Coordinate Index Table dimensions:    12   12   12
| Direct force subcell size =     6.5978    6.5978    6.5978

     BOX TYPE: TRUNCATED OCTAHEDRON

--------------------------------------------------------------------------------
   2.  CONTROL  DATA  FOR  THE  RUN
--------------------------------------------------------------------------------

default_name                                                                    

General flags:
     imin    =       0, nmropt  =       0

Nature and format of input:
     ntx     =       5, irest   =       1, ntrx    =       1

Nature and format of output:
     ntxo    =       2, ntpr    =    5000, ntrx    =       1, ntwr    =   50000
     iwrap   =       0, ntwx    =    5000, ntwv    =       0, ntwe    =       0
     ioutfm  =       1, ntwprt  =       0, idecomp =       0, rbornstat=      0

Potential function:
     ntf     =       2, ntb     =       2, igb     =       0, nsnb    =      25
     ipol    =       0, gbsa    =       0, iesp    =       0
     dielc   =   1.00000, cut     =  10.00000, intdiel =   1.00000

Frozen or restrained atoms:
     ibelly  =       0, ntr     =       1
     restraint_wt =   1.00000

Molecular dynamics:
     nstlim  =    250000, nscm    =         0, nrespa  =         1
     t       =   0.00000, dt      =   0.00200, vlimit  =  -1.00000

Langevin dynamics temperature regulation:
     ig      =  816843
     temp0   = 300.00000, tempi   =   0.00000, gamma_ln=   2.00000

Pressure regulation:
     ntp     =       1
     pres0   =   1.00000, comp    =  44.60000, taup    =   2.00000
     Monte-Carlo Barostat:
     mcbarint  =     100

SHAKE:
     ntc     =       2, jfastw  =       0
     tol     =   0.00001

| Intermolecular bonds treatment:
|     no_intermolecular_bonds =       1

| Energy averages sample interval:
|     ene_avg_sampling =    5000

Extra-points options:
     frameon =       1, chngmask=       1

Ewald parameters:
     verbose =       0, ew_type =       0, nbflag  =       1, use_pme =       1
     vdwmeth =       1, eedmeth =       1, netfrc  =       1
     Box X =   79.174   Box Y =   79.174   Box Z =   79.174
     Alpha =  109.471   Beta  =  109.471   Gamma =  109.471
     NFFT1 =   80       NFFT2 =   80       NFFT3 =   80
     Cutoff=   10.000   Tol   =0.100E-04
     Ewald Coefficient =  0.27511
     Interpolation order =    4

    LOADING THE CONSTRAINED ATOMS AS GROUPS


   5.  REFERENCE ATOM COORDINATES

  default_name                                                                    
     Mask !:WAT,Na+,K+,Cl- & !@H=; matches  1450 atoms
|      EXTRA_PTS, trim_bonds: num bonds BEFORE trim = 32134     0
|      EXTRA_PTS, trim_bonds: num bonds AFTER  trim = 32134     0
|      EXTRA_PTS, trim_bonds: num bonds BEFORE trim = 11714     0
|      EXTRA_PTS, trim_bonds: num bonds AFTER  trim =  1478     0
|      EXTRA_PTS, trim_theta: num angle BEFORE trim =  3236     0
|      EXTRA_PTS, trim_theta: num angle AFTER  trim =  3236     0
|      EXTRA_PTS, trim_theta: num angle BEFORE trim =  2002     0
|      EXTRA_PTS, trim_theta: num angle AFTER  trim =  2002     0
|      EXTRA_PTS, trim_phi:  num diheds BEFORE trim =  6593     0
|      EXTRA_PTS, trim_phi:  num diheds AFTER  trim =  6593     0
|      EXTRA_PTS, trim_phi:  num diheds BEFORE trim =  6360     0
|      EXTRA_PTS, trim_phi:  num diheds AFTER  trim =  6360     0
| MONTE CARLO BAROSTAT IMPORTANT NOTE:
|   The Monte-Carlo barostat does not require the virial to adjust the system volume.
|   Since it is an expensive calculation, it is skipped for efficiency. A side-effect
|   is that the reported pressure is always 0 because it is not calculated.

--------------------------------------------------------------------------------
   3.  ATOMIC COORDINATES AND VELOCITIES
--------------------------------------------------------------------------------

default_name                                                                    
 begin time read from input coords =   200.000 ps

 
 Number of triangulated 3-point waters found:    10236

     Sum of charges from parm topology file =   0.00005712
     Forcing neutrality...

| Dynamic Memory, Types Used:
| Reals             2064490
| Integers          4373382

| Nonbonded Pairs Initial Allocation:    13272905

| GPU memory information (estimate):
| KB of GPU memory in use:    422583
| KB of CPU memory in use:    101871

--------------------------------------------------------------------------------
   4.  RESULTS
--------------------------------------------------------------------------------


 NSTEP =     5000   TIME(PS) =     210.000  TEMP(K) =   299.83  PRESS =     0.0
 Etot   =   -116411.0744  EKtot   =     20496.3398  EPtot      =   -136907.4143
 BOND   =       575.9627  ANGLE   =      1492.0083  DIHED      =      1008.2993
 UB     =         0.0000  IMP     =         0.0000  CMAP       =       146.4764
 1-4 NB =       643.1587  1-4 EEL =      5827.5227  VDWAALS    =     16444.5900
 EELEC  =   -163205.1251  EHBOND  =         0.0000  RESTRAINT  =       159.6927
 EAMBER (non-restraint)  =   -137067.1069
 EKCMT  =         0.0000  VIRIAL  =         0.0000  VOLUME     =    347768.3062
                                                    Density    =         0.9902
 ------------------------------------------------------------------------------


 NSTEP =    10000   TIME(PS) =     220.000  TEMP(K) =   301.08  PRESS =     0.0
 Etot   =   -116657.8265  EKtot   =     20581.8164  EPtot      =   -137239.6429
 BOND   =       564.7714  ANGLE   =      1458.9474  DIHED      =      1011.5096
 UB     =         0.0000  IMP     =         0.0000  CMAP       =       149.0131
 1-4 NB =       641.3043  1-4 EEL =      5882.3056  VDWAALS    =     16993.7137
 EELEC  =   -164105.4343  EHBOND  =         0.0000  RESTRAINT  =       164.2264
 EAMBER (non-restraint)  =   -137403.8693
 EKCMT  =         0.0000  VIRIAL  =         0.0000  VOLUME     =    341098.5195
                                                    Density    =         1.0096
 ------------------------------------------------------------------------------

| MC Barostat: Decreasing size of volume moves
| MC Barostat: Decreasing size of volume moves

 NSTEP =    15000   TIME(PS) =     230.000  TEMP(K) =   300.41  PRESS =     0.0
 Etot   =   -116764.0772  EKtot   =     20536.1953  EPtot      =   -137300.2725
 BOND   =       553.0726  ANGLE   =      1510.1080  DIHED      =      1001.6848
 UB     =         0.0000  IMP     =         0.0000  CMAP       =       141.4545
 1-4 NB =       643.5941  1-4 EEL =      5834.4266  VDWAALS    =     16540.9591
 EELEC  =   -163691.4026  EHBOND  =         0.0000  RESTRAINT  =       165.8303
 EAMBER (non-restraint)  =   -137466.1028
 EKCMT  =         0.0000  VIRIAL  =         0.0000  VOLUME     =    337999.6771
                                                    Density    =         1.0188
 ------------------------------------------------------------------------------

| MC Barostat: Decreasing size of volume moves
| MC Barostat: Decreasing size of volume moves
| MC Barostat: Decreasing size of volume moves

 NSTEP =    20000   TIME(PS) =     240.000  TEMP(K) =   298.08  PRESS =     0.0
 Etot   =   -116777.9726  EKtot   =     20377.2031  EPtot      =   -137155.1757
 BOND   =       546.5798  ANGLE   =      1502.1896  DIHED      =       966.7564
 UB     =         0.0000  IMP     =         0.0000  CMAP       =       147.9334
 1-4 NB =       633.9331  1-4 EEL =      5870.6232  VDWAALS    =     16437.5769
 EELEC  =   -163421.0720  EHBOND  =         0.0000  RESTRAINT  =       160.3039
 EAMBER (non-restraint)  =   -137315.4796
 EKCMT  =         0.0000  VIRIAL  =         0.0000  VOLUME     =    335669.4934
                                                    Density    =         1.0259
 ------------------------------------------------------------------------------

| MC Barostat: Decreasing size of volume moves
| MC Barostat: Decreasing size of volume moves
| MC Barostat: Decreasing size of volume moves
| MC Barostat: Decreasing size of volume moves

 NSTEP =    25000   TIME(PS) =     250.000  TEMP(K) =   296.74  PRESS =     0.0
 Etot   =   -117185.1455  EKtot   =     20285.5039  EPtot      =   -137470.6494
 BOND   =       591.4209  ANGLE   =      1501.3921  DIHED      =       992.7525
 UB     =         0.0000  IMP     =         0.0000  CMAP       =       146.8174
 1-4 NB =       637.5376  1-4 EEL =      5842.1839  VDWAALS    =     16486.3804
 EELEC  =   -163829.8558  EHBOND  =         0.0000  RESTRAINT  =       160.7216
 EAMBER (non-restraint)  =   -137631.3710
 EKCMT  =         0.0000  VIRIAL  =         0.0000  VOLUME     =    335252.5371
                                                    Density    =         1.0272
 ------------------------------------------------------------------------------

| MC Barostat: Decreasing size of volume moves
| MC Barostat: Decreasing size of volume moves
| MC Barostat: Decreasing size of volume moves
| MC Barostat: Decreasing size of volume moves

 NSTEP =    30000   TIME(PS) =     260.000  TEMP(K) =   300.04  PRESS =     0.0
 Etot   =   -116773.1849  EKtot   =     20511.0430  EPtot      =   -137284.2278
 BOND   =       545.4423  ANGLE   =      1553.9176  DIHED      =      1011.2550
 UB     =         0.0000  IMP     =         0.0000  CMAP       =       144.8659
 1-4 NB =       636.0788  1-4 EEL =      5816.7998  VDWAALS    =     16248.6533
 EELEC  =   -163404.1435  EHBOND  =         0.0000  RESTRAINT  =       162.9030
 EAMBER (non-restraint)  =   -137447.1308
 EKCMT  =         0.0000  VIRIAL  =         0.0000  VOLUME     =    333190.8799
                                                    Density    =         1.0336
 ------------------------------------------------------------------------------


 NSTEP =    35000   TIME(PS) =     270.000  TEMP(K) =   301.65  PRESS =     0.0
 Etot   =   -116769.1321  EKtot   =     20620.7637  EPtot      =   -137389.8958
 BOND   =       554.4072  ANGLE   =      1488.8936  DIHED      =      1003.5363
 UB     =         0.0000  IMP     =         0.0000  CMAP       =       142.8760
 1-4 NB =       638.4280  1-4 EEL =      5836.8834  VDWAALS    =     16594.0035
 EELEC  =   -163812.3651  EHBOND  =         0.0000  RESTRAINT  =       163.4414
 EAMBER (non-restraint)  =   -137553.3372
 EKCMT  =         0.0000  VIRIAL  =         0.0000  VOLUME     =    332763.2487
                                                    Density    =         1.0349
 ------------------------------------------------------------------------------


 NSTEP =    40000   TIME(PS) =     280.000  TEMP(K) =   302.20  PRESS =     0.0
 Etot   =   -116550.5606  EKtot   =     20658.3633  EPtot      =   -137208.9239
 BOND   =       563.5304  ANGLE   =      1476.4961  DIHED      =       957.6989
 UB     =         0.0000  IMP     =         0.0000  CMAP       =       140.1746
 1-4 NB =       641.1508  1-4 EEL =      5888.8138  VDWAALS    =     16374.4101
 EELEC  =   -163413.7368  EHBOND  =         0.0000  RESTRAINT  =       162.5383
 EAMBER (non-restraint)  =   -137371.4621
 EKCMT  =         0.0000  VIRIAL  =         0.0000  VOLUME     =    333584.0227
                                                    Density    =         1.0323
 ------------------------------------------------------------------------------


 NSTEP =    45000   TIME(PS) =     290.000  TEMP(K) =   300.11  PRESS =     0.0
 Etot   =   -117112.0559  EKtot   =     20515.4766  EPtot      =   -137627.5324
 BOND   =       528.0977  ANGLE   =      1454.2882  DIHED      =       983.6280
 UB     =         0.0000  IMP     =         0.0000  CMAP       =       140.2463
 1-4 NB =       657.4532  1-4 EEL =      5834.4963  VDWAALS    =     16489.0848
 EELEC  =   -163865.4931  EHBOND  =         0.0000  RESTRAINT  =       150.6664
 EAMBER (non-restraint)  =   -137778.1988
 EKCMT  =         0.0000  VIRIAL  =         0.0000  VOLUME     =    333844.0437
                                                    Density    =         1.0315
 ------------------------------------------------------------------------------


 NSTEP =    50000   TIME(PS) =     300.000  TEMP(K) =   299.08  PRESS =     0.0
 Etot   =   -116916.1069  EKtot   =     20445.3438  EPtot      =   -137361.4506
 BOND   =       564.4156  ANGLE   =      1482.8922  DIHED      =       996.6433
 UB     =         0.0000  IMP     =         0.0000  CMAP       =       147.8084
 1-4 NB =       633.7837  1-4 EEL =      5883.5302  VDWAALS    =     16235.0702
 EELEC  =   -163447.0521  EHBOND  =         0.0000  RESTRAINT  =       141.4581
 EAMBER (non-restraint)  =   -137502.9087
 EKCMT  =         0.0000  VIRIAL  =         0.0000  VOLUME     =    334203.1146
                                                    Density    =         1.0304
 ------------------------------------------------------------------------------


 NSTEP =    55000   TIME(PS) =     310.000  TEMP(K) =   300.45  PRESS =     0.0
 Etot   =   -116842.5334  EKtot   =     20538.5918  EPtot      =   -137381.1252
 BOND   =       572.0891  ANGLE   =      1449.5561  DIHED      =       984.1844
 UB     =         0.0000  IMP     =         0.0000  CMAP       =       139.6230
 1-4 NB =       639.1805  1-4 EEL =      5851.3201  VDWAALS    =     16396.5705
 EELEC  =   -163583.0338  EHBOND  =         0.0000  RESTRAINT  =       169.3849
 EAMBER (non-restraint)  =   -137550.5101
 EKCMT  =         0.0000  VIRIAL  =         0.0000  VOLUME     =    334050.5652
                                                    Density    =         1.0309
 ------------------------------------------------------------------------------


 NSTEP =    60000   TIME(PS) =     320.000  TEMP(K) =   299.66  PRESS =     0.0
 Etot   =   -116854.8999  EKtot   =     20484.9258  EPtot      =   -137339.8257
 BOND   =       550.1748  ANGLE   =      1464.0726  DIHED      =      1018.6202
 UB     =         0.0000  IMP     =         0.0000  CMAP       =       147.0566
 1-4 NB =       642.1910  1-4 EEL =      5880.8649  VDWAALS    =     16339.4756
 EELEC  =   -163544.3079  EHBOND  =         0.0000  RESTRAINT  =       162.0266
 EAMBER (non-restraint)  =   -137501.8523
 EKCMT  =         0.0000  VIRIAL  =         0.0000  VOLUME     =    334434.6148
                                                    Density    =         1.0297
 ------------------------------------------------------------------------------


 NSTEP =    65000   TIME(PS) =     330.000  TEMP(K) =   302.56  PRESS =     0.0
 Etot   =   -116692.5445  EKtot   =     20682.9336  EPtot      =   -137375.4781
 BOND   =       553.4317  ANGLE   =      1521.6303  DIHED      =       992.5111
 UB     =         0.0000  IMP     =         0.0000  CMAP       =       142.3736
 1-4 NB =       639.3020  1-4 EEL =      5879.8857  VDWAALS    =     16326.5843
 EELEC  =   -163578.9271  EHBOND  =         0.0000  RESTRAINT  =       147.7304
 EAMBER (non-restraint)  =   -137523.2085
 EKCMT  =         0.0000  VIRIAL  =         0.0000  VOLUME     =    333693.5195
                                                    Density    =         1.0320
 ------------------------------------------------------------------------------


 NSTEP =    70000   TIME(PS) =     340.000  TEMP(K) =   298.90  PRESS =     0.0
 Etot   =   -117071.4403  EKtot   =     20432.8789  EPtot      =   -137504.3192
 BOND   =       569.5301  ANGLE   =      1484.6590  DIHED      =       996.2003
 UB     =         0.0000  IMP     =         0.0000  CMAP       =       144.5718
 1-4 NB =       630.5372  1-4 EEL =      5851.3923  VDWAALS    =     16221.4890
 EELEC  =   -163553.6358  EHBOND  =         0.0000  RESTRAINT  =       150.9370
 EAMBER (non-restraint)  =   -137655.2562
 EKCMT  =         0.0000  VIRIAL  =         0.0000  VOLUME     =    334889.7759
                                                    Density    =         1.0283
 ------------------------------------------------------------------------------


 NSTEP =    75000   TIME(PS) =     350.000  TEMP(K) =   299.53  PRESS =     0.0
 Etot   =   -116791.2553  EKtot   =     20475.8672  EPtot      =   -137267.1225
 BOND   =       557.8242  ANGLE   =      1471.4547  DIHED      =       999.7864
 UB     =         0.0000  IMP     =         0.0000  CMAP       =       138.8812
 1-4 NB =       643.5389  1-4 EEL =      5828.7781  VDWAALS    =     16250.5318
 EELEC  =   -163311.3658  EHBOND  =         0.0000  RESTRAINT  =       153.4481
 EAMBER (non-restraint)  =   -137420.5705
 EKCMT  =         0.0000  VIRIAL  =         0.0000  VOLUME     =    335036.7510
                                                    Density    =         1.0279
 ------------------------------------------------------------------------------


 NSTEP =    80000   TIME(PS) =     360.000  TEMP(K) =   302.70  PRESS =     0.0
 Etot   =   -116653.8843  EKtot   =     20692.8867  EPtot      =   -137346.7710
 BOND   =       521.9152  ANGLE   =      1527.3637  DIHED      =      1009.0043
 UB     =         0.0000  IMP     =         0.0000  CMAP       =       137.3328
 1-4 NB =       650.1009  1-4 EEL =      5851.4228  VDWAALS    =     16371.0200
 EELEC  =   -163581.2247  EHBOND  =         0.0000  RESTRAINT  =       166.2939
 EAMBER (non-restraint)  =   -137513.0649
 EKCMT  =         0.0000  VIRIAL  =         0.0000  VOLUME     =    333973.2701
                                                    Density    =         1.0311
 ------------------------------------------------------------------------------


 NSTEP =    85000   TIME(PS) =     370.000  TEMP(K) =   301.56  PRESS =     0.0
 Etot   =   -116644.2447  EKtot   =     20615.0762  EPtot      =   -137259.3209
 BOND   =       554.2975  ANGLE   =      1468.0191  DIHED      =       991.8896
 UB     =         0.0000  IMP     =         0.0000  CMAP       =       138.4873
 1-4 NB =       639.4836  1-4 EEL =      5820.7018  VDWAALS    =     16118.6971
 EELEC  =   -163154.3760  EHBOND  =         0.0000  RESTRAINT  =       163.4791
 EAMBER (non-restraint)  =   -137422.8000
 EKCMT  =         0.0000  VIRIAL  =         0.0000  VOLUME     =    334339.9206
                                                    Density    =         1.0300
 ------------------------------------------------------------------------------


 NSTEP =    90000   TIME(PS) =     380.000  TEMP(K) =   299.43  PRESS =     0.0
 Etot   =   -116816.5179  EKtot   =     20469.0664  EPtot      =   -137285.5843
 BOND   =       611.9699  ANGLE   =      1473.4277  DIHED      =      1001.8961
 UB     =         0.0000  IMP     =         0.0000  CMAP       =       150.9775
 1-4 NB =       634.6875  1-4 EEL =      5801.0018  VDWAALS    =     16513.0173
 EELEC  =   -163625.1058  EHBOND  =         0.0000  RESTRAINT  =       152.5438
 EAMBER (non-restraint)  =   -137438.1281
 EKCMT  =         0.0000  VIRIAL  =         0.0000  VOLUME     =    333687.3267
                                                    Density    =         1.0320
 ------------------------------------------------------------------------------


 NSTEP =    95000   TIME(PS) =     390.000  TEMP(K) =   299.83  PRESS =     0.0
 Etot   =   -116939.0914  EKtot   =     20496.2070  EPtot      =   -137435.2985
 BOND   =       522.7072  ANGLE   =      1551.2631  DIHED      =      1001.0444
 UB     =         0.0000  IMP     =         0.0000  CMAP       =       141.4632
 1-4 NB =       632.8428  1-4 EEL =      5883.3842  VDWAALS    =     16090.7900
 EELEC  =   -163419.3103  EHBOND  =         0.0000  RESTRAINT  =       160.5169
 EAMBER (non-restraint)  =   -137595.8153
 EKCMT  =         0.0000  VIRIAL  =         0.0000  VOLUME     =    333495.9254
                                                    Density    =         1.0326
 ------------------------------------------------------------------------------


 NSTEP =   100000   TIME(PS) =     400.000  TEMP(K) =   298.64  PRESS =     0.0
 Etot   =   -116882.4381  EKtot   =     20415.3926  EPtot      =   -137297.8307
 BOND   =       558.0924  ANGLE   =      1488.2400  DIHED      =       992.2191
 UB     =         0.0000  IMP     =         0.0000  CMAP       =       144.2313
 1-4 NB =       627.0817  1-4 EEL =      5805.2128  VDWAALS    =     16351.3799
 EELEC  =   -163427.6118  EHBOND  =         0.0000  RESTRAINT  =       163.3239
 EAMBER (non-restraint)  =   -137461.1546
 EKCMT  =         0.0000  VIRIAL  =         0.0000  VOLUME     =    335629.8899
                                                    Density    =         1.0260
 ------------------------------------------------------------------------------


 NSTEP =   105000   TIME(PS) =     410.000  TEMP(K) =   300.91  PRESS =     0.0
 Etot   =   -116603.5877  EKtot   =     20570.1016  EPtot      =   -137173.6892
 BOND   =       562.3553  ANGLE   =      1531.9650  DIHED      =      1024.2877
 UB     =         0.0000  IMP     =         0.0000  CMAP       =       142.1017
 1-4 NB =       630.9402  1-4 EEL =      5790.7591  VDWAALS    =     16465.1029
 EELEC  =   -163475.4556  EHBOND  =         0.0000  RESTRAINT  =       154.2545
 EAMBER (non-restraint)  =   -137327.9437
 EKCMT  =         0.0000  VIRIAL  =         0.0000  VOLUME     =    335600.1875
                                                    Density    =         1.0261
 ------------------------------------------------------------------------------


 NSTEP =   110000   TIME(PS) =     420.000  TEMP(K) =   298.91  PRESS =     0.0
 Etot   =   -117069.1318  EKtot   =     20433.5273  EPtot      =   -137502.6592
 BOND   =       577.4507  ANGLE   =      1487.5177  DIHED      =       979.9922
 UB     =         0.0000  IMP     =         0.0000  CMAP       =       141.8533
 1-4 NB =       626.9049  1-4 EEL =      5835.2922  VDWAALS    =     16411.8744
 EELEC  =   -163732.1330  EHBOND  =         0.0000  RESTRAINT  =       168.5885
 EAMBER (non-restraint)  =   -137671.2477
 EKCMT  =         0.0000  VIRIAL  =         0.0000  VOLUME     =    334303.7458
                                                    Density    =         1.0301
 ------------------------------------------------------------------------------


 NSTEP =   115000   TIME(PS) =     430.000  TEMP(K) =   300.96  PRESS =     0.0
 Etot   =   -116364.9223  EKtot   =     20573.9336  EPtot      =   -136938.8559
 BOND   =       551.8284  ANGLE   =      1524.4077  DIHED      =       997.6692
 UB     =         0.0000  IMP     =         0.0000  CMAP       =       147.7605
 1-4 NB =       640.2360  1-4 EEL =      5798.2624  VDWAALS    =     16374.5075
 EELEC  =   -163128.9523  EHBOND  =         0.0000  RESTRAINT  =       155.4247
 EAMBER (non-restraint)  =   -137094.2805
 EKCMT  =         0.0000  VIRIAL  =         0.0000  VOLUME     =    334558.4967
                                                    Density    =         1.0293
 ------------------------------------------------------------------------------


 NSTEP =   120000   TIME(PS) =     440.000  TEMP(K) =   303.72  PRESS =     0.0
 Etot   =   -116608.7153  EKtot   =     20762.6934  EPtot      =   -137371.4087
 BOND   =       543.0690  ANGLE   =      1491.2571  DIHED      =       980.8868
 UB     =         0.0000  IMP     =         0.0000  CMAP       =       147.7193
 1-4 NB =       644.3542  1-4 EEL =      5882.6183  VDWAALS    =     16272.3203
 EELEC  =   -163491.8856  EHBOND  =         0.0000  RESTRAINT  =       158.2520
 EAMBER (non-restraint)  =   -137529.6607
 EKCMT  =         0.0000  VIRIAL  =         0.0000  VOLUME     =    333797.6734
                                                    Density    =         1.0317
 ------------------------------------------------------------------------------


 NSTEP =   125000   TIME(PS) =     450.000  TEMP(K) =   300.63  PRESS =     0.0
 Etot   =   -116748.5751  EKtot   =     20551.2051  EPtot      =   -137299.7802
 BOND   =       600.6624  ANGLE   =      1525.0871  DIHED      =       981.5595
 UB     =         0.0000  IMP     =         0.0000  CMAP       =       139.6494
 1-4 NB =       623.7006  1-4 EEL =      5844.3672  VDWAALS    =     16241.7602
 EELEC  =   -163415.0323  EHBOND  =         0.0000  RESTRAINT  =       158.4658
 EAMBER (non-restraint)  =   -137458.2459
 EKCMT  =         0.0000  VIRIAL  =         0.0000  VOLUME     =    335558.7748
                                                    Density    =         1.0263
 ------------------------------------------------------------------------------


 NSTEP =   130000   TIME(PS) =     460.000  TEMP(K) =   297.17  PRESS =     0.0
 Etot   =   -117202.6617  EKtot   =     20314.7402  EPtot      =   -137517.4020
 BOND   =       550.8241  ANGLE   =      1492.8653  DIHED      =       993.0970
 UB     =         0.0000  IMP     =         0.0000  CMAP       =       142.7733
 1-4 NB =       627.3771  1-4 EEL =      5899.3553  VDWAALS    =     16322.8051
 EELEC  =   -163711.4172  EHBOND  =         0.0000  RESTRAINT  =       164.9180
 EAMBER (non-restraint)  =   -137682.3200
 EKCMT  =         0.0000  VIRIAL  =         0.0000  VOLUME     =    335347.8560
                                                    Density    =         1.0269
 ------------------------------------------------------------------------------


 NSTEP =   135000   TIME(PS) =     470.000  TEMP(K) =   299.77  PRESS =     0.0
 Etot   =   -116815.4479  EKtot   =     20492.1211  EPtot      =   -137307.5690
 BOND   =       552.2090  ANGLE   =      1525.0355  DIHED      =      1000.3263
 UB     =         0.0000  IMP     =         0.0000  CMAP       =       135.6505
 1-4 NB =       644.8163  1-4 EEL =      5861.1464  VDWAALS    =     16536.6558
 EELEC  =   -163721.0191  EHBOND  =         0.0000  RESTRAINT  =       157.6103
 EAMBER (non-restraint)  =   -137465.1793
 EKCMT  =         0.0000  VIRIAL  =         0.0000  VOLUME     =    334340.9597
                                                    Density    =         1.0300
 ------------------------------------------------------------------------------


 NSTEP =   140000   TIME(PS) =     480.000  TEMP(K) =   303.48  PRESS =     0.0
 Etot   =   -116563.1409  EKtot   =     20746.1895  EPtot      =   -137309.3303
 BOND   =       549.0764  ANGLE   =      1470.5843  DIHED      =       979.5665
 UB     =         0.0000  IMP     =         0.0000  CMAP       =       135.2356
 1-4 NB =       646.9651  1-4 EEL =      5881.2001  VDWAALS    =     16657.2091
 EELEC  =   -163801.7439  EHBOND  =         0.0000  RESTRAINT  =       172.5764
 EAMBER (non-restraint)  =   -137481.9067
 EKCMT  =         0.0000  VIRIAL  =         0.0000  VOLUME     =    334696.4266
                                                    Density    =         1.0289
 ------------------------------------------------------------------------------


 NSTEP =   145000   TIME(PS) =     490.000  TEMP(K) =   298.47  PRESS =     0.0
 Etot   =   -116777.0284  EKtot   =     20403.7812  EPtot      =   -137180.8097
 BOND   =       590.5496  ANGLE   =      1504.0668  DIHED      =       985.0551
 UB     =         0.0000  IMP     =         0.0000  CMAP       =       138.7169
 1-4 NB =       644.1990  1-4 EEL =      5824.3143  VDWAALS    =     16670.1527
 EELEC  =   -163706.4168  EHBOND  =         0.0000  RESTRAINT  =       168.5528
 EAMBER (non-restraint)  =   -137349.3625
 EKCMT  =         0.0000  VIRIAL  =         0.0000  VOLUME     =    334662.6702
                                                    Density    =         1.0290
 ------------------------------------------------------------------------------


 NSTEP =   150000   TIME(PS) =     500.000  TEMP(K) =   301.92  PRESS =     0.0
 Etot   =   -116835.0816  EKtot   =     20639.2441  EPtot      =   -137474.3258
 BOND   =       556.8178  ANGLE   =      1479.9306  DIHED      =       994.9928
 UB     =         0.0000  IMP     =         0.0000  CMAP       =       139.8242
 1-4 NB =       635.2068  1-4 EEL =      5833.6187  VDWAALS    =     16670.1221
 EELEC  =   -163940.9829  EHBOND  =         0.0000  RESTRAINT  =       156.1440
 EAMBER (non-restraint)  =   -137630.4698
 EKCMT  =         0.0000  VIRIAL  =         0.0000  VOLUME     =    335994.6611
                                                    Density    =         1.0249
 ------------------------------------------------------------------------------


 NSTEP =   155000   TIME(PS) =     510.000  TEMP(K) =   300.45  PRESS =     0.0
 Etot   =   -116648.7011  EKtot   =     20538.5859  EPtot      =   -137187.2870
 BOND   =       545.9547  ANGLE   =      1531.8555  DIHED      =       982.9178
 UB     =         0.0000  IMP     =         0.0000  CMAP       =       154.2560
 1-4 NB =       648.4848  1-4 EEL =      5810.1941  VDWAALS    =     16319.6052
 EELEC  =   -163330.9123  EHBOND  =         0.0000  RESTRAINT  =       150.3572
 EAMBER (non-restraint)  =   -137337.6442
 EKCMT  =         0.0000  VIRIAL  =         0.0000  VOLUME     =    334987.1387
                                                    Density    =         1.0280
 ------------------------------------------------------------------------------


 NSTEP =   160000   TIME(PS) =     520.000  TEMP(K) =   299.82  PRESS =     0.0
 Etot   =   -116891.5359  EKtot   =     20495.8477  EPtot      =   -137387.3836
 BOND   =       576.8102  ANGLE   =      1506.6346  DIHED      =       993.0914
 UB     =         0.0000  IMP     =         0.0000  CMAP       =       133.7253
 1-4 NB =       636.8374  1-4 EEL =      5868.4111  VDWAALS    =     16530.4663
 EELEC  =   -163796.0441  EHBOND  =         0.0000  RESTRAINT  =       162.6841
 EAMBER (non-restraint)  =   -137550.0677
 EKCMT  =         0.0000  VIRIAL  =         0.0000  VOLUME     =    335056.2506
                                                    Density    =         1.0278
 ------------------------------------------------------------------------------


 NSTEP =   165000   TIME(PS) =     530.000  TEMP(K) =   299.97  PRESS =     0.0
 Etot   =   -116431.4906  EKtot   =     20505.8867  EPtot      =   -136937.3774
 BOND   =       565.3122  ANGLE   =      1525.0251  DIHED      =       988.2027
 UB     =         0.0000  IMP     =         0.0000  CMAP       =       144.0691
 1-4 NB =       613.3657  1-4 EEL =      5843.6569  VDWAALS    =     16415.6430
 EELEC  =   -163196.1110  EHBOND  =         0.0000  RESTRAINT  =       163.4588
 EAMBER (non-restraint)  =   -137100.8362
 EKCMT  =         0.0000  VIRIAL  =         0.0000  VOLUME     =    334661.4562
                                                    Density    =         1.0290
 ------------------------------------------------------------------------------


 NSTEP =   170000   TIME(PS) =     540.000  TEMP(K) =   299.26  PRESS =     0.0
 Etot   =   -116889.2756  EKtot   =     20457.6504  EPtot      =   -137346.9260
 BOND   =       587.0820  ANGLE   =      1475.0201  DIHED      =       966.3520
 UB     =         0.0000  IMP     =         0.0000  CMAP       =       129.5351
 1-4 NB =       636.7470  1-4 EEL =      5819.9429  VDWAALS    =     16467.0692
 EELEC  =   -163589.2361  EHBOND  =         0.0000  RESTRAINT  =       160.5619
 EAMBER (non-restraint)  =   -137507.4878
 EKCMT  =         0.0000  VIRIAL  =         0.0000  VOLUME     =    335271.0110
                                                    Density    =         1.0271
 ------------------------------------------------------------------------------


 NSTEP =   175000   TIME(PS) =     550.000  TEMP(K) =   300.48  PRESS =     0.0
 Etot   =   -116696.6093  EKtot   =     20540.8164  EPtot      =   -137237.4257
 BOND   =       578.3172  ANGLE   =      1487.3420  DIHED      =       986.7419
 UB     =         0.0000  IMP     =         0.0000  CMAP       =       141.9904
 1-4 NB =       644.4214  1-4 EEL =      5849.6892  VDWAALS    =     16630.0324
 EELEC  =   -163702.8716  EHBOND  =         0.0000  RESTRAINT  =       146.9115
 EAMBER (non-restraint)  =   -137384.3372
 EKCMT  =         0.0000  VIRIAL  =         0.0000  VOLUME     =    335021.1906
                                                    Density    =         1.0279
 ------------------------------------------------------------------------------


 NSTEP =   180000   TIME(PS) =     560.000  TEMP(K) =   301.65  PRESS =     0.0
 Etot   =   -116828.9302  EKtot   =     20620.6484  EPtot      =   -137449.5786
 BOND   =       566.8231  ANGLE   =      1512.2450  DIHED      =       985.4572
 UB     =         0.0000  IMP     =         0.0000  CMAP       =       139.2446
 1-4 NB =       632.8195  1-4 EEL =      5818.5113  VDWAALS    =     16655.9334
 EELEC  =   -163916.7791  EHBOND  =         0.0000  RESTRAINT  =       156.1665
 EAMBER (non-restraint)  =   -137605.7451
 EKCMT  =         0.0000  VIRIAL  =         0.0000  VOLUME     =    333602.6795
                                                    Density    =         1.0323
 ------------------------------------------------------------------------------


 NSTEP =   185000   TIME(PS) =     570.000  TEMP(K) =   298.06  PRESS =     0.0
 Etot   =   -117283.0296  EKtot   =     20375.1816  EPtot      =   -137658.2113
 BOND   =       585.5000  ANGLE   =      1440.5360  DIHED      =       986.8357
 UB     =         0.0000  IMP     =         0.0000  CMAP       =       143.5467
 1-4 NB =       636.7105  1-4 EEL =      5865.4041  VDWAALS    =     16600.2615
 EELEC  =   -164076.1995  EHBOND  =         0.0000  RESTRAINT  =       159.1937
 EAMBER (non-restraint)  =   -137817.4050
 EKCMT  =         0.0000  VIRIAL  =         0.0000  VOLUME     =    335059.8421
                                                    Density    =         1.0278
 ------------------------------------------------------------------------------


 NSTEP =   190000   TIME(PS) =     580.000  TEMP(K) =   300.18  PRESS =     0.0
 Etot   =   -117037.8348  EKtot   =     20520.1309  EPtot      =   -137557.9657
 BOND   =       555.7161  ANGLE   =      1507.1893  DIHED      =       983.3785
 UB     =         0.0000  IMP     =         0.0000  CMAP       =       146.8772
 1-4 NB =       640.4027  1-4 EEL =      5808.5910  VDWAALS    =     16939.6387
 EELEC  =   -164314.6302  EHBOND  =         0.0000  RESTRAINT  =       174.8709
 EAMBER (non-restraint)  =   -137732.8366
 EKCMT  =         0.0000  VIRIAL  =         0.0000  VOLUME     =    334415.0763
                                                    Density    =         1.0298
 ------------------------------------------------------------------------------


 NSTEP =   195000   TIME(PS) =     590.000  TEMP(K) =   303.10  PRESS =     0.0
 Etot   =   -116650.0253  EKtot   =     20719.9551  EPtot      =   -137369.9804
 BOND   =       557.8924  ANGLE   =      1479.3868  DIHED      =       998.4435
 UB     =         0.0000  IMP     =         0.0000  CMAP       =       130.1798
 1-4 NB =       631.3149  1-4 EEL =      5843.2325  VDWAALS    =     16250.2645
 EELEC  =   -163417.4105  EHBOND  =         0.0000  RESTRAINT  =       156.7156
 EAMBER (non-restraint)  =   -137526.6961
 EKCMT  =         0.0000  VIRIAL  =         0.0000  VOLUME     =    333591.2863
                                                    Density    =         1.0323
 ------------------------------------------------------------------------------


 NSTEP =   200000   TIME(PS) =     600.000  TEMP(K) =   300.98  PRESS =     0.0
 Etot   =   -116931.4517  EKtot   =     20575.2988  EPtot      =   -137506.7506
 BOND   =       549.5800  ANGLE   =      1493.3381  DIHED      =      1000.9267
 UB     =         0.0000  IMP     =         0.0000  CMAP       =       141.5040
 1-4 NB =       642.8929  1-4 EEL =      5837.0615  VDWAALS    =     16265.4722
 EELEC  =   -163595.5636  EHBOND  =         0.0000  RESTRAINT  =       158.0376
 EAMBER (non-restraint)  =   -137664.7882
 EKCMT  =         0.0000  VIRIAL  =         0.0000  VOLUME     =    334720.3783
                                                    Density    =         1.0288
 ------------------------------------------------------------------------------


 NSTEP =   205000   TIME(PS) =     610.000  TEMP(K) =   300.01  PRESS =     0.0
 Etot   =   -116979.8702  EKtot   =     20508.8145  EPtot      =   -137488.6847
 BOND   =       563.1266  ANGLE   =      1441.2279  DIHED      =       987.3555
 UB     =         0.0000  IMP     =         0.0000  CMAP       =       135.9080
 1-4 NB =       648.2668  1-4 EEL =      5868.2538  VDWAALS    =     16546.9351
 EELEC  =   -163833.0336  EHBOND  =         0.0000  RESTRAINT  =       153.2751
 EAMBER (non-restraint)  =   -137641.9598
 EKCMT  =         0.0000  VIRIAL  =         0.0000  VOLUME     =    335010.8964
                                                    Density    =         1.0279
 ------------------------------------------------------------------------------


 NSTEP =   210000   TIME(PS) =     620.000  TEMP(K) =   299.22  PRESS =     0.0
 Etot   =   -117017.9073  EKtot   =     20455.1172  EPtot      =   -137473.0245
 BOND   =       593.8750  ANGLE   =      1494.0887  DIHED      =       973.9934
 UB     =         0.0000  IMP     =         0.0000  CMAP       =       145.4356
 1-4 NB =       627.6889  1-4 EEL =      5836.9247  VDWAALS    =     16200.2727
 EELEC  =   -163507.1439  EHBOND  =         0.0000  RESTRAINT  =       161.8403
 EAMBER (non-restraint)  =   -137634.8648
 EKCMT  =         0.0000  VIRIAL  =         0.0000  VOLUME     =    334374.1873
                                                    Density    =         1.0299
 ------------------------------------------------------------------------------


 NSTEP =   215000   TIME(PS) =     630.000  TEMP(K) =   297.85  PRESS =     0.0
 Etot   =   -117048.0686  EKtot   =     20360.8730  EPtot      =   -137408.9416
 BOND   =       536.6291  ANGLE   =      1523.4153  DIHED      =       961.1334
 UB     =         0.0000  IMP     =         0.0000  CMAP       =       147.3039
 1-4 NB =       633.7906  1-4 EEL =      5850.0034  VDWAALS    =     16418.3843
 EELEC  =   -163642.6007  EHBOND  =         0.0000  RESTRAINT  =       162.9991
 EAMBER (non-restraint)  =   -137571.9407
 EKCMT  =         0.0000  VIRIAL  =         0.0000  VOLUME     =    334684.6656
                                                    Density    =         1.0289
 ------------------------------------------------------------------------------


 NSTEP =   220000   TIME(PS) =     640.000  TEMP(K) =   301.83  PRESS =     0.0
 Etot   =   -116875.7189  EKtot   =     20633.1387  EPtot      =   -137508.8576
 BOND   =       538.4134  ANGLE   =      1522.1438  DIHED      =       997.2923
 UB     =         0.0000  IMP     =         0.0000  CMAP       =       143.6291
 1-4 NB =       644.7313  1-4 EEL =      5851.5818  VDWAALS    =     16629.9419
 EELEC  =   -163978.8831  EHBOND  =         0.0000  RESTRAINT  =       142.2918
 EAMBER (non-restraint)  =   -137651.1494
 EKCMT  =         0.0000  VIRIAL  =         0.0000  VOLUME     =    334487.1342
                                                    Density    =         1.0295
 ------------------------------------------------------------------------------


 NSTEP =   225000   TIME(PS) =     650.000  TEMP(K) =   300.56  PRESS =     0.0
 Etot   =   -116951.4833  EKtot   =     20546.7207  EPtot      =   -137498.2040
 BOND   =       577.9688  ANGLE   =      1483.2403  DIHED      =      1014.8769
 UB     =         0.0000  IMP     =         0.0000  CMAP       =       139.2719
 1-4 NB =       640.6615  1-4 EEL =      5852.8318  VDWAALS    =     16614.7065
 EELEC  =   -163974.8871  EHBOND  =         0.0000  RESTRAINT  =       153.1254
 EAMBER (non-restraint)  =   -137651.3293
 EKCMT  =         0.0000  VIRIAL  =         0.0000  VOLUME     =    334729.4311
                                                    Density    =         1.0288
 ------------------------------------------------------------------------------


 NSTEP =   230000   TIME(PS) =     660.000  TEMP(K) =   298.75  PRESS =     0.0
 Etot   =   -117073.2340  EKtot   =     20422.6152  EPtot      =   -137495.8493
 BOND   =       582.4904  ANGLE   =      1482.4716  DIHED      =       984.7706
 UB     =         0.0000  IMP     =         0.0000  CMAP       =       143.6442
 1-4 NB =       635.4191  1-4 EEL =      5854.2419  VDWAALS    =     16474.7057
 EELEC  =   -163809.8486  EHBOND  =         0.0000  RESTRAINT  =       156.2558
 EAMBER (non-restraint)  =   -137652.1051
 EKCMT  =         0.0000  VIRIAL  =         0.0000  VOLUME     =    335229.7277
                                                    Density    =         1.0273
 ------------------------------------------------------------------------------


 NSTEP =   235000   TIME(PS) =     670.000  TEMP(K) =   299.49  PRESS =     0.0
 Etot   =   -116939.8259  EKtot   =     20473.2559  EPtot      =   -137413.0818
 BOND   =       561.4089  ANGLE   =      1503.3836  DIHED      =       963.2494
 UB     =         0.0000  IMP     =         0.0000  CMAP       =       144.9688
 1-4 NB =       633.2900  1-4 EEL =      5850.4210  VDWAALS    =     16476.7605
 EELEC  =   -163706.5195  EHBOND  =         0.0000  RESTRAINT  =       159.9555
 EAMBER (non-restraint)  =   -137573.0373
 EKCMT  =         0.0000  VIRIAL  =         0.0000  VOLUME     =    335606.4328
                                                    Density    =         1.0261
 ------------------------------------------------------------------------------


 NSTEP =   240000   TIME(PS) =     680.000  TEMP(K) =   299.46  PRESS =     0.0
 Etot   =   -116891.9856  EKtot   =     20470.8965  EPtot      =   -137362.8821
 BOND   =       539.3210  ANGLE   =      1469.6778  DIHED      =      1010.5221
 UB     =         0.0000  IMP     =         0.0000  CMAP       =       141.3995
 1-4 NB =       634.6007  1-4 EEL =      5861.0282  VDWAALS    =     16369.0086
 EELEC  =   -163537.9024  EHBOND  =         0.0000  RESTRAINT  =       149.4625
 EAMBER (non-restraint)  =   -137512.3446
 EKCMT  =         0.0000  VIRIAL  =         0.0000  VOLUME     =    333520.8042
                                                    Density    =         1.0325
 ------------------------------------------------------------------------------


 NSTEP =   245000   TIME(PS) =     690.000  TEMP(K) =   302.43  PRESS =     0.0
 Etot   =   -116602.7556  EKtot   =     20674.4844  EPtot      =   -137277.2400
 BOND   =       548.6583  ANGLE   =      1499.9315  DIHED      =       995.0353
 UB     =         0.0000  IMP     =         0.0000  CMAP       =       154.1888
 1-4 NB =       621.6536  1-4 EEL =      5859.6839  VDWAALS    =     16219.5621
 EELEC  =   -163327.0280  EHBOND  =         0.0000  RESTRAINT  =       151.0746
 EAMBER (non-restraint)  =   -137428.3145
 EKCMT  =         0.0000  VIRIAL  =         0.0000  VOLUME     =    334526.7271
                                                    Density    =         1.0294
 ------------------------------------------------------------------------------


 NSTEP =   250000   TIME(PS) =     700.000  TEMP(K) =   299.94  PRESS =     0.0
 Etot   =   -116824.8429  EKtot   =     20503.9648  EPtot      =   -137328.8078
 BOND   =       563.3533  ANGLE   =      1545.5971  DIHED      =       981.8607
 UB     =         0.0000  IMP     =         0.0000  CMAP       =       139.0149
 1-4 NB =       635.6418  1-4 EEL =      5835.0054  VDWAALS    =     16540.4443
 EELEC  =   -163725.9533  EHBOND  =         0.0000  RESTRAINT  =       156.2281
 EAMBER (non-restraint)  =   -137485.0359
 EKCMT  =         0.0000  VIRIAL  =         0.0000  VOLUME     =    334740.2763
                                                    Density    =         1.0288
 ------------------------------------------------------------------------------


      A V E R A G E S   O V E R      50 S T E P S


 NSTEP =   250000   TIME(PS) =     700.000  TEMP(K) =   300.24  PRESS =     0.0
 Etot   =   -116823.7771  EKtot   =     20524.3859  EPtot      =   -137348.1630
 BOND   =       561.3762  ANGLE   =      1495.5457  DIHED      =       991.6198
 UB     =         0.0000  IMP     =         0.0000  CMAP       =       142.4728
 1-4 NB =       637.3962  1-4 EEL =      5846.1431  VDWAALS    =     16440.2323
 EELEC  =   -163621.5835  EHBOND  =         0.0000  RESTRAINT  =       158.6344
 EAMBER (non-restraint)  =   -137506.7974
 EKCMT  =         0.0000  VIRIAL  =         0.0000  VOLUME     =    335015.2689
                                                    Density    =         1.0280
 ------------------------------------------------------------------------------


      R M S  F L U C T U A T I O N S


 NSTEP =   250000   TIME(PS) =     700.000  TEMP(K) =     1.55  PRESS =     0.0
 Etot   =       200.9211  EKtot   =       105.8544  EPtot      =       156.3812
 BOND   =        19.0516  ANGLE   =        27.0820  DIHED      =        14.4402
 UB     =         0.0000  IMP     =         0.0000  CMAP       =         5.1298
 1-4 NB =         7.8196  1-4 EEL =        25.8140  VDWAALS    =       183.2876
 EELEC  =       252.7827  EHBOND  =         0.0000  RESTRAINT  =         7.0496
 EAMBER (non-restraint)  =       149.3316
 EKCMT  =         0.0000  VIRIAL  =         0.0000  VOLUME     =      2207.3251
                                                    Density    =         0.0066
 ------------------------------------------------------------------------------

| MC Barostat:       2500 volume changes attempted.
| MC Barostat:        938 changes successful ( 37.52%)
 ------------------------------------------------------------------------------

--------------------------------------------------------------------------------
   5.  TIMINGS
--------------------------------------------------------------------------------

|  NonSetup CPU Time in Major Routines:
|
|     Routine           Sec        %
|     ------------------------------
|     Nonbond          10.56   11.54
|     Bond              0.00    0.00
|     Angle             0.00    0.00
|     Dihedral          0.00    0.00
|     Shake             1.09    1.19
|     RunMD            77.57   84.77
|     Other             2.29    2.51
|     ------------------------------
|     Total            91.50

|  PME Nonbond Pairlist CPU Time:
|
|     Routine              Sec        %
|     ---------------------------------
|     Set Up Cit           0.00    0.00
|     Build List           0.00    0.00
|     ---------------------------------
|     Total                0.00    0.00

|  PME Direct Force CPU Time:
|
|     Routine              Sec        %
|     ---------------------------------
|     NonBonded Calc       0.00    0.00
|     Exclude Masked       0.00    0.00
|     Other                0.38    0.41
|     ---------------------------------
|     Total                0.38    0.41

|  PME Reciprocal Force CPU Time:
|
|     Routine              Sec        %
|     ---------------------------------
|     1D bspline           0.00    0.00
|     Grid Charges         0.00    0.00
|     Scalar Sum           0.00    0.00
|     Gradient Sum         0.00    0.00
|     FFT                  0.00    0.00
|     ---------------------------------
|     Total                0.00    0.00

|  Final Performance Info:
|     -----------------------------------------------------
|     Average timings for last   80000 steps:
|     Elapsed(s) =      29.40 Per Step(ms) =       0.37
|         ns/day =     470.22   seconds/ns =     183.74
|
|     Average timings for all steps:
|     Elapsed(s) =      91.69 Per Step(ms) =       0.37
|         ns/day =     471.13   seconds/ns =     183.39
|     -----------------------------------------------------

|  Setup CPU time:            0.52 seconds
|  NonSetup CPU time:        91.50 seconds
|  Total CPU time:           92.02 seconds     0.03 hours

|  Setup wall time:           0    seconds
|  NonSetup wall time:       92    seconds
|  Total wall time:          92    seconds     0.03 hours
