
          -------------------------------------------------------
          Amber 22 PMEMD                              2022
          -------------------------------------------------------

| PMEMD implementation of SANDER, Release 22

|  Compiled date/time: Thu Apr 14 11:06:37 2022
| Run on 09/01/2026 at 11:43:36

|   Executable path: pmemd.cuda
| Working directory: /bigdata/cutlerlab/jjaco081/PYR1_pocket_expansion/data/posecheck/aba_crystal/rep1
|          Hostname: gpu09

  [-O]verwriting output

File Assignments:
|   MDIN: eq2.in                                                                
|  MDOUT: eq2.out                                                               
| INPCRD: eq1.rst7                                                              
|   PARM: /bigdata/cutlerlab/jjaco081/PYR1_pocket_expansion/data/posecheck/aba_c
| RESTRT: eq2.rst7                                                              
|   REFC: refc                                                                  
|  MDVEL: mdvel                                                                 
|   MDEN: mden                                                                  
|  MDCRD: eq2.nc                                                                
| MDINFO: eq2.info                                                              
|  MDFRC: mdfrc                                                                 


 Here is the input file:

NPT equilibration 2, 1 ns, unrestrained                                        
 &cntrl                                                                        
  imin=0, irest=1, ntx=5,                                                      
  nstlim=500000, dt=0.002,                                                     
  ntc=2, ntf=2, cut=10.0,                                                      
  ntb=2, ntp=1, barostat=2, pres0=1.0, taup=2.0,                               
  ntt=3, gamma_ln=2.0, ig=-1, temp0=300.0,                                     
  ntr=0,                                                                       
  ntpr=5000, ntwx=5000, ntwr=50000,                                            
 /                                                                             


Note: ig = -1. Setting random seed to   234819 based on wallclock time in 
      microseconds.
| irandom = 1, using AMBER's internal random number generator (default).
 
|--------------------- INFORMATION ----------------------
| GPU (CUDA) Version of PMEMD in use: NVIDIA GPU IN USE.
|                    Version 18.0.0
| 
|                      03/25/2018
| 
| Implementation by:
|                    Ross C. Walker     (SDSC)
|                    Scott Le Grand     (nVIDIA)
| 
| Version 18 performance extensions by:
|                    David Cerutti     (Rutgers)
| 
| Precision model in use:
|      [SPFP] - Single Precision Forces, 64-bit Fixed Point
|               Accumulation. (Default)
| 
|--------------------------------------------------------
 
|----------------- CITATION INFORMATION -----------------
|
|    When publishing work that utilized the CUDA version
|    of AMBER, please cite the following in addition to
|    the regular AMBER citations:
|
|  - Romelia Salomon-Ferrer; Andreas W. Goetz; Duncan
|    Poole; Scott Le Grand; Ross C. Walker "Routine
|    microsecond molecular dynamics simulations with
|    AMBER - Part II: Particle Mesh Ewald", J. Chem.
|    Theory Comput., 2013, 9 (9), pp3878-3888,
|    DOI: 10.1021/ct400314y.
|
|  - Andreas W. Goetz; Mark J. Williamson; Dong Xu;
|    Duncan Poole; Scott Le Grand; Ross C. Walker
|    "Routine microsecond molecular dynamics simulations
|    with AMBER - Part I: Generalized Born", J. Chem.
|    Theory Comput., 2012, 8 (5), pp1542-1555.
|
|  - Scott Le Grand; Andreas W. Goetz; Ross C. Walker
|    "SPFP: Speed without compromise - a mixed precision
|    model for GPU accelerated molecular dynamics
|    simulations.", Comp. Phys. Comm., 2013, 184
|    pp374-380, DOI: 10.1016/j.cpc.2012.09.022
|
|--------------------------------------------------------
 
|------------------- GPU DEVICE INFO --------------------
|
|            CUDA_VISIBLE_DEVICES: 0
|   CUDA Capable Devices Detected:      1
|           CUDA Device ID in use:      0
|                CUDA Device Name: NVIDIA RTX 6000 Ada Generation
|     CUDA Device Global Mem Size:  48510 MB
| CUDA Device Num Multiprocessors:    142
|           CUDA Device Core Freq:   2.50 GHz
|
|--------------------------------------------------------
 
 
| Conditional Compilation Defines Used:
| PUBFFT
| BINTRAJ
| CUDA
| EMIL

| Largest sphere to fit in unit cell has radius =    30.918

| New format PARM file being parsed.
| Version =    1.000 Date = 09/01/26 Time = 11:33:49

| Note: 1-4 EEL scale factors are being read from the topology file.

| Note: 1-4 VDW scale factors are being read from the topology file.
| INFO:    Virtual site frames will be inferred from bonding patterns.
| Duplicated    0 dihedrals

| Duplicated    0 dihedrals

--------------------------------------------------------------------------------
   1.  RESOURCE   USE: 
--------------------------------------------------------------------------------

 getting box info from netcdf restart file
 NATOM  =   43861 NTYPES =      26 NBONH =   32118 MBONA  =   11708
 NTHETH =    3249 MTHETA =    2007 NPHIH =    6624 MPHIA  =    6358
 NHPARM =       0 NPARM  =       0 NNB   =   87569 NRES   =   10470
 NBONA  =   11708 NTHETA =    2007 NPHIA =    6358 NUMBND =      92
 NUMANG =     206 NPTRA  =     217 NATYP =      50 NPHB   =       0
 IFBOX  =       2 NMXRS  =      38 IFCAP =       0 NEXTRA =   10228
 NCOPY  =       0


| Coordinate Index Table dimensions:    12   12   12
| Direct force subcell size =     6.3112    6.3112    6.3112

     BOX TYPE: TRUNCATED OCTAHEDRON

--------------------------------------------------------------------------------
   2.  CONTROL  DATA  FOR  THE  RUN
--------------------------------------------------------------------------------

default_name                                                                    

General flags:
     imin    =       0, nmropt  =       0

Nature and format of input:
     ntx     =       5, irest   =       1, ntrx    =       1

Nature and format of output:
     ntxo    =       2, ntpr    =    5000, ntrx    =       1, ntwr    =   50000
     iwrap   =       0, ntwx    =    5000, ntwv    =       0, ntwe    =       0
     ioutfm  =       1, ntwprt  =       0, idecomp =       0, rbornstat=      0

Potential function:
     ntf     =       2, ntb     =       2, igb     =       0, nsnb    =      25
     ipol    =       0, gbsa    =       0, iesp    =       0
     dielc   =   1.00000, cut     =  10.00000, intdiel =   1.00000

Frozen or restrained atoms:
     ibelly  =       0, ntr     =       0

Molecular dynamics:
     nstlim  =    500000, nscm    =      1000, nrespa  =         1
     t       =   0.00000, dt      =   0.00200, vlimit  =  -1.00000

Langevin dynamics temperature regulation:
     ig      =  234819
     temp0   = 300.00000, tempi   =   0.00000, gamma_ln=   2.00000

Pressure regulation:
     ntp     =       1
     pres0   =   1.00000, comp    =  44.60000, taup    =   2.00000
     Monte-Carlo Barostat:
     mcbarint  =     100

SHAKE:
     ntc     =       2, jfastw  =       0
     tol     =   0.00001

| Intermolecular bonds treatment:
|     no_intermolecular_bonds =       1

| Energy averages sample interval:
|     ene_avg_sampling =    5000

Extra-points options:
     frameon =       1, chngmask=       1

Ewald parameters:
     verbose =       0, ew_type =       0, nbflag  =       1, use_pme =       1
     vdwmeth =       1, eedmeth =       1, netfrc  =       1
     Box X =   75.734   Box Y =   75.734   Box Z =   75.734
     Alpha =  109.471   Beta  =  109.471   Gamma =  109.471
     NFFT1 =   80       NFFT2 =   80       NFFT3 =   80
     Cutoff=   10.000   Tol   =0.100E-04
     Ewald Coefficient =  0.27511
     Interpolation order =    4
|      EXTRA_PTS, trim_bonds: num bonds BEFORE trim = 32118     0
|      EXTRA_PTS, trim_bonds: num bonds AFTER  trim = 32118     0
|      EXTRA_PTS, trim_bonds: num bonds BEFORE trim = 11708     0
|      EXTRA_PTS, trim_bonds: num bonds AFTER  trim =  1480     0
|      EXTRA_PTS, trim_theta: num angle BEFORE trim =  3249     0
|      EXTRA_PTS, trim_theta: num angle AFTER  trim =  3249     0
|      EXTRA_PTS, trim_theta: num angle BEFORE trim =  2007     0
|      EXTRA_PTS, trim_theta: num angle AFTER  trim =  2007     0
|      EXTRA_PTS, trim_phi:  num diheds BEFORE trim =  6624     0
|      EXTRA_PTS, trim_phi:  num diheds AFTER  trim =  6624     0
|      EXTRA_PTS, trim_phi:  num diheds BEFORE trim =  6358     0
|      EXTRA_PTS, trim_phi:  num diheds AFTER  trim =  6358     0
| MONTE CARLO BAROSTAT IMPORTANT NOTE:
|   The Monte-Carlo barostat does not require the virial to adjust the system volume.
|   Since it is an expensive calculation, it is skipped for efficiency. A side-effect
|   is that the reported pressure is always 0 because it is not calculated.

--------------------------------------------------------------------------------
   3.  ATOMIC COORDINATES AND VELOCITIES
--------------------------------------------------------------------------------

default_name                                                                    
 begin time read from input coords =   700.000 ps

 
 Number of triangulated 3-point waters found:    10228

     Sum of charges from parm topology file =  -0.00094292
     Forcing neutrality...

| Dynamic Memory, Types Used:
| Reals             1887941
| Integers          4330408

| Nonbonded Pairs Initial Allocation:    13266855

| GPU memory information (estimate):
| KB of GPU memory in use:    388389
| KB of CPU memory in use:     97960

--------------------------------------------------------------------------------
   4.  RESULTS
--------------------------------------------------------------------------------

| MC Barostat: Decreasing size of volume moves
| MC Barostat: Decreasing size of volume moves
| MC Barostat: Decreasing size of volume moves
| MC Barostat: Decreasing size of volume moves
| MC Barostat: Decreasing size of volume moves

 NSTEP =     5000   TIME(PS) =     710.000  TEMP(K) =   298.22  PRESS =     0.0
 Etot   =   -117391.2132  EKtot   =     20380.5762  EPtot      =   -137771.7894
 BOND   =       578.8471  ANGLE   =      1506.6362  DIHED      =      1000.0065
 UB     =         0.0000  IMP     =         0.0000  CMAP       =       141.7541
 1-4 NB =       659.6367  1-4 EEL =      5812.9811  VDWAALS    =     16667.3092
 EELEC  =   -164138.9603  EHBOND  =         0.0000  RESTRAINT  =         0.0000
 EKCMT  =         0.0000  VIRIAL  =         0.0000  VOLUME     =    334482.0677
                                                    Density    =         1.0291
 ------------------------------------------------------------------------------

| MC Barostat: Decreasing size of volume moves
| MC Barostat: Decreasing size of volume moves
| MC Barostat: Decreasing size of volume moves
| MC Barostat: Increasing size of volume moves

 NSTEP =    10000   TIME(PS) =     720.000  TEMP(K) =   299.47  PRESS =     0.0
 Etot   =   -117184.7854  EKtot   =     20465.6699  EPtot      =   -137650.4553
 BOND   =       578.3825  ANGLE   =      1501.6871  DIHED      =      1023.7190
 UB     =         0.0000  IMP     =         0.0000  CMAP       =       146.5780
 1-4 NB =       645.3690  1-4 EEL =      5853.5598  VDWAALS    =     16684.4067
 EELEC  =   -164084.1575  EHBOND  =         0.0000  RESTRAINT  =         0.0000
 EKCMT  =         0.0000  VIRIAL  =         0.0000  VOLUME     =    334281.9934
                                                    Density    =         1.0297
 ------------------------------------------------------------------------------

| MC Barostat: Decreasing size of volume moves
| MC Barostat: Decreasing size of volume moves
| MC Barostat: Decreasing size of volume moves
| MC Barostat: Decreasing size of volume moves
| MC Barostat: Decreasing size of volume moves

 NSTEP =    15000   TIME(PS) =     730.000  TEMP(K) =   300.86  PRESS =     0.0
 Etot   =   -117060.5976  EKtot   =     20561.1348  EPtot      =   -137621.7324
 BOND   =       580.6128  ANGLE   =      1563.6360  DIHED      =      1021.9756
 UB     =         0.0000  IMP     =         0.0000  CMAP       =       151.7911
 1-4 NB =       637.4832  1-4 EEL =      5846.9429  VDWAALS    =     16366.6464
 EELEC  =   -163790.8204  EHBOND  =         0.0000  RESTRAINT  =         0.0000
 EKCMT  =         0.0000  VIRIAL  =         0.0000  VOLUME     =    332842.1434
                                                    Density    =         1.0341
 ------------------------------------------------------------------------------

| MC Barostat: Decreasing size of volume moves

 NSTEP =    20000   TIME(PS) =     740.000  TEMP(K) =   298.86  PRESS =     0.0
 Etot   =   -116966.0467  EKtot   =     20424.2129  EPtot      =   -137390.2596
 BOND   =       574.3778  ANGLE   =      1520.4447  DIHED      =      1023.6580
 UB     =         0.0000  IMP     =         0.0000  CMAP       =       142.8341
 1-4 NB =       636.4790  1-4 EEL =      5826.0263  VDWAALS    =     16832.0081
 EELEC  =   -163946.0875  EHBOND  =         0.0000  RESTRAINT  =         0.0000
 EKCMT  =         0.0000  VIRIAL  =         0.0000  VOLUME     =    332727.9973
                                                    Density    =         1.0345
 ------------------------------------------------------------------------------


 NSTEP =    25000   TIME(PS) =     750.000  TEMP(K) =   298.48  PRESS =     0.0
 Etot   =   -117201.8691  EKtot   =     20398.2109  EPtot      =   -137600.0800
 BOND   =       541.9682  ANGLE   =      1484.3694  DIHED      =      1024.8401
 UB     =         0.0000  IMP     =         0.0000  CMAP       =       145.8505
 1-4 NB =       649.2005  1-4 EEL =      5862.5505  VDWAALS    =     16428.4613
 EELEC  =   -163737.3206  EHBOND  =         0.0000  RESTRAINT  =         0.0000
 EKCMT  =         0.0000  VIRIAL  =         0.0000  VOLUME     =    333306.6871
                                                    Density    =         1.0327
 ------------------------------------------------------------------------------


 NSTEP =    30000   TIME(PS) =     760.000  TEMP(K) =   301.42  PRESS =     0.0
 Etot   =   -116913.2524  EKtot   =     20599.1406  EPtot      =   -137512.3930
 BOND   =       546.3947  ANGLE   =      1512.9586  DIHED      =      1030.8023
 UB     =         0.0000  IMP     =         0.0000  CMAP       =       149.7892
 1-4 NB =       655.5157  1-4 EEL =      5830.8136  VDWAALS    =     16557.9191
 EELEC  =   -163796.5861  EHBOND  =         0.0000  RESTRAINT  =         0.0000
 EKCMT  =         0.0000  VIRIAL  =         0.0000  VOLUME     =    333701.2819
                                                    Density    =         1.0315
 ------------------------------------------------------------------------------


 NSTEP =    35000   TIME(PS) =     770.000  TEMP(K) =   299.70  PRESS =     0.0
 Etot   =   -117116.4968  EKtot   =     20481.6367  EPtot      =   -137598.1335
 BOND   =       570.6177  ANGLE   =      1502.4551  DIHED      =      1022.1827
 UB     =         0.0000  IMP     =         0.0000  CMAP       =       146.0980
 1-4 NB =       654.2019  1-4 EEL =      5855.2414  VDWAALS    =     16129.4401
 EELEC  =   -163478.3705  EHBOND  =         0.0000  RESTRAINT  =         0.0000
 EKCMT  =         0.0000  VIRIAL  =         0.0000  VOLUME     =    333772.0263
                                                    Density    =         1.0312
 ------------------------------------------------------------------------------


 NSTEP =    40000   TIME(PS) =     780.000  TEMP(K) =   298.26  PRESS =     0.0
 Etot   =   -117142.5326  EKtot   =     20383.4570  EPtot      =   -137525.9896
 BOND   =       585.4469  ANGLE   =      1576.2154  DIHED      =       996.4871
 UB     =         0.0000  IMP     =         0.0000  CMAP       =       141.2711
 1-4 NB =       644.6100  1-4 EEL =      5865.9577  VDWAALS    =     16375.6262
 EELEC  =   -163711.6040  EHBOND  =         0.0000  RESTRAINT  =         0.0000
 EKCMT  =         0.0000  VIRIAL  =         0.0000  VOLUME     =    333348.2088
                                                    Density    =         1.0326
 ------------------------------------------------------------------------------


 NSTEP =    45000   TIME(PS) =     790.000  TEMP(K) =   299.29  PRESS =     0.0
 Etot   =   -117115.4612  EKtot   =     20453.6289  EPtot      =   -137569.0901
 BOND   =       565.0473  ANGLE   =      1490.1377  DIHED      =      1003.3576
 UB     =         0.0000  IMP     =         0.0000  CMAP       =       148.7505
 1-4 NB =       651.8863  1-4 EEL =      5852.2974  VDWAALS    =     16088.2984
 EELEC  =   -163368.8653  EHBOND  =         0.0000  RESTRAINT  =         0.0000
 EKCMT  =         0.0000  VIRIAL  =         0.0000  VOLUME     =    334104.4994
                                                    Density    =         1.0302
 ------------------------------------------------------------------------------


 NSTEP =    50000   TIME(PS) =     800.000  TEMP(K) =   299.17  PRESS =     0.0
 Etot   =   -117639.6831  EKtot   =     20445.1855  EPtot      =   -138084.8686
 BOND   =       553.8044  ANGLE   =      1550.4579  DIHED      =      1032.3106
 UB     =         0.0000  IMP     =         0.0000  CMAP       =       139.5874
 1-4 NB =       640.9752  1-4 EEL =      5875.9045  VDWAALS    =     16735.2563
 EELEC  =   -164613.1649  EHBOND  =         0.0000  RESTRAINT  =         0.0000
 EKCMT  =         0.0000  VIRIAL  =         0.0000  VOLUME     =    334316.9733
                                                    Density    =         1.0296
 ------------------------------------------------------------------------------


 NSTEP =    55000   TIME(PS) =     810.000  TEMP(K) =   303.11  PRESS =     0.0
 Etot   =   -116636.8142  EKtot   =     20714.6250  EPtot      =   -137351.4392
 BOND   =       584.8601  ANGLE   =      1559.7025  DIHED      =      1012.4649
 UB     =         0.0000  IMP     =         0.0000  CMAP       =       142.4519
 1-4 NB =       648.2737  1-4 EEL =      5832.2297  VDWAALS    =     16128.1214
 EELEC  =   -163259.5434  EHBOND  =         0.0000  RESTRAINT  =         0.0000
 EKCMT  =         0.0000  VIRIAL  =         0.0000  VOLUME     =    334474.3507
                                                    Density    =         1.0291
 ------------------------------------------------------------------------------


 NSTEP =    60000   TIME(PS) =     820.000  TEMP(K) =   299.16  PRESS =     0.0
 Etot   =   -117334.4808  EKtot   =     20444.9434  EPtot      =   -137779.4242
 BOND   =       579.3927  ANGLE   =      1471.2887  DIHED      =       994.7036
 UB     =         0.0000  IMP     =         0.0000  CMAP       =       149.0278
 1-4 NB =       644.1027  1-4 EEL =      5821.2950  VDWAALS    =     16473.6680
 EELEC  =   -163912.9027  EHBOND  =         0.0000  RESTRAINT  =         0.0000
 EKCMT  =         0.0000  VIRIAL  =         0.0000  VOLUME     =    335128.0323
                                                    Density    =         1.0271
 ------------------------------------------------------------------------------


 NSTEP =    65000   TIME(PS) =     830.000  TEMP(K) =   297.09  PRESS =     0.0
 Etot   =   -117387.2760  EKtot   =     20302.9570  EPtot      =   -137690.2331
 BOND   =       544.0369  ANGLE   =      1563.5195  DIHED      =      1007.8373
 UB     =         0.0000  IMP     =         0.0000  CMAP       =       137.7564
 1-4 NB =       661.0361  1-4 EEL =      5809.6788  VDWAALS    =     16452.1165
 EELEC  =   -163866.2144  EHBOND  =         0.0000  RESTRAINT  =         0.0000
 EKCMT  =         0.0000  VIRIAL  =         0.0000  VOLUME     =    333774.7181
                                                    Density    =         1.0312
 ------------------------------------------------------------------------------


 NSTEP =    70000   TIME(PS) =     840.000  TEMP(K) =   300.11  PRESS =     0.0
 Etot   =   -117107.7859  EKtot   =     20509.5684  EPtot      =   -137617.3543
 BOND   =       547.7518  ANGLE   =      1565.9709  DIHED      =      1031.3766
 UB     =         0.0000  IMP     =         0.0000  CMAP       =       137.1596
 1-4 NB =       643.2553  1-4 EEL =      5811.1127  VDWAALS    =     16435.1680
 EELEC  =   -163789.1491  EHBOND  =         0.0000  RESTRAINT  =         0.0000
 EKCMT  =         0.0000  VIRIAL  =         0.0000  VOLUME     =    331943.9168
                                                    Density    =         1.0369
 ------------------------------------------------------------------------------


 NSTEP =    75000   TIME(PS) =     850.000  TEMP(K) =   300.86  PRESS =     0.0
 Etot   =   -116819.0405  EKtot   =     20560.8672  EPtot      =   -137379.9077
 BOND   =       536.3147  ANGLE   =      1481.0059  DIHED      =      1010.7998
 UB     =         0.0000  IMP     =         0.0000  CMAP       =       137.9102
 1-4 NB =       666.8354  1-4 EEL =      5882.0824  VDWAALS    =     16566.0039
 EELEC  =   -163660.8601  EHBOND  =         0.0000  RESTRAINT  =         0.0000
 EKCMT  =         0.0000  VIRIAL  =         0.0000  VOLUME     =    333681.5667
                                                    Density    =         1.0315
 ------------------------------------------------------------------------------


 NSTEP =    80000   TIME(PS) =     860.000  TEMP(K) =   301.19  PRESS =     0.0
 Etot   =   -117110.5549  EKtot   =     20583.6562  EPtot      =   -137694.2111
 BOND   =       550.9633  ANGLE   =      1525.6287  DIHED      =      1012.2059
 UB     =         0.0000  IMP     =         0.0000  CMAP       =       145.6137
 1-4 NB =       659.0530  1-4 EEL =      5862.0104  VDWAALS    =     16925.0439
 EELEC  =   -164374.7300  EHBOND  =         0.0000  RESTRAINT  =         0.0000
 EKCMT  =         0.0000  VIRIAL  =         0.0000  VOLUME     =    333500.0805
                                                    Density    =         1.0321
 ------------------------------------------------------------------------------


 NSTEP =    85000   TIME(PS) =     870.000  TEMP(K) =   298.03  PRESS =     0.0
 Etot   =   -117370.4400  EKtot   =     20367.3008  EPtot      =   -137737.7408
 BOND   =       523.7530  ANGLE   =      1492.6754  DIHED      =      1022.5958
 UB     =         0.0000  IMP     =         0.0000  CMAP       =       136.8713
 1-4 NB =       660.8089  1-4 EEL =      5839.1766  VDWAALS    =     16518.1350
 EELEC  =   -163931.7568  EHBOND  =         0.0000  RESTRAINT  =         0.0000
 EKCMT  =         0.0000  VIRIAL  =         0.0000  VOLUME     =    334318.3690
                                                    Density    =         1.0296
 ------------------------------------------------------------------------------


 NSTEP =    90000   TIME(PS) =     880.000  TEMP(K) =   298.81  PRESS =     0.0
 Etot   =   -117534.4164  EKtot   =     20420.7617  EPtot      =   -137955.1781
 BOND   =       577.3837  ANGLE   =      1505.6632  DIHED      =      1006.8215
 UB     =         0.0000  IMP     =         0.0000  CMAP       =       143.5645
 1-4 NB =       653.3066  1-4 EEL =      5841.3888  VDWAALS    =     16222.4036
 EELEC  =   -163905.7099  EHBOND  =         0.0000  RESTRAINT  =         0.0000
 EKCMT  =         0.0000  VIRIAL  =         0.0000  VOLUME     =    333573.3462
                                                    Density    =         1.0319
 ------------------------------------------------------------------------------


 NSTEP =    95000   TIME(PS) =     890.000  TEMP(K) =   300.96  PRESS =     0.0
 Etot   =   -117159.0148  EKtot   =     20567.8906  EPtot      =   -137726.9055
 BOND   =       526.0285  ANGLE   =      1532.1992  DIHED      =      1015.9861
 UB     =         0.0000  IMP     =         0.0000  CMAP       =       154.0107
 1-4 NB =       643.8287  1-4 EEL =      5863.4910  VDWAALS    =     16777.3179
 EELEC  =   -164239.7675  EHBOND  =         0.0000  RESTRAINT  =         0.0000
 EKCMT  =         0.0000  VIRIAL  =         0.0000  VOLUME     =    333785.9960
                                                    Density    =         1.0312
 ------------------------------------------------------------------------------


 NSTEP =   100000   TIME(PS) =     900.000  TEMP(K) =   301.14  PRESS =     0.0
 Etot   =   -116892.4134  EKtot   =     20580.0449  EPtot      =   -137472.4584
 BOND   =       533.3548  ANGLE   =      1473.2273  DIHED      =      1008.0245
 UB     =         0.0000  IMP     =         0.0000  CMAP       =       140.1037
 1-4 NB =       662.3929  1-4 EEL =      5853.0404  VDWAALS    =     16295.1738
 EELEC  =   -163437.7758  EHBOND  =         0.0000  RESTRAINT  =         0.0000
 EKCMT  =         0.0000  VIRIAL  =         0.0000  VOLUME     =    334309.1126
                                                    Density    =         1.0296
 ------------------------------------------------------------------------------


 NSTEP =   105000   TIME(PS) =     910.000  TEMP(K) =   300.41  PRESS =     0.0
 Etot   =   -117059.8863  EKtot   =     20530.1523  EPtot      =   -137590.0387
 BOND   =       584.4632  ANGLE   =      1488.4924  DIHED      =      1019.1345
 UB     =         0.0000  IMP     =         0.0000  CMAP       =       147.6702
 1-4 NB =       636.8916  1-4 EEL =      5905.2520  VDWAALS    =     16223.9889
 EELEC  =   -163595.9315  EHBOND  =         0.0000  RESTRAINT  =         0.0000
 EKCMT  =         0.0000  VIRIAL  =         0.0000  VOLUME     =    332737.2583
                                                    Density    =         1.0345
 ------------------------------------------------------------------------------


 NSTEP =   110000   TIME(PS) =     920.000  TEMP(K) =   300.30  PRESS =     0.0
 Etot   =   -117086.2616  EKtot   =     20522.7734  EPtot      =   -137609.0351
 BOND   =       568.3619  ANGLE   =      1569.8342  DIHED      =       997.8341
 UB     =         0.0000  IMP     =         0.0000  CMAP       =       140.9096
 1-4 NB =       646.1589  1-4 EEL =      5837.6244  VDWAALS    =     16694.7789
 EELEC  =   -164064.5371  EHBOND  =         0.0000  RESTRAINT  =         0.0000
 EKCMT  =         0.0000  VIRIAL  =         0.0000  VOLUME     =    333930.0362
                                                    Density    =         1.0308
 ------------------------------------------------------------------------------


 NSTEP =   115000   TIME(PS) =     930.000  TEMP(K) =   299.65  PRESS =     0.0
 Etot   =   -117300.1707  EKtot   =     20478.5352  EPtot      =   -137778.7059
 BOND   =       559.3360  ANGLE   =      1536.5611  DIHED      =       998.4084
 UB     =         0.0000  IMP     =         0.0000  CMAP       =       144.8701
 1-4 NB =       655.9622  1-4 EEL =      5845.8136  VDWAALS    =     16232.6574
 EELEC  =   -163752.3147  EHBOND  =         0.0000  RESTRAINT  =         0.0000
 EKCMT  =         0.0000  VIRIAL  =         0.0000  VOLUME     =    333501.1717
                                                    Density    =         1.0321
 ------------------------------------------------------------------------------


 NSTEP =   120000   TIME(PS) =     940.000  TEMP(K) =   300.72  PRESS =     0.0
 Etot   =   -117073.4785  EKtot   =     20551.0703  EPtot      =   -137624.5488
 BOND   =       591.7913  ANGLE   =      1568.4205  DIHED      =       997.8061
 UB     =         0.0000  IMP     =         0.0000  CMAP       =       136.4716
 1-4 NB =       650.1787  1-4 EEL =      5871.4439  VDWAALS    =     16416.8972
 EELEC  =   -163857.5581  EHBOND  =         0.0000  RESTRAINT  =         0.0000
 EKCMT  =         0.0000  VIRIAL  =         0.0000  VOLUME     =    334126.4977
                                                    Density    =         1.0302
 ------------------------------------------------------------------------------


 NSTEP =   125000   TIME(PS) =     950.000  TEMP(K) =   303.83  PRESS =     0.0
 Etot   =   -116915.2955  EKtot   =     20764.0312  EPtot      =   -137679.3267
 BOND   =       543.0836  ANGLE   =      1510.3726  DIHED      =      1009.4349
 UB     =         0.0000  IMP     =         0.0000  CMAP       =       133.2083
 1-4 NB =       643.2278  1-4 EEL =      5846.8642  VDWAALS    =     16509.0763
 EELEC  =   -163874.5944  EHBOND  =         0.0000  RESTRAINT  =         0.0000
 EKCMT  =         0.0000  VIRIAL  =         0.0000  VOLUME     =    334246.6357
                                                    Density    =         1.0298
 ------------------------------------------------------------------------------


 NSTEP =   130000   TIME(PS) =     960.000  TEMP(K) =   299.98  PRESS =     0.0
 Etot   =   -117033.5126  EKtot   =     20500.5645  EPtot      =   -137534.0771
 BOND   =       555.1118  ANGLE   =      1553.1799  DIHED      =      1015.3040
 UB     =         0.0000  IMP     =         0.0000  CMAP       =       136.3165
 1-4 NB =       651.8273  1-4 EEL =      5820.6204  VDWAALS    =     16282.0516
 EELEC  =   -163548.4885  EHBOND  =         0.0000  RESTRAINT  =         0.0000
 EKCMT  =         0.0000  VIRIAL  =         0.0000  VOLUME     =    333341.0254
                                                    Density    =         1.0326
 ------------------------------------------------------------------------------


 NSTEP =   135000   TIME(PS) =     970.000  TEMP(K) =   300.23  PRESS =     0.0
 Etot   =   -117095.6361  EKtot   =     20517.6523  EPtot      =   -137613.2885
 BOND   =       557.5910  ANGLE   =      1545.0504  DIHED      =       972.2677
 UB     =         0.0000  IMP     =         0.0000  CMAP       =       142.2247
 1-4 NB =       656.1553  1-4 EEL =      5869.6811  VDWAALS    =     16695.4277
 EELEC  =   -164051.6863  EHBOND  =         0.0000  RESTRAINT  =         0.0000
 EKCMT  =         0.0000  VIRIAL  =         0.0000  VOLUME     =    333916.2263
                                                    Density    =         1.0308
 ------------------------------------------------------------------------------


 NSTEP =   140000   TIME(PS) =     980.000  TEMP(K) =   298.30  PRESS =     0.0
 Etot   =   -117225.2543  EKtot   =     20386.0938  EPtot      =   -137611.3481
 BOND   =       558.6440  ANGLE   =      1504.4484  DIHED      =      1006.8882
 UB     =         0.0000  IMP     =         0.0000  CMAP       =       141.3865
 1-4 NB =       645.8362  1-4 EEL =      5826.0638  VDWAALS    =     16348.2045
 EELEC  =   -163642.8198  EHBOND  =         0.0000  RESTRAINT  =         0.0000
 EKCMT  =         0.0000  VIRIAL  =         0.0000  VOLUME     =    333874.6186
                                                    Density    =         1.0309
 ------------------------------------------------------------------------------


 NSTEP =   145000   TIME(PS) =     990.000  TEMP(K) =   299.29  PRESS =     0.0
 Etot   =   -117165.6211  EKtot   =     20453.6484  EPtot      =   -137619.2695
 BOND   =       580.7855  ANGLE   =      1551.2054  DIHED      =      1012.5216
 UB     =         0.0000  IMP     =         0.0000  CMAP       =       137.8921
 1-4 NB =       642.1999  1-4 EEL =      5843.4595  VDWAALS    =     16462.1365
 EELEC  =   -163849.4701  EHBOND  =         0.0000  RESTRAINT  =         0.0000
 EKCMT  =         0.0000  VIRIAL  =         0.0000  VOLUME     =    332581.5231
                                                    Density    =         1.0349
 ------------------------------------------------------------------------------


 NSTEP =   150000   TIME(PS) =    1000.000  TEMP(K) =   297.66  PRESS =     0.0
 Etot   =   -117070.4445  EKtot   =     20342.1289  EPtot      =   -137412.5734
 BOND   =       538.2090  ANGLE   =      1549.3313  DIHED      =       998.6129
 UB     =         0.0000  IMP     =         0.0000  CMAP       =       128.6555
 1-4 NB =       669.9123  1-4 EEL =      5860.1951  VDWAALS    =     16442.3778
 EELEC  =   -163599.8673  EHBOND  =         0.0000  RESTRAINT  =         0.0000
 EKCMT  =         0.0000  VIRIAL  =         0.0000  VOLUME     =    332844.8231
                                                    Density    =         1.0341
 ------------------------------------------------------------------------------


 NSTEP =   155000   TIME(PS) =    1010.000  TEMP(K) =   300.79  PRESS =     0.0
 Etot   =   -117260.4251  EKtot   =     20555.8848  EPtot      =   -137816.3098
 BOND   =       595.2056  ANGLE   =      1522.6455  DIHED      =      1013.5548
 UB     =         0.0000  IMP     =         0.0000  CMAP       =       139.5951
 1-4 NB =       620.4909  1-4 EEL =      5784.1660  VDWAALS    =     16261.4281
 EELEC  =   -163753.3959  EHBOND  =         0.0000  RESTRAINT  =         0.0000
 EKCMT  =         0.0000  VIRIAL  =         0.0000  VOLUME     =    333757.6265
                                                    Density    =         1.0313
 ------------------------------------------------------------------------------


 NSTEP =   160000   TIME(PS) =    1020.000  TEMP(K) =   300.26  PRESS =     0.0
 Etot   =   -117123.0089  EKtot   =     20519.5918  EPtot      =   -137642.6007
 BOND   =       567.2337  ANGLE   =      1575.3297  DIHED      =       996.9234
 UB     =         0.0000  IMP     =         0.0000  CMAP       =       136.5744
 1-4 NB =       653.9843  1-4 EEL =      5835.2879  VDWAALS    =     16549.2001
 EELEC  =   -163957.1342  EHBOND  =         0.0000  RESTRAINT  =         0.0000
 EKCMT  =         0.0000  VIRIAL  =         0.0000  VOLUME     =    332833.0173
                                                    Density    =         1.0342
 ------------------------------------------------------------------------------


 NSTEP =   165000   TIME(PS) =    1030.000  TEMP(K) =   299.46  PRESS =     0.0
 Etot   =   -116684.3301  EKtot   =     20465.1094  EPtot      =   -137149.4395
 BOND   =       567.6400  ANGLE   =      1530.8971  DIHED      =      1020.6287
 UB     =         0.0000  IMP     =         0.0000  CMAP       =       139.4962
 1-4 NB =       638.1371  1-4 EEL =      5833.7715  VDWAALS    =     16240.7225
 EELEC  =   -163120.7324  EHBOND  =         0.0000  RESTRAINT  =         0.0000
 EKCMT  =         0.0000  VIRIAL  =         0.0000  VOLUME     =    332997.2414
                                                    Density    =         1.0336
 ------------------------------------------------------------------------------


 NSTEP =   170000   TIME(PS) =    1040.000  TEMP(K) =   298.54  PRESS =     0.0
 Etot   =   -117659.2294  EKtot   =     20402.7188  EPtot      =   -138061.9481
 BOND   =       568.2245  ANGLE   =      1529.4503  DIHED      =       979.7362
 UB     =         0.0000  IMP     =         0.0000  CMAP       =       137.6033
 1-4 NB =       644.7320  1-4 EEL =      5874.1701  VDWAALS    =     16711.6651
 EELEC  =   -164507.5296  EHBOND  =         0.0000  RESTRAINT  =         0.0000
 EKCMT  =         0.0000  VIRIAL  =         0.0000  VOLUME     =    332393.2039
                                                    Density    =         1.0355
 ------------------------------------------------------------------------------


 NSTEP =   175000   TIME(PS) =    1050.000  TEMP(K) =   300.44  PRESS =     0.0
 Etot   =   -117071.7887  EKtot   =     20532.5215  EPtot      =   -137604.3102
 BOND   =       547.3558  ANGLE   =      1548.5671  DIHED      =       996.0083
 UB     =         0.0000  IMP     =         0.0000  CMAP       =       136.2914
 1-4 NB =       662.6170  1-4 EEL =      5861.5383  VDWAALS    =     16310.3879
 EELEC  =   -163667.0759  EHBOND  =         0.0000  RESTRAINT  =         0.0000
 EKCMT  =         0.0000  VIRIAL  =         0.0000  VOLUME     =    331212.0754
                                                    Density    =         1.0392
 ------------------------------------------------------------------------------


 NSTEP =   180000   TIME(PS) =    1060.000  TEMP(K) =   298.56  PRESS =     0.0
 Etot   =   -117366.1603  EKtot   =     20404.0762  EPtot      =   -137770.2365
 BOND   =       586.8812  ANGLE   =      1524.0915  DIHED      =       996.4818
 UB     =         0.0000  IMP     =         0.0000  CMAP       =       153.6013
 1-4 NB =       652.9986  1-4 EEL =      5859.5742  VDWAALS    =     16527.6758
 EELEC  =   -164071.5410  EHBOND  =         0.0000  RESTRAINT  =         0.0000
 EKCMT  =         0.0000  VIRIAL  =         0.0000  VOLUME     =    333921.5386
                                                    Density    =         1.0308
 ------------------------------------------------------------------------------


 NSTEP =   185000   TIME(PS) =    1070.000  TEMP(K) =   298.73  PRESS =     0.0
 Etot   =   -117542.7867  EKtot   =     20415.0605  EPtot      =   -137957.8473
 BOND   =       557.4666  ANGLE   =      1495.7820  DIHED      =      1047.3363
 UB     =         0.0000  IMP     =         0.0000  CMAP       =       145.1458
 1-4 NB =       670.1166  1-4 EEL =      5848.0728  VDWAALS    =     16342.8020
 EELEC  =   -164064.5695  EHBOND  =         0.0000  RESTRAINT  =         0.0000
 EKCMT  =         0.0000  VIRIAL  =         0.0000  VOLUME     =    332509.5541
                                                    Density    =         1.0352
 ------------------------------------------------------------------------------


 NSTEP =   190000   TIME(PS) =    1080.000  TEMP(K) =   302.12  PRESS =     0.0
 Etot   =   -117065.0658  EKtot   =     20646.8965  EPtot      =   -137711.9623
 BOND   =       582.9617  ANGLE   =      1506.4145  DIHED      =      1020.9465
 UB     =         0.0000  IMP     =         0.0000  CMAP       =       142.4704
 1-4 NB =       645.4119  1-4 EEL =      5792.4292  VDWAALS    =     16669.3233
 EELEC  =   -164071.9197  EHBOND  =         0.0000  RESTRAINT  =         0.0000
 EKCMT  =         0.0000  VIRIAL  =         0.0000  VOLUME     =    333290.6416
                                                    Density    =         1.0327
 ------------------------------------------------------------------------------


 NSTEP =   195000   TIME(PS) =    1090.000  TEMP(K) =   302.87  PRESS =     0.0
 Etot   =   -117295.3768  EKtot   =     20698.3008  EPtot      =   -137993.6776
 BOND   =       584.5948  ANGLE   =      1503.5014  DIHED      =       970.1715
 UB     =         0.0000  IMP     =         0.0000  CMAP       =       128.7843
 1-4 NB =       652.6128  1-4 EEL =      5893.5287  VDWAALS    =     16727.9856
 EELEC  =   -164454.8567  EHBOND  =         0.0000  RESTRAINT  =         0.0000
 EKCMT  =         0.0000  VIRIAL  =         0.0000  VOLUME     =    331768.7291
                                                    Density    =         1.0375
 ------------------------------------------------------------------------------


 NSTEP =   200000   TIME(PS) =    1100.000  TEMP(K) =   299.04  PRESS =     0.0
 Etot   =   -116982.6588  EKtot   =     20436.3691  EPtot      =   -137419.0279
 BOND   =       562.0643  ANGLE   =      1535.0264  DIHED      =      1029.7648
 UB     =         0.0000  IMP     =         0.0000  CMAP       =       129.8923
 1-4 NB =       649.3575  1-4 EEL =      5861.5947  VDWAALS    =     16484.2922
 EELEC  =   -163671.0202  EHBOND  =         0.0000  RESTRAINT  =         0.0000
 EKCMT  =         0.0000  VIRIAL  =         0.0000  VOLUME     =    332693.7384
                                                    Density    =         1.0346
 ------------------------------------------------------------------------------


 NSTEP =   205000   TIME(PS) =    1110.000  TEMP(K) =   297.73  PRESS =     0.0
 Etot   =   -117403.6478  EKtot   =     20346.8652  EPtot      =   -137750.5131
 BOND   =       554.6425  ANGLE   =      1518.3873  DIHED      =      1017.1875
 UB     =         0.0000  IMP     =         0.0000  CMAP       =       131.6346
 1-4 NB =       648.7633  1-4 EEL =      5903.6523  VDWAALS    =     16415.3024
 EELEC  =   -163940.0829  EHBOND  =         0.0000  RESTRAINT  =         0.0000
 EKCMT  =         0.0000  VIRIAL  =         0.0000  VOLUME     =    334036.1064
                                                    Density    =         1.0304
 ------------------------------------------------------------------------------


 NSTEP =   210000   TIME(PS) =    1120.000  TEMP(K) =   297.69  PRESS =     0.0
 Etot   =   -117118.4973  EKtot   =     20344.4609  EPtot      =   -137462.9582
 BOND   =       611.0836  ANGLE   =      1496.1920  DIHED      =      1016.7120
 UB     =         0.0000  IMP     =         0.0000  CMAP       =       139.9303
 1-4 NB =       645.7194  1-4 EEL =      5842.1625  VDWAALS    =     16131.5110
 EELEC  =   -163346.2692  EHBOND  =         0.0000  RESTRAINT  =         0.0000
 EKCMT  =         0.0000  VIRIAL  =         0.0000  VOLUME     =    333052.2387
                                                    Density    =         1.0335
 ------------------------------------------------------------------------------


 NSTEP =   215000   TIME(PS) =    1130.000  TEMP(K) =   303.77  PRESS =     0.0
 Etot   =   -117080.0103  EKtot   =     20759.7500  EPtot      =   -137839.7603
 BOND   =       555.8579  ANGLE   =      1510.9068  DIHED      =      1013.3791
 UB     =         0.0000  IMP     =         0.0000  CMAP       =       131.1259
 1-4 NB =       635.9859  1-4 EEL =      5879.1325  VDWAALS    =     16298.6656
 EELEC  =   -163864.8138  EHBOND  =         0.0000  RESTRAINT  =         0.0000
 EKCMT  =         0.0000  VIRIAL  =         0.0000  VOLUME     =    333244.6625
                                                    Density    =         1.0329
 ------------------------------------------------------------------------------


 NSTEP =   220000   TIME(PS) =    1140.000  TEMP(K) =   299.30  PRESS =     0.0
 Etot   =   -116844.7869  EKtot   =     20454.5371  EPtot      =   -137299.3240
 BOND   =       575.2240  ANGLE   =      1571.8718  DIHED      =      1022.0116
 UB     =         0.0000  IMP     =         0.0000  CMAP       =       139.2402
 1-4 NB =       648.8046  1-4 EEL =      5853.5174  VDWAALS    =     15984.6363
 EELEC  =   -163094.6298  EHBOND  =         0.0000  RESTRAINT  =         0.0000
 EKCMT  =         0.0000  VIRIAL  =         0.0000  VOLUME     =    334837.2514
                                                    Density    =         1.0280
 ------------------------------------------------------------------------------


 NSTEP =   225000   TIME(PS) =    1150.000  TEMP(K) =   299.22  PRESS =     0.0
 Etot   =   -117131.5733  EKtot   =     20448.7266  EPtot      =   -137580.2998
 BOND   =       606.0448  ANGLE   =      1515.1865  DIHED      =      1011.0086
 UB     =         0.0000  IMP     =         0.0000  CMAP       =       139.8306
 1-4 NB =       622.7654  1-4 EEL =      5840.0555  VDWAALS    =     16609.5768
 EELEC  =   -163924.7679  EHBOND  =         0.0000  RESTRAINT  =         0.0000
 EKCMT  =         0.0000  VIRIAL  =         0.0000  VOLUME     =    333840.4551
                                                    Density    =         1.0310
 ------------------------------------------------------------------------------


 NSTEP =   230000   TIME(PS) =    1160.000  TEMP(K) =   300.98  PRESS =     0.0
 Etot   =   -117625.8183  EKtot   =     20568.9863  EPtot      =   -138194.8047
 BOND   =       586.9110  ANGLE   =      1491.3821  DIHED      =       988.1487
 UB     =         0.0000  IMP     =         0.0000  CMAP       =       137.6070
 1-4 NB =       629.7619  1-4 EEL =      5870.1227  VDWAALS    =     16650.6997
 EELEC  =   -164549.4378  EHBOND  =         0.0000  RESTRAINT  =         0.0000
 EKCMT  =         0.0000  VIRIAL  =         0.0000  VOLUME     =    332317.9351
                                                    Density    =         1.0358
 ------------------------------------------------------------------------------


 NSTEP =   235000   TIME(PS) =    1170.000  TEMP(K) =   302.62  PRESS =     0.0
 Etot   =   -117108.6669  EKtot   =     20681.4805  EPtot      =   -137790.1473
 BOND   =       551.8895  ANGLE   =      1566.6164  DIHED      =      1016.8923
 UB     =         0.0000  IMP     =         0.0000  CMAP       =       136.8717
 1-4 NB =       633.6853  1-4 EEL =      5884.4078  VDWAALS    =     16389.2394
 EELEC  =   -163969.7499  EHBOND  =         0.0000  RESTRAINT  =         0.0000
 EKCMT  =         0.0000  VIRIAL  =         0.0000  VOLUME     =    333171.4403
                                                    Density    =         1.0331
 ------------------------------------------------------------------------------


 NSTEP =   240000   TIME(PS) =    1180.000  TEMP(K) =   298.97  PRESS =     0.0
 Etot   =   -117529.4919  EKtot   =     20431.7051  EPtot      =   -137961.1970
 BOND   =       585.1750  ANGLE   =      1491.0983  DIHED      =       998.4661
 UB     =         0.0000  IMP     =         0.0000  CMAP       =       141.6741
 1-4 NB =       657.0383  1-4 EEL =      5842.4029  VDWAALS    =     16681.1095
 EELEC  =   -164358.1612  EHBOND  =         0.0000  RESTRAINT  =         0.0000
 EKCMT  =         0.0000  VIRIAL  =         0.0000  VOLUME     =    332742.1533
                                                    Density    =         1.0344
 ------------------------------------------------------------------------------


 NSTEP =   245000   TIME(PS) =    1190.000  TEMP(K) =   298.43  PRESS =     0.0
 Etot   =   -117272.9450  EKtot   =     20394.8047  EPtot      =   -137667.7496
 BOND   =       576.2826  ANGLE   =      1473.1106  DIHED      =      1002.1503
 UB     =         0.0000  IMP     =         0.0000  CMAP       =       134.8065
 1-4 NB =       661.6283  1-4 EEL =      5889.4786  VDWAALS    =     16247.9266
 EELEC  =   -163653.1331  EHBOND  =         0.0000  RESTRAINT  =         0.0000
 EKCMT  =         0.0000  VIRIAL  =         0.0000  VOLUME     =    332352.3132
                                                    Density    =         1.0357
 ------------------------------------------------------------------------------


 NSTEP =   250000   TIME(PS) =    1200.000  TEMP(K) =   297.96  PRESS =     0.0
 Etot   =   -117445.5056  EKtot   =     20362.4258  EPtot      =   -137807.9314
 BOND   =       587.7422  ANGLE   =      1533.3568  DIHED      =       987.2854
 UB     =         0.0000  IMP     =         0.0000  CMAP       =       136.7414
 1-4 NB =       624.1874  1-4 EEL =      5828.6773  VDWAALS    =     16448.2886
 EELEC  =   -163954.2105  EHBOND  =         0.0000  RESTRAINT  =         0.0000
 EKCMT  =         0.0000  VIRIAL  =         0.0000  VOLUME     =    332129.3401
                                                    Density    =         1.0363
 ------------------------------------------------------------------------------


 NSTEP =   255000   TIME(PS) =    1210.000  TEMP(K) =   298.48  PRESS =     0.0
 Etot   =   -117183.3767  EKtot   =     20398.1680  EPtot      =   -137581.5446
 BOND   =       565.0125  ANGLE   =      1536.8773  DIHED      =      1030.5328
 UB     =         0.0000  IMP     =         0.0000  CMAP       =       133.2279
 1-4 NB =       643.5956  1-4 EEL =      5853.2441  VDWAALS    =     16233.6141
 EELEC  =   -163577.6490  EHBOND  =         0.0000  RESTRAINT  =         0.0000
 EKCMT  =         0.0000  VIRIAL  =         0.0000  VOLUME     =    333972.2546
                                                    Density    =         1.0306
 ------------------------------------------------------------------------------


 NSTEP =   260000   TIME(PS) =    1220.000  TEMP(K) =   300.29  PRESS =     0.0
 Etot   =   -117004.3869  EKtot   =     20522.0215  EPtot      =   -137526.4084
 BOND   =       566.8576  ANGLE   =      1494.5148  DIHED      =      1031.0729
 UB     =         0.0000  IMP     =         0.0000  CMAP       =       143.5453
 1-4 NB =       659.4584  1-4 EEL =      5894.3108  VDWAALS    =     16343.2597
 EELEC  =   -163659.4278  EHBOND  =         0.0000  RESTRAINT  =         0.0000
 EKCMT  =         0.0000  VIRIAL  =         0.0000  VOLUME     =    333924.1544
                                                    Density    =         1.0308
 ------------------------------------------------------------------------------


 NSTEP =   265000   TIME(PS) =    1230.000  TEMP(K) =   299.79  PRESS =     0.0
 Etot   =   -116955.7168  EKtot   =     20487.6602  EPtot      =   -137443.3770
 BOND   =       565.4307  ANGLE   =      1535.9271  DIHED      =      1041.0018
 UB     =         0.0000  IMP     =         0.0000  CMAP       =       147.1921
 1-4 NB =       646.8117  1-4 EEL =      5873.5954  VDWAALS    =     16604.7167
 EELEC  =   -163858.0525  EHBOND  =         0.0000  RESTRAINT  =         0.0000
 EKCMT  =         0.0000  VIRIAL  =         0.0000  VOLUME     =    333733.5213
                                                    Density    =         1.0314
 ------------------------------------------------------------------------------


 NSTEP =   270000   TIME(PS) =    1240.000  TEMP(K) =   299.08  PRESS =     0.0
 Etot   =   -117625.3621  EKtot   =     20439.5879  EPtot      =   -138064.9500
 BOND   =       568.3513  ANGLE   =      1506.1486  DIHED      =      1021.3234
 UB     =         0.0000  IMP     =         0.0000  CMAP       =       140.8423
 1-4 NB =       657.0589  1-4 EEL =      5866.0913  VDWAALS    =     16585.9753
 EELEC  =   -164410.7412  EHBOND  =         0.0000  RESTRAINT  =         0.0000
 EKCMT  =         0.0000  VIRIAL  =         0.0000  VOLUME     =    333868.0092
                                                    Density    =         1.0309
 ------------------------------------------------------------------------------


 NSTEP =   275000   TIME(PS) =    1250.000  TEMP(K) =   298.80  PRESS =     0.0
 Etot   =   -117168.4849  EKtot   =     20420.0137  EPtot      =   -137588.4986
 BOND   =       601.4634  ANGLE   =      1505.5230  DIHED      =      1010.0463
 UB     =         0.0000  IMP     =         0.0000  CMAP       =       140.0260
 1-4 NB =       660.6558  1-4 EEL =      5874.4762  VDWAALS    =     16525.8701
 EELEC  =   -163906.5593  EHBOND  =         0.0000  RESTRAINT  =         0.0000
 EKCMT  =         0.0000  VIRIAL  =         0.0000  VOLUME     =    332484.3619
                                                    Density    =         1.0352
 ------------------------------------------------------------------------------


 NSTEP =   280000   TIME(PS) =    1260.000  TEMP(K) =   301.32  PRESS =     0.0
 Etot   =   -117270.1825  EKtot   =     20592.2812  EPtot      =   -137862.4638
 BOND   =       547.4319  ANGLE   =      1480.9207  DIHED      =      1030.5350
 UB     =         0.0000  IMP     =         0.0000  CMAP       =       139.0020
 1-4 NB =       647.1554  1-4 EEL =      5819.0384  VDWAALS    =     16746.5717
 EELEC  =   -164273.1187  EHBOND  =         0.0000  RESTRAINT  =         0.0000
 EKCMT  =         0.0000  VIRIAL  =         0.0000  VOLUME     =    333039.4546
                                                    Density    =         1.0335
 ------------------------------------------------------------------------------


 NSTEP =   285000   TIME(PS) =    1270.000  TEMP(K) =   302.49  PRESS =     0.0
 Etot   =   -117015.4460  EKtot   =     20672.4414  EPtot      =   -137687.8874
 BOND   =       560.3410  ANGLE   =      1527.7411  DIHED      =       995.6639
 UB     =         0.0000  IMP     =         0.0000  CMAP       =       147.1438
 1-4 NB =       653.3289  1-4 EEL =      5906.4701  VDWAALS    =     16079.7763
 EELEC  =   -163558.3525  EHBOND  =         0.0000  RESTRAINT  =         0.0000
 EKCMT  =         0.0000  VIRIAL  =         0.0000  VOLUME     =    334008.6592
                                                    Density    =         1.0305
 ------------------------------------------------------------------------------


 NSTEP =   290000   TIME(PS) =    1280.000  TEMP(K) =   301.80  PRESS =     0.0
 Etot   =   -117299.4086  EKtot   =     20625.1289  EPtot      =   -137924.5375
 BOND   =       552.4684  ANGLE   =      1473.1129  DIHED      =      1029.2452
 UB     =         0.0000  IMP     =         0.0000  CMAP       =       141.4805
 1-4 NB =       657.1279  1-4 EEL =      5879.0370  VDWAALS    =     16404.0502
 EELEC  =   -164061.0597  EHBOND  =         0.0000  RESTRAINT  =         0.0000
 EKCMT  =         0.0000  VIRIAL  =         0.0000  VOLUME     =    333085.6827
                                                    Density    =         1.0334
 ------------------------------------------------------------------------------


 NSTEP =   295000   TIME(PS) =    1290.000  TEMP(K) =   300.58  PRESS =     0.0
 Etot   =   -117067.3142  EKtot   =     20542.1094  EPtot      =   -137609.4236
 BOND   =       557.3444  ANGLE   =      1550.9538  DIHED      =      1023.1229
 UB     =         0.0000  IMP     =         0.0000  CMAP       =       144.6304
 1-4 NB =       645.0497  1-4 EEL =      5849.6182  VDWAALS    =     16759.7672
 EELEC  =   -164139.9102  EHBOND  =         0.0000  RESTRAINT  =         0.0000
 EKCMT  =         0.0000  VIRIAL  =         0.0000  VOLUME     =    333799.4477
                                                    Density    =         1.0312
 ------------------------------------------------------------------------------


 NSTEP =   300000   TIME(PS) =    1300.000  TEMP(K) =   299.55  PRESS =     0.0
 Etot   =   -116834.4063  EKtot   =     20471.6465  EPtot      =   -137306.0528
 BOND   =       570.3878  ANGLE   =      1536.8313  DIHED      =      1005.1652
 UB     =         0.0000  IMP     =         0.0000  CMAP       =       155.8757
 1-4 NB =       634.7048  1-4 EEL =      5882.1996  VDWAALS    =     16264.0111
 EELEC  =   -163355.2284  EHBOND  =         0.0000  RESTRAINT  =         0.0000
 EKCMT  =         0.0000  VIRIAL  =         0.0000  VOLUME     =    335102.9322
                                                    Density    =         1.0272
 ------------------------------------------------------------------------------


 NSTEP =   305000   TIME(PS) =    1310.000  TEMP(K) =   298.19  PRESS =     0.0
 Etot   =   -117035.1698  EKtot   =     20378.7422  EPtot      =   -137413.9120
 BOND   =       565.1970  ANGLE   =      1531.1621  DIHED      =      1008.7708
 UB     =         0.0000  IMP     =         0.0000  CMAP       =       142.7253
 1-4 NB =       646.9708  1-4 EEL =      5868.1466  VDWAALS    =     16494.7929
 EELEC  =   -163671.6773  EHBOND  =         0.0000  RESTRAINT  =         0.0000
 EKCMT  =         0.0000  VIRIAL  =         0.0000  VOLUME     =    334820.2195
                                                    Density    =         1.0280
 ------------------------------------------------------------------------------


 NSTEP =   310000   TIME(PS) =    1320.000  TEMP(K) =   300.88  PRESS =     0.0
 Etot   =   -117080.2959  EKtot   =     20562.0742  EPtot      =   -137642.3701
 BOND   =       548.1759  ANGLE   =      1515.7690  DIHED      =      1002.7635
 UB     =         0.0000  IMP     =         0.0000  CMAP       =       148.4571
 1-4 NB =       638.2722  1-4 EEL =      5853.3807  VDWAALS    =     16632.4803
 EELEC  =   -163981.6689  EHBOND  =         0.0000  RESTRAINT  =         0.0000
 EKCMT  =         0.0000  VIRIAL  =         0.0000  VOLUME     =    333744.8740
                                                    Density    =         1.0313
 ------------------------------------------------------------------------------


 NSTEP =   315000   TIME(PS) =    1330.000  TEMP(K) =   300.67  PRESS =     0.0
 Etot   =   -117141.4715  EKtot   =     20547.8164  EPtot      =   -137689.2879
 BOND   =       554.0360  ANGLE   =      1497.2101  DIHED      =       996.5412
 UB     =         0.0000  IMP     =         0.0000  CMAP       =       155.3077
 1-4 NB =       629.1414  1-4 EEL =      5837.9637  VDWAALS    =     16516.5651
 EELEC  =   -163876.0531  EHBOND  =         0.0000  RESTRAINT  =         0.0000
 EKCMT  =         0.0000  VIRIAL  =         0.0000  VOLUME     =    334082.1663
                                                    Density    =         1.0303
 ------------------------------------------------------------------------------


 NSTEP =   320000   TIME(PS) =    1340.000  TEMP(K) =   298.06  PRESS =     0.0
 Etot   =   -117661.3481  EKtot   =     20369.2480  EPtot      =   -138030.5962
 BOND   =       539.1284  ANGLE   =      1513.5584  DIHED      =      1002.9689
 UB     =         0.0000  IMP     =         0.0000  CMAP       =       154.2106
 1-4 NB =       637.6924  1-4 EEL =      5844.3482  VDWAALS    =     16083.1962
 EELEC  =   -163805.6993  EHBOND  =         0.0000  RESTRAINT  =         0.0000
 EKCMT  =         0.0000  VIRIAL  =         0.0000  VOLUME     =    332450.5878
                                                    Density    =         1.0353
 ------------------------------------------------------------------------------


 NSTEP =   325000   TIME(PS) =    1350.000  TEMP(K) =   301.34  PRESS =     0.0
 Etot   =   -117206.3468  EKtot   =     20593.6074  EPtot      =   -137799.9543
 BOND   =       580.8943  ANGLE   =      1466.4499  DIHED      =      1022.2367
 UB     =         0.0000  IMP     =         0.0000  CMAP       =       146.2710
 1-4 NB =       633.6169  1-4 EEL =      5820.8804  VDWAALS    =     16353.6104
 EELEC  =   -163823.9140  EHBOND  =         0.0000  RESTRAINT  =         0.0000
 EKCMT  =         0.0000  VIRIAL  =         0.0000  VOLUME     =    332687.4046
                                                    Density    =         1.0346
 ------------------------------------------------------------------------------


 NSTEP =   330000   TIME(PS) =    1360.000  TEMP(K) =   298.19  PRESS =     0.0
 Etot   =   -117259.9523  EKtot   =     20378.5020  EPtot      =   -137638.4543
 BOND   =       575.0028  ANGLE   =      1543.5540  DIHED      =      1016.6606
 UB     =         0.0000  IMP     =         0.0000  CMAP       =       151.7532
 1-4 NB =       646.0484  1-4 EEL =      5837.7794  VDWAALS    =     16406.6309
 EELEC  =   -163815.8835  EHBOND  =         0.0000  RESTRAINT  =         0.0000
 EKCMT  =         0.0000  VIRIAL  =         0.0000  VOLUME     =    333097.2408
                                                    Density    =         1.0333
 ------------------------------------------------------------------------------


 NSTEP =   335000   TIME(PS) =    1370.000  TEMP(K) =   296.28  PRESS =     0.0
 Etot   =   -117230.4269  EKtot   =     20247.7910  EPtot      =   -137478.2179
 BOND   =       564.0050  ANGLE   =      1539.2838  DIHED      =      1008.5775
 UB     =         0.0000  IMP     =         0.0000  CMAP       =       139.7382
 1-4 NB =       639.7383  1-4 EEL =      5846.7894  VDWAALS    =     16068.0800
 EELEC  =   -163284.4302  EHBOND  =         0.0000  RESTRAINT  =         0.0000
 EKCMT  =         0.0000  VIRIAL  =         0.0000  VOLUME     =    333928.1313
                                                    Density    =         1.0308
 ------------------------------------------------------------------------------


 NSTEP =   340000   TIME(PS) =    1380.000  TEMP(K) =   300.26  PRESS =     0.0
 Etot   =   -117045.5888  EKtot   =     20520.0918  EPtot      =   -137565.6806
 BOND   =       567.1516  ANGLE   =      1501.0105  DIHED      =      1024.6158
 UB     =         0.0000  IMP     =         0.0000  CMAP       =       150.5113
 1-4 NB =       621.1338  1-4 EEL =      5819.4671  VDWAALS    =     16248.3666
 EELEC  =   -163497.9374  EHBOND  =         0.0000  RESTRAINT  =         0.0000
 EKCMT  =         0.0000  VIRIAL  =         0.0000  VOLUME     =    334512.7683
                                                    Density    =         1.0290
 ------------------------------------------------------------------------------


 NSTEP =   345000   TIME(PS) =    1390.000  TEMP(K) =   300.83  PRESS =     0.0
 Etot   =   -117093.9253  EKtot   =     20559.0449  EPtot      =   -137652.9703
 BOND   =       563.4052  ANGLE   =      1497.7363  DIHED      =      1007.7977
 UB     =         0.0000  IMP     =         0.0000  CMAP       =       145.4965
 1-4 NB =       638.3981  1-4 EEL =      5843.2120  VDWAALS    =     16285.1245
 EELEC  =   -163634.1407  EHBOND  =         0.0000  RESTRAINT  =         0.0000
 EKCMT  =         0.0000  VIRIAL  =         0.0000  VOLUME     =    333521.3189
                                                    Density    =         1.0320
 ------------------------------------------------------------------------------


 NSTEP =   350000   TIME(PS) =    1400.000  TEMP(K) =   299.44  PRESS =     0.0
 Etot   =   -117306.1312  EKtot   =     20463.7363  EPtot      =   -137769.8675
 BOND   =       566.7753  ANGLE   =      1521.5506  DIHED      =      1013.2496
 UB     =         0.0000  IMP     =         0.0000  CMAP       =       141.8368
 1-4 NB =       632.1270  1-4 EEL =      5882.9348  VDWAALS    =     16461.1600
 EELEC  =   -163989.5016  EHBOND  =         0.0000  RESTRAINT  =         0.0000
 EKCMT  =         0.0000  VIRIAL  =         0.0000  VOLUME     =    332614.0094
                                                    Density    =         1.0348
 ------------------------------------------------------------------------------


 NSTEP =   355000   TIME(PS) =    1410.000  TEMP(K) =   298.74  PRESS =     0.0
 Etot   =   -117350.1488  EKtot   =     20416.1074  EPtot      =   -137766.2562
 BOND   =       581.9559  ANGLE   =      1486.0545  DIHED      =      1007.5295
 UB     =         0.0000  IMP     =         0.0000  CMAP       =       145.1377
 1-4 NB =       635.1148  1-4 EEL =      5836.7159  VDWAALS    =     16553.3723
 EELEC  =   -164012.1368  EHBOND  =         0.0000  RESTRAINT  =         0.0000
 EKCMT  =         0.0000  VIRIAL  =         0.0000  VOLUME     =    332393.6527
                                                    Density    =         1.0355
 ------------------------------------------------------------------------------


 NSTEP =   360000   TIME(PS) =    1420.000  TEMP(K) =   300.53  PRESS =     0.0
 Etot   =   -117073.3156  EKtot   =     20538.4062  EPtot      =   -137611.7218
 BOND   =       559.3205  ANGLE   =      1550.3949  DIHED      =      1043.5744
 UB     =         0.0000  IMP     =         0.0000  CMAP       =       137.3856
 1-4 NB =       639.6232  1-4 EEL =      5814.6485  VDWAALS    =     16564.5361
 EELEC  =   -163921.2051  EHBOND  =         0.0000  RESTRAINT  =         0.0000
 EKCMT  =         0.0000  VIRIAL  =         0.0000  VOLUME     =    331822.0318
                                                    Density    =         1.0373
 ------------------------------------------------------------------------------


 NSTEP =   365000   TIME(PS) =    1430.000  TEMP(K) =   298.55  PRESS =     0.0
 Etot   =   -117307.4534  EKtot   =     20403.2246  EPtot      =   -137710.6780
 BOND   =       538.4438  ANGLE   =      1527.0197  DIHED      =      1001.6239
 UB     =         0.0000  IMP     =         0.0000  CMAP       =       146.4412
 1-4 NB =       639.3698  1-4 EEL =      5850.3036  VDWAALS    =     16267.2623
 EELEC  =   -163681.1424  EHBOND  =         0.0000  RESTRAINT  =         0.0000
 EKCMT  =         0.0000  VIRIAL  =         0.0000  VOLUME     =    333951.5926
                                                    Density    =         1.0307
 ------------------------------------------------------------------------------


 NSTEP =   370000   TIME(PS) =    1440.000  TEMP(K) =   298.72  PRESS =     0.0
 Etot   =   -117267.2476  EKtot   =     20414.8965  EPtot      =   -137682.1440
 BOND   =       543.1562  ANGLE   =      1467.5834  DIHED      =      1017.7374
 UB     =         0.0000  IMP     =         0.0000  CMAP       =       129.7731
 1-4 NB =       631.7367  1-4 EEL =      5862.6869  VDWAALS    =     16373.0535
 EELEC  =   -163707.8712  EHBOND  =         0.0000  RESTRAINT  =         0.0000
 EKCMT  =         0.0000  VIRIAL  =         0.0000  VOLUME     =    333221.5737
                                                    Density    =         1.0329
 ------------------------------------------------------------------------------


 NSTEP =   375000   TIME(PS) =    1450.000  TEMP(K) =   300.41  PRESS =     0.0
 Etot   =   -116718.2552  EKtot   =     20530.3770  EPtot      =   -137248.6322
 BOND   =       589.8521  ANGLE   =      1526.1236  DIHED      =      1005.4072
 UB     =         0.0000  IMP     =         0.0000  CMAP       =       129.6535
 1-4 NB =       643.5116  1-4 EEL =      5848.7952  VDWAALS    =     16371.5053
 EELEC  =   -163363.4807  EHBOND  =         0.0000  RESTRAINT  =         0.0000
 EKCMT  =         0.0000  VIRIAL  =         0.0000  VOLUME     =    334703.8103
                                                    Density    =         1.0284
 ------------------------------------------------------------------------------


 NSTEP =   380000   TIME(PS) =    1460.000  TEMP(K) =   300.84  PRESS =     0.0
 Etot   =   -117028.4469  EKtot   =     20559.6719  EPtot      =   -137588.1187
 BOND   =       576.9074  ANGLE   =      1506.1580  DIHED      =       997.9477
 UB     =         0.0000  IMP     =         0.0000  CMAP       =       139.8893
 1-4 NB =       636.2484  1-4 EEL =      5844.2538  VDWAALS    =     16700.9042
 EELEC  =   -163990.4277  EHBOND  =         0.0000  RESTRAINT  =         0.0000
 EKCMT  =         0.0000  VIRIAL  =         0.0000  VOLUME     =    333767.8528
                                                    Density    =         1.0313
 ------------------------------------------------------------------------------


 NSTEP =   385000   TIME(PS) =    1470.000  TEMP(K) =   299.71  PRESS =     0.0
 Etot   =   -117085.0934  EKtot   =     20482.3145  EPtot      =   -137567.4078
 BOND   =       562.5861  ANGLE   =      1548.6206  DIHED      =      1004.8987
 UB     =         0.0000  IMP     =         0.0000  CMAP       =       145.9891
 1-4 NB =       637.9743  1-4 EEL =      5846.1246  VDWAALS    =     16506.7074
 EELEC  =   -163820.3086  EHBOND  =         0.0000  RESTRAINT  =         0.0000
 EKCMT  =         0.0000  VIRIAL  =         0.0000  VOLUME     =    333284.0643
                                                    Density    =         1.0328
 ------------------------------------------------------------------------------


 NSTEP =   390000   TIME(PS) =    1480.000  TEMP(K) =   299.92  PRESS =     0.0
 Etot   =   -117149.7595  EKtot   =     20496.7891  EPtot      =   -137646.5486
 BOND   =       571.8410  ANGLE   =      1545.8071  DIHED      =       997.7786
 UB     =         0.0000  IMP     =         0.0000  CMAP       =       139.4773
 1-4 NB =       649.8483  1-4 EEL =      5825.7215  VDWAALS    =     16790.5373
 EELEC  =   -164167.5598  EHBOND  =         0.0000  RESTRAINT  =         0.0000
 EKCMT  =         0.0000  VIRIAL  =         0.0000  VOLUME     =    333690.5913
                                                    Density    =         1.0315
 ------------------------------------------------------------------------------


 NSTEP =   395000   TIME(PS) =    1490.000  TEMP(K) =   298.46  PRESS =     0.0
 Etot   =   -117344.1442  EKtot   =     20397.1719  EPtot      =   -137741.3161
 BOND   =       580.5295  ANGLE   =      1501.6073  DIHED      =      1015.8536
 UB     =         0.0000  IMP     =         0.0000  CMAP       =       140.4491
 1-4 NB =       652.9859  1-4 EEL =      5831.5468  VDWAALS    =     16527.4624
 EELEC  =   -163991.7507  EHBOND  =         0.0000  RESTRAINT  =         0.0000
 EKCMT  =         0.0000  VIRIAL  =         0.0000  VOLUME     =    333012.2629
                                                    Density    =         1.0336
 ------------------------------------------------------------------------------


 NSTEP =   400000   TIME(PS) =    1500.000  TEMP(K) =   302.31  PRESS =     0.0
 Etot   =   -116849.8557  EKtot   =     20660.1836  EPtot      =   -137510.0393
 BOND   =       549.8795  ANGLE   =      1539.3612  DIHED      =       971.5552
 UB     =         0.0000  IMP     =         0.0000  CMAP       =       134.2955
 1-4 NB =       642.0269  1-4 EEL =      5868.8921  VDWAALS    =     16332.3363
 EELEC  =   -163548.3862  EHBOND  =         0.0000  RESTRAINT  =         0.0000
 EKCMT  =         0.0000  VIRIAL  =         0.0000  VOLUME     =    333837.9282
                                                    Density    =         1.0310
 ------------------------------------------------------------------------------


 NSTEP =   405000   TIME(PS) =    1510.000  TEMP(K) =   301.44  PRESS =     0.0
 Etot   =   -117246.7692  EKtot   =     20600.8848  EPtot      =   -137847.6539
 BOND   =       594.2934  ANGLE   =      1527.4117  DIHED      =      1004.0489
 UB     =         0.0000  IMP     =         0.0000  CMAP       =       139.0717
 1-4 NB =       618.7720  1-4 EEL =      5844.2507  VDWAALS    =     16531.4042
 EELEC  =   -164106.9065  EHBOND  =         0.0000  RESTRAINT  =         0.0000
 EKCMT  =         0.0000  VIRIAL  =         0.0000  VOLUME     =    332220.7407
                                                    Density    =         1.0361
 ------------------------------------------------------------------------------


 NSTEP =   410000   TIME(PS) =    1520.000  TEMP(K) =   297.45  PRESS =     0.0
 Etot   =   -117214.7086  EKtot   =     20328.1035  EPtot      =   -137542.8121
 BOND   =       535.5987  ANGLE   =      1541.7749  DIHED      =      1023.8288
 UB     =         0.0000  IMP     =         0.0000  CMAP       =       133.4683
 1-4 NB =       645.9150  1-4 EEL =      5881.6911  VDWAALS    =     16182.7431
 EELEC  =   -163487.8321  EHBOND  =         0.0000  RESTRAINT  =         0.0000
 EKCMT  =         0.0000  VIRIAL  =         0.0000  VOLUME     =    333937.2099
                                                    Density    =         1.0307
 ------------------------------------------------------------------------------


 NSTEP =   415000   TIME(PS) =    1530.000  TEMP(K) =   302.21  PRESS =     0.0
 Etot   =   -117130.3451  EKtot   =     20653.1973  EPtot      =   -137783.5423
 BOND   =       558.9614  ANGLE   =      1504.9792  DIHED      =      1008.7645
 UB     =         0.0000  IMP     =         0.0000  CMAP       =       140.5954
 1-4 NB =       656.9048  1-4 EEL =      5890.9686  VDWAALS    =     16353.8463
 EELEC  =   -163898.5626  EHBOND  =         0.0000  RESTRAINT  =         0.0000
 EKCMT  =         0.0000  VIRIAL  =         0.0000  VOLUME     =    333980.0793
                                                    Density    =         1.0306
 ------------------------------------------------------------------------------


 NSTEP =   420000   TIME(PS) =    1540.000  TEMP(K) =   301.93  PRESS =     0.0
 Etot   =   -117151.8973  EKtot   =     20633.8555  EPtot      =   -137785.7528
 BOND   =       532.3564  ANGLE   =      1510.0159  DIHED      =      1009.0697
 UB     =         0.0000  IMP     =         0.0000  CMAP       =       141.4180
 1-4 NB =       639.8863  1-4 EEL =      5862.2615  VDWAALS    =     16629.6173
 EELEC  =   -164110.3778  EHBOND  =         0.0000  RESTRAINT  =         0.0000
 EKCMT  =         0.0000  VIRIAL  =         0.0000  VOLUME     =    334198.3025
                                                    Density    =         1.0299
 ------------------------------------------------------------------------------


 NSTEP =   425000   TIME(PS) =    1550.000  TEMP(K) =   301.41  PRESS =     0.0
 Etot   =   -117242.7480  EKtot   =     20598.6484  EPtot      =   -137841.3965
 BOND   =       575.0588  ANGLE   =      1462.1777  DIHED      =      1005.8130
 UB     =         0.0000  IMP     =         0.0000  CMAP       =       133.1964
 1-4 NB =       664.6956  1-4 EEL =      5872.5694  VDWAALS    =     16539.9318
 EELEC  =   -164094.8392  EHBOND  =         0.0000  RESTRAINT  =         0.0000
 EKCMT  =         0.0000  VIRIAL  =         0.0000  VOLUME     =    333069.1876
                                                    Density    =         1.0334
 ------------------------------------------------------------------------------


 NSTEP =   430000   TIME(PS) =    1560.000  TEMP(K) =   298.73  PRESS =     0.0
 Etot   =   -117122.8174  EKtot   =     20415.0234  EPtot      =   -137537.8409
 BOND   =       544.3033  ANGLE   =      1539.2256  DIHED      =      1022.1262
 UB     =         0.0000  IMP     =         0.0000  CMAP       =       134.6777
 1-4 NB =       648.9225  1-4 EEL =      5928.5849  VDWAALS    =     16642.8655
 EELEC  =   -163998.5465  EHBOND  =         0.0000  RESTRAINT  =         0.0000
 EKCMT  =         0.0000  VIRIAL  =         0.0000  VOLUME     =    333520.7455
                                                    Density    =         1.0320
 ------------------------------------------------------------------------------


 NSTEP =   435000   TIME(PS) =    1570.000  TEMP(K) =   298.71  PRESS =     0.0
 Etot   =   -117378.3228  EKtot   =     20414.1738  EPtot      =   -137792.4967
 BOND   =       548.2018  ANGLE   =      1507.2553  DIHED      =      1023.6085
 UB     =         0.0000  IMP     =         0.0000  CMAP       =       136.5186
 1-4 NB =       661.1341  1-4 EEL =      5859.9246  VDWAALS    =     16566.2373
 EELEC  =   -164095.3768  EHBOND  =         0.0000  RESTRAINT  =         0.0000
 EKCMT  =         0.0000  VIRIAL  =         0.0000  VOLUME     =    333730.5154
                                                    Density    =         1.0314
 ------------------------------------------------------------------------------


 NSTEP =   440000   TIME(PS) =    1580.000  TEMP(K) =   298.85  PRESS =     0.0
 Etot   =   -117039.3284  EKtot   =     20423.8984  EPtot      =   -137463.2268
 BOND   =       583.6820  ANGLE   =      1530.9768  DIHED      =      1010.2905
 UB     =         0.0000  IMP     =         0.0000  CMAP       =       143.0201
 1-4 NB =       643.4731  1-4 EEL =      5834.2559  VDWAALS    =     16437.7877
 EELEC  =   -163646.7129  EHBOND  =         0.0000  RESTRAINT  =         0.0000
 EKCMT  =         0.0000  VIRIAL  =         0.0000  VOLUME     =    333937.8355
                                                    Density    =         1.0307
 ------------------------------------------------------------------------------


 NSTEP =   445000   TIME(PS) =    1590.000  TEMP(K) =   299.36  PRESS =     0.0
 Etot   =   -117282.6951  EKtot   =     20458.6191  EPtot      =   -137741.3143
 BOND   =       562.3056  ANGLE   =      1466.4911  DIHED      =      1017.8650
 UB     =         0.0000  IMP     =         0.0000  CMAP       =       143.9300
 1-4 NB =       640.1216  1-4 EEL =      5873.2210  VDWAALS    =     16506.2751
 EELEC  =   -163951.5237  EHBOND  =         0.0000  RESTRAINT  =         0.0000
 EKCMT  =         0.0000  VIRIAL  =         0.0000  VOLUME     =    334088.8637
                                                    Density    =         1.0303
 ------------------------------------------------------------------------------


 NSTEP =   450000   TIME(PS) =    1600.000  TEMP(K) =   300.48  PRESS =     0.0
 Etot   =   -116911.1363  EKtot   =     20535.2891  EPtot      =   -137446.4254
 BOND   =       552.8782  ANGLE   =      1453.9068  DIHED      =      1012.1929
 UB     =         0.0000  IMP     =         0.0000  CMAP       =       143.5872
 1-4 NB =       650.1810  1-4 EEL =      5897.1784  VDWAALS    =     16705.4656
 EELEC  =   -163861.8153  EHBOND  =         0.0000  RESTRAINT  =         0.0000
 EKCMT  =         0.0000  VIRIAL  =         0.0000  VOLUME     =    334289.6834
                                                    Density    =         1.0296
 ------------------------------------------------------------------------------


 NSTEP =   455000   TIME(PS) =    1610.000  TEMP(K) =   298.35  PRESS =     0.0
 Etot   =   -117244.0287  EKtot   =     20389.3730  EPtot      =   -137633.4017
 BOND   =       570.3173  ANGLE   =      1499.0986  DIHED      =       985.5263
 UB     =         0.0000  IMP     =         0.0000  CMAP       =       154.0917
 1-4 NB =       641.0299  1-4 EEL =      5867.7145  VDWAALS    =     16400.0303
 EELEC  =   -163751.2103  EHBOND  =         0.0000  RESTRAINT  =         0.0000
 EKCMT  =         0.0000  VIRIAL  =         0.0000  VOLUME     =    333917.0249
                                                    Density    =         1.0308
 ------------------------------------------------------------------------------


 NSTEP =   460000   TIME(PS) =    1620.000  TEMP(K) =   299.75  PRESS =     0.0
 Etot   =   -117362.3054  EKtot   =     20485.0547  EPtot      =   -137847.3600
 BOND   =       532.7979  ANGLE   =      1465.3027  DIHED      =      1030.5689
 UB     =         0.0000  IMP     =         0.0000  CMAP       =       141.2920
 1-4 NB =       665.0061  1-4 EEL =      5894.7490  VDWAALS    =     16358.8307
 EELEC  =   -163935.9074  EHBOND  =         0.0000  RESTRAINT  =         0.0000
 EKCMT  =         0.0000  VIRIAL  =         0.0000  VOLUME     =    334779.2772
                                                    Density    =         1.0281
 ------------------------------------------------------------------------------


 NSTEP =   465000   TIME(PS) =    1630.000  TEMP(K) =   302.40  PRESS =     0.0
 Etot   =   -116775.7785  EKtot   =     20665.9648  EPtot      =   -137441.7433
 BOND   =       536.1048  ANGLE   =      1511.9789  DIHED      =       992.3524
 UB     =         0.0000  IMP     =         0.0000  CMAP       =       131.5950
 1-4 NB =       654.5486  1-4 EEL =      5881.5699  VDWAALS    =     16312.9218
 EELEC  =   -163462.8148  EHBOND  =         0.0000  RESTRAINT  =         0.0000
 EKCMT  =         0.0000  VIRIAL  =         0.0000  VOLUME     =    334441.3868
                                                    Density    =         1.0292
 ------------------------------------------------------------------------------


 NSTEP =   470000   TIME(PS) =    1640.000  TEMP(K) =   301.47  PRESS =     0.0
 Etot   =   -116844.3676  EKtot   =     20602.5508  EPtot      =   -137446.9183
 BOND   =       562.3627  ANGLE   =      1476.9451  DIHED      =      1021.5766
 UB     =         0.0000  IMP     =         0.0000  CMAP       =       145.3159
 1-4 NB =       661.3025  1-4 EEL =      5873.1890  VDWAALS    =     16336.1114
 EELEC  =   -163523.7215  EHBOND  =         0.0000  RESTRAINT  =         0.0000
 EKCMT  =         0.0000  VIRIAL  =         0.0000  VOLUME     =    332779.0561
                                                    Density    =         1.0343
 ------------------------------------------------------------------------------


 NSTEP =   475000   TIME(PS) =    1650.000  TEMP(K) =   298.31  PRESS =     0.0
 Etot   =   -117487.2467  EKtot   =     20386.6426  EPtot      =   -137873.8892
 BOND   =       538.6830  ANGLE   =      1492.1445  DIHED      =      1010.3158
 UB     =         0.0000  IMP     =         0.0000  CMAP       =       145.5209
 1-4 NB =       638.0054  1-4 EEL =      5829.0248  VDWAALS    =     16496.5758
 EELEC  =   -164024.1594  EHBOND  =         0.0000  RESTRAINT  =         0.0000
 EKCMT  =         0.0000  VIRIAL  =         0.0000  VOLUME     =    333007.0343
                                                    Density    =         1.0336
 ------------------------------------------------------------------------------


 NSTEP =   480000   TIME(PS) =    1660.000  TEMP(K) =   301.92  PRESS =     0.0
 Etot   =   -116897.3274  EKtot   =     20633.2344  EPtot      =   -137530.5617
 BOND   =       580.4862  ANGLE   =      1529.2406  DIHED      =      1005.7762
 UB     =         0.0000  IMP     =         0.0000  CMAP       =       141.9564
 1-4 NB =       631.0044  1-4 EEL =      5882.4685  VDWAALS    =     16311.9665
 EELEC  =   -163613.4605  EHBOND  =         0.0000  RESTRAINT  =         0.0000
 EKCMT  =         0.0000  VIRIAL  =         0.0000  VOLUME     =    333307.0276
                                                    Density    =         1.0327
 ------------------------------------------------------------------------------


 NSTEP =   485000   TIME(PS) =    1670.000  TEMP(K) =   298.00  PRESS =     0.0
 Etot   =   -117227.1073  EKtot   =     20365.7559  EPtot      =   -137592.8632
 BOND   =       573.0150  ANGLE   =      1511.9730  DIHED      =      1009.6046
 UB     =         0.0000  IMP     =         0.0000  CMAP       =       145.5339
 1-4 NB =       642.7136  1-4 EEL =      5845.1652  VDWAALS    =     16452.9099
 EELEC  =   -163773.7784  EHBOND  =         0.0000  RESTRAINT  =         0.0000
 EKCMT  =         0.0000  VIRIAL  =         0.0000  VOLUME     =    333692.9915
                                                    Density    =         1.0315
 ------------------------------------------------------------------------------


 NSTEP =   490000   TIME(PS) =    1680.000  TEMP(K) =   301.01  PRESS =     0.0
 Etot   =   -117184.0120  EKtot   =     20571.0391  EPtot      =   -137755.0511
 BOND   =       568.7887  ANGLE   =      1479.7135  DIHED      =       998.5107
 UB     =         0.0000  IMP     =         0.0000  CMAP       =       137.2452
 1-4 NB =       637.3056  1-4 EEL =      5850.6669  VDWAALS    =     16536.0129
 EELEC  =   -163963.2945  EHBOND  =         0.0000  RESTRAINT  =         0.0000
 EKCMT  =         0.0000  VIRIAL  =         0.0000  VOLUME     =    332978.7749
                                                    Density    =         1.0337
 ------------------------------------------------------------------------------


 NSTEP =   495000   TIME(PS) =    1690.000  TEMP(K) =   299.67  PRESS =     0.0
 Etot   =   -117112.2472  EKtot   =     20479.7871  EPtot      =   -137592.0343
 BOND   =       551.0586  ANGLE   =      1479.0164  DIHED      =      1010.7788
 UB     =         0.0000  IMP     =         0.0000  CMAP       =       141.1495
 1-4 NB =       641.9147  1-4 EEL =      5821.2880  VDWAALS    =     16390.6217
 EELEC  =   -163627.8620  EHBOND  =         0.0000  RESTRAINT  =         0.0000
 EKCMT  =         0.0000  VIRIAL  =         0.0000  VOLUME     =    333171.7923
                                                    Density    =         1.0331
 ------------------------------------------------------------------------------


 NSTEP =   500000   TIME(PS) =    1700.000  TEMP(K) =   302.47  PRESS =     0.0
 Etot   =   -117335.1354  EKtot   =     20671.2129  EPtot      =   -138006.3483
 BOND   =       566.3382  ANGLE   =      1485.2995  DIHED      =      1009.1855
 UB     =         0.0000  IMP     =         0.0000  CMAP       =       142.0464
 1-4 NB =       635.6276  1-4 EEL =      5842.7184  VDWAALS    =     16493.8392
 EELEC  =   -164181.4031  EHBOND  =         0.0000  RESTRAINT  =         0.0000
 EKCMT  =         0.0000  VIRIAL  =         0.0000  VOLUME     =    332948.5642
                                                    Density    =         1.0338
 ------------------------------------------------------------------------------


      A V E R A G E S   O V E R     100 S T E P S


 NSTEP =   500000   TIME(PS) =    1700.000  TEMP(K) =   299.90  PRESS =     0.0
 Etot   =   -117165.7030  EKtot   =     20495.6555  EPtot      =   -137661.3585
 BOND   =       564.2812  ANGLE   =      1516.4608  DIHED      =      1010.7276
 UB     =         0.0000  IMP     =         0.0000  CMAP       =       141.4029
 1-4 NB =       646.1039  1-4 EEL =      5854.1867  VDWAALS    =     16449.1985
 EELEC  =   -163843.7203  EHBOND  =         0.0000  RESTRAINT  =         0.0000
 EKCMT  =         0.0000  VIRIAL  =         0.0000  VOLUME     =    333477.3310
                                                    Density    =         1.0322
 ------------------------------------------------------------------------------


      R M S  F L U C T U A T I O N S


 NSTEP =   500000   TIME(PS) =    1700.000  TEMP(K) =     1.55  PRESS =     0.0
 Etot   =       212.0678  EKtot   =       105.8929  EPtot      =       191.1986
 BOND   =        18.2521  ANGLE   =        29.6048  DIHED      =        14.4670
 UB     =         0.0000  IMP     =         0.0000  CMAP       =         6.1265
 1-4 NB =        11.0677  1-4 EEL =        25.7996  VDWAALS    =       191.4603
 EELEC  =       297.9721  EHBOND  =         0.0000  RESTRAINT  =         0.0000
 EKCMT  =         0.0000  VIRIAL  =         0.0000  VOLUME     =       773.7206
                                                    Density    =         0.0024
 ------------------------------------------------------------------------------

| MC Barostat:       5000 volume changes attempted.
| MC Barostat:       1910 changes successful ( 38.20%)
 ------------------------------------------------------------------------------

--------------------------------------------------------------------------------
   5.  TIMINGS
--------------------------------------------------------------------------------

|  NonSetup CPU Time in Major Routines:
|
|     Routine           Sec        %
|     ------------------------------
|     Nonbond          25.65   13.26
|     Bond              0.00    0.00
|     Angle             0.00    0.00
|     Dihedral          0.00    0.00
|     Shake             2.42    1.25
|     RunMD           160.61   83.06
|     Other             4.69    2.43
|     ------------------------------
|     Total           193.37

|  PME Nonbond Pairlist CPU Time:
|
|     Routine              Sec        %
|     ---------------------------------
|     Set Up Cit           0.00    0.00
|     Build List           0.00    0.00
|     ---------------------------------
|     Total                0.00    0.00

|  PME Direct Force CPU Time:
|
|     Routine              Sec        %
|     ---------------------------------
|     NonBonded Calc       0.00    0.00
|     Exclude Masked       0.00    0.00
|     Other                0.76    0.39
|     ---------------------------------
|     Total                0.76    0.39

|  PME Reciprocal Force CPU Time:
|
|     Routine              Sec        %
|     ---------------------------------
|     1D bspline           0.00    0.00
|     Grid Charges         0.00    0.00
|     Scalar Sum           0.00    0.00
|     Gradient Sum         0.00    0.00
|     FFT                  0.00    0.00
|     ---------------------------------
|     Total                0.00    0.00

|  Final Performance Info:
|     -----------------------------------------------------
|     Average timings for last   30000 steps:
|     Elapsed(s) =      11.67 Per Step(ms) =       0.39
|         ns/day =     444.21   seconds/ns =     194.50
|
|     Average timings for all steps:
|     Elapsed(s) =     194.01 Per Step(ms) =       0.39
|         ns/day =     445.33   seconds/ns =     194.01
|     -----------------------------------------------------

|  Setup CPU time:            0.62 seconds
|  NonSetup CPU time:       193.37 seconds
|  Total CPU time:          193.99 seconds     0.05 hours

|  Setup wall time:           1    seconds
|  NonSetup wall time:      194    seconds
|  Total wall time:         195    seconds     0.05 hours
