
          -------------------------------------------------------
          Amber 22 PMEMD                              2022
          -------------------------------------------------------

| PMEMD implementation of SANDER, Release 22

|  Compiled date/time: Thu Apr 14 11:06:37 2022
| Run on 08/21/2026 at 12:40:55

|   Executable path: pmemd.cuda
| Working directory: /bigdata/cutlerlab/jjaco081/PYR1_pocket_expansion/data/mmgbsa_explicit/aba_WT_s1
|          Hostname: gpu09

  [-O]verwriting output

File Assignments:
|   MDIN: min1.in                                                               
|  MDOUT: min1.out                                                              
| INPCRD: system.inpcrd                                                         
|   PARM: /bigdata/cutlerlab/jjaco081/PYR1_pocket_expansion/data/mmgbsa_explicit
| RESTRT: min1.rst7                                                             
|   REFC: system.inpcrd                                                         
|  MDVEL: mdvel                                                                 
|   MDEN: mden                                                                  
|  MDCRD: min1.nc                                                               
| MDINFO: min1.mdinfo                                                           
|  MDFRC: mdfrc                                                                 


 Here is the input file:

minimisation 1, solute restrained                                              
 &cntrl                                                                        
  imin=1, maxcyc=5000, ncyc=2500,                                              
  ntb=1, cut=10.0,                                                             
  ntr=1, restraintmask='!:WAT,Na+,K+,Cl- & !@H=', restraint_wt=10.0,           
 /                                                                             


Note: ig = -1. Setting random seed to   413597 based on wallclock time in 
      microseconds.
| irandom = 1, using AMBER's internal random number generator (default).
 
|--------------------- INFORMATION ----------------------
| GPU (CUDA) Version of PMEMD in use: NVIDIA GPU IN USE.
|                    Version 18.0.0
| 
|                      03/25/2018
| 
| Implementation by:
|                    Ross C. Walker     (SDSC)
|                    Scott Le Grand     (nVIDIA)
| 
| Version 18 performance extensions by:
|                    David Cerutti     (Rutgers)
| 
| Precision model in use:
|      [SPFP] - Single Precision Forces, 64-bit Fixed Point
|               Accumulation. (Default)
| 
|--------------------------------------------------------
 
|----------------- CITATION INFORMATION -----------------
|
|    When publishing work that utilized the CUDA version
|    of AMBER, please cite the following in addition to
|    the regular AMBER citations:
|
|  - Romelia Salomon-Ferrer; Andreas W. Goetz; Duncan
|    Poole; Scott Le Grand; Ross C. Walker "Routine
|    microsecond molecular dynamics simulations with
|    AMBER - Part II: Particle Mesh Ewald", J. Chem.
|    Theory Comput., 2013, 9 (9), pp3878-3888,
|    DOI: 10.1021/ct400314y.
|
|  - Andreas W. Goetz; Mark J. Williamson; Dong Xu;
|    Duncan Poole; Scott Le Grand; Ross C. Walker
|    "Routine microsecond molecular dynamics simulations
|    with AMBER - Part I: Generalized Born", J. Chem.
|    Theory Comput., 2012, 8 (5), pp1542-1555.
|
|  - Scott Le Grand; Andreas W. Goetz; Ross C. Walker
|    "SPFP: Speed without compromise - a mixed precision
|    model for GPU accelerated molecular dynamics
|    simulations.", Comp. Phys. Comm., 2013, 184
|    pp374-380, DOI: 10.1016/j.cpc.2012.09.022
|
|--------------------------------------------------------
 
|------------------- GPU DEVICE INFO --------------------
|
|            CUDA_VISIBLE_DEVICES: 0
|   CUDA Capable Devices Detected:      1
|           CUDA Device ID in use:      0
|                CUDA Device Name: NVIDIA RTX 6000 Ada Generation
|     CUDA Device Global Mem Size:  48510 MB
| CUDA Device Num Multiprocessors:    142
|           CUDA Device Core Freq:   2.50 GHz
|
|--------------------------------------------------------
 
 
| Conditional Compilation Defines Used:
| PUBFFT
| BINTRAJ
| CUDA
| EMIL

| Largest sphere to fit in unit cell has radius =    32.318

| New format PARM file being parsed.
| Version =    1.000 Date = 08/21/26 Time = 12:11:44

| Note: 1-4 EEL scale factors are being read from the topology file.

| Note: 1-4 VDW scale factors are being read from the topology file.
| INFO:    Virtual site frames will be inferred from bonding patterns.
| Duplicated    0 dihedrals

| Duplicated    0 dihedrals

--------------------------------------------------------------------------------
   1.  RESOURCE   USE: 
--------------------------------------------------------------------------------

 getting new box info from bottom of inpcrd
 NATOM  =   43861 NTYPES =      26 NBONH =   32118 MBONA  =   11708
 NTHETH =    3249 MTHETA =    2007 NPHIH =    6624 MPHIA  =    6358
 NHPARM =       0 NPARM  =       0 NNB   =   87569 NRES   =   10470
 NBONA  =   11708 NTHETA =    2007 NPHIA =    6358 NUMBND =      92
 NUMANG =     206 NPTRA  =     217 NATYP =      50 NPHB   =       0
 IFBOX  =       2 NMXRS  =      38 IFCAP =       0 NEXTRA =   10228
 NCOPY  =       0


| Coordinate Index Table dimensions:    12   12   12
| Direct force subcell size =     6.5969    6.5969    6.5969

     BOX TYPE: TRUNCATED OCTAHEDRON

--------------------------------------------------------------------------------
   2.  CONTROL  DATA  FOR  THE  RUN
--------------------------------------------------------------------------------

default_name                                                                    

General flags:
     imin    =       1, nmropt  =       0

Nature and format of input:
     ntx     =       1, irest   =       0, ntrx    =       1

Nature and format of output:
     ntxo    =       2, ntpr    =      50, ntrx    =       1, ntwr    =       1
     iwrap   =       0, ntwx    =       0, ntwv    =       0, ntwe    =       0
     ioutfm  =       1, ntwprt  =       0, idecomp =       0, rbornstat=      0

Potential function:
     ntf     =       1, ntb     =       1, igb     =       0, nsnb    =      25
     ipol    =       0, gbsa    =       0, iesp    =       0
     dielc   =   1.00000, cut     =  10.00000, intdiel =   1.00000

Frozen or restrained atoms:
     ibelly  =       0, ntr     =       1
     restraint_wt =  10.00000

Energy minimization:
     maxcyc  =    5000, ncyc    =    2500, ntmin   =       1
     dx0     =   0.01000, drms    =   0.00010

| Intermolecular bonds treatment:
|     no_intermolecular_bonds =       1

| Energy averages sample interval:
|     ene_avg_sampling =       1

Extra-points options:
     frameon =       1, chngmask=       1

Ewald parameters:
     verbose =       0, ew_type =       0, nbflag  =       1, use_pme =       1
     vdwmeth =       1, eedmeth =       1, netfrc  =       0
     Box X =   79.163   Box Y =   79.163   Box Z =   79.163
     Alpha =  109.471   Beta  =  109.471   Gamma =  109.471
     NFFT1 =   80       NFFT2 =   80       NFFT3 =   80
     Cutoff=   10.000   Tol   =0.100E-04
     Ewald Coefficient =  0.27511
     Interpolation order =    4

    LOADING THE CONSTRAINED ATOMS AS GROUPS


   5.  REFERENCE ATOM COORDINATES

  default_name                                                                    
     Mask !:WAT,Na+,K+,Cl- & !@H=; matches  1453 atoms
|      EXTRA_PTS, trim_bonds: num bonds BEFORE trim = 32118     0
|      EXTRA_PTS, trim_bonds: num bonds AFTER  trim = 32118     0
|      EXTRA_PTS, trim_bonds: num bonds BEFORE trim = 11708     0
|      EXTRA_PTS, trim_bonds: num bonds AFTER  trim =  1480     0
|      EXTRA_PTS, trim_theta: num angle BEFORE trim =  3249     0
|      EXTRA_PTS, trim_theta: num angle AFTER  trim =  3249     0
|      EXTRA_PTS, trim_theta: num angle BEFORE trim =  2007     0
|      EXTRA_PTS, trim_theta: num angle AFTER  trim =  2007     0
|      EXTRA_PTS, trim_phi:  num diheds BEFORE trim =  6624     0
|      EXTRA_PTS, trim_phi:  num diheds AFTER  trim =  6624     0
|      EXTRA_PTS, trim_phi:  num diheds BEFORE trim =  6358     0
|      EXTRA_PTS, trim_phi:  num diheds AFTER  trim =  6358     0

--------------------------------------------------------------------------------
   3.  ATOMIC COORDINATES AND VELOCITIES
--------------------------------------------------------------------------------

default_name                                                                    
 begin time read from input coords =     0.000 ps

 
 Number of triangulated 3-point waters found:    10228

     Sum of charges from parm topology file =  -0.00094592
     Forcing neutrality...

| Dynamic Memory, Types Used:
| Reals             1381239
| Integers          4276080

| Nonbonded Pairs Initial Allocation:    13266855

| GPU memory information (estimate):
| KB of GPU memory in use:    291601
| KB of CPU memory in use:    102601

--------------------------------------------------------------------------------
   4.  RESULTS
--------------------------------------------------------------------------------



   NSTEP       ENERGY          RMS            GMAX         NAME    NUMBER
      1      -8.7427E+04     6.6741E+01     1.2626E+04     K+       2908

 BOND    =     5676.6092  ANGLE   =      604.5823  DIHED      =      806.6163
 UB      =        0.0000  IMP     =        0.0000  CMAP       =      162.2639
 VDWAALS =    40817.2773  EEL     =  -142497.9990  HBOND      =        0.0000
 1-4 VDW =      752.8172  1-4 EEL =     6250.4227  RESTRAINT  =        0.0000


   NSTEP       ENERGY          RMS            GMAX         NAME    NUMBER
     50      -1.5606E+05     4.7404E+00     6.8409E+02     C        1109

 BOND    =    21710.4749  ANGLE   =      515.7801  DIHED      =      780.2378
 UB      =        0.0000  IMP     =        0.0000  CMAP       =      161.7030
 VDWAALS =    15136.0442  EEL     =  -201159.7197  HBOND      =        0.0000
 1-4 VDW =      646.7536  1-4 EEL =     6003.4913  RESTRAINT  =      143.3321
 EAMBER  =  -156205.2348


   NSTEP       ENERGY          RMS            GMAX         NAME    NUMBER
    100      -1.6284E+05     2.6655E+00     4.7964E+02     C        1089

 BOND    =    23201.5301  ANGLE   =      483.6332  DIHED      =      778.4889
 UB      =        0.0000  IMP     =        0.0000  CMAP       =      158.8969
 VDWAALS =    17559.1102  EEL     =  -211809.3345  HBOND      =        0.0000
 1-4 VDW =      618.1947  1-4 EEL =     5977.0087  RESTRAINT  =      188.3369
 EAMBER  =  -163032.4718


   NSTEP       ENERGY          RMS            GMAX         NAME    NUMBER
    150      -1.6607E+05     1.4357E+00     2.3106E+02     C        1089

 BOND    =    24325.0207  ANGLE   =      448.5531  DIHED      =      774.6135
 UB      =        0.0000  IMP     =        0.0000  CMAP       =      158.7221
 VDWAALS =    19721.2211  EEL     =  -218288.5071  HBOND      =        0.0000
 1-4 VDW =      608.8454  1-4 EEL =     5969.0389  RESTRAINT  =      210.7087
 EAMBER  =  -166282.4923


   NSTEP       ENERGY          RMS            GMAX         NAME    NUMBER
    200      -1.6804E+05     2.6271E+00     6.5864E+02     C1       2850

 BOND    =    25297.0828  ANGLE   =      460.5254  DIHED      =      769.8682
 UB      =        0.0000  IMP     =        0.0000  CMAP       =      158.3743
 VDWAALS =    21484.8551  EEL     =  -223007.5389  HBOND      =        0.0000
 1-4 VDW =      604.4846  1-4 EEL =     5966.5933  RESTRAINT  =      223.7529
 EAMBER  =  -168265.7552


   NSTEP       ENERGY          RMS            GMAX         NAME    NUMBER
    250      -1.6971E+05     1.1365E+00     2.1326E+02     C        1089

 BOND    =    25941.2455  ANGLE   =      452.3092  DIHED      =      763.5662
 UB      =        0.0000  IMP     =        0.0000  CMAP       =      158.3444
 VDWAALS =    22963.5671  EEL     =  -226791.2609  HBOND      =        0.0000
 1-4 VDW =      601.9465  1-4 EEL =     5967.5065  RESTRAINT  =      229.7048
 EAMBER  =  -169942.7755


   NSTEP       ENERGY          RMS            GMAX         NAME    NUMBER
    300      -1.7095E+05     5.9980E-01     8.0784E+01     C        1089

 BOND    =    26518.6144  ANGLE   =      447.5115  DIHED      =      761.7148
 UB      =        0.0000  IMP     =        0.0000  CMAP       =      158.1790
 VDWAALS =    24162.1299  EEL     =  -229798.1377  HBOND      =        0.0000
 1-4 VDW =      601.1137  1-4 EEL =     5968.2448  RESTRAINT  =      234.6121
 EAMBER  =  -171180.6296


   NSTEP       ENERGY          RMS            GMAX         NAME    NUMBER
    350      -1.7195E+05     1.1041E+00     2.0720E+02     C        1089

 BOND    =    27052.9077  ANGLE   =      452.4884  DIHED      =      760.9697
 UB      =        0.0000  IMP     =        0.0000  CMAP       =      158.0871
 VDWAALS =    25195.4136  EEL     =  -232382.5227  HBOND      =        0.0000
 1-4 VDW =      600.7912  1-4 EEL =     5968.9029  RESTRAINT  =      238.1173
 EAMBER  =  -172192.9621


   NSTEP       ENERGY          RMS            GMAX         NAME    NUMBER
    400      -1.7284E+05     5.2488E-01     7.4719E+01     C        1089

 BOND    =    27491.3036  ANGLE   =      448.9660  DIHED      =      759.1475
 UB      =        0.0000  IMP     =        0.0000  CMAP       =      158.1814
 VDWAALS =    26080.6056  EEL     =  -234588.9753  HBOND      =        0.0000
 1-4 VDW =      600.5908  1-4 EEL =     5969.2854  RESTRAINT  =      238.8694
 EAMBER  =  -173080.8949


   NSTEP       ENERGY          RMS            GMAX         NAME    NUMBER
    450      -1.7361E+05     1.0060E+00     1.7123E+02     C        1089

 BOND    =    27926.1180  ANGLE   =      452.5529  DIHED      =      757.2584
 UB      =        0.0000  IMP     =        0.0000  CMAP       =      158.1639
 VDWAALS =    26897.2378  EEL     =  -236614.9722  HBOND      =        0.0000
 1-4 VDW =      600.4767  1-4 EEL =     5968.8324  RESTRAINT  =      240.2839
 EAMBER  =  -173854.3320


   NSTEP       ENERGY          RMS            GMAX         NAME    NUMBER
    500      -1.7427E+05     1.6196E+00     3.7546E+02     C1       2850

 BOND    =    28333.1127  ANGLE   =      457.5896  DIHED      =      755.7265
 UB      =        0.0000  IMP     =        0.0000  CMAP       =      158.1046
 VDWAALS =    27634.9077  EEL     =  -238419.2503  HBOND      =        0.0000
 1-4 VDW =      600.3140  1-4 EEL =     5968.4219  RESTRAINT  =      241.7305
 EAMBER  =  -174511.0733


   NSTEP       ENERGY          RMS            GMAX         NAME    NUMBER
    550      -1.7490E+05     6.4347E-01     9.9301E+01     C1       2850

 BOND    =    28639.9697  ANGLE   =      450.2244  DIHED      =      755.5310
 UB      =        0.0000  IMP     =        0.0000  CMAP       =      157.8182
 VDWAALS =    28306.8021  EEL     =  -240016.5072  HBOND      =        0.0000
 1-4 VDW =      600.2646  1-4 EEL =     5967.4798  RESTRAINT  =      243.1954
 EAMBER  =  -175138.4175


   NSTEP       ENERGY          RMS            GMAX         NAME    NUMBER
    600      -1.7536E+05     1.3474E+00     2.7859E+02     C1       2850

 BOND    =    28963.7099  ANGLE   =      455.1709  DIHED      =      755.3932
 UB      =        0.0000  IMP     =        0.0000  CMAP       =      157.7003
 VDWAALS =    28906.2780  EEL     =  -241414.5912  HBOND      =        0.0000
 1-4 VDW =      600.3573  1-4 EEL =     5967.1620  RESTRAINT  =      244.3441
 EAMBER  =  -175608.8196


   NSTEP       ENERGY          RMS            GMAX         NAME    NUMBER
    650      -1.7584E+05     5.6441E-01     8.6766E+01     C        1089

 BOND    =    29217.7872  ANGLE   =      449.7396  DIHED      =      754.3594
 UB      =        0.0000  IMP     =        0.0000  CMAP       =      157.8542
 VDWAALS =    29452.1446  EEL     =  -242679.7403  HBOND      =        0.0000
 1-4 VDW =      600.3983  1-4 EEL =     5967.6401  RESTRAINT  =      242.6352
 EAMBER  =  -176079.8168


   NSTEP       ENERGY          RMS            GMAX         NAME    NUMBER
    700      -1.7623E+05     1.2036E+00     2.9319E+02     C1       2850

 BOND    =    29490.6307  ANGLE   =      453.0215  DIHED      =      753.7359
 UB      =        0.0000  IMP     =        0.0000  CMAP       =      157.8251
 VDWAALS =    29956.4487  EEL     =  -243849.2385  HBOND      =        0.0000
 1-4 VDW =      600.5052  1-4 EEL =     5967.6121  RESTRAINT  =      242.7972
 EAMBER  =  -176469.4594


   NSTEP       ENERGY          RMS            GMAX         NAME    NUMBER
    750      -1.7662E+05     3.1092E-01     3.2941E+01     C        1089

 BOND    =    29700.0461  ANGLE   =      448.4894  DIHED      =      753.2406
 UB      =        0.0000  IMP     =        0.0000  CMAP       =      157.6744
 VDWAALS =    30403.6124  EEL     =  -244896.2089  HBOND      =        0.0000
 1-4 VDW =      600.5479  1-4 EEL =     5967.7498  RESTRAINT  =      243.6623
 EAMBER  =  -176864.8483


   NSTEP       ENERGY          RMS            GMAX         NAME    NUMBER
    800      -1.7695E+05     9.3452E-01     1.6224E+02     C1       2850

 BOND    =    29926.3749  ANGLE   =      451.2846  DIHED      =      752.8336
 UB      =        0.0000  IMP     =        0.0000  CMAP       =      157.5125
 VDWAALS =    30815.9197  EEL     =  -245870.9188  HBOND      =        0.0000
 1-4 VDW =      600.6318  1-4 EEL =     5967.6379  RESTRAINT  =      244.7005
 EAMBER  =  -177198.7237


   NSTEP       ENERGY          RMS            GMAX         NAME    NUMBER
    850      -1.7729E+05     2.7947E-01     2.3915E+01     C        1089

 BOND    =    30110.5193  ANGLE   =      448.1176  DIHED      =      751.6603
 UB      =        0.0000  IMP     =        0.0000  CMAP       =      157.6288
 VDWAALS =    31187.3337  EEL     =  -246760.1923  HBOND      =        0.0000
 1-4 VDW =      600.6789  1-4 EEL =     5968.0864  RESTRAINT  =      243.7835
 EAMBER  =  -177536.1674


   NSTEP       ENERGY          RMS            GMAX         NAME    NUMBER
    900      -1.7759E+05     9.1150E-01     1.8256E+02     C1       2850

 BOND    =    30308.2218  ANGLE   =      450.7601  DIHED      =      750.7391
 UB      =        0.0000  IMP     =        0.0000  CMAP       =      157.6449
 VDWAALS =    31537.7410  EEL     =  -247603.1767  HBOND      =        0.0000
 1-4 VDW =      600.7783  1-4 EEL =     5968.2413  RESTRAINT  =      243.6875
 EAMBER  =  -177829.0502


   NSTEP       ENERGY          RMS            GMAX         NAME    NUMBER
    950      -1.7788E+05     2.6595E-01     2.5478E+01     C        1089

 BOND    =    30466.2194  ANGLE   =      447.7278  DIHED      =      750.0577
 UB      =        0.0000  IMP     =        0.0000  CMAP       =      157.5008
 VDWAALS =    31856.7893  EEL     =  -248372.2327  HBOND      =        0.0000
 1-4 VDW =      600.8294  1-4 EEL =     5968.2657  RESTRAINT  =      244.2474
 EAMBER  =  -178124.8427


   NSTEP       ENERGY          RMS            GMAX         NAME    NUMBER
   1000      -1.7814E+05     6.3317E-01     1.0221E+02     C        1089

 BOND    =    30632.9916  ANGLE   =      448.8192  DIHED      =      749.4272
 UB      =        0.0000  IMP     =        0.0000  CMAP       =      157.3946
 VDWAALS =    32159.3799  EEL     =  -249100.2260  HBOND      =        0.0000
 1-4 VDW =      600.9313  1-4 EEL =     5968.2756  RESTRAINT  =      244.7187
 EAMBER  =  -178383.0066


   NSTEP       ENERGY          RMS            GMAX         NAME    NUMBER
   1050      -1.7839E+05     2.3905E-01     1.4553E+01     C        1089

 BOND    =    30776.7538  ANGLE   =      447.1044  DIHED      =      748.4989
 UB      =        0.0000  IMP     =        0.0000  CMAP       =      157.4766
 VDWAALS =    32438.0652  EEL     =  -249774.9604  HBOND      =        0.0000
 1-4 VDW =      601.0277  1-4 EEL =     5968.5141  RESTRAINT  =      243.8427
 EAMBER  =  -178637.5196


   NSTEP       ENERGY          RMS            GMAX         NAME    NUMBER
   1100      -1.7863E+05     6.2110E-01     1.0246E+02     C1       2850

 BOND    =    30927.1186  ANGLE   =      447.4662  DIHED      =      747.9208
 UB      =        0.0000  IMP     =        0.0000  CMAP       =      157.4846
 VDWAALS =    32706.5681  EEL     =  -250427.7052  HBOND      =        0.0000
 1-4 VDW =      601.1311  1-4 EEL =     5968.5707  RESTRAINT  =      243.5239
 EAMBER  =  -178871.4450


   NSTEP       ENERGY          RMS            GMAX         NAME    NUMBER
   1150      -1.7885E+05     8.9820E-01     1.6361E+02     C1       2850

 BOND    =    31070.9420  ANGLE   =      448.3219  DIHED      =      747.5234
 UB      =        0.0000  IMP     =        0.0000  CMAP       =      157.4713
 VDWAALS =    32957.7355  EEL     =  -251043.3484  HBOND      =        0.0000
 1-4 VDW =      601.1923  1-4 EEL =     5968.7444  RESTRAINT  =      243.5083
 EAMBER  =  -179091.4177


   NSTEP       ENERGY          RMS            GMAX         NAME    NUMBER
   1200      -1.7907E+05     3.8702E-01     4.6194E+01     CE1      1101

 BOND    =    31184.1172  ANGLE   =      446.8370  DIHED      =      747.4147
 UB      =        0.0000  IMP     =        0.0000  CMAP       =      157.3933
 VDWAALS =    33187.3836  EEL     =  -251609.3952  HBOND      =        0.0000
 1-4 VDW =      601.2297  1-4 EEL =     5968.4842  RESTRAINT  =      243.8380
 EAMBER  =  -179316.5355


   NSTEP       ENERGY          RMS            GMAX         NAME    NUMBER
   1250      -1.7929E+05     2.1447E-01     1.1528E+01     CE1      1101

 BOND    =    31304.9086  ANGLE   =      446.4115  DIHED      =      747.1341
 UB      =        0.0000  IMP     =        0.0000  CMAP       =      157.4113
 VDWAALS =    33411.1444  EEL     =  -252165.7300  HBOND      =        0.0000
 1-4 VDW =      601.2152  1-4 EEL =     5968.5129  RESTRAINT  =      243.6315
 EAMBER  =  -179528.9921


   NSTEP       ENERGY          RMS            GMAX         NAME    NUMBER
   1300      -1.7948E+05     3.0079E-01     3.1895E+01     CE1      1101

 BOND    =    31418.2469  ANGLE   =      446.3080  DIHED      =      746.9098
 UB      =        0.0000  IMP     =        0.0000  CMAP       =      157.4137
 VDWAALS =    33615.7246  EEL     =  -252678.4290  HBOND      =        0.0000
 1-4 VDW =      601.1895  1-4 EEL =     5968.5308  RESTRAINT  =      243.5296
 EAMBER  =  -179724.1057


   NSTEP       ENERGY          RMS            GMAX         NAME    NUMBER
   1350      -1.7967E+05     5.9543E-01     7.3956E+01     CE1      1101

 BOND    =    31535.9014  ANGLE   =      446.6703  DIHED      =      746.5439
 UB      =        0.0000  IMP     =        0.0000  CMAP       =      157.4363
 VDWAALS =    33821.1848  EEL     =  -253194.4031  HBOND      =        0.0000
 1-4 VDW =      601.1202  1-4 EEL =     5968.7177  RESTRAINT  =      243.3148
 EAMBER  =  -179916.8284


   NSTEP       ENERGY          RMS            GMAX         NAME    NUMBER
   1400      -1.7986E+05     2.0945E-01     1.3594E+01     CE1      1101

 BOND    =    31629.6253  ANGLE   =      446.3251  DIHED      =      746.2158
 UB      =        0.0000  IMP     =        0.0000  CMAP       =      157.4106
 VDWAALS =    34004.2842  EEL     =  -253653.5663  HBOND      =        0.0000
 1-4 VDW =      601.0426  1-4 EEL =     5968.8398  RESTRAINT  =      243.2583
 EAMBER  =  -180099.8230


   NSTEP       ENERGY          RMS            GMAX         NAME    NUMBER
   1450      -1.8002E+05     5.4990E-01     6.8578E+01     CE1      1101

 BOND    =    31730.8516  ANGLE   =      447.0181  DIHED      =      745.8326
 UB      =        0.0000  IMP     =        0.0000  CMAP       =      157.4120
 VDWAALS =    34180.9516  EEL     =  -254095.7939  HBOND      =        0.0000
 1-4 VDW =      600.9799  1-4 EEL =     5969.1322  RESTRAINT  =      243.1000
 EAMBER  =  -180263.6160


   NSTEP       ENERGY          RMS            GMAX         NAME    NUMBER
   1500      -1.8018E+05     2.4700E-01     2.4376E+01     CE1      1101

 BOND    =    31816.5622  ANGLE   =      446.0811  DIHED      =      745.4057
 UB      =        0.0000  IMP     =        0.0000  CMAP       =      157.4496
 VDWAALS =    34345.2324  EEL     =  -254505.9236  HBOND      =        0.0000
 1-4 VDW =      600.9464  1-4 EEL =     5969.4586  RESTRAINT  =      242.6759
 EAMBER  =  -180424.7876


   NSTEP       ENERGY          RMS            GMAX         NAME    NUMBER
   1550      -1.8033E+05     4.8025E-01     7.8395E+01     C1       2850

 BOND    =    31905.2566  ANGLE   =      446.3042  DIHED      =      745.0548
 UB      =        0.0000  IMP     =        0.0000  CMAP       =      157.4704
 VDWAALS =    34500.8047  EEL     =  -254895.5315  HBOND      =        0.0000
 1-4 VDW =      600.9022  1-4 EEL =     5969.6066  RESTRAINT  =      242.4465
 EAMBER  =  -180570.1320


   NSTEP       ENERGY          RMS            GMAX         NAME    NUMBER
   1600      -1.8046E+05     6.6971E-01     8.9984E+01     C1       2850

 BOND    =    31990.7241  ANGLE   =      446.6431  DIHED      =      744.6916
 UB      =        0.0000  IMP     =        0.0000  CMAP       =      157.4902
 VDWAALS =    34645.6141  EEL     =  -255261.3494  HBOND      =        0.0000
 1-4 VDW =      600.8509  1-4 EEL =     5969.8275  RESTRAINT  =      242.3055
 EAMBER  =  -180705.5079


   NSTEP       ENERGY          RMS            GMAX         NAME    NUMBER
   1650      -1.8061E+05     2.8873E-01     3.2762E+01     CE1      1101

 BOND    =    32061.9458  ANGLE   =      446.2580  DIHED      =      744.3991
 UB      =        0.0000  IMP     =        0.0000  CMAP       =      157.4980
 VDWAALS =    34784.0560  EEL     =  -255614.8592  HBOND      =        0.0000
 1-4 VDW =      600.8042  1-4 EEL =     5969.7904  RESTRAINT  =      242.2521
 EAMBER  =  -180850.1076


   NSTEP       ENERGY          RMS            GMAX         NAME    NUMBER
   1700      -1.8074E+05     1.7131E-01     9.4090E+00     CE1      1101

 BOND    =    32134.6261  ANGLE   =      446.0440  DIHED      =      744.0759
 UB      =        0.0000  IMP     =        0.0000  CMAP       =      157.5195
 VDWAALS =    34912.8869  EEL     =  -255945.7969  HBOND      =        0.0000
 1-4 VDW =      600.7403  1-4 EEL =     5969.9028  RESTRAINT  =      242.1861
 EAMBER  =  -180980.0014


   NSTEP       ENERGY          RMS            GMAX         NAME    NUMBER
   1750      -1.8086E+05     2.3406E-01     2.3831E+01     CE1      1101

 BOND    =    32207.1675  ANGLE   =      446.0234  DIHED      =      743.8204
 UB      =        0.0000  IMP     =        0.0000  CMAP       =      157.5358
 VDWAALS =    35038.6819  EEL     =  -256269.0451  HBOND      =        0.0000
 1-4 VDW =      600.6914  1-4 EEL =     5970.0242  RESTRAINT  =      242.2039
 EAMBER  =  -181105.1005


   NSTEP       ENERGY          RMS            GMAX         NAME    NUMBER
   1800      -1.8098E+05     4.9747E-01     9.8272E+01     C1       2850

 BOND    =    32278.2770  ANGLE   =      446.3527  DIHED      =      743.6260
 UB      =        0.0000  IMP     =        0.0000  CMAP       =      157.5484
 VDWAALS =    35157.8466  EEL     =  -256575.6455  HBOND      =        0.0000
 1-4 VDW =      600.6531  1-4 EEL =     5970.1050  RESTRAINT  =      242.2870
 EAMBER  =  -181221.2367


   NSTEP       ENERGY          RMS            GMAX         NAME    NUMBER
   1850      -1.8110E+05     2.3709E-01     2.5906E+01     CE1      1101

 BOND    =    32341.6150  ANGLE   =      446.2093  DIHED      =      743.5179
 UB      =        0.0000  IMP     =        0.0000  CMAP       =      157.5484
 VDWAALS =    35275.1665  EEL     =  -256876.1868  HBOND      =        0.0000
 1-4 VDW =      600.6111  1-4 EEL =     5970.2755  RESTRAINT  =      242.4462
 EAMBER  =  -181341.2432


   NSTEP       ENERGY          RMS            GMAX         NAME    NUMBER
   1900      -1.8120E+05     4.3025E-01     5.3511E+01     CE1      1101

 BOND    =    32407.0723  ANGLE   =      446.5798  DIHED      =      743.4377
 UB      =        0.0000  IMP     =        0.0000  CMAP       =      157.5462
 VDWAALS =    35387.7019  EEL     =  -257160.6994  HBOND      =        0.0000
 1-4 VDW =      600.5808  1-4 EEL =     5970.3643  RESTRAINT  =      242.6470
 EAMBER  =  -181447.4166


   NSTEP       ENERGY          RMS            GMAX         NAME    NUMBER
   1950      -1.8130E+05     5.8819E-01     7.2545E+01     CE1      1101

 BOND    =    32472.2542  ANGLE   =      446.9287  DIHED      =      743.3858
 UB      =        0.0000  IMP     =        0.0000  CMAP       =      157.5379
 VDWAALS =    35499.2290  EEL     =  -257438.1620  HBOND      =        0.0000
 1-4 VDW =      600.5707  1-4 EEL =     5970.4494  RESTRAINT  =      242.8549
 EAMBER  =  -181547.8062


   NSTEP       ENERGY          RMS            GMAX         NAME    NUMBER
   2000      -1.8141E+05     3.6632E-01     5.3929E+01     C1       2850

 BOND    =    32527.5605  ANGLE   =      446.1098  DIHED      =      743.3016
 UB      =        0.0000  IMP     =        0.0000  CMAP       =      157.5336
 VDWAALS =    35605.4470  EEL     =  -257699.1193  HBOND      =        0.0000
 1-4 VDW =      600.5559  1-4 EEL =     5970.5938  RESTRAINT  =      242.8947
 EAMBER  =  -181648.0172


   NSTEP       ENERGY          RMS            GMAX         NAME    NUMBER
   2050      -1.8150E+05     1.5662E-01     1.1674E+01     CE1      1101

 BOND    =    32581.6589  ANGLE   =      446.1109  DIHED      =      743.3199
 UB      =        0.0000  IMP     =        0.0000  CMAP       =      157.5106
 VDWAALS =    35706.4132  EEL     =  -257947.9335  HBOND      =        0.0000
 1-4 VDW =      600.5552  1-4 EEL =     5970.6526  RESTRAINT  =      242.9683
 EAMBER  =  -181741.7122


   NSTEP       ENERGY          RMS            GMAX         NAME    NUMBER
   2100      -1.8159E+05     1.7586E-01     1.6574E+01     CE1      1101

 BOND    =    32636.3500  ANGLE   =      446.1249  DIHED      =      743.3404
 UB      =        0.0000  IMP     =        0.0000  CMAP       =      157.4864
 VDWAALS =    35804.1245  EEL     =  -258189.6857  HBOND      =        0.0000
 1-4 VDW =      600.5719  1-4 EEL =     5970.7006  RESTRAINT  =      242.9628
 EAMBER  =  -181830.9869


   NSTEP       ENERGY          RMS            GMAX         NAME    NUMBER
   2150      -1.8167E+05     1.3844E-01     7.6137E+00     CE1      1101

 BOND    =    32686.5512  ANGLE   =      446.0318  DIHED      =      743.3690
 UB      =        0.0000  IMP     =        0.0000  CMAP       =      157.4618
 VDWAALS =    35894.3941  EEL     =  -258414.3572  HBOND      =        0.0000
 1-4 VDW =      600.5809  1-4 EEL =     5970.7392  RESTRAINT  =      242.9143
 EAMBER  =  -181915.2293


   NSTEP       ENERGY          RMS            GMAX         NAME    NUMBER
   2200      -1.8176E+05     1.4376E-01     9.6750E+00     CE1      1101

 BOND    =    32735.9597  ANGLE   =      446.0600  DIHED      =      743.4263
 UB      =        0.0000  IMP     =        0.0000  CMAP       =      157.4337
 VDWAALS =    35982.9823  EEL     =  -258636.4968  HBOND      =        0.0000
 1-4 VDW =      600.5952  1-4 EEL =     5970.7551  RESTRAINT  =      242.8929
 EAMBER  =  -181999.2845


   NSTEP       ENERGY          RMS            GMAX         NAME    NUMBER
   2250      -1.8184E+05     3.6502E-01     4.4137E+01     CE1      1101

 BOND    =    32784.7336  ANGLE   =      446.1808  DIHED      =      743.4840
 UB      =        0.0000  IMP     =        0.0000  CMAP       =      157.4089
 VDWAALS =    36067.2512  EEL     =  -258848.6871  HBOND      =        0.0000
 1-4 VDW =      600.6111  1-4 EEL =     5970.7489  RESTRAINT  =      242.9023
 EAMBER  =  -182078.2687


   NSTEP       ENERGY          RMS            GMAX         NAME    NUMBER
   2300      -1.8192E+05     1.3264E-01     6.5351E+00     CE1      1101

 BOND    =    32828.1604  ANGLE   =      446.1970  DIHED      =      743.5939
 UB      =        0.0000  IMP     =        0.0000  CMAP       =      157.3788
 VDWAALS =    36150.7013  EEL     =  -259057.8889  HBOND      =        0.0000
 1-4 VDW =      600.6226  1-4 EEL =     5970.7464  RESTRAINT  =      242.9704
 EAMBER  =  -182160.4884


   NSTEP       ENERGY          RMS            GMAX         NAME    NUMBER
   2350      -1.8199E+05     3.3795E-01     5.0936E+01     C1       2850

 BOND    =    32873.5834  ANGLE   =      446.5597  DIHED      =      743.7101
 UB      =        0.0000  IMP     =        0.0000  CMAP       =      157.3529
 VDWAALS =    36231.5969  EEL     =  -259258.9609  HBOND      =        0.0000
 1-4 VDW =      600.6417  1-4 EEL =     5970.6958  RESTRAINT  =      243.0612
 EAMBER  =  -182234.8205


   NSTEP       ENERGY          RMS            GMAX         NAME    NUMBER
   2400      -1.8206E+05     5.2126E-01     1.1920E+02     C1       2850

 BOND    =    32917.6288  ANGLE   =      447.0281  DIHED      =      743.8253
 UB      =        0.0000  IMP     =        0.0000  CMAP       =      157.3316
 VDWAALS =    36308.8378  EEL     =  -259449.6894  HBOND      =        0.0000
 1-4 VDW =      600.6713  1-4 EEL =     5970.6451  RESTRAINT  =      243.1272
 EAMBER  =  -182303.7216


   NSTEP       ENERGY          RMS            GMAX         NAME    NUMBER
   2450      -1.8213E+05     2.6938E-01     3.3173E+01     CE1      1101

 BOND    =    32955.8466  ANGLE   =      446.2990  DIHED      =      743.9146
 UB      =        0.0000  IMP     =        0.0000  CMAP       =      157.3179
 VDWAALS =    36384.4562  EEL     =  -259635.2322  HBOND      =        0.0000
 1-4 VDW =      600.6872  1-4 EEL =     5970.7199  RESTRAINT  =      243.1018
 EAMBER  =  -182375.9907


   NSTEP       ENERGY          RMS            GMAX         NAME    NUMBER
   2500      -1.8220E+05     1.1913E-01     5.8695E+00     CE1      1101

 BOND    =    32993.7111  ANGLE   =      446.3547  DIHED      =      744.0672
 UB      =        0.0000  IMP     =        0.0000  CMAP       =      157.2988
 VDWAALS =    36457.4175  EEL     =  -259811.9658  HBOND      =        0.0000
 1-4 VDW =      600.7185  1-4 EEL =     5970.7067  RESTRAINT  =      243.1567
 EAMBER  =  -182441.6912


   NSTEP       ENERGY          RMS            GMAX         NAME    NUMBER
   2550      -1.8284E+05     4.3201E-01     4.2636E+01     C1       2850

 BOND    =    33479.9931  ANGLE   =      448.7669  DIHED      =      746.0643
 UB      =        0.0000  IMP     =        0.0000  CMAP       =      157.4736
 VDWAALS =    37416.1403  EEL     =  -261904.6006  HBOND      =        0.0000
 1-4 VDW =      601.3848  1-4 EEL =     5970.2809  RESTRAINT  =      244.1931
 EAMBER  =  -183084.4966


   NSTEP       ENERGY          RMS            GMAX         NAME    NUMBER
   2600      -1.8301E+05     2.9267E-01     1.7989E+01     CB       1053

 BOND    =    33543.0225  ANGLE   =      447.0168  DIHED      =      744.4746
 UB      =        0.0000  IMP     =        0.0000  CMAP       =      157.2709
 VDWAALS =    37529.7173  EEL     =  -262248.1122  HBOND      =        0.0000
 1-4 VDW =      600.9754  1-4 EEL =     5969.8458  RESTRAINT  =      244.5913
 EAMBER  =  -183255.7889


   NSTEP       ENERGY          RMS            GMAX         NAME    NUMBER
   2650      -1.8315E+05     2.7221E-01     1.9976E+01     CD       1121

 BOND    =    33622.9480  ANGLE   =      447.0168  DIHED      =      744.1628
 UB      =        0.0000  IMP     =        0.0000  CMAP       =      157.4411
 VDWAALS =    37642.1847  EEL     =  -262577.4082  HBOND      =        0.0000
 1-4 VDW =      601.1605  1-4 EEL =     5969.7091  RESTRAINT  =      244.6778
 EAMBER  =  -183392.7853


   NSTEP       ENERGY          RMS            GMAX         NAME    NUMBER
   2700      -1.8326E+05     2.6524E-01     2.4397E+01     CD       1121

 BOND    =    33685.3116  ANGLE   =      447.1981  DIHED      =      744.1568
 UB      =        0.0000  IMP     =        0.0000  CMAP       =      157.5436
 VDWAALS =    37746.5616  EEL     =  -262857.2112  HBOND      =        0.0000
 1-4 VDW =      601.1485  1-4 EEL =     5969.5248  RESTRAINT  =      244.7768
 EAMBER  =  -183505.7661


   NSTEP       ENERGY          RMS            GMAX         NAME    NUMBER
   2750      -1.8336E+05     3.0384E-01     3.9138E+01     CD       1121

 BOND    =    33754.2611  ANGLE   =      447.3512  DIHED      =      744.3019
 UB      =        0.0000  IMP     =        0.0000  CMAP       =      157.6628
 VDWAALS =    37853.1708  EEL     =  -263136.5984  HBOND      =        0.0000
 1-4 VDW =      601.1653  1-4 EEL =     5969.5310  RESTRAINT  =      244.9128
 EAMBER  =  -183609.1543


   NSTEP       ENERGY          RMS            GMAX         NAME    NUMBER
   2800      -1.8353E+05     2.8490E-01     2.3810E+01     C1       2850

 BOND    =    33826.4912  ANGLE   =      446.3919  DIHED      =      744.0297
 UB      =        0.0000  IMP     =        0.0000  CMAP       =      157.5149
 VDWAALS =    37993.9303  EEL     =  -263516.0062  HBOND      =        0.0000
 1-4 VDW =      600.8852  1-4 EEL =     5968.9162  RESTRAINT  =      245.3029
 EAMBER  =  -183777.8469


   NSTEP       ENERGY          RMS            GMAX         NAME    NUMBER
   2850      -1.8366E+05     2.7622E-01     2.0767E+01     CD        649

 BOND    =    33908.6284  ANGLE   =      447.1460  DIHED      =      744.2389
 UB      =        0.0000  IMP     =        0.0000  CMAP       =      157.4979
 VDWAALS =    38113.9425  EEL     =  -263846.8249  HBOND      =        0.0000
 1-4 VDW =      600.7619  1-4 EEL =     5968.8139  RESTRAINT  =      245.7558
 EAMBER  =  -183905.7954


   NSTEP       ENERGY          RMS            GMAX         NAME    NUMBER
   2900      -1.8378E+05     2.2518E-01     1.3376E+01     C1       2850

 BOND    =    33971.5059  ANGLE   =      447.0781  DIHED      =      744.5199
 UB      =        0.0000  IMP     =        0.0000  CMAP       =      157.5210
 VDWAALS =    38233.5249  EEL     =  -264154.3493  HBOND      =        0.0000
 1-4 VDW =      600.7259  1-4 EEL =     5968.8271  RESTRAINT  =      246.3326
 EAMBER  =  -184030.6465


   NSTEP       ENERGY          RMS            GMAX         NAME    NUMBER
   2950      -1.8390E+05     2.1571E-01     2.4250E+01     C1       2850

 BOND    =    34035.5755  ANGLE   =      446.7987  DIHED      =      744.9522
 UB      =        0.0000  IMP     =        0.0000  CMAP       =      157.4205
 VDWAALS =    38355.7101  EEL     =  -264454.2719  HBOND      =        0.0000
 1-4 VDW =      600.8126  1-4 EEL =     5968.8837  RESTRAINT  =      246.9036
 EAMBER  =  -184144.1187


   NSTEP       ENERGY          RMS            GMAX         NAME    NUMBER
   3000      -1.8399E+05     2.0888E-01     2.3955E+01     CG       2526

 BOND    =    34076.5247  ANGLE   =      446.7132  DIHED      =      745.4483
 UB      =        0.0000  IMP     =        0.0000  CMAP       =      157.4521
 VDWAALS =    38455.8141  EEL     =  -264685.3413  HBOND      =        0.0000
 1-4 VDW =      600.9283  1-4 EEL =     5968.8437  RESTRAINT  =      246.9304
 EAMBER  =  -184233.6170


   NSTEP       ENERGY          RMS            GMAX         NAME    NUMBER
   3050      -1.8409E+05     2.0034E-01     1.3835E+01     CB       1053

 BOND    =    34142.0123  ANGLE   =      446.5243  DIHED      =      745.9511
 UB      =        0.0000  IMP     =        0.0000  CMAP       =      157.4206
 VDWAALS =    38559.6909  EEL     =  -264959.5972  HBOND      =        0.0000
 1-4 VDW =      601.1308  1-4 EEL =     5968.8002  RESTRAINT  =      247.2306
 EAMBER  =  -184338.0669


   NSTEP       ENERGY          RMS            GMAX         NAME    NUMBER
   3100      -1.8417E+05     1.8315E-01     1.2813E+01     CB       1053

 BOND    =    34187.9708  ANGLE   =      446.4058  DIHED      =      746.2205
 UB      =        0.0000  IMP     =        0.0000  CMAP       =      157.4158
 VDWAALS =    38636.2427  EEL     =  -265163.9508  HBOND      =        0.0000
 1-4 VDW =      601.2179  1-4 EEL =     5968.8767  RESTRAINT  =      247.3745
 EAMBER  =  -184419.6005


   NSTEP       ENERGY          RMS            GMAX         NAME    NUMBER
   3150      -1.8424E+05     3.7767E-01     3.5977E+01     CB       1053

 BOND    =    34237.3483  ANGLE   =      446.8355  DIHED      =      746.1944
 UB      =        0.0000  IMP     =        0.0000  CMAP       =      157.4623
 VDWAALS =    38700.9034  EEL     =  -265347.7678  HBOND      =        0.0000
 1-4 VDW =      601.3402  1-4 EEL =     5969.2844  RESTRAINT  =      247.2467
 EAMBER  =  -184488.3993


   NSTEP       ENERGY          RMS            GMAX         NAME    NUMBER
   3200      -1.8432E+05     2.1251E-01     1.3448E+01     CD       2358

 BOND    =    34264.5703  ANGLE   =      446.1822  DIHED      =      746.0389
 UB      =        0.0000  IMP     =        0.0000  CMAP       =      157.4884
 VDWAALS =    38760.2251  EEL     =  -265507.9497  HBOND      =        0.0000
 1-4 VDW =      601.3858  1-4 EEL =     5969.4981  RESTRAINT  =      247.3325
 EAMBER  =  -184562.5609


   NSTEP       ENERGY          RMS            GMAX         NAME    NUMBER
   3250      -1.8439E+05     2.1039E-01     1.9109E+01     CD       2358

 BOND    =    34299.8239  ANGLE   =      445.9569  DIHED      =      745.8639
 UB      =        0.0000  IMP     =        0.0000  CMAP       =      157.4947
 VDWAALS =    38819.8928  EEL     =  -265673.6836  HBOND      =        0.0000
 1-4 VDW =      601.4280  1-4 EEL =     5969.6527  RESTRAINT  =      247.8762
 EAMBER  =  -184633.5707


   NSTEP       ENERGY          RMS            GMAX         NAME    NUMBER
   3300      -1.8446E+05     2.0595E-01     9.6545E+00     CB       2535

 BOND    =    34339.6550  ANGLE   =      446.1245  DIHED      =      745.6594
 UB      =        0.0000  IMP     =        0.0000  CMAP       =      157.4953
 VDWAALS =    38881.7657  EEL     =  -265848.3170  HBOND      =        0.0000
 1-4 VDW =      601.5073  1-4 EEL =     5969.8363  RESTRAINT  =      248.8120
 EAMBER  =  -184706.2735


   NSTEP       ENERGY          RMS            GMAX         NAME    NUMBER
   3350      -1.8451E+05     1.8197E-01     8.1747E+00     CA       2563

 BOND    =    34362.3014  ANGLE   =      445.8431  DIHED      =      745.6060
 UB      =        0.0000  IMP     =        0.0000  CMAP       =      157.4963
 VDWAALS =    38921.8222  EEL     =  -265967.9322  HBOND      =        0.0000
 1-4 VDW =      601.6614  1-4 EEL =     5969.9918  RESTRAINT  =      248.2528
 EAMBER  =  -184763.2101


   NSTEP       ENERGY          RMS            GMAX         NAME    NUMBER
   3400      -1.8458E+05     1.5749E-01     1.4448E+01     CD       2358

 BOND    =    34389.3642  ANGLE   =      445.6776  DIHED      =      745.5928
 UB      =        0.0000  IMP     =        0.0000  CMAP       =      157.5048
 VDWAALS =    38964.4657  EEL     =  -266098.8239  HBOND      =        0.0000
 1-4 VDW =      601.7548  1-4 EEL =     5970.1327  RESTRAINT  =      247.8394
 EAMBER  =  -184824.3312


   NSTEP       ENERGY          RMS            GMAX         NAME    NUMBER
   3450      -1.8464E+05     2.0501E-01     7.9873E+00     O       39190

 BOND    =    34425.1523  ANGLE   =      445.7696  DIHED      =      745.5390
 UB      =        0.0000  IMP     =        0.0000  CMAP       =      157.5125
 VDWAALS =    39018.5830  EEL     =  -266249.5799  HBOND      =        0.0000
 1-4 VDW =      601.7818  1-4 EEL =     5970.2755  RESTRAINT  =      247.5031
 EAMBER  =  -184884.9662


   NSTEP       ENERGY          RMS            GMAX         NAME    NUMBER
   3500      -1.8469E+05     2.0636E-01     8.4610E+00     CD       1121

 BOND    =    34451.1519  ANGLE   =      445.6174  DIHED      =      745.4562
 UB      =        0.0000  IMP     =        0.0000  CMAP       =      157.5244
 VDWAALS =    39067.9631  EEL     =  -266379.0279  HBOND      =        0.0000
 1-4 VDW =      601.7766  1-4 EEL =     5970.5121  RESTRAINT  =      247.2111
 EAMBER  =  -184939.0262


   NSTEP       ENERGY          RMS            GMAX         NAME    NUMBER
   3550      -1.8475E+05     2.3258E-01     7.8361E+00     CD        649

 BOND    =    34482.4163  ANGLE   =      445.3183  DIHED      =      745.4371
 UB      =        0.0000  IMP     =        0.0000  CMAP       =      157.5130
 VDWAALS =    39109.5665  EEL     =  -266508.7740  HBOND      =        0.0000
 1-4 VDW =      601.7913  1-4 EEL =     5970.7475  RESTRAINT  =      246.9034
 EAMBER  =  -184995.9839


   NSTEP       ENERGY          RMS            GMAX         NAME    NUMBER
   3600      -1.8482E+05     2.7664E-01     1.6532E+01     CD        649

 BOND    =    34489.0402  ANGLE   =      445.3971  DIHED      =      745.4695
 UB      =        0.0000  IMP     =        0.0000  CMAP       =      157.4955
 VDWAALS =    39170.0077  EEL     =  -266642.4416  HBOND      =        0.0000
 1-4 VDW =      601.8062  1-4 EEL =     5970.8818  RESTRAINT  =      246.5577
 EAMBER  =  -185062.3436


   NSTEP       ENERGY          RMS            GMAX         NAME    NUMBER
   3650      -1.8489E+05     3.7836E-01     3.0926E+01     H1      40347

 BOND    =    34549.4165  ANGLE   =      445.2051  DIHED      =      745.8429
 UB      =        0.0000  IMP     =        0.0000  CMAP       =      157.5278
 VDWAALS =    39263.4756  EEL     =  -266874.0420  HBOND      =        0.0000
 1-4 VDW =      602.1639  1-4 EEL =     5971.3088  RESTRAINT  =      246.8820
 EAMBER  =  -185139.1015


   NSTEP       ENERGY          RMS            GMAX         NAME    NUMBER
   3700      -1.8496E+05     2.2106E-01     1.3395E+01     H2      40348

 BOND    =    34587.2889  ANGLE   =      444.4661  DIHED      =      746.2323
 UB      =        0.0000  IMP     =        0.0000  CMAP       =      157.4649
 VDWAALS =    39337.5424  EEL     =  -267055.7432  HBOND      =        0.0000
 1-4 VDW =      602.2660  1-4 EEL =     5971.3485  RESTRAINT  =      247.4424
 EAMBER  =  -185209.1342


   NSTEP       ENERGY          RMS            GMAX         NAME    NUMBER
   3750      -1.8500E+05     1.8282E-01     1.0371E+01     C1       2850

 BOND    =    34604.4788  ANGLE   =      444.7556  DIHED      =      746.0460
 UB      =        0.0000  IMP     =        0.0000  CMAP       =      157.4023
 VDWAALS =    39376.2037  EEL     =  -267154.1282  HBOND      =        0.0000
 1-4 VDW =      602.3137  1-4 EEL =     5971.2376  RESTRAINT  =      247.2517
 EAMBER  =  -185251.6904


   NSTEP       ENERGY          RMS            GMAX         NAME    NUMBER
   3800      -1.8504E+05     2.0526E-01     1.0803E+01     C1       2850

 BOND    =    34630.1639  ANGLE   =      444.8885  DIHED      =      746.0751
 UB      =        0.0000  IMP     =        0.0000  CMAP       =      157.3819
 VDWAALS =    39424.5251  EEL     =  -267264.7382  HBOND      =        0.0000
 1-4 VDW =      602.4004  1-4 EEL =     5971.1148  RESTRAINT  =      247.0453
 EAMBER  =  -185288.1886


   NSTEP       ENERGY          RMS            GMAX         NAME    NUMBER
   3850      -1.8509E+05     2.0601E-01     1.4188E+01     C1       2850

 BOND    =    34664.5098  ANGLE   =      444.5559  DIHED      =      745.9069
 UB      =        0.0000  IMP     =        0.0000  CMAP       =      157.4220
 VDWAALS =    39493.7192  EEL     =  -267419.0735  HBOND      =        0.0000
 1-4 VDW =      602.4031  1-4 EEL =     5971.2861  RESTRAINT  =      246.7612
 EAMBER  =  -185339.2705


   NSTEP       ENERGY          RMS            GMAX         NAME    NUMBER
   3900      -1.8514E+05     3.2933E-01     2.8520E+01     CD       2358

 BOND    =    34692.4683  ANGLE   =      444.2092  DIHED      =      745.8409
 UB      =        0.0000  IMP     =        0.0000  CMAP       =      157.4020
 VDWAALS =    39536.9419  EEL     =  -267536.5116  HBOND      =        0.0000
 1-4 VDW =      602.4241  1-4 EEL =     5971.7027  RESTRAINT  =      246.4101
 EAMBER  =  -185385.5226


   NSTEP       ENERGY          RMS            GMAX         NAME    NUMBER
   3950      -1.8518E+05     1.9092E-01     8.0226E+00     O        9374

 BOND    =    34708.8849  ANGLE   =      444.1880  DIHED      =      745.7026
 UB      =        0.0000  IMP     =        0.0000  CMAP       =      157.3542
 VDWAALS =    39575.3326  EEL     =  -267634.1027  HBOND      =        0.0000
 1-4 VDW =      602.4585  1-4 EEL =     5971.8159  RESTRAINT  =      246.2535
 EAMBER  =  -185428.3661


   NSTEP       ENERGY          RMS            GMAX         NAME    NUMBER
   4000      -1.8521E+05     1.7663E-01     6.8928E+00     CA        447

 BOND    =    34717.7766  ANGLE   =      444.6173  DIHED      =      745.8439
 UB      =        0.0000  IMP     =        0.0000  CMAP       =      157.3231
 VDWAALS =    39603.5544  EEL     =  -267704.0181  HBOND      =        0.0000
 1-4 VDW =      602.6287  1-4 EEL =     5971.5563  RESTRAINT  =      246.1692
 EAMBER  =  -185460.7178


   NSTEP       ENERGY          RMS            GMAX         NAME    NUMBER
   4050      -1.8525E+05     2.7886E-01     1.7201E+01     CA       1113

 BOND    =    34751.2515  ANGLE   =      444.5096  DIHED      =      745.8024
 UB      =        0.0000  IMP     =        0.0000  CMAP       =      157.3542
 VDWAALS =    39632.8740  EEL     =  -267800.8787  HBOND      =        0.0000
 1-4 VDW =      602.7446  1-4 EEL =     5971.6405  RESTRAINT  =      245.9835
 EAMBER  =  -185494.7020


   NSTEP       ENERGY          RMS            GMAX         NAME    NUMBER
   4100      -1.8528E+05     2.2729E-01     1.2955E+01     CA       1113

 BOND    =    34745.5628  ANGLE   =      445.2275  DIHED      =      745.7687
 UB      =        0.0000  IMP     =        0.0000  CMAP       =      157.3131
 VDWAALS =    39662.2624  EEL     =  -267857.5951  HBOND      =        0.0000
 1-4 VDW =      602.7725  1-4 EEL =     5971.5915  RESTRAINT  =      245.5226
 EAMBER  =  -185527.0965


   NSTEP       ENERGY          RMS            GMAX         NAME    NUMBER
   4150      -1.8532E+05     1.7591E-01     1.2148E+01     O       15078

 BOND    =    34785.3346  ANGLE   =      444.5733  DIHED      =      745.2275
 UB      =        0.0000  IMP     =        0.0000  CMAP       =      157.3673
 VDWAALS =    39700.5375  EEL     =  -267971.8841  HBOND      =        0.0000
 1-4 VDW =      602.5656  1-4 EEL =     5971.7117  RESTRAINT  =      245.3441
 EAMBER  =  -185564.5666


   NSTEP       ENERGY          RMS            GMAX         NAME    NUMBER
   4200      -1.8535E+05     1.5477E-01     8.9309E+00     O       15078

 BOND    =    34806.1055  ANGLE   =      444.2817  DIHED      =      745.1242
 UB      =        0.0000  IMP     =        0.0000  CMAP       =      157.3657
 VDWAALS =    39728.9128  EEL     =  -268054.6019  HBOND      =        0.0000
 1-4 VDW =      602.5683  1-4 EEL =     5971.7276  RESTRAINT  =      245.2361
 EAMBER  =  -185598.5160


   NSTEP       ENERGY          RMS            GMAX         NAME    NUMBER
   4250      -1.8538E+05     2.2209E-01     1.4700E+01     CA       1051

 BOND    =    34827.2066  ANGLE   =      444.3485  DIHED      =      745.0756
 UB      =        0.0000  IMP     =        0.0000  CMAP       =      157.3681
 VDWAALS =    39766.2493  EEL     =  -268143.0028  HBOND      =        0.0000
 1-4 VDW =      602.5895  1-4 EEL =     5971.5922  RESTRAINT  =      245.1557
 EAMBER  =  -185628.5730


   NSTEP       ENERGY          RMS            GMAX         NAME    NUMBER
   4300      -1.8542E+05     2.7749E-01     1.6872E+01     H1      14735

 BOND    =    34849.9876  ANGLE   =      445.6170  DIHED      =      745.2109
 UB      =        0.0000  IMP     =        0.0000  CMAP       =      157.2994
 VDWAALS =    39808.2643  EEL     =  -268242.6512  HBOND      =        0.0000
 1-4 VDW =      602.6694  1-4 EEL =     5971.2927  RESTRAINT  =      245.0685
 EAMBER  =  -185662.3100


   NSTEP       ENERGY          RMS            GMAX         NAME    NUMBER
   4350      -1.8546E+05     3.5825E-01     2.1194E+01     CE2      1105

 BOND    =    34874.1623  ANGLE   =      446.8680  DIHED      =      745.7686
 UB      =        0.0000  IMP     =        0.0000  CMAP       =      157.2193
 VDWAALS =    39859.3084  EEL     =  -268358.9321  HBOND      =        0.0000
 1-4 VDW =      602.8928  1-4 EEL =     5970.9844  RESTRAINT  =      245.0089
 EAMBER  =  -185701.7284


   NSTEP       ENERGY          RMS            GMAX         NAME    NUMBER
   4400      -1.8550E+05     2.5930E-01     1.4180E+01     CD       2358

 BOND    =    34887.2823  ANGLE   =      445.2207  DIHED      =      745.1487
 UB      =        0.0000  IMP     =        0.0000  CMAP       =      157.3112
 VDWAALS =    39883.1622  EEL     =  -268437.0797  HBOND      =        0.0000
 1-4 VDW =      602.7084  1-4 EEL =     5971.2581  RESTRAINT  =      244.9153
 EAMBER  =  -185744.9880


   NSTEP       ENERGY          RMS            GMAX         NAME    NUMBER
   4450      -1.8553E+05     3.0837E-01     2.4254E+01     CE2      1105

 BOND    =    34897.5054  ANGLE   =      444.5880  DIHED      =      744.8592
 UB      =        0.0000  IMP     =        0.0000  CMAP       =      157.3781
 VDWAALS =    39911.3903  EEL     =  -268500.0093  HBOND      =        0.0000
 1-4 VDW =      602.5032  1-4 EEL =     5971.6809  RESTRAINT  =      244.8989
 EAMBER  =  -185770.1041


   NSTEP       ENERGY          RMS            GMAX         NAME    NUMBER
   4500      -1.8555E+05     1.0295E-01     4.2280E+00     CD1      1099

 BOND    =    34903.8051  ANGLE   =      444.5436  DIHED      =      744.9655
 UB      =        0.0000  IMP     =        0.0000  CMAP       =      157.4249
 VDWAALS =    39939.0196  EEL     =  -268555.9119  HBOND      =        0.0000
 1-4 VDW =      602.4242  1-4 EEL =     5971.6123  RESTRAINT  =      244.8512
 EAMBER  =  -185792.1167


   NSTEP       ENERGY          RMS            GMAX         NAME    NUMBER
   4550      -1.8557E+05     2.7402E-01     1.8865E+01     CD1      1099

 BOND    =    34926.1289  ANGLE   =      445.6412  DIHED      =      745.0397
 UB      =        0.0000  IMP     =        0.0000  CMAP       =      157.4536
 VDWAALS =    39980.8877  EEL     =  -268647.0045  HBOND      =        0.0000
 1-4 VDW =      602.7120  1-4 EEL =     5971.8618  RESTRAINT  =      244.8617
 EAMBER  =  -185817.2796


   NSTEP       ENERGY          RMS            GMAX         NAME    NUMBER
   4600      -1.8560E+05     3.0755E-01     3.3046E+01     CD       2358

 BOND    =    34942.0911  ANGLE   =      445.4029  DIHED      =      745.2395
 UB      =        0.0000  IMP     =        0.0000  CMAP       =      157.4326
 VDWAALS =    40006.2994  EEL     =  -268717.9813  HBOND      =        0.0000
 1-4 VDW =      602.3940  1-4 EEL =     5971.7420  RESTRAINT  =      244.8091
 EAMBER  =  -185847.3798


   NSTEP       ENERGY          RMS            GMAX         NAME    NUMBER
   4650      -1.8565E+05     1.7647E-01     1.1921E+01     C1       2850

 BOND    =    34962.0709  ANGLE   =      445.2840  DIHED      =      745.0038
 UB      =        0.0000  IMP     =        0.0000  CMAP       =      157.5498
 VDWAALS =    40040.4296  EEL     =  -268820.9654  HBOND      =        0.0000
 1-4 VDW =      602.2342  1-4 EEL =     5971.5829  RESTRAINT  =      244.8612
 EAMBER  =  -185896.8102


   NSTEP       ENERGY          RMS            GMAX         NAME    NUMBER
   4700      -1.8568E+05     1.6747E-01     8.4283E+00     O       14790

 BOND    =    34977.2523  ANGLE   =      445.5289  DIHED      =      745.3125
 UB      =        0.0000  IMP     =        0.0000  CMAP       =      157.4428
 VDWAALS =    40057.0715  EEL     =  -268886.5391  HBOND      =        0.0000
 1-4 VDW =      602.2856  1-4 EEL =     5971.7588  RESTRAINT  =      244.9436
 EAMBER  =  -185929.8866


   NSTEP       ENERGY          RMS            GMAX         NAME    NUMBER
   4750      -1.8571E+05     2.0798E-01     1.1504E+01     H1      19455

 BOND    =    34984.4125  ANGLE   =      445.7407  DIHED      =      745.4002
 UB      =        0.0000  IMP     =        0.0000  CMAP       =      157.5389
 VDWAALS =    40077.1319  EEL     =  -268942.8555  HBOND      =        0.0000
 1-4 VDW =      602.1827  1-4 EEL =     5971.7274  RESTRAINT  =      245.0806
 EAMBER  =  -185958.7211


   NSTEP       ENERGY          RMS            GMAX         NAME    NUMBER
   4800      -1.8574E+05     2.0355E-01     2.3087E+01     C1       2850

 BOND    =    35000.8491  ANGLE   =      445.6403  DIHED      =      745.5320
 UB      =        0.0000  IMP     =        0.0000  CMAP       =      157.5301
 VDWAALS =    40101.6980  EEL     =  -269011.2774  HBOND      =        0.0000
 1-4 VDW =      602.2163  1-4 EEL =     5971.5883  RESTRAINT  =      245.1268
 EAMBER  =  -185986.2232


   NSTEP       ENERGY          RMS            GMAX         NAME    NUMBER
   4850      -1.8576E+05     1.6782E-01     1.1581E+01     C1       2850

 BOND    =    35008.7517  ANGLE   =      445.5014  DIHED      =      745.4746
 UB      =        0.0000  IMP     =        0.0000  CMAP       =      157.5780
 VDWAALS =    40124.9830  EEL     =  -269062.0055  HBOND      =        0.0000
 1-4 VDW =      602.1924  1-4 EEL =     5971.4801  RESTRAINT  =      245.1907
 EAMBER  =  -186006.0442

     .... RESTARTED DUE TO LINMIN FAILURE ...


   NSTEP       ENERGY          RMS            GMAX         NAME    NUMBER
   4900      -1.8577E+05     1.4767E-01     1.9348E+01     CD       2358

 BOND    =    35025.0414  ANGLE   =      445.7626  DIHED      =      745.3501
 UB      =        0.0000  IMP     =        0.0000  CMAP       =      157.6478
 VDWAALS =    40131.0190  EEL     =  -269094.4029  HBOND      =        0.0000
 1-4 VDW =      602.1376  1-4 EEL =     5971.5155  RESTRAINT  =      245.2503
 EAMBER  =  -186015.9289


   NSTEP       ENERGY          RMS            GMAX         NAME    NUMBER
   4950      -1.8582E+05     1.7115E-01     1.6284E+01     O       32590

 BOND    =    35045.3451  ANGLE   =      445.6068  DIHED      =      745.6197
 UB      =        0.0000  IMP     =        0.0000  CMAP       =      157.6423
 VDWAALS =    40176.5464  EEL     =  -269207.2212  HBOND      =        0.0000
 1-4 VDW =      602.1515  1-4 EEL =     5971.4961  RESTRAINT  =      245.5081
 EAMBER  =  -186062.8134


   NSTEP       ENERGY          RMS            GMAX         NAME    NUMBER
   5000      -1.8584E+05     1.0927E-01     6.0042E+00     O       32622

 BOND    =    35056.9132  ANGLE   =      445.9410  DIHED      =      745.7433
 UB      =        0.0000  IMP     =        0.0000  CMAP       =      157.6185
 VDWAALS =    40192.0191  EEL     =  -269260.5870  HBOND      =        0.0000
 1-4 VDW =      602.1867  1-4 EEL =     5971.5074  RESTRAINT  =      245.5505
 EAMBER  =  -186088.6579


  Maximum number of minimization cycles reached.


                    FINAL RESULTS



   NSTEP       ENERGY          RMS            GMAX         NAME    NUMBER
   5000      -1.8584E+05     1.0927E-01     6.0042E+00     O       32622

 BOND    =    35056.9132  ANGLE   =      445.9410  DIHED      =      745.7433
 UB      =        0.0000  IMP     =        0.0000  CMAP       =      157.6185
 VDWAALS =    40192.0191  EEL     =  -269260.5870  HBOND      =        0.0000
 1-4 VDW =      602.1867  1-4 EEL =     5971.5074  RESTRAINT  =      245.5505
 EAMBER  =  -186088.6579
--------------------------------------------------------------------------------
   5.  TIMINGS
--------------------------------------------------------------------------------

|  NonSetup CPU Time in Major Routines:
|
|     Routine           Sec        %
|     ------------------------------
|     Nonbond           3.17   35.88
|     Bond              0.00    0.00
|     Angle             0.00    0.00
|     Dihedral          0.00    0.00
|     Shake             0.00    0.00
|     Other             5.67   64.12
|     ------------------------------
|     Total             8.84

|  PME Nonbond Pairlist CPU Time:
|
|     Routine              Sec        %
|     ---------------------------------
|     Set Up Cit           0.00    0.00
|     Build List           0.00    0.00
|     ---------------------------------
|     Total                0.00    0.00

|  PME Direct Force CPU Time:
|
|     Routine              Sec        %
|     ---------------------------------
|     NonBonded Calc       0.00    0.00
|     Exclude Masked       0.00    0.00
|     Other                0.01    0.12
|     ---------------------------------
|     Total                0.01    0.12

|  PME Reciprocal Force CPU Time:
|
|     Routine              Sec        %
|     ---------------------------------
|     1D bspline           0.00    0.00
|     Grid Charges         0.00    0.00
|     Scalar Sum           0.00    0.00
|     Gradient Sum         0.00    0.00
|     FFT                  0.00    0.00
|     ---------------------------------
|     Total                0.00    0.00

|  Setup CPU time:            0.67 seconds
|  NonSetup CPU time:         8.84 seconds
|  Total CPU time:            9.50 seconds     0.00 hours

|  Setup wall time:           1    seconds
|  NonSetup wall time:        9    seconds
|  Total wall time:          10    seconds     0.00 hours
