
CPPTRAJ: Trajectory Analysis. V6.4.4 (AmberTools)
    ___  ___  ___  ___
     | \/ | \/ | \/ | 
    _|_/\_|_/\_|_/\_|_

| Date/time: 08/31/26 21:30:30
| Available memory: 502.304 GB

INPUT: Reading input from '/bigdata/cutlerlab/jjaco081/PYR1_pocket_expansion/results/factorial/S2_holo_closed_rep1/extract.in'
  [parm /bigdata/cutlerlab/jjaco081/PYR1_pocket_expansion/data/md191/S2_holo_closed/system.prmtop]
	Reading '/bigdata/cutlerlab/jjaco081/PYR1_pocket_expansion/data/md191/S2_holo_closed/system.prmtop' as Amber Topology
	Radius Set: modified Bondi radii (mbondi)
  [parm /bigdata/cutlerlab/jjaco081/PYR1_pocket_expansion/data/pyr1_closed_A.pdb [pclosed]]
	Reading '/bigdata/cutlerlab/jjaco081/PYR1_pocket_expansion/data/pyr1_closed_A.pdb' as PDB File
	Reading bond info from CONECT records.
	Not reading bond info from LINK records.
	Determining bond info from distances.
Warning: Determining bond length parameters from element types for 'pyr1_closed_A.pdb'.
  [parm /bigdata/cutlerlab/jjaco081/PYR1_pocket_expansion/data/pyr1_open_A.pdb [popen]]
	Reading '/bigdata/cutlerlab/jjaco081/PYR1_pocket_expansion/data/pyr1_open_A.pdb' as PDB File
	Reading bond info from CONECT records.
	Not reading bond info from LINK records.
Warning: Atom 10 CA in res SER 3 A has alternate location specifier A
Warning: Atom 13 CB in res SER 3 A has alternate location specifier A
Warning: Atom 14 OG in res SER 3 A has alternate location specifier A
Warning: Atom 232 CA in res SER 31 A has alternate location specifier A
Warning: Atom 235 CB in res SER 31 A has alternate location specifier A
Warning: Atom 236 OG in res SER 31 A has alternate location specifier A
Warning: Atom 238 CA in res SER 32 A has alternate location specifier A
Warning: Atom 241 CB in res SER 32 A has alternate location specifier A
Warning: Atom 242 OG in res SER 32 A has alternate location specifier A
Warning: Atom 456 CA in res TYR 58 A has alternate location specifier A
Warning: Atom 459 CB in res TYR 58 A has alternate location specifier A
Warning: Atom 460 CG in res TYR 58 A has alternate location specifier A
Warning: Atom 461 CD1 in res TYR 58 A has alternate location specifier A
Warning: Atom 462 CD2 in res TYR 58 A has alternate location specifier A
Warning: Atom 463 CE1 in res TYR 58 A has alternate location specifier A
Warning: Atom 464 CE2 in res TYR 58 A has alternate location specifier A
Warning: Atom 465 CZ in res TYR 58 A has alternate location specifier A
Warning: Atom 466 OH in res TYR 58 A has alternate location specifier A
Warning: Atom 728 CA in res ARG 95 A has alternate location specifier A
Warning: Atom 731 CB in res ARG 95 A has alternate location specifier A
Warning: Atom 732 CG in res ARG 95 A has alternate location specifier A
Warning: Atom 733 CD in res ARG 95 A has alternate location specifier A
Warning: Atom 734 NE in res ARG 95 A has alternate location specifier A
Warning: Atom 735 CZ in res ARG 95 A has alternate location specifier A
Warning: Atom 736 NH1 in res ARG 95 A has alternate location specifier A
Warning: Atom 737 NH2 in res ARG 95 A has alternate location specifier A
Warning: Atom 847 CA in res SER 109 A has alternate location specifier A
Warning: Atom 850 CB in res SER 109 A has alternate location specifier A
Warning: Atom 851 OG in res SER 109 A has alternate location specifier A
Warning: Atom 896 CA in res ARG 116 A has alternate location specifier A
Warning: Atom 899 CB in res ARG 116 A has alternate location specifier A
Warning: Atom 900 CG in res ARG 116 A has alternate location specifier A
Warning: Atom 901 CD in res ARG 116 A has alternate location specifier A
Warning: Atom 902 NE in res ARG 116 A has alternate location specifier A
Warning: Atom 903 CZ in res ARG 116 A has alternate location specifier A
Warning: Atom 904 NH1 in res ARG 116 A has alternate location specifier A
Warning: Atom 905 NH2 in res ARG 116 A has alternate location specifier A
Warning: Atom 995 CA in res ARG 128 A has alternate location specifier A
Warning: Atom 998 CB in res ARG 128 A has alternate location specifier A
Warning: Atom 999 CG in res ARG 128 A has alternate location specifier A
Warning: Atom 1000 CD in res ARG 128 A has alternate location specifier A
Warning: Atom 1001 NE in res ARG 128 A has alternate location specifier A
Warning: Atom 1002 CZ in res ARG 128 A has alternate location specifier A
Warning: Atom 1003 NH1 in res ARG 128 A has alternate location specifier A
Warning: Atom 1004 NH2 in res ARG 128 A has alternate location specifier A
Warning: Atom 1141 CA in res VAL 144 A has alternate location specifier A
Warning: Atom 1144 CB in res VAL 144 A has alternate location specifier A
Warning: Atom 1145 CG1 in res VAL 144 A has alternate location specifier A
Warning: Atom 1146 CG2 in res VAL 144 A has alternate location specifier A
Warning: Atom 1287 CA in res VAL 163 A has alternate location specifier A
Warning: Atom 1290 CB in res VAL 163 A has alternate location specifier A
Warning: Atom 1291 CG1 in res VAL 163 A has alternate location specifier A
Warning: Atom 1292 CG2 in res VAL 163 A has alternate location specifier A
Warning: Atom 1301 CA in res LYS 165 A has alternate location specifier A
Warning: Atom 1304 CB in res LYS 165 A has alternate location specifier A
Warning: Atom 1305 CG in res LYS 165 A has alternate location specifier A
Warning: Atom 1306 CD in res LYS 165 A has alternate location specifier A
Warning: Atom 1307 CE in res LYS 165 A has alternate location specifier A
Warning: Atom 1308 NZ in res LYS 165 A has alternate location specifier A
	Determining bond info from distances.
Warning: Determining bond length parameters from element types for 'pyr1_open_A.pdb'.
  [reference /bigdata/cutlerlab/jjaco081/PYR1_pocket_expansion/data/pyr1_closed_A.pdb parm [pclosed] [closed]]
	Reading '/bigdata/cutlerlab/jjaco081/PYR1_pocket_expansion/data/pyr1_closed_A.pdb' as PDB
	Setting active reference for distance-based masks: 'pyr1_closed_A.pdb'
Warning: Active reference has only 1409 atoms, parm 'system.prmtop' has 46570.
Warning: Parm will only have reference coordinates for the first 1409 atoms (distance-based masks only).
Warning: Active reference has only 1409 atoms, parm 'pyr1_open_A.pdb' has 1428.
Warning: Parm will only have reference coordinates for the first 1409 atoms (distance-based masks only).
  [reference /bigdata/cutlerlab/jjaco081/PYR1_pocket_expansion/data/pyr1_open_A.pdb parm [popen] [open]]
	Reading '/bigdata/cutlerlab/jjaco081/PYR1_pocket_expansion/data/pyr1_open_A.pdb' as PDB
Warning: PDB has 59 records wih alternate atom location IDs.
  [trajin /bigdata/cutlerlab/jjaco081/PYR1_pocket_expansion/data/md191/S2_holo_closed/rep1/prod.nc]
	Reading '/bigdata/cutlerlab/jjaco081/PYR1_pocket_expansion/data/md191/S2_holo_closed/rep1/prod.nc' as Amber NetCDF
  [trajin /bigdata/cutlerlab/jjaco081/PYR1_pocket_expansion/data/md191/S2_holo_closed/rep1/prod_cont_001.nc]
	Reading '/bigdata/cutlerlab/jjaco081/PYR1_pocket_expansion/data/md191/S2_holo_closed/rep1/prod_cont_001.nc' as Amber NetCDF
  [autoimage]
    AUTOIMAGE: To box center based on center of mass, anchor is first molecule.
  [rms core :1-84,90-114,118-147,157-181@CA,C,N,O first mass out /bigdata/cutlerlab/jjaco081/PYR1_pocket_expansion/results/factorial/S2_holo_closed_rep1/core_rmsd.dat]
    RMSD: (:1-84,90-114,118-147,157-181@CA,C,N,O), reference is first frame (:1-84,90-114,118-147,157-181@CA,C,N,O), mass-weighted.
	Best-fit RMSD will be calculated, coords will be rotated and translated.
  [rms fitC :1-84,90-114,118-147,157-181@CA,C,N,O ref [closed]]
    RMSD: (:1-84,90-114,118-147,157-181@CA,C,N,O), reference is "[closed]:1" (:1-84,90-114,118-147,157-181@CA,C,N,O).
	Best-fit RMSD will be calculated, coords will be rotated and translated.
  [rms g2c :85-89@CA,C,N,O ref [closed] nofit out /bigdata/cutlerlab/jjaco081/PYR1_pocket_expansion/results/factorial/S2_holo_closed_rep1/gate_to_closed.dat]
    RMSD: (:85-89@CA,C,N,O), reference is "[closed]:1" (:85-89@CA,C,N,O).
	No fitting will be performed.
  [rms l2c :115-117@CA,C,N,O ref [closed] nofit out /bigdata/cutlerlab/jjaco081/PYR1_pocket_expansion/results/factorial/S2_holo_closed_rep1/latch_to_closed.dat]
    RMSD: (:115-117@CA,C,N,O), reference is "[closed]:1" (:115-117@CA,C,N,O).
	No fitting will be performed.
  [rms fitO :1-84,90-114,118-147,157-181@CA,C,N,O ref [open]]
    RMSD: (:1-84,90-114,118-147,157-181@CA,C,N,O), reference is "[open]:1" (:1-84,90-114,118-147,157-181@CA,C,N,O).
	Best-fit RMSD will be calculated, coords will be rotated and translated.
  [rms g2o :85-89@CA,C,N,O ref [open] nofit out /bigdata/cutlerlab/jjaco081/PYR1_pocket_expansion/results/factorial/S2_holo_closed_rep1/gate_to_open.dat]
    RMSD: (:85-89@CA,C,N,O), reference is "[open]:1" (:85-89@CA,C,N,O).
	No fitting will be performed.
  [rms l2o :115-117@CA,C,N,O ref [open] nofit out /bigdata/cutlerlab/jjaco081/PYR1_pocket_expansion/results/factorial/S2_holo_closed_rep1/latch_to_open.dat]
    RMSD: (:115-117@CA,C,N,O), reference is "[open]:1" (:115-117@CA,C,N,O).
	No fitting will be performed.
  [nativecontacts ":85-89&!@H=" ":115-117&!@H=" distance 4.0 first out /bigdata/cutlerlab/jjaco081/PYR1_pocket_expansion/results/factorial/S2_holo_closed_rep1/gatelatch.dat]
    NATIVECONTACTS: Mask1=':85-89&!@H*' Mask2=':115-117&!@H*', native contacts set up based on first frame.
	Distance cutoff is 4 Angstroms, imaging is on.
	Mask selection will not include solvent.
	Data set name: Contacts_00012
	Output to '/bigdata/cutlerlab/jjaco081/PYR1_pocket_expansion/results/factorial/S2_holo_closed_rep1/gatelatch.dat'
	Contact stats will be written to 'STDOUT'
	Contact res pairs will be written to 'STDOUT'
  [rms fitL :1-84,90-114,118-147,157-181@CA,C,N,O first]
    RMSD: (:1-84,90-114,118-147,157-181@CA,C,N,O), reference is first frame (:1-84,90-114,118-147,157-181@CA,C,N,O).
	Best-fit RMSD will be calculated, coords will be rotated and translated.
  [rms lig :A8S&!@H= first nofit out /bigdata/cutlerlab/jjaco081/PYR1_pocket_expansion/results/factorial/S2_holo_closed_rep1/lig_rmsd.dat]
    RMSD: (:A8S&!@H*), reference is first frame (:A8S&!@H*).
	No fitting will be performed.
  [nativecontacts ":A8S&!@H=" ":1-191&!@H=" distance 4.0 first out /bigdata/cutlerlab/jjaco081/PYR1_pocket_expansion/results/factorial/S2_holo_closed_rep1/lig_contacts.dat]
    NATIVECONTACTS: Mask1=':A8S&!@H*' Mask2=':1-191&!@H*', native contacts set up based on first frame.
	Distance cutoff is 4 Angstroms, imaging is on.
	Mask selection will not include solvent.
	Data set name: Contacts_00016
	Output to '/bigdata/cutlerlab/jjaco081/PYR1_pocket_expansion/results/factorial/S2_holo_closed_rep1/lig_contacts.dat'
	Contact stats will be written to 'STDOUT'
	Contact res pairs will be written to 'STDOUT'
  [atomicfluct out /bigdata/cutlerlab/jjaco081/PYR1_pocket_expansion/results/factorial/S2_holo_closed_rep1/rmsf.dat :1-191@CA byres]
    ATOMICFLUCT: calculating atomic positional fluctuations over residues.
	Output to file /bigdata/cutlerlab/jjaco081/PYR1_pocket_expansion/results/factorial/S2_holo_closed_rep1/rmsf.dat
	Atom mask: [:1-191@CA]
	Start: 1  Stop: Final frame
  [go]
---------- RUN BEGIN -------------------------------------------------

PARAMETER FILES (3 total):
 0: system.prmtop, 46570 atoms, 11126 res, box: Truncated octahedron, 10936 mol, 10867 solvent
 1: [pclosed] pyr1_closed_A.pdb, 1409 atoms, 178 res, box: None, 3 mol
 2: [popen] pyr1_open_A.pdb, 1428 atoms, 178 res, box: None, 3 mol

INPUT TRAJECTORIES (2 total):
 0: 'prod.nc' is a NetCDF AMBER trajectory with coordinates, time, box, Parm system.prmtop (Truncated octahedron box) (reading 851 of 851)
 1: 'prod_cont_001.nc' is a NetCDF AMBER trajectory with coordinates, time, box, Parm system.prmtop (Truncated octahedron box) (reading 29149 of 29149)
  Coordinate processing will occur on 30000 frames.

REFERENCE FRAMES (2 total):
    0: [closed]:1
    1: [open]:1
	Active reference frame for distance-based masks is '[closed]:1'

BEGIN TRAJECTORY PROCESSING:
.....................................................
ACTION SETUP FOR PARM 'system.prmtop' (13 actions):
  0: [autoimage]
	Original box is truncated octahedron, turning on 'familiar'.
	Using first molecule as anchor.
	1 molecules are fixed to anchor: 2
	10934 molecules are mobile.
  1: [rms core :1-84,90-114,118-147,157-181@CA,C,N,O first mass out /bigdata/cutlerlab/jjaco081/PYR1_pocket_expansion/results/factorial/S2_holo_closed_rep1/core_rmsd.dat]
	Target mask: [:1-84,90-114,118-147,157-181@CA,C,N,O](656)
	Reference topology: system.prmtop
	Reference mask: [:1-84,90-114,118-147,157-181@CA,C,N,O](656)
  2: [rms fitC :1-84,90-114,118-147,157-181@CA,C,N,O ref [closed]]
	Target mask: [:1-84,90-114,118-147,157-181@CA,C,N,O](656)
	Reference topology: pyr1_closed_A.pdb
	Reference mask: [:1-84,90-114,118-147,157-181@CA,C,N,O](644)
Warning: Number of atoms in target mask (656) does not equal
Warning:   number of atoms in reference mask (644).
Warning: Setup incomplete for [rms]: Skipping
  3: [rms g2c :85-89@CA,C,N,O ref [closed] nofit out /bigdata/cutlerlab/jjaco081/PYR1_pocket_expansion/results/factorial/S2_holo_closed_rep1/gate_to_closed.dat]
	Target mask: [:85-89@CA,C,N,O](20)
	Reference topology: pyr1_closed_A.pdb
	Reference mask: [:85-89@CA,C,N,O](20)
  4: [rms l2c :115-117@CA,C,N,O ref [closed] nofit out /bigdata/cutlerlab/jjaco081/PYR1_pocket_expansion/results/factorial/S2_holo_closed_rep1/latch_to_closed.dat]
	Target mask: [:115-117@CA,C,N,O](12)
	Reference topology: pyr1_closed_A.pdb
	Reference mask: [:115-117@CA,C,N,O](12)
  5: [rms fitO :1-84,90-114,118-147,157-181@CA,C,N,O ref [open]]
	Target mask: [:1-84,90-114,118-147,157-181@CA,C,N,O](656)
	Reference topology: pyr1_open_A.pdb
	Reference mask: [:1-84,90-114,118-147,157-181@CA,C,N,O](644)
Warning: Number of atoms in target mask (656) does not equal
Warning:   number of atoms in reference mask (644).
Warning: Setup incomplete for [rms]: Skipping
  6: [rms g2o :85-89@CA,C,N,O ref [open] nofit out /bigdata/cutlerlab/jjaco081/PYR1_pocket_expansion/results/factorial/S2_holo_closed_rep1/gate_to_open.dat]
	Target mask: [:85-89@CA,C,N,O](20)
	Reference topology: pyr1_open_A.pdb
	Reference mask: [:85-89@CA,C,N,O](20)
  7: [rms l2o :115-117@CA,C,N,O ref [open] nofit out /bigdata/cutlerlab/jjaco081/PYR1_pocket_expansion/results/factorial/S2_holo_closed_rep1/latch_to_open.dat]
	Target mask: [:115-117@CA,C,N,O](12)
	Reference topology: pyr1_open_A.pdb
	Reference mask: [:115-117@CA,C,N,O](12)
  8: [nativecontacts ":85-89&!@H=" ":115-117&!@H=" distance 4.0 first out /bigdata/cutlerlab/jjaco081/PYR1_pocket_expansion/results/factorial/S2_holo_closed_rep1/gatelatch.dat]
	Mask [:85-89&!@H*] corresponds to 30 atoms.
	Mask [:115-117&!@H*] corresponds to 29 atoms.
	30 potential contact sites for ':85-89&!@H*'
	29 potential contact sites for ':115-117&!@H*'
	Imaging enabled.
  9: [rms fitL :1-84,90-114,118-147,157-181@CA,C,N,O first]
	Target mask: [:1-84,90-114,118-147,157-181@CA,C,N,O](656)
	Reference topology: system.prmtop
	Reference mask: [:1-84,90-114,118-147,157-181@CA,C,N,O](656)
  10: [rms lig :A8S&!@H= first nofit out /bigdata/cutlerlab/jjaco081/PYR1_pocket_expansion/results/factorial/S2_holo_closed_rep1/lig_rmsd.dat]
	Target mask: [:A8S&!@H*](19)
	Reference topology: system.prmtop
	Reference mask: [:A8S&!@H*](19)
  11: [nativecontacts ":A8S&!@H=" ":1-191&!@H=" distance 4.0 first out /bigdata/cutlerlab/jjaco081/PYR1_pocket_expansion/results/factorial/S2_holo_closed_rep1/lig_contacts.dat]
	Mask [:A8S&!@H*] corresponds to 19 atoms.
	Mask [:1-191&!@H*] corresponds to 1514 atoms.
	19 potential contact sites for ':A8S&!@H*'
	1514 potential contact sites for ':1-191&!@H*'
	Imaging enabled.
  12: [atomicfluct out /bigdata/cutlerlab/jjaco081/PYR1_pocket_expansion/results/factorial/S2_holo_closed_rep1/rmsf.dat :1-191@CA byres]
	Mask [:1-191@CA] corresponds to 191 atoms.
----- prod.nc (1-851, 1) -----
	Using first frame to determine native contacts.
	Mask [:85-89&!@H*] corresponds to 30 atoms.
	Mask [:115-117&!@H*] corresponds to 29 atoms.
	Setup 2 native contacts:
		Atom ':88@O' to ':115@CA'
		Atom ':88@O' to ':115@CB'
	Using first frame to determine native contacts.
	Mask [:A8S&!@H*] corresponds to 19 atoms.
	Mask [:1-191&!@H*] corresponds to 1514 atoms.
	Setup 48 native contacts:
		Atom ':192@C1' to ':59@NZ'
		Atom ':192@C1' to ':122@OG'
		Atom ':192@C1' to ':167@ND2'
		Atom ':192@C2' to ':120@OH'
		Atom ':192@C2' to ':122@OG'
		Atom ':192@C2' to ':163@CG1'
		Atom ':192@C3' to ':120@OH'
		Atom ':192@C3' to ':163@CG1'
		Atom ':192@C4' to ':163@CG1'
		Atom ':192@C6' to ':120@CZ'
		Atom ':192@C6' to ':120@OH'
		Atom ':192@C6' to ':160@CA'
		Atom ':192@C6' to ':160@CB'
		Atom ':192@O1' to ':62@CG1'
		Atom ':192@O1' to ':62@CD1'
		Atom ':192@C9' to ':83@CG1'
		Atom ':192@C9' to ':89@CB'
		Atom ':192@C10' to ':89@CB'
		Atom ':192@C10' to ':115@CD2'
		Atom ':192@O2' to ':89@CB'
		Atom ':192@O2' to ':115@CB'
		Atom ':192@O2' to ':115@CG'
		Atom ':192@O2' to ':115@CD2'
		Atom ':192@C11' to ':92@OG'
		Atom ':192@O3' to ':59@CD'
		Atom ':192@O3' to ':59@CE'
		Atom ':192@O3' to ':59@NZ'
		Atom ':192@O3' to ':163@CG1'
		Atom ':192@O3' to ':167@ND2'
		Atom ':192@C12' to ':92@OG'
		Atom ':192@O4' to ':59@CE'
		Atom ':192@O4' to ':59@NZ'
		Atom ':192@O4' to ':122@CB'
		Atom ':192@O4' to ':122@OG'
		Atom ':192@O4' to ':141@OE2'
		Atom ':192@O4' to ':167@ND2'
		Atom ':192@C13' to ':61@CB'
		Atom ':192@C13' to ':61@CG'
		Atom ':192@C13' to ':87@CD2'
		Atom ':192@C13' to ':163@CG2'
		Atom ':192@C14' to ':81@CG1'
		Atom ':192@C14' to ':83@CG1'
		Atom ':192@C14' to ':92@CB'
		Atom ':192@C14' to ':92@OG'
		Atom ':192@C15' to ':92@OG'
		Atom ':192@C15' to ':94@CD'
		Atom ':192@C15' to ':94@OE1'
		Atom ':192@C15' to ':94@OE2'
 0% 
----- prod_cont_001.nc (1-29149, 1) -----
10% 20% 30% 40% 50% 60% 70% 80% 90% 100% Complete.

Read 30000 frames and processed 30000 frames.
TIME: Avg. throughput= 238.0473 frames / second.

ACTION OUTPUT:
    CONTACTS: Contacts_00012
#Res1       #Res2  TotalFrac   Contacts
88            115      0.053          2
#                     Contact  Nframes    Frac.      Avg    Stdev
       1        :88@O_:115@CB      913   0.0304     3.78    0.182
       2        :88@O_:115@CA      677   0.0226     3.84    0.133
    CONTACTS: Contacts_00016
#Res1       #Res2  TotalFrac   Contacts
192            59     4.3854          6
192           120    2.27167          4
192           163    2.22947          5
192           167    2.08907          3
192            89    1.68173          3
192            92    1.34687          5
192            61     0.8644          2
192            62     0.5675          2
192           160   0.534433          2
192           141   0.295267          1
192            83   0.193533          2
192           115   0.190567          4
192            94  0.0806667          3
192            87  0.0662333          1
192           122  0.0571333          4
192            81 0.00173333          1
#                     Contact  Nframes    Frac.      Avg    Stdev
       1       :192@O4_:59@NZ    29986        1      2.8    0.127
       2       :192@C1_:59@NZ    28432    0.948     3.63    0.229
       3       :192@O4_:59@CE    27212    0.907     3.55    0.239
       4      :192@C2_:120@OH    26128    0.871     3.54    0.232
       5     :192@O4_:167@ND2    25619    0.854     3.26    0.406
       6       :192@O2_:89@CB    25351    0.845      3.5    0.242
       7     :192@C3_:163@CG1    25123    0.837     3.66     0.17
       8     :192@C1_:167@ND2    24222    0.807     3.65    0.186
       9      :192@C13_:61@CB    22941    0.765     3.68    0.184
      10     :192@C2_:163@CG1    21283    0.709     3.59    0.227
      11       :192@O3_:59@CD    20283    0.676     3.72     0.17
      12      :192@C10_:89@CB    19085    0.636     3.73    0.168
      13      :192@C14_:92@CB    18143    0.605     3.78     0.15
      14      :192@C6_:120@OH    17331    0.578      3.7    0.202
      15      :192@C6_:120@CZ    16761    0.559     3.73    0.183
      16      :192@C15_:92@OG    16364    0.545      3.7    0.195
      17      :192@O1_:62@CD1    16050    0.535     3.69    0.181
      18       :192@O3_:59@NZ    14860    0.495     3.35    0.339
      19     :192@O3_:167@ND2    12831    0.428     3.67    0.245
      20     :192@C4_:163@CG1    10923    0.364     3.82    0.127
      21       :192@O3_:59@CE    10789     0.36     3.76    0.176
      22     :192@O4_:141@OE2     8858    0.295     3.84    0.126
      23      :192@C6_:160@CB     8226    0.274     3.81    0.142
      24      :192@C3_:120@OH     7930    0.264     3.81     0.16
      25      :192@C6_:160@CA     7807     0.26     3.84    0.114
      26     :192@O3_:163@CG1     6107    0.204     3.76    0.178
      27       :192@C9_:89@CB     6016    0.201     3.81     0.15
      28      :192@C14_:92@OG     5597    0.187     3.77    0.176
      29      :192@O2_:115@CB     5412     0.18     3.77    0.173
      30      :192@C9_:83@CG1     4092    0.136     3.78    0.146
      31    :192@C13_:163@CG2     3448    0.115     3.83    0.131
      32      :192@C13_:61@CG     2991   0.0997     3.85    0.134
      33     :192@C13_:87@CD2     1987   0.0662     3.79    0.151
      34     :192@C14_:83@CG1     1714   0.0571     3.76    0.152
      35     :192@C15_:94@OE2     1399   0.0466     3.72    0.225
      36      :192@O1_:62@CG1      975   0.0325     3.76    0.187
      37     :192@C15_:94@OE1      670   0.0223     3.81    0.163
      38      :192@C2_:122@OG      627   0.0209     3.75    0.197
      39      :192@O4_:122@OG      524   0.0175     3.25    0.548
      40      :192@C15_:94@CD      351   0.0117     3.74    0.175
      41      :192@C12_:92@OG      298  0.00993      3.9   0.0809
      42      :192@O4_:122@CB      286  0.00953      3.5    0.196
      43      :192@C1_:122@OG      277  0.00923     3.45    0.184
      44      :192@O2_:115@CG      186   0.0062     3.82    0.161
      45     :192@O2_:115@CD2       91  0.00303     3.65    0.254
      46     :192@C14_:81@CG1       52  0.00173     3.82    0.128
      47    :192@C10_:115@CD2       28 0.000933     3.85    0.131
      48      :192@C11_:92@OG        4 0.000133     3.68    0.223
    ATOMICFLUCT: Calculating fluctuations for 30000 sets.
TIME: Analyses took 0.0000 seconds.

DATASETS (14 total):
	core "core" (double, rms), size is 30000 (240.000 kB)
	fitC "fitC" (double, rms), size is 0
	g2c "g2c" (double, rms), size is 30000 (240.000 kB)
	l2c "l2c" (double, rms), size is 30000 (240.000 kB)
	fitO "fitO" (double, rms), size is 0
	g2o "g2o" (double, rms), size is 30000 (240.000 kB)
	l2o "l2o" (double, rms), size is 30000 (240.000 kB)
	Contacts_00012[native] "Contacts_00012[native]" (integer), size is 30000 (120.000 kB)
	Contacts_00012[nonnative] "Contacts_00012[nonnative]" (integer), size is 30000 (120.000 kB)
	fitL "fitL" (double, rms), size is 30000 (240.000 kB)
	lig "lig" (double, rms), size is 30000 (240.000 kB)
	Contacts_00016[native] "Contacts_00016[native]" (integer), size is 30000 (120.000 kB)
	Contacts_00016[nonnative] "Contacts_00016[nonnative]" (integer), size is 30000 (120.000 kB)
	Fluct_00018 "AtomicFlx" (X-Y mesh), size is 191 (3.056 kB)
    Total data set memory usage is at least 2.163 MB

DATAFILES (13 total):
  core_rmsd.dat (Standard Data File):  core
  gate_to_closed.dat (Standard Data File):  g2c
  latch_to_closed.dat (Standard Data File):  l2c
  gate_to_open.dat (Standard Data File):  g2o
  latch_to_open.dat (Standard Data File):  l2o
  gatelatch.dat (Standard Data File):  Contacts_00012[native] Contacts_00012[nonnative]
  lig_rmsd.dat (Standard Data File):  lig
  lig_contacts.dat (Standard Data File):  Contacts_00016[native] Contacts_00016[nonnative]
  rmsf.dat (Standard Data File):  AtomicFlx
  STDOUT (Native Contacts)
  STDOUT (Contact Res Pairs)
  STDOUT (Native Contacts)
  STDOUT (Contact Res Pairs)

RUN TIMING:
TIME:		Init               : 0.0001 s (  0.00%)
TIME:		Trajectory Process : 126.0254 s ( 99.86%)
TIME:		Action Post        : 0.0001 s (  0.00%)
TIME:		Analysis           : 0.0000 s (  0.00%)
TIME:		Data File Write    : 0.1742 s (  0.14%)
TIME:		Other              : 0.0006 s (  0.00%)
TIME:	Run Total 126.2003 s
---------- RUN END ---------------------------------------------------
  [quit]
TIME: Total execution time: 126.5328 seconds.
--------------------------------------------------------------------------------
To cite CPPTRAJ use:
Daniel R. Roe and Thomas E. Cheatham, III, "PTRAJ and CPPTRAJ: Software for
  Processing and Analysis of Molecular Dynamics Trajectory Data". J. Chem.
  Theory Comput., 2013, 9 (7), pp 3084-3095.

