
                 ./       |      |        \.
               .:(        |i __ j|        ):`.
             .'   `._     |`::::'|     _.'    `.
           .'        "---.j `::' f.---"         `.
     _____/     ___    ____      __    __  ____   ___    
    |      \   |   |  |     `__'|  \  /  ||    | |   \    
    |  .-.  | .'   `| | .-.  |-/|   \/   || ___| |  . \   
    |  |_|  | |  i  | | |_| /"":|        || |    | | \ \  
    |       / | .^. | |    /::::|        || |__. | |  \ \ 
    |  ----'  | | | | |    \ :: |        ||  __| | |  |  )
    |  |     .' ''' `.|  |\ \   |  i  i  j| |    . | /  /  
    |  |     |   _   ||  | \ \  |  |\/|  || |__. | |.  / .
   [|  |     |  | |  ||  |  \ \ |  |  |  ||    | |    /   ].
  ] `--'     :--' `--::--'   \_|`--' ::--"|____|-"-- /    :[
  |      __  ::-'''`.:' "--.    .----::.----:: ,.---._    :|
  [  .-""  "`'              \  /      "      `'       `-. :].
 ]:.'                        \/                          `.:[
 |/                                                        \|

ParmEd: a Parameter file Editor


Loaded Amber topology file dual.prmtop with coordinates from dual.inpcrd

['merge.parmed']
Reading actions from merge.parmed

Merging molecules [:1-179] [:180-358] with sc mask [:59@CB,HB2,HB3,CG,HG2,HG3,CD,HD2,HD3,CE,HE2,HE3,NZ,HZ1,HZ2,HZ3] [:238@CB,HB2,HB3,CG,HG2,HG3,CD,HD2,HD3,NE,HE,CZ,NH1,HH11,HH12,NH2,HH21,HH22]
Merging molecules :1-179 and :180-358 into the same molecule.
Use softcore mask:
timask1='@931,932,933,934,935,936,937,938,939,940,941,942,943,944,945,946',
timask2='@2850,2851,2852,2853,2854,2855,2856,2857,2858,2859,2860,2861,2862,2863,2864,2865,2866,2867',
scmask1='@931,932,933,934,935,936,937,938,939,940,941,942,943,944,945,946',
scmask2='@2850,2851,2852,2853,2854,2855,2856,2857,2858,2859,2860,2861,2862,2863,2864,2865,2866,2867',
Outputting Amber topology file ti.prmtop and restart ti.inpcrd
Done!
