
          -------------------------------------------------------
          Amber 22 PMEMD                              2022
          -------------------------------------------------------

| PMEMD implementation of SANDER, Release 22

|  Compiled date/time: Thu Apr 14 11:06:37 2022
| Run on 09/01/2026 at 12:52:35

|   Executable path: pmemd.cuda
| Working directory: /bigdata/cutlerlab/jjaco081/PYR1_pocket_expansion/data/posecheck/mandi_predicted/rep1
|          Hostname: gpu09

  [-O]verwriting output

File Assignments:
|   MDIN: heat.in                                                               
|  MDOUT: heat.out                                                              
| INPCRD: min2.rst7                                                             
|   PARM: /bigdata/cutlerlab/jjaco081/PYR1_pocket_expansion/data/posecheck/mandi
| RESTRT: heat.rst7                                                             
|   REFC: min2.rst7                                                             
|  MDVEL: mdvel                                                                 
|   MDEN: mden                                                                  
|  MDCRD: heat.nc                                                               
| MDINFO: heat.info                                                             
|  MDFRC: mdfrc                                                                 


 Here is the input file:

NVT heating 0 -> 300.0 K over 200 ps                                           
 &cntrl                                                                        
  imin=0, irest=0, ntx=1,                                                      
  nstlim=100000, dt=0.002,                                                     
  ntc=2, ntf=2, cut=10.0,                                                      
  ntb=1, ntp=0,                                                                
  ntt=3, gamma_ln=2.0, ig=-1,                                                  
  tempi=0.0, temp0=300.0,                                                      
  nmropt=1,                                                                    
  ntr=1, restraintmask='!:WAT,Na+,K+,Cl- & !@H=', restraint_wt=5.0,            
  ntpr=5000, ntwx=5000, ntwr=50000,                                            
 /                                                                             
 &wt type='TEMP0', istep1=0, istep2=80000, value1=0.0, value2=300.0 /          
 &wt type='TEMP0', istep1=80001, istep2=100000, value1=300.0, value2=300.0 /   
 &wt type='END' /                                                              


Note: ig = -1. Setting random seed to   398819 based on wallclock time in 
      microseconds.
| irandom = 1, using AMBER's internal random number generator (default).
 
|--------------------- INFORMATION ----------------------
| GPU (CUDA) Version of PMEMD in use: NVIDIA GPU IN USE.
|                    Version 18.0.0
| 
|                      03/25/2018
| 
| Implementation by:
|                    Ross C. Walker     (SDSC)
|                    Scott Le Grand     (nVIDIA)
| 
| Version 18 performance extensions by:
|                    David Cerutti     (Rutgers)
| 
| Precision model in use:
|      [SPFP] - Single Precision Forces, 64-bit Fixed Point
|               Accumulation. (Default)
| 
|--------------------------------------------------------
 
|----------------- CITATION INFORMATION -----------------
|
|    When publishing work that utilized the CUDA version
|    of AMBER, please cite the following in addition to
|    the regular AMBER citations:
|
|  - Romelia Salomon-Ferrer; Andreas W. Goetz; Duncan
|    Poole; Scott Le Grand; Ross C. Walker "Routine
|    microsecond molecular dynamics simulations with
|    AMBER - Part II: Particle Mesh Ewald", J. Chem.
|    Theory Comput., 2013, 9 (9), pp3878-3888,
|    DOI: 10.1021/ct400314y.
|
|  - Andreas W. Goetz; Mark J. Williamson; Dong Xu;
|    Duncan Poole; Scott Le Grand; Ross C. Walker
|    "Routine microsecond molecular dynamics simulations
|    with AMBER - Part I: Generalized Born", J. Chem.
|    Theory Comput., 2012, 8 (5), pp1542-1555.
|
|  - Scott Le Grand; Andreas W. Goetz; Ross C. Walker
|    "SPFP: Speed without compromise - a mixed precision
|    model for GPU accelerated molecular dynamics
|    simulations.", Comp. Phys. Comm., 2013, 184
|    pp374-380, DOI: 10.1016/j.cpc.2012.09.022
|
|--------------------------------------------------------
 
|------------------- GPU DEVICE INFO --------------------
|
|            CUDA_VISIBLE_DEVICES: 0
|   CUDA Capable Devices Detected:      1
|           CUDA Device ID in use:      0
|                CUDA Device Name: NVIDIA RTX 6000 Ada Generation
|     CUDA Device Global Mem Size:  48510 MB
| CUDA Device Num Multiprocessors:    142
|           CUDA Device Core Freq:   2.50 GHz
|
|--------------------------------------------------------
 
 
| Conditional Compilation Defines Used:
| PUBFFT
| BINTRAJ
| CUDA
| EMIL

| Largest sphere to fit in unit cell has radius =    32.308

| New format PARM file being parsed.
| Version =    1.000 Date = 09/01/26 Time = 11:34:09

| Note: 1-4 EEL scale factors are being read from the topology file.

| Note: 1-4 VDW scale factors are being read from the topology file.
| INFO:    Virtual site frames will be inferred from bonding patterns.
| Duplicated    0 dihedrals

| Duplicated    0 dihedrals

--------------------------------------------------------------------------------
   1.  RESOURCE   USE: 
--------------------------------------------------------------------------------

 getting box info from netcdf restart file
 NATOM  =   43858 NTYPES =      30 NBONH =   32110 MBONA  =   11715
 NTHETH =    3266 MTHETA =    2018 NPHIH =    6640 MPHIA  =    6378
 NHPARM =       0 NPARM  =       0 NNB   =   87608 NRES   =   10464
 NBONA  =   11715 NTHETA =    2018 NPHIA =    6378 NUMBND =      96
 NUMANG =     212 NPTRA  =     219 NATYP =      53 NPHB   =       0
 IFBOX  =       2 NMXRS  =      56 IFCAP =       0 NEXTRA =   10223
 NCOPY  =       0


| Coordinate Index Table dimensions:    12   12   12
| Direct force subcell size =     6.5948    6.5948    6.5948

     BOX TYPE: TRUNCATED OCTAHEDRON

--------------------------------------------------------------------------------
   2.  CONTROL  DATA  FOR  THE  RUN
--------------------------------------------------------------------------------

default_name                                                                    

General flags:
     imin    =       0, nmropt  =       1

Nature and format of input:
     ntx     =       1, irest   =       0, ntrx    =       1

Nature and format of output:
     ntxo    =       2, ntpr    =    5000, ntrx    =       1, ntwr    =   50000
     iwrap   =       0, ntwx    =    5000, ntwv    =       0, ntwe    =       0
     ioutfm  =       1, ntwprt  =       0, idecomp =       0, rbornstat=      0

Potential function:
     ntf     =       2, ntb     =       1, igb     =       0, nsnb    =      25
     ipol    =       0, gbsa    =       0, iesp    =       0
     dielc   =   1.00000, cut     =  10.00000, intdiel =   1.00000

Frozen or restrained atoms:
     ibelly  =       0, ntr     =       1
     restraint_wt =   5.00000

Molecular dynamics:
     nstlim  =    100000, nscm    =         0, nrespa  =         1
     t       =   0.00000, dt      =   0.00200, vlimit  =  -1.00000

Langevin dynamics temperature regulation:
     ig      =  398819
     temp0   = 300.00000, tempi   =   0.00000, gamma_ln=   2.00000

SHAKE:
     ntc     =       2, jfastw  =       0
     tol     =   0.00001

NMR refinement options:
     iscale  =       0, noeskp  =       1, ipnlty  =       1, mxsub   =       1
     scalm   = 100.00000, pencut  =   0.10000, tausw   =   0.10000

| Intermolecular bonds treatment:
|     no_intermolecular_bonds =       1

| Energy averages sample interval:
|     ene_avg_sampling =    5000

Extra-points options:
     frameon =       1, chngmask=       1

Ewald parameters:
     verbose =       0, ew_type =       0, nbflag  =       1, use_pme =       1
     vdwmeth =       1, eedmeth =       1, netfrc  =       1
     Box X =   79.137   Box Y =   79.137   Box Z =   79.137
     Alpha =  109.471   Beta  =  109.471   Gamma =  109.471
     NFFT1 =   80       NFFT2 =   80       NFFT3 =   80
     Cutoff=   10.000   Tol   =0.100E-04
     Ewald Coefficient =  0.27511
     Interpolation order =    4

    LOADING THE CONSTRAINED ATOMS AS GROUPS


   5.  REFERENCE ATOM COORDINATES

  default_name                                                                    
     Mask !:WAT,Na+,K+,Cl- & !@H=; matches  1464 atoms
|      EXTRA_PTS, trim_bonds: num bonds BEFORE trim = 32110     0
|      EXTRA_PTS, trim_bonds: num bonds AFTER  trim = 32110     0
|      EXTRA_PTS, trim_bonds: num bonds BEFORE trim = 11715     0
|      EXTRA_PTS, trim_bonds: num bonds AFTER  trim =  1492     0
|      EXTRA_PTS, trim_theta: num angle BEFORE trim =  3266     0
|      EXTRA_PTS, trim_theta: num angle AFTER  trim =  3266     0
|      EXTRA_PTS, trim_theta: num angle BEFORE trim =  2018     0
|      EXTRA_PTS, trim_theta: num angle AFTER  trim =  2018     0
|      EXTRA_PTS, trim_phi:  num diheds BEFORE trim =  6640     0
|      EXTRA_PTS, trim_phi:  num diheds AFTER  trim =  6640     0
|      EXTRA_PTS, trim_phi:  num diheds BEFORE trim =  6378     0
|      EXTRA_PTS, trim_phi:  num diheds AFTER  trim =  6378     0

--------------------------------------------------------------------------------
   3.  ATOMIC COORDINATES AND VELOCITIES
--------------------------------------------------------------------------------

default_name                                                                    
 begin time read from input coords =     0.000 ps



           Begin reading energy term weight changes/NMR restraints
 WEIGHT CHANGES:
 TEMP0         0  80000    0.000000  300.000000      0      0
 TEMP0     80001 100000  300.000000  300.000000      0      0

 RESTRAINTS:
                          ** No restraint defined **

                  Done reading weight changes/NMR restraints


 
 Number of triangulated 3-point waters found:    10223

     Sum of charges from parm topology file =   0.00205605
     Forcing neutrality...

| Dynamic Memory, Types Used:
| Reals             1514564
| Integers          4281977

| Nonbonded Pairs Initial Allocation:    13265948

| GPU memory information (estimate):
| KB of GPU memory in use:    421404
| KB of CPU memory in use:    100788

--------------------------------------------------------------------------------
   4.  RESULTS
--------------------------------------------------------------------------------


 NSTEP =        0   TIME(PS) =       0.000  TEMP(K) =     0.00  PRESS =     0.0
 Etot   =   -222279.5853  EKtot   =         0.0000  EPtot      =   -222279.5853
 BOND   =       111.7451  ANGLE   =       431.6388  DIHED      =       748.5010
 UB     =         0.0000  IMP     =         0.0000  CMAP       =       137.5048
 1-4 NB =       548.5743  1-4 EEL =      5894.3776  VDWAALS    =     40861.0942
 EELEC  =   -271013.0211  EHBOND  =         0.0000  RESTRAINT  =         0.0000
 ------------------------------------------------------------------------------

 NMR restraints: Bond =    0.000   Angle =     0.000   Torsion =     0.000
===============================================================================

 NSTEP =     5000   TIME(PS) =      10.000  TEMP(K) =    17.92  PRESS =     0.0
 Etot   =   -157164.2437  EKtot   =      1224.7812  EPtot      =   -158389.0249
 BOND   =       134.0995  ANGLE   =       489.7002  DIHED      =       764.3541
 UB     =         0.0000  IMP     =         0.0000  CMAP       =       138.1412
 1-4 NB =       556.8178  1-4 EEL =      5893.5167  VDWAALS    =     24484.3843
 EELEC  =   -190881.4493  EHBOND  =         0.0000  RESTRAINT  =        31.4107
 EAMBER (non-restraint)  =   -158420.4356
 ------------------------------------------------------------------------------

 NMR restraints: Bond =    0.000   Angle =     0.000   Torsion =     0.000
===============================================================================

 NSTEP =    10000   TIME(PS) =      20.000  TEMP(K) =    36.55  PRESS =     0.0
 Etot   =   -155088.0863  EKtot   =      2498.1401  EPtot      =   -157586.2265
 BOND   =       165.9881  ANGLE   =       555.9175  DIHED      =       779.9651
 UB     =         0.0000  IMP     =         0.0000  CMAP       =       141.5519
 1-4 NB =       560.7516  1-4 EEL =      5886.8495  VDWAALS    =     24240.6257
 EELEC  =   -189962.6904  EHBOND  =         0.0000  RESTRAINT  =        44.8145
 EAMBER (non-restraint)  =   -157631.0410
 ------------------------------------------------------------------------------

 NMR restraints: Bond =    0.000   Angle =     0.000   Torsion =     0.000
===============================================================================

 NSTEP =    15000   TIME(PS) =      30.000  TEMP(K) =    55.88  PRESS =     0.0
 Etot   =   -152991.8515  EKtot   =      3819.3735  EPtot      =   -156811.2250
 BOND   =       200.7083  ANGLE   =       655.0336  DIHED      =       793.7553
 UB     =         0.0000  IMP     =         0.0000  CMAP       =       139.6925
 1-4 NB =       560.4451  1-4 EEL =      5882.1196  VDWAALS    =     23993.9102
 EELEC  =   -189091.3476  EHBOND  =         0.0000  RESTRAINT  =        54.4579
 EAMBER (non-restraint)  =   -156865.6829
 ------------------------------------------------------------------------------

 NMR restraints: Bond =    0.000   Angle =     0.000   Torsion =     0.000
===============================================================================

 NSTEP =    20000   TIME(PS) =      40.000  TEMP(K) =    74.10  PRESS =     0.0
 Etot   =   -150715.2943  EKtot   =      5065.1729  EPtot      =   -155780.4671
 BOND   =       221.9057  ANGLE   =       704.9924  DIHED      =       807.2285
 UB     =         0.0000  IMP     =         0.0000  CMAP       =       137.8910
 1-4 NB =       565.5280  1-4 EEL =      5896.2136  VDWAALS    =     23828.5541
 EELEC  =   -188013.9252  EHBOND  =         0.0000  RESTRAINT  =        71.1447
 EAMBER (non-restraint)  =   -155851.6118
 ------------------------------------------------------------------------------

 NMR restraints: Bond =    0.000   Angle =     0.000   Torsion =     0.000
===============================================================================

 NSTEP =    25000   TIME(PS) =      50.000  TEMP(K) =    92.70  PRESS =     0.0
 Etot   =   -148562.0308  EKtot   =      6336.5913  EPtot      =   -154898.6221
 BOND   =       241.2704  ANGLE   =       754.2714  DIHED      =       824.1156
 UB     =         0.0000  IMP     =         0.0000  CMAP       =       138.0560
 1-4 NB =       566.9771  1-4 EEL =      5913.5052  VDWAALS    =     23557.4310
 EELEC  =   -186978.3149  EHBOND  =         0.0000  RESTRAINT  =        84.0660
 EAMBER (non-restraint)  =   -154982.6881
 ------------------------------------------------------------------------------

 NMR restraints: Bond =    0.000   Angle =     0.000   Torsion =     0.000
===============================================================================

 NSTEP =    30000   TIME(PS) =      60.000  TEMP(K) =   110.93  PRESS =     0.0
 Etot   =   -146427.7029  EKtot   =      7582.8081  EPtot      =   -154010.5110
 BOND   =       257.2026  ANGLE   =       811.6720  DIHED      =       851.0201
 UB     =         0.0000  IMP     =         0.0000  CMAP       =       139.9186
 1-4 NB =       580.4961  1-4 EEL =      5923.7300  VDWAALS    =     23591.2352
 EELEC  =   -186266.8386  EHBOND  =         0.0000  RESTRAINT  =       101.0529
 EAMBER (non-restraint)  =   -154111.5639
 ------------------------------------------------------------------------------

 NMR restraints: Bond =    0.000   Angle =     0.000   Torsion =     0.000
===============================================================================

 NSTEP =    35000   TIME(PS) =      70.000  TEMP(K) =   130.30  PRESS =     0.0
 Etot   =   -144039.5649  EKtot   =      8906.5020  EPtot      =   -152946.0669
 BOND   =       317.4209  ANGLE   =       901.4949  DIHED      =       855.8834
 UB     =         0.0000  IMP     =         0.0000  CMAP       =       138.4457
 1-4 NB =       580.9538  1-4 EEL =      5882.0060  VDWAALS    =     23458.7651
 EELEC  =   -185196.6817  EHBOND  =         0.0000  RESTRAINT  =       115.6449
 EAMBER (non-restraint)  =   -153061.7118
 ------------------------------------------------------------------------------

 NMR restraints: Bond =    0.000   Angle =     0.000   Torsion =     0.000
===============================================================================

 NSTEP =    40000   TIME(PS) =      80.000  TEMP(K) =   149.41  PRESS =     0.0
 Etot   =   -141698.9863  EKtot   =     10212.9229  EPtot      =   -151911.9092
 BOND   =       328.2687  ANGLE   =       975.2107  DIHED      =       869.9220
 UB     =         0.0000  IMP     =         0.0000  CMAP       =       141.7215
 1-4 NB =       595.7036  1-4 EEL =      5914.1014  VDWAALS    =     23074.0067
 EELEC  =   -183952.2978  EHBOND  =         0.0000  RESTRAINT  =       141.4540
 EAMBER (non-restraint)  =   -152053.3632
 ------------------------------------------------------------------------------

 NMR restraints: Bond =    0.000   Angle =     0.000   Torsion =     0.000
===============================================================================

 NSTEP =    45000   TIME(PS) =      90.000  TEMP(K) =   165.50  PRESS =     0.0
 Etot   =   -139562.3926  EKtot   =     11312.8115  EPtot      =   -150875.2041
 BOND   =       380.1201  ANGLE   =      1013.9861  DIHED      =       894.6513
 UB     =         0.0000  IMP     =         0.0000  CMAP       =       141.1116
 1-4 NB =       599.5302  1-4 EEL =      5913.5564  VDWAALS    =     22898.5093
 EELEC  =   -182860.6079  EHBOND  =         0.0000  RESTRAINT  =       143.9390
 EAMBER (non-restraint)  =   -151019.1431
 ------------------------------------------------------------------------------

 NMR restraints: Bond =    0.000   Angle =     0.000   Torsion =     0.000
===============================================================================

 NSTEP =    50000   TIME(PS) =     100.000  TEMP(K) =   187.15  PRESS =     0.0
 Etot   =   -136810.7591  EKtot   =     12792.5361  EPtot      =   -149603.2952
 BOND   =       405.5924  ANGLE   =      1083.2504  DIHED      =       924.9012
 UB     =         0.0000  IMP     =         0.0000  CMAP       =       138.6277
 1-4 NB =       591.7369  1-4 EEL =      5909.3925  VDWAALS    =     22464.5028
 EELEC  =   -181277.9294  EHBOND  =         0.0000  RESTRAINT  =       156.6303
 EAMBER (non-restraint)  =   -149759.9255
 ------------------------------------------------------------------------------

 NMR restraints: Bond =    0.000   Angle =     0.000   Torsion =     0.000
===============================================================================

 NSTEP =    55000   TIME(PS) =     110.000  TEMP(K) =   202.24  PRESS =     0.0
 Etot   =   -134516.2598  EKtot   =     13823.8301  EPtot      =   -148340.0899
 BOND   =       429.2312  ANGLE   =      1156.5456  DIHED      =       923.0689
 UB     =         0.0000  IMP     =         0.0000  CMAP       =       140.0593
 1-4 NB =       613.7505  1-4 EEL =      5905.0378  VDWAALS    =     22299.9006
 EELEC  =   -179982.6267  EHBOND  =         0.0000  RESTRAINT  =       174.9429
 EAMBER (non-restraint)  =   -148515.0328
 ------------------------------------------------------------------------------

 NMR restraints: Bond =    0.000   Angle =     0.000   Torsion =     0.000
===============================================================================

 NSTEP =    60000   TIME(PS) =     120.000  TEMP(K) =   224.59  PRESS =     0.0
 Etot   =   -131541.9924  EKtot   =     15351.6729  EPtot      =   -146893.6652
 BOND   =       452.6565  ANGLE   =      1221.7152  DIHED      =       933.9637
 UB     =         0.0000  IMP     =         0.0000  CMAP       =       139.7714
 1-4 NB =       608.9863  1-4 EEL =      5886.6502  VDWAALS    =     21477.5608
 EELEC  =   -177802.9537  EHBOND  =         0.0000  RESTRAINT  =       187.9843
 EAMBER (non-restraint)  =   -147081.6496
 ------------------------------------------------------------------------------

 NMR restraints: Bond =    0.000   Angle =     0.000   Torsion =     0.000
===============================================================================

 NSTEP =    65000   TIME(PS) =     130.000  TEMP(K) =   243.21  PRESS =     0.0
 Etot   =   -128638.6252  EKtot   =     16624.4785  EPtot      =   -145263.1037
 BOND   =       488.8964  ANGLE   =      1310.6921  DIHED      =       953.6922
 UB     =         0.0000  IMP     =         0.0000  CMAP       =       144.3395
 1-4 NB =       620.3521  1-4 EEL =      5907.0915  VDWAALS    =     20982.3053
 EELEC  =   -175867.6354  EHBOND  =         0.0000  RESTRAINT  =       197.1627
 EAMBER (non-restraint)  =   -145460.2664
 ------------------------------------------------------------------------------

 NMR restraints: Bond =    0.000   Angle =     0.000   Torsion =     0.000
===============================================================================

 NSTEP =    70000   TIME(PS) =     140.000  TEMP(K) =   264.17  PRESS =     0.0
 Etot   =   -124870.8016  EKtot   =     18056.9023  EPtot      =   -142927.7040
 BOND   =       506.3904  ANGLE   =      1401.5692  DIHED      =       971.2344
 UB     =         0.0000  IMP     =         0.0000  CMAP       =       141.8315
 1-4 NB =       623.8586  1-4 EEL =      5865.0327  VDWAALS    =     20021.6376
 EELEC  =   -172666.3764  EHBOND  =         0.0000  RESTRAINT  =       207.1180
 EAMBER (non-restraint)  =   -143134.8220
 ------------------------------------------------------------------------------

 NMR restraints: Bond =    0.000   Angle =     0.000   Torsion =     0.000
===============================================================================

 NSTEP =    75000   TIME(PS) =     150.000  TEMP(K) =   279.64  PRESS =     0.0
 Etot   =   -120920.7935  EKtot   =     19114.5234  EPtot      =   -140035.3169
 BOND   =       503.1693  ANGLE   =      1441.9898  DIHED      =       978.8838
 UB     =         0.0000  IMP     =         0.0000  CMAP       =       145.7809
 1-4 NB =       627.6500  1-4 EEL =      5875.8445  VDWAALS    =     18261.6109
 EELEC  =   -168079.8510  EHBOND  =         0.0000  RESTRAINT  =       209.6049
 EAMBER (non-restraint)  =   -140244.9218
 ------------------------------------------------------------------------------

 NMR restraints: Bond =    0.000   Angle =     0.000   Torsion =     0.000
===============================================================================

 NSTEP =    80000   TIME(PS) =     160.000  TEMP(K) =   301.26  PRESS =     0.0
 Etot   =   -115389.7773  EKtot   =     20592.6055  EPtot      =   -135982.3828
 BOND   =       579.0698  ANGLE   =      1498.2807  DIHED      =       977.8952
 UB     =         0.0000  IMP     =         0.0000  CMAP       =       150.0163
 1-4 NB =       626.8636  1-4 EEL =      5835.2920  VDWAALS    =     16498.9518
 EELEC  =   -162383.3165  EHBOND  =         0.0000  RESTRAINT  =       234.5642
 EAMBER (non-restraint)  =   -136216.9470
 ------------------------------------------------------------------------------

 NMR restraints: Bond =    0.000   Angle =     0.000   Torsion =     0.000
===============================================================================

 NSTEP =    85000   TIME(PS) =     170.000  TEMP(K) =   302.30  PRESS =     0.0
 Etot   =   -114136.4252  EKtot   =     20663.6660  EPtot      =   -134800.0912
 BOND   =       594.4149  ANGLE   =      1484.5208  DIHED      =       988.6948
 UB     =         0.0000  IMP     =         0.0000  CMAP       =       152.9834
 1-4 NB =       628.9268  1-4 EEL =      5894.5547  VDWAALS    =     15861.5855
 EELEC  =   -160635.0678  EHBOND  =         0.0000  RESTRAINT  =       229.2959
 EAMBER (non-restraint)  =   -135029.3871
 ------------------------------------------------------------------------------

 NMR restraints: Bond =    0.000   Angle =     0.000   Torsion =     0.000
===============================================================================

 NSTEP =    90000   TIME(PS) =     180.000  TEMP(K) =   300.18  PRESS =     0.0
 Etot   =   -114607.7415  EKtot   =     20518.4160  EPtot      =   -135126.1575
 BOND   =       547.5521  ANGLE   =      1498.0063  DIHED      =       998.0339
 UB     =         0.0000  IMP     =         0.0000  CMAP       =       149.1001
 1-4 NB =       623.5165  1-4 EEL =      5875.1747  VDWAALS    =     15954.9900
 EELEC  =   -161027.2765  EHBOND  =         0.0000  RESTRAINT  =       254.7454
 EAMBER (non-restraint)  =   -135380.9029
 ------------------------------------------------------------------------------

 NMR restraints: Bond =    0.000   Angle =     0.000   Torsion =     0.000
===============================================================================

 NSTEP =    95000   TIME(PS) =     190.000  TEMP(K) =   301.72  PRESS =     0.0
 Etot   =   -114104.9892  EKtot   =     20624.1426  EPtot      =   -134729.1318
 BOND   =       570.8846  ANGLE   =      1503.5735  DIHED      =      1009.4068
 UB     =         0.0000  IMP     =         0.0000  CMAP       =       148.7000
 1-4 NB =       629.0649  1-4 EEL =      5869.3830  VDWAALS    =     16049.8262
 EELEC  =   -160752.8098  EHBOND  =         0.0000  RESTRAINT  =       242.8391
 EAMBER (non-restraint)  =   -134971.9709
 ------------------------------------------------------------------------------

 NMR restraints: Bond =    0.000   Angle =     0.000   Torsion =     0.000
===============================================================================

 NSTEP =   100000   TIME(PS) =     200.000  TEMP(K) =   296.91  PRESS =     0.0
 Etot   =   -114640.2841  EKtot   =     20295.2305  EPtot      =   -134935.5146
 BOND   =       558.8190  ANGLE   =      1484.1711  DIHED      =       998.2412
 UB     =         0.0000  IMP     =         0.0000  CMAP       =       151.2296
 1-4 NB =       631.1574  1-4 EEL =      5855.9247  VDWAALS    =     15803.3500
 EELEC  =   -160657.3486  EHBOND  =         0.0000  RESTRAINT  =       238.9410
 EAMBER (non-restraint)  =   -135174.4556
 ------------------------------------------------------------------------------

 NMR restraints: Bond =    0.000   Angle =     0.000   Torsion =     0.000
===============================================================================

      A V E R A G E S   O V E R      20 S T E P S


 NSTEP =   100000   TIME(PS) =     200.000  TEMP(K) =   186.83  PRESS =     0.0
 Etot   =   -134321.4301  EKtot   =     12770.8554  EPtot      =   -147092.2855
 BOND   =       394.1830  ANGLE   =      1097.3297  DIHED      =       904.9456
 UB     =         0.0000  IMP     =         0.0000  CMAP       =       142.9485
 1-4 NB =       599.6533  1-4 EEL =      5889.2488  VDWAALS    =     20940.1822
 EELEC  =   -177216.8673  EHBOND  =         0.0000  RESTRAINT  =       156.0907
 EAMBER (non-restraint)  =   -147248.3761
 ------------------------------------------------------------------------------

 NMR restraints: Bond =    0.000   Angle =     0.000   Torsion =     0.000
===============================================================================

      R M S  F L U C T U A T I O N S


 NSTEP =   100000   TIME(PS) =     200.000  TEMP(K) =    96.09  PRESS =     0.0
 Etot   =     14767.7950  EKtot   =      6568.3360  EPtot      =      8321.7518
 BOND   =       147.2672  ANGLE   =       341.5661  DIHED      =        79.0261
 UB     =         0.0000  IMP     =         0.0000  CMAP       =         4.7853
 1-4 NB =        26.4774  1-4 EEL =        21.8524  VDWAALS    =      3185.0014
 EELEC  =     10857.5165  EHBOND  =         0.0000  RESTRAINT  =        70.6589
 EAMBER (non-restraint)  =      8251.0929
 ------------------------------------------------------------------------------


 NMR restraints on final step:

--------------------------------------------------------------------------------
   5.  TIMINGS
--------------------------------------------------------------------------------

|  NonSetup CPU Time in Major Routines:
|
|     Routine           Sec        %
|     ------------------------------
|     Nonbond           7.50   19.52
|     Bond              0.00    0.00
|     Angle             0.00    0.00
|     Dihedral          0.00    0.00
|     Shake             0.48    1.26
|     RunMD            30.19   78.58
|     Other             0.25    0.64
|     ------------------------------
|     Total            38.42

|  PME Nonbond Pairlist CPU Time:
|
|     Routine              Sec        %
|     ---------------------------------
|     Set Up Cit           0.00    0.00
|     Build List           0.00    0.00
|     ---------------------------------
|     Total                0.00    0.00

|  PME Direct Force CPU Time:
|
|     Routine              Sec        %
|     ---------------------------------
|     NonBonded Calc       0.00    0.00
|     Exclude Masked       0.00    0.00
|     Other                0.16    0.42
|     ---------------------------------
|     Total                0.16    0.42

|  PME Reciprocal Force CPU Time:
|
|     Routine              Sec        %
|     ---------------------------------
|     1D bspline           0.00    0.00
|     Grid Charges         0.00    0.00
|     Scalar Sum           0.00    0.00
|     Gradient Sum         0.00    0.00
|     FFT                  0.00    0.00
|     ---------------------------------
|     Total                0.00    0.00

|  Final Performance Info:
|     -----------------------------------------------------
|     Average timings for last  100000 steps:
|     Elapsed(s) =      38.56 Per Step(ms) =       0.39
|         ns/day =     448.18   seconds/ns =     192.78
|
|     Average timings for all steps:
|     Elapsed(s) =      38.56 Per Step(ms) =       0.39
|         ns/day =     448.18   seconds/ns =     192.78
|     -----------------------------------------------------

|  Setup CPU time:            0.60 seconds
|  NonSetup CPU time:        38.42 seconds
|  Total CPU time:           39.02 seconds     0.01 hours

|  Setup wall time:           1    seconds
|  NonSetup wall time:       39    seconds
|  Total wall time:          40    seconds     0.01 hours
