            --------------------------------------------------------
                             AMBER SQM VERSION 19
 
                                     By
              Ross C. Walker, Michael F. Crowley, Scott Brozell,
                         Tim Giese, Andreas W. Goetz,
                        Tai-Sung Lee and David A. Case
 
            --------------------------------------------------------
 

--------------------------------------------------------------------------------
  QM CALCULATION INFO
--------------------------------------------------------------------------------

| QMMM: Citation for AMBER QMMM Run:
| QMMM: R.C. Walker, M.F. Crowley and D.A. Case, J. COMP. CHEM. 29:1019, 2008

QMMM: SINGLET STATE CALCULATION
QMMM: RHF CALCULATION, NO. OF DOUBLY OCCUPIED LEVELS = 51

| QMMM: *** Selected Hamiltonian *** 
| QMMM: AM1         

| QMMM: *** Parameter sets in use ***
| QMMM: C : M.J.S.DEWAR et al. JACS, 107, 3902, (1985)
| QMMM: O : M.J.S.DEWAR et al. JACS, 107, 3902, (1985)
| QMMM: H : M.J.S.DEWAR et al. JACS, 107, 3902, (1985)

| QMMM: *** SCF convergence criteria ***
| QMMM: Energy change                :  0.1D-09 kcal/mol
| QMMM: Error matrix |FP-PF|         :  0.1D+00 au
| QMMM: Density matrix change        :  0.5D-06
| QMMM: Maximum number of SCF cycles :     1000

| QMMM: *** Diagonalization Routine Information ***
| QMMM: Pseudo diagonalizations are allowed.
| QMMM: Auto diagonalization routine selection is in use.
| QMMM:
| QMMM: Timing diagonalization routines:
| QMMM:                              norbs =       94
| QMMM:    diag iterations used for timing =       15
| QMMM:
| QMMM:              Internal diag routine = 0.017576 seconds
| QMMM:                 Dspev diag routine = 0.020819 seconds
| QMMM:                Dspevd diag routine = 0.010815 seconds
| QMMM:                Dspevx diag routine = 0.056749 seconds
| QMMM:                 Dsyev diag routine = 0.020229 seconds
| QMMM:                Dsyevd diag routine = 0.009288 seconds
| QMMM:                Dsyevr diag routine = 0.012363 seconds
| QMMM:
| QMMM:                Pseudo diag routine = 0.006290 seconds
| QMMM:
| QMMM: Using dsyevd routine (diag_routine=6).

  QMMM: QM Region Cartesian Coordinates (*=link atom) 
  QMMM: QM_NO.   MM_NO.  ATOM         X         Y         Z
  QMMM:     1        1      C        2.1830   22.9680   33.4170
  QMMM:     2        2      C        3.5240   23.3120   33.6370
  QMMM:     3        3      O        4.4160   23.7850   32.7150
  QMMM:     4        4      C        5.5970   23.9880   33.3490
  QMMM:     5        5      C        5.4940   23.6530   34.6780
  QMMM:     6        6      C        4.1570   23.2140   34.8770
  QMMM:     7        7      C        3.4260   22.7440   35.9860
  QMMM:     8        8      C        2.0830   22.3870   35.8110
  QMMM:     9        9      C        1.2880   21.8960   36.9270
  QMMM:    10       10      C        0.0090   21.5610   36.7350
  QMMM:    11       11      C       -0.6470   21.6660   35.4210
  QMMM:    12       12      O       -1.8220   21.3460   35.2840
  QMMM:    13       13      O        0.1310   22.1380   34.3770
  QMMM:    14       14      C        1.4920   22.5020   34.5500
  QMMM:    15       15      O        1.4670   23.0290   32.2340
  QMMM:    16       16      C        1.9930   22.3010   31.1250
  QMMM:    17       17      C        0.1550   19.7620   30.7820
  QMMM:    18       18      C        0.0760   21.0310   29.9800
  QMMM:    19       19      C       -0.9940   21.0260   28.9190
  QMMM:    20       20      C        0.8640   22.1110   30.1510
  QMMM:    21       21      H        6.4000   24.3670   32.7320
  QMMM:    22       22      H        6.2830   23.7180   35.4130
  QMMM:    23       23      H        3.9070   22.6640   36.9570
  QMMM:    24       24      H        1.7460   21.8090   37.9070
  QMMM:    25       25      H       -0.6130   21.1920   37.5420
  QMMM:    26       26      H        2.4180   21.3450   31.4480
  QMMM:    27       27      H        2.7890   22.8830   30.6480
  QMMM:    28       28      H        0.8710   19.8200   31.6060
  QMMM:    29       29      H       -0.8210   19.5310   31.2210
  QMMM:    30       30      H        0.4510   18.9270   30.1380
  QMMM:    31       31      H       -1.9800   20.8890   29.3760
  QMMM:    32       32      H       -1.0190   21.9610   28.3490
  QMMM:    33       33      H       -0.8210   20.2090   28.2110
  QMMM:    34       34      H        0.6870   22.9860   29.5280

--------------------------------------------------------------------------------
  RESULTS
--------------------------------------------------------------------------------

 
 Final MO eigenvalues (eV):
 -43.5275  -41.3763  -39.5764  -38.6020  -37.1621  -36.5174  -35.0965  -33.4229
 -31.1249  -30.2039  -29.4536  -28.4161  -25.6574  -25.0622  -24.4886  -23.9347
 -22.6357  -20.7410  -19.4574  -19.1413  -18.5544  -18.0418  -17.4556  -17.3644
 -16.9651  -16.7281  -16.5474  -16.0114  -15.4295  -15.3891  -14.9965  -14.8104
 -14.6241  -14.4564  -14.1418  -13.9008  -13.7936  -13.3507  -13.0966  -13.0678
 -12.9840  -12.5765  -12.5645  -11.7566  -11.7075  -11.5202  -11.0683  -10.7036
  -9.6759   -9.5098   -8.9666   -0.9659   -0.4802    0.4002    0.8009    1.0488
   1.0890    1.7598    2.0016    2.3396    2.5117    2.8549    3.0131    3.2182
   3.3584    3.4104    3.6929    3.7159    3.8553    4.0568    4.0703    4.1728
   4.2593    4.2971    4.3575    4.4292    4.4779    4.6105    4.6191    4.7102
   4.7353    4.8234    4.8767    4.9334    4.9621    5.0448    5.1221    5.1754
   5.5208    5.6491    5.9468    5.9915    6.3520    6.5120

 Heat of formation   =        -41.46311459 kcal/mol  (       -1.79797557 eV)

 Total SCF energy    =     -81159.16168707 kcal/mol  (    -3519.32534093 eV)
 Electronic energy   =    -516348.49059139 kcal/mol  (   -22390.55073897 eV)
 Core-core repulsion =     435189.32890431 kcal/mol  (    18871.22539804 eV)
 
    Atomic Charges for Step       1 :
  Atom    Element       Mulliken Charge
     1      C                  0.074
     2      C                  0.007
     3      O                 -0.080
     4      C                 -0.054
     5      C                 -0.202
     6      C                 -0.096
     7      C                 -0.052
     8      C                 -0.120
     9      C                 -0.043
    10      C                 -0.240
    11      C                  0.357
    12      O                 -0.284
    13      O                 -0.187
    14      C                  0.101
    15      O                 -0.185
    16      C                  0.025
    17      C                 -0.183
    18      C                 -0.064
    19      C                 -0.184
    20      C                 -0.190
    21      H                  0.199
    22      H                  0.167
    23      H                  0.147
    24      H                  0.145
    25      H                  0.162
    26      H                  0.076
    27      H                  0.081
    28      H                  0.080
    29      H                  0.092
    30      H                  0.079
    31      H                  0.089
    32      H                  0.079
    33      H                  0.080
    34      H                  0.125
 Total Mulliken Charge =       0.000
 
                  X        Y        Z     TOTAL  
  QM DIPOLE     5.326   -0.505    1.073    5.456
 
 Final Structure

  QMMM: QM Region Cartesian Coordinates (*=link atom) 
  QMMM: QM_NO.   MM_NO.  ATOM         X         Y         Z
  QMMM:     1        1      C        2.1830   22.9680   33.4170
  QMMM:     2        2      C        3.5240   23.3120   33.6370
  QMMM:     3        3      O        4.4160   23.7850   32.7150
  QMMM:     4        4      C        5.5970   23.9880   33.3490
  QMMM:     5        5      C        5.4940   23.6530   34.6780
  QMMM:     6        6      C        4.1570   23.2140   34.8770
  QMMM:     7        7      C        3.4260   22.7440   35.9860
  QMMM:     8        8      C        2.0830   22.3870   35.8110
  QMMM:     9        9      C        1.2880   21.8960   36.9270
  QMMM:    10       10      C        0.0090   21.5610   36.7350
  QMMM:    11       11      C       -0.6470   21.6660   35.4210
  QMMM:    12       12      O       -1.8220   21.3460   35.2840
  QMMM:    13       13      O        0.1310   22.1380   34.3770
  QMMM:    14       14      C        1.4920   22.5020   34.5500
  QMMM:    15       15      O        1.4670   23.0290   32.2340
  QMMM:    16       16      C        1.9930   22.3010   31.1250
  QMMM:    17       17      C        0.1550   19.7620   30.7820
  QMMM:    18       18      C        0.0760   21.0310   29.9800
  QMMM:    19       19      C       -0.9940   21.0260   28.9190
  QMMM:    20       20      C        0.8640   22.1110   30.1510
  QMMM:    21       21      H        6.4000   24.3670   32.7320
  QMMM:    22       22      H        6.2830   23.7180   35.4130
  QMMM:    23       23      H        3.9070   22.6640   36.9570
  QMMM:    24       24      H        1.7460   21.8090   37.9070
  QMMM:    25       25      H       -0.6130   21.1920   37.5420
  QMMM:    26       26      H        2.4180   21.3450   31.4480
  QMMM:    27       27      H        2.7890   22.8830   30.6480
  QMMM:    28       28      H        0.8710   19.8200   31.6060
  QMMM:    29       29      H       -0.8210   19.5310   31.2210
  QMMM:    30       30      H        0.4510   18.9270   30.1380
  QMMM:    31       31      H       -1.9800   20.8890   29.3760
  QMMM:    32       32      H       -1.0190   21.9610   28.3490
  QMMM:    33       33      H       -0.8210   20.2090   28.2110
  QMMM:    34       34      H        0.6870   22.9860   29.5280

           --------- Calculation Completed ----------

