
          -------------------------------------------------------
          Amber 22 PMEMD                              2022
          -------------------------------------------------------

| PMEMD implementation of SANDER, Release 22

|  Compiled date/time: Thu Apr 14 11:06:37 2022
| Run on 08/21/2026 at 12:41:23

|   Executable path: pmemd.cuda
| Working directory: /bigdata/cutlerlab/jjaco081/PYR1_pocket_expansion/data/mmgbsa_explicit/aba_WT_s2
|          Hostname: gpu09

  [-O]verwriting output

File Assignments:
|   MDIN: min2.in                                                               
|  MDOUT: min2.out                                                              
| INPCRD: min1.rst7                                                             
|   PARM: /bigdata/cutlerlab/jjaco081/PYR1_pocket_expansion/data/mmgbsa_explicit
| RESTRT: min2.rst7                                                             
|   REFC: min1.rst7                                                             
|  MDVEL: mdvel                                                                 
|   MDEN: mden                                                                  
|  MDCRD: min2.nc                                                               
| MDINFO: min2.mdinfo                                                           
|  MDFRC: mdfrc                                                                 


 Here is the input file:

minimisation 2, unrestrained                                                   
 &cntrl                                                                        
  imin=1, maxcyc=5000, ncyc=2500,                                              
  ntb=1, cut=10.0, ntr=0,                                                      
 /                                                                             


Note: ig = -1. Setting random seed to   808182 based on wallclock time in 
      microseconds.
| irandom = 1, using AMBER's internal random number generator (default).
 
|--------------------- INFORMATION ----------------------
| GPU (CUDA) Version of PMEMD in use: NVIDIA GPU IN USE.
|                    Version 18.0.0
| 
|                      03/25/2018
| 
| Implementation by:
|                    Ross C. Walker     (SDSC)
|                    Scott Le Grand     (nVIDIA)
| 
| Version 18 performance extensions by:
|                    David Cerutti     (Rutgers)
| 
| Precision model in use:
|      [SPFP] - Single Precision Forces, 64-bit Fixed Point
|               Accumulation. (Default)
| 
|--------------------------------------------------------
 
|----------------- CITATION INFORMATION -----------------
|
|    When publishing work that utilized the CUDA version
|    of AMBER, please cite the following in addition to
|    the regular AMBER citations:
|
|  - Romelia Salomon-Ferrer; Andreas W. Goetz; Duncan
|    Poole; Scott Le Grand; Ross C. Walker "Routine
|    microsecond molecular dynamics simulations with
|    AMBER - Part II: Particle Mesh Ewald", J. Chem.
|    Theory Comput., 2013, 9 (9), pp3878-3888,
|    DOI: 10.1021/ct400314y.
|
|  - Andreas W. Goetz; Mark J. Williamson; Dong Xu;
|    Duncan Poole; Scott Le Grand; Ross C. Walker
|    "Routine microsecond molecular dynamics simulations
|    with AMBER - Part I: Generalized Born", J. Chem.
|    Theory Comput., 2012, 8 (5), pp1542-1555.
|
|  - Scott Le Grand; Andreas W. Goetz; Ross C. Walker
|    "SPFP: Speed without compromise - a mixed precision
|    model for GPU accelerated molecular dynamics
|    simulations.", Comp. Phys. Comm., 2013, 184
|    pp374-380, DOI: 10.1016/j.cpc.2012.09.022
|
|--------------------------------------------------------
 
|------------------- GPU DEVICE INFO --------------------
|
|            CUDA_VISIBLE_DEVICES: 0
|   CUDA Capable Devices Detected:      1
|           CUDA Device ID in use:      0
|                CUDA Device Name: NVIDIA RTX 6000 Ada Generation
|     CUDA Device Global Mem Size:  48510 MB
| CUDA Device Num Multiprocessors:    142
|           CUDA Device Core Freq:   2.50 GHz
|
|--------------------------------------------------------
 
 
| Conditional Compilation Defines Used:
| PUBFFT
| BINTRAJ
| CUDA
| EMIL

| Largest sphere to fit in unit cell has radius =    32.318

| New format PARM file being parsed.
| Version =    1.000 Date = 08/21/26 Time = 12:11:57

| Note: 1-4 EEL scale factors are being read from the topology file.

| Note: 1-4 VDW scale factors are being read from the topology file.
| INFO:    Virtual site frames will be inferred from bonding patterns.
| Duplicated    0 dihedrals

| Duplicated    0 dihedrals

--------------------------------------------------------------------------------
   1.  RESOURCE   USE: 
--------------------------------------------------------------------------------

 getting box info from netcdf restart file
 NATOM  =   43861 NTYPES =      26 NBONH =   32118 MBONA  =   11708
 NTHETH =    3249 MTHETA =    2007 NPHIH =    6624 MPHIA  =    6358
 NHPARM =       0 NPARM  =       0 NNB   =   87569 NRES   =   10470
 NBONA  =   11708 NTHETA =    2007 NPHIA =    6358 NUMBND =      92
 NUMANG =     206 NPTRA  =     217 NATYP =      50 NPHB   =       0
 IFBOX  =       2 NMXRS  =      38 IFCAP =       0 NEXTRA =   10228
 NCOPY  =       0


| Coordinate Index Table dimensions:    12   12   12
| Direct force subcell size =     6.5969    6.5969    6.5969

     BOX TYPE: TRUNCATED OCTAHEDRON

--------------------------------------------------------------------------------
   2.  CONTROL  DATA  FOR  THE  RUN
--------------------------------------------------------------------------------

default_name                                                                    

General flags:
     imin    =       1, nmropt  =       0

Nature and format of input:
     ntx     =       1, irest   =       0, ntrx    =       1

Nature and format of output:
     ntxo    =       2, ntpr    =      50, ntrx    =       1, ntwr    =       1
     iwrap   =       0, ntwx    =       0, ntwv    =       0, ntwe    =       0
     ioutfm  =       1, ntwprt  =       0, idecomp =       0, rbornstat=      0

Potential function:
     ntf     =       1, ntb     =       1, igb     =       0, nsnb    =      25
     ipol    =       0, gbsa    =       0, iesp    =       0
     dielc   =   1.00000, cut     =  10.00000, intdiel =   1.00000

Frozen or restrained atoms:
     ibelly  =       0, ntr     =       0

Energy minimization:
     maxcyc  =    5000, ncyc    =    2500, ntmin   =       1
     dx0     =   0.01000, drms    =   0.00010

| Intermolecular bonds treatment:
|     no_intermolecular_bonds =       1

| Energy averages sample interval:
|     ene_avg_sampling =       1

Extra-points options:
     frameon =       1, chngmask=       1

Ewald parameters:
     verbose =       0, ew_type =       0, nbflag  =       1, use_pme =       1
     vdwmeth =       1, eedmeth =       1, netfrc  =       0
     Box X =   79.163   Box Y =   79.163   Box Z =   79.163
     Alpha =  109.471   Beta  =  109.471   Gamma =  109.471
     NFFT1 =   80       NFFT2 =   80       NFFT3 =   80
     Cutoff=   10.000   Tol   =0.100E-04
     Ewald Coefficient =  0.27511
     Interpolation order =    4
|      EXTRA_PTS, trim_bonds: num bonds BEFORE trim = 32118     0
|      EXTRA_PTS, trim_bonds: num bonds AFTER  trim = 32118     0
|      EXTRA_PTS, trim_bonds: num bonds BEFORE trim = 11708     0
|      EXTRA_PTS, trim_bonds: num bonds AFTER  trim =  1480     0
|      EXTRA_PTS, trim_theta: num angle BEFORE trim =  3249     0
|      EXTRA_PTS, trim_theta: num angle AFTER  trim =  3249     0
|      EXTRA_PTS, trim_theta: num angle BEFORE trim =  2007     0
|      EXTRA_PTS, trim_theta: num angle AFTER  trim =  2007     0
|      EXTRA_PTS, trim_phi:  num diheds BEFORE trim =  6624     0
|      EXTRA_PTS, trim_phi:  num diheds AFTER  trim =  6624     0
|      EXTRA_PTS, trim_phi:  num diheds BEFORE trim =  6358     0
|      EXTRA_PTS, trim_phi:  num diheds AFTER  trim =  6358     0

--------------------------------------------------------------------------------
   3.  ATOMIC COORDINATES AND VELOCITIES
--------------------------------------------------------------------------------

default_name                                                                    
 begin time read from input coords =     0.000 ps

 
 Number of triangulated 3-point waters found:    10228

     Sum of charges from parm topology file =  -0.00094592
     Forcing neutrality...

| Dynamic Memory, Types Used:
| Reals             1205795
| Integers          4232219

| Nonbonded Pairs Initial Allocation:    13266855

| GPU memory information (estimate):
| KB of GPU memory in use:    291483
| KB of CPU memory in use:    102483

--------------------------------------------------------------------------------
   4.  RESULTS
--------------------------------------------------------------------------------



   NSTEP       ENERGY          RMS            GMAX         NAME    NUMBER
      1      -1.8618E+05     2.9169E-01     2.9906E+01     C        1089

 BOND    =    34991.2702  ANGLE   =      445.8807  DIHED      =      742.8933
 UB      =        0.0000  IMP     =        0.0000  CMAP       =      157.0801
 VDWAALS =    40266.3810  EEL     =  -269359.3584  HBOND      =        0.0000
 1-4 VDW =      602.1324  1-4 EEL =     5977.7344  RESTRAINT  =        0.0000


   NSTEP       ENERGY          RMS            GMAX         NAME    NUMBER
     50      -1.8626E+05     3.3384E-01     1.3318E+01     H2      35720

 BOND    =    35000.6864  ANGLE   =      449.2587  DIHED      =      742.8529
 UB      =        0.0000  IMP     =        0.0000  CMAP       =      155.7196
 VDWAALS =    40293.3200  EEL     =  -269433.5256  HBOND      =        0.0000
 1-4 VDW =      582.1995  1-4 EEL =     5953.8595  RESTRAINT  =        0.0000


   NSTEP       ENERGY          RMS            GMAX         NAME    NUMBER
    100      -1.8630E+05     2.0273E-01     1.1045E+01     C        1089

 BOND    =    35008.1385  ANGLE   =      448.5091  DIHED      =      743.3824
 UB      =        0.0000  IMP     =        0.0000  CMAP       =      154.8927
 VDWAALS =    40311.7246  EEL     =  -269483.8326  HBOND      =        0.0000
 1-4 VDW =      575.7371  1-4 EEL =     5945.1618  RESTRAINT  =        0.0000


   NSTEP       ENERGY          RMS            GMAX         NAME    NUMBER
    150      -1.8633E+05     8.4706E-02     3.7485E+00     C        1089

 BOND    =    35014.2353  ANGLE   =      448.0431  DIHED      =      743.5713
 UB      =        0.0000  IMP     =        0.0000  CMAP       =      154.1345
 VDWAALS =    40327.8276  EEL     =  -269526.4020  HBOND      =        0.0000
 1-4 VDW =      572.0586  1-4 EEL =     5940.0623  RESTRAINT  =        0.0000


   NSTEP       ENERGY          RMS            GMAX         NAME    NUMBER
    200      -1.8635E+05     1.0763E-01     1.0007E+01     C        1089

 BOND    =    35020.6364  ANGLE   =      447.8029  DIHED      =      743.9744
 UB      =        0.0000  IMP     =        0.0000  CMAP       =      153.2244
 VDWAALS =    40342.5922  EEL     =  -269565.0634  HBOND      =        0.0000
 1-4 VDW =      569.6174  1-4 EEL =     5936.2602  RESTRAINT  =        0.0000


   NSTEP       ENERGY          RMS            GMAX         NAME    NUMBER
    250      -1.8637E+05     2.3984E-01     3.5356E+01     C        1089

 BOND    =    35026.7788  ANGLE   =      447.8985  DIHED      =      744.7129
 UB      =        0.0000  IMP     =        0.0000  CMAP       =      152.3564
 VDWAALS =    40355.5568  EEL     =  -269599.4315  HBOND      =        0.0000
 1-4 VDW =      567.7389  1-4 EEL =     5933.1061  RESTRAINT  =        0.0000


   NSTEP       ENERGY          RMS            GMAX         NAME    NUMBER
    300      -1.8639E+05     8.1038E-02     9.5447E+00     C        1089

 BOND    =    35030.7981  ANGLE   =      446.8040  DIHED      =      745.4802
 UB      =        0.0000  IMP     =        0.0000  CMAP       =      151.5886
 VDWAALS =    40366.7013  EEL     =  -269629.5166  HBOND      =        0.0000
 1-4 VDW =      566.4132  1-4 EEL =     5930.4901  RESTRAINT  =        0.0000


   NSTEP       ENERGY          RMS            GMAX         NAME    NUMBER
    350      -1.8641E+05     2.0564E-01     3.3106E+01     C        1089

 BOND    =    35035.5954  ANGLE   =      446.3329  DIHED      =      746.2135
 UB      =        0.0000  IMP     =        0.0000  CMAP       =      150.9048
 VDWAALS =    40376.9931  EEL     =  -269657.2792  HBOND      =        0.0000
 1-4 VDW =      565.2857  1-4 EEL =     5928.2170  RESTRAINT  =        0.0000


   NSTEP       ENERGY          RMS            GMAX         NAME    NUMBER
    400      -1.8642E+05     1.1771E-01     1.4570E+01     C        1089

 BOND    =    35039.0862  ANGLE   =      446.5690  DIHED      =      746.8581
 UB      =        0.0000  IMP     =        0.0000  CMAP       =      150.3350
 VDWAALS =    40386.9830  EEL     =  -269684.2574  HBOND      =        0.0000
 1-4 VDW =      564.1700  1-4 EEL =     5926.1373  RESTRAINT  =        0.0000


   NSTEP       ENERGY          RMS            GMAX         NAME    NUMBER
    450      -1.8644E+05     1.7045E-01     1.6787E+01     C        1089

 BOND    =    35043.4674  ANGLE   =      446.3576  DIHED      =      747.3738
 UB      =        0.0000  IMP     =        0.0000  CMAP       =      149.8280
 VDWAALS =    40396.9458  EEL     =  -269709.7008  HBOND      =        0.0000
 1-4 VDW =      563.3080  1-4 EEL =     5924.3685  RESTRAINT  =        0.0000


   NSTEP       ENERGY          RMS            GMAX         NAME    NUMBER
    500      -1.8645E+05     5.5794E-02     3.2625E+00     CE1       958

 BOND    =    35046.8784  ANGLE   =      446.0301  DIHED      =      747.7775
 UB      =        0.0000  IMP     =        0.0000  CMAP       =      149.3725
 VDWAALS =    40406.6096  EEL     =  -269733.7510  HBOND      =        0.0000
 1-4 VDW =      562.5824  1-4 EEL =     5922.7543  RESTRAINT  =        0.0000


   NSTEP       ENERGY          RMS            GMAX         NAME    NUMBER
    550      -1.8646E+05     1.6970E-01     2.5779E+01     C1       2850

 BOND    =    35050.9475  ANGLE   =      446.1324  DIHED      =      748.0473
 UB      =        0.0000  IMP     =        0.0000  CMAP       =      148.9854
 VDWAALS =    40415.5020  EEL     =  -269756.3640  HBOND      =        0.0000
 1-4 VDW =      561.8967  1-4 EEL =     5921.2725  RESTRAINT  =        0.0000


   NSTEP       ENERGY          RMS            GMAX         NAME    NUMBER
    600      -1.8648E+05     5.1905E-02     3.1281E+00     HG        442

 BOND    =    35054.1932  ANGLE   =      445.7755  DIHED      =      748.1618
 UB      =        0.0000  IMP     =        0.0000  CMAP       =      148.6480
 VDWAALS =    40423.5749  EEL     =  -269777.5689  HBOND      =        0.0000
 1-4 VDW =      561.2640  1-4 EEL =     5919.8855  RESTRAINT  =        0.0000


   NSTEP       ENERGY          RMS            GMAX         NAME    NUMBER
    650      -1.8649E+05     1.2688E-01     1.3236E+01     C1       2850

 BOND    =    35057.9247  ANGLE   =      445.6291  DIHED      =      748.1987
 UB      =        0.0000  IMP     =        0.0000  CMAP       =      148.3402
 VDWAALS =    40431.1407  EEL     =  -269798.4376  HBOND      =        0.0000
 1-4 VDW =      560.6733  1-4 EEL =     5918.5631  RESTRAINT  =        0.0000


   NSTEP       ENERGY          RMS            GMAX         NAME    NUMBER
    700      -1.8650E+05     1.8621E-01     1.9656E+01     NE2       960

 BOND    =    35061.4888  ANGLE   =      445.5998  DIHED      =      748.2962
 UB      =        0.0000  IMP     =        0.0000  CMAP       =      148.0695
 VDWAALS =    40437.8245  EEL     =  -269817.8807  HBOND      =        0.0000
 1-4 VDW =      560.1597  1-4 EEL =     5917.3826  RESTRAINT  =        0.0000


   NSTEP       ENERGY          RMS            GMAX         NAME    NUMBER
    750      -1.8651E+05     8.1580E-02     7.9667E+00     CE1       958

 BOND    =    35063.8878  ANGLE   =      445.6929  DIHED      =      748.5161
 UB      =        0.0000  IMP     =        0.0000  CMAP       =      147.8113
 VDWAALS =    40444.1210  EEL     =  -269837.0917  HBOND      =        0.0000
 1-4 VDW =      559.6948  1-4 EEL =     5916.1279  RESTRAINT  =        0.0000


   NSTEP       ENERGY          RMS            GMAX         NAME    NUMBER
    800      -1.8652E+05     1.8146E-01     2.7075E+01     C1       2850

 BOND    =    35067.4353  ANGLE   =      445.8925  DIHED      =      748.8421
 UB      =        0.0000  IMP     =        0.0000  CMAP       =      147.5607
 VDWAALS =    40450.3250  EEL     =  -269856.7572  HBOND      =        0.0000
 1-4 VDW =      559.2512  1-4 EEL =     5914.8959  RESTRAINT  =        0.0000


   NSTEP       ENERGY          RMS            GMAX         NAME    NUMBER
    850      -1.8653E+05     5.3029E-02     3.1489E+00     NE2       960

 BOND    =    35070.3804  ANGLE   =      445.5771  DIHED      =      749.2305
 UB      =        0.0000  IMP     =        0.0000  CMAP       =      147.3180
 VDWAALS =    40456.7655  EEL     =  -269876.3421  HBOND      =        0.0000
 1-4 VDW =      558.8638  1-4 EEL =     5913.6687  RESTRAINT  =        0.0000


   NSTEP       ENERGY          RMS            GMAX         NAME    NUMBER
    900      -1.8655E+05     1.4290E-01     1.4274E+01     NE2       960

 BOND    =    35074.3919  ANGLE   =      445.5316  DIHED      =      749.7090
 UB      =        0.0000  IMP     =        0.0000  CMAP       =      147.0608
 VDWAALS =    40464.1170  EEL     =  -269896.9749  HBOND      =        0.0000
 1-4 VDW =      558.5201  1-4 EEL =     5912.3973  RESTRAINT  =        0.0000


   NSTEP       ENERGY          RMS            GMAX         NAME    NUMBER
    950      -1.8656E+05     4.7134E-02     2.0959E+00     CE1       958

 BOND    =    35077.4534  ANGLE   =      445.5821  DIHED      =      750.2464
 UB      =        0.0000  IMP     =        0.0000  CMAP       =      146.8091
 VDWAALS =    40471.4648  EEL     =  -269916.2398  HBOND      =        0.0000
 1-4 VDW =      558.2431  1-4 EEL =     5911.1221  RESTRAINT  =        0.0000


   NSTEP       ENERGY          RMS            GMAX         NAME    NUMBER
   1000      -1.8656E+05     1.2708E-01     1.8850E+01     C1       2850

 BOND    =    35081.1042  ANGLE   =      445.7354  DIHED      =      750.8843
 UB      =        0.0000  IMP     =        0.0000  CMAP       =      146.5531
 VDWAALS =    40478.8949  EEL     =  -269935.4501  HBOND      =        0.0000
 1-4 VDW =      557.9782  1-4 EEL =     5909.8846  RESTRAINT  =        0.0000


   NSTEP       ENERGY          RMS            GMAX         NAME    NUMBER
   1050      -1.8657E+05     5.0063E-02     3.0492E+00     NE2       960

 BOND    =    35084.1736  ANGLE   =      445.5636  DIHED      =      751.5610
 UB      =        0.0000  IMP     =        0.0000  CMAP       =      146.3174
 VDWAALS =    40485.7604  EEL     =  -269953.4833  HBOND      =        0.0000
 1-4 VDW =      557.7313  1-4 EEL =     5908.7531  RESTRAINT  =        0.0000


   NSTEP       ENERGY          RMS            GMAX         NAME    NUMBER
   1100      -1.8658E+05     1.0195E-01     1.2602E+01     C1       2850

 BOND    =    35087.4593  ANGLE   =      445.6363  DIHED      =      752.2670
 UB      =        0.0000  IMP     =        0.0000  CMAP       =      146.0914
 VDWAALS =    40492.4915  EEL     =  -269971.5300  HBOND      =        0.0000
 1-4 VDW =      557.4718  1-4 EEL =     5907.6393  RESTRAINT  =        0.0000


   NSTEP       ENERGY          RMS            GMAX         NAME    NUMBER
   1150      -1.8659E+05     1.3915E-01     1.2586E+01     NE2       960

 BOND    =    35090.7090  ANGLE   =      445.7080  DIHED      =      752.8674
 UB      =        0.0000  IMP     =        0.0000  CMAP       =      145.8815
 VDWAALS =    40498.9753  EEL     =  -269988.6896  HBOND      =        0.0000
 1-4 VDW =      557.2100  1-4 EEL =     5906.4675  RESTRAINT  =        0.0000


   NSTEP       ENERGY          RMS            GMAX         NAME    NUMBER
   1200      -1.8660E+05     7.7101E-02     6.7770E+00     CE1       958

 BOND    =    35093.2800  ANGLE   =      446.0198  DIHED      =      753.2727
 UB      =        0.0000  IMP     =        0.0000  CMAP       =      145.6815
 VDWAALS =    40505.2301  EEL     =  -270005.2850  HBOND      =        0.0000
 1-4 VDW =      556.9453  1-4 EEL =     5905.2154  RESTRAINT  =        0.0000


   NSTEP       ENERGY          RMS            GMAX         NAME    NUMBER
   1250      -1.8661E+05     1.1734E-01     1.0728E+01     CE1       958

 BOND    =    35096.2445  ANGLE   =      446.1754  DIHED      =      753.4957
 UB      =        0.0000  IMP     =        0.0000  CMAP       =      145.5031
 VDWAALS =    40510.7728  EEL     =  -270020.6851  HBOND      =        0.0000
 1-4 VDW =      556.7058  1-4 EEL =     5904.0515  RESTRAINT  =        0.0000


   NSTEP       ENERGY          RMS            GMAX         NAME    NUMBER
   1300      -1.8662E+05     5.6237E-02     4.2915E+00     NE2       960

 BOND    =    35098.9255  ANGLE   =      446.0719  DIHED      =      753.6383
 UB      =        0.0000  IMP     =        0.0000  CMAP       =      145.3389
 VDWAALS =    40515.9449  EEL     =  -270035.4861  HBOND      =        0.0000
 1-4 VDW =      556.4788  1-4 EEL =     5903.0153  RESTRAINT  =        0.0000


   NSTEP       ENERGY          RMS            GMAX         NAME    NUMBER
   1350      -1.8662E+05     1.0307E-01     9.2448E+00     NE2       960

 BOND    =    35101.7705  ANGLE   =      446.1056  DIHED      =      753.7498
 UB      =        0.0000  IMP     =        0.0000  CMAP       =      145.1866
 VDWAALS =    40520.6918  EEL     =  -270049.5350  HBOND      =        0.0000
 1-4 VDW =      556.2653  1-4 EEL =     5902.0328  RESTRAINT  =        0.0000


   NSTEP       ENERGY          RMS            GMAX         NAME    NUMBER
   1400      -1.8663E+05     4.4827E-02     2.2565E+00     CE1       958

 BOND    =    35104.0695  ANGLE   =      446.2718  DIHED      =      753.8474
 UB      =        0.0000  IMP     =        0.0000  CMAP       =      145.0432
 VDWAALS =    40525.1959  EEL     =  -270063.1523  HBOND      =        0.0000
 1-4 VDW =      556.0611  1-4 EEL =     5901.0664  RESTRAINT  =        0.0000


   NSTEP       ENERGY          RMS            GMAX         NAME    NUMBER
   1450      -1.8664E+05     6.4458E-02     5.6512E+00     C1       2850

 BOND    =    35106.6405  ANGLE   =      446.3629  DIHED      =      753.9368
 UB      =        0.0000  IMP     =        0.0000  CMAP       =      144.9069
 VDWAALS =    40529.5885  EEL     =  -270076.9504  HBOND      =        0.0000
 1-4 VDW =      555.8622  1-4 EEL =     5900.1312  RESTRAINT  =        0.0000


   NSTEP       ENERGY          RMS            GMAX         NAME    NUMBER
   1500      -1.8665E+05     4.1990E-02     1.5734E+00     OD1      2088

 BOND    =    35109.1100  ANGLE   =      446.3603  DIHED      =      754.0171
 UB      =        0.0000  IMP     =        0.0000  CMAP       =      144.7812
 VDWAALS =    40533.8644  EEL     =  -270090.5997  HBOND      =        0.0000
 1-4 VDW =      555.6715  1-4 EEL =     5899.2674  RESTRAINT  =        0.0000


   NSTEP       ENERGY          RMS            GMAX         NAME    NUMBER
   1550      -1.8666E+05     4.2945E-02     1.7067E+00     NE2       960

 BOND    =    35111.6029  ANGLE   =      446.4294  DIHED      =      754.0896
 UB      =        0.0000  IMP     =        0.0000  CMAP       =      144.6600
 VDWAALS =    40538.2903  EEL     =  -270104.0502  HBOND      =        0.0000
 1-4 VDW =      555.4860  1-4 EEL =     5898.4029  RESTRAINT  =        0.0000


   NSTEP       ENERGY          RMS            GMAX         NAME    NUMBER
   1600      -1.8666E+05     7.9492E-02     8.0148E+00     C1       2850

 BOND    =    35114.2939  ANGLE   =      446.4439  DIHED      =      754.1539
 UB      =        0.0000  IMP     =        0.0000  CMAP       =      144.5402
 VDWAALS =    40543.1040  EEL     =  -270118.9465  HBOND      =        0.0000
 1-4 VDW =      555.3043  1-4 EEL =     5897.5447  RESTRAINT  =        0.0000


   NSTEP       ENERGY          RMS            GMAX         NAME    NUMBER
   1650      -1.8667E+05     5.0180E-02     3.2366E+00     CE1       958

 BOND    =    35116.5591  ANGLE   =      446.6066  DIHED      =      754.2011
 UB      =        0.0000  IMP     =        0.0000  CMAP       =      144.4312
 VDWAALS =    40547.8160  EEL     =  -270132.9321  HBOND      =        0.0000
 1-4 VDW =      555.1404  1-4 EEL =     5896.7648  RESTRAINT  =        0.0000


   NSTEP       ENERGY          RMS            GMAX         NAME    NUMBER
   1700      -1.8668E+05     4.2252E-02     1.7843E+00     CE1       958

 BOND    =    35119.0567  ANGLE   =      446.6422  DIHED      =      754.2384
 UB      =        0.0000  IMP     =        0.0000  CMAP       =      144.3231
 VDWAALS =    40552.8896  EEL     =  -270147.1171  HBOND      =        0.0000
 1-4 VDW =      554.9829  1-4 EEL =     5896.0221  RESTRAINT  =        0.0000


   NSTEP       ENERGY          RMS            GMAX         NAME    NUMBER
   1750      -1.8669E+05     1.5303E-01     2.9234E+01     C1       2850

 BOND    =    35121.9124  ANGLE   =      446.7749  DIHED      =      754.2589
 UB      =        0.0000  IMP     =        0.0000  CMAP       =      144.2173
 VDWAALS =    40558.0584  EEL     =  -270161.3970  HBOND      =        0.0000
 1-4 VDW =      554.8411  1-4 EEL =     5895.2996  RESTRAINT  =        0.0000


   NSTEP       ENERGY          RMS            GMAX         NAME    NUMBER
   1800      -1.8669E+05     5.7223E-02     4.7669E+00     C1       2850

 BOND    =    35124.3380  ANGLE   =      446.6601  DIHED      =      754.2703
 UB      =        0.0000  IMP     =        0.0000  CMAP       =      144.1106
 VDWAALS =    40563.5129  EEL     =  -270176.3710  HBOND      =        0.0000
 1-4 VDW =      554.6997  1-4 EEL =     5894.6841  RESTRAINT  =        0.0000


   NSTEP       ENERGY          RMS            GMAX         NAME    NUMBER
   1850      -1.8670E+05     1.3789E-01     2.1350E+01     C1       2850

 BOND    =    35127.4633  ANGLE   =      446.6575  DIHED      =      754.2680
 UB      =        0.0000  IMP     =        0.0000  CMAP       =      143.9994
 VDWAALS =    40569.2813  EEL     =  -270191.7127  HBOND      =        0.0000
 1-4 VDW =      554.5722  1-4 EEL =     5894.0683  RESTRAINT  =        0.0000


   NSTEP       ENERGY          RMS            GMAX         NAME    NUMBER
   1900      -1.8671E+05     5.6799E-02     3.6614E+00     CG        913

 BOND    =    35129.9341  ANGLE   =      446.8162  DIHED      =      754.2494
 UB      =        0.0000  IMP     =        0.0000  CMAP       =      143.8832
 VDWAALS =    40575.2345  EEL     =  -270207.0937  HBOND      =        0.0000
 1-4 VDW =      554.4560  1-4 EEL =     5893.5076  RESTRAINT  =        0.0000


   NSTEP       ENERGY          RMS            GMAX         NAME    NUMBER
   1950      -1.8672E+05     9.4379E-02     7.3865E+00     CE1       958

 BOND    =    35133.0951  ANGLE   =      446.9168  DIHED      =      754.2193
 UB      =        0.0000  IMP     =        0.0000  CMAP       =      143.7529
 VDWAALS =    40581.7577  EEL     =  -270223.2440  HBOND      =        0.0000
 1-4 VDW =      554.3454  1-4 EEL =     5892.9698  RESTRAINT  =        0.0000


   NSTEP       ENERGY          RMS            GMAX         NAME    NUMBER
   2000      -1.8672E+05     1.5303E-01     2.1860E+01     C1       2850

 BOND    =    35136.3705  ANGLE   =      446.9826  DIHED      =      754.1778
 UB      =        0.0000  IMP     =        0.0000  CMAP       =      143.6105
 VDWAALS =    40588.2067  EEL     =  -270238.9993  HBOND      =        0.0000
 1-4 VDW =      554.2540  1-4 EEL =     5892.4745  RESTRAINT  =        0.0000


   NSTEP       ENERGY          RMS            GMAX         NAME    NUMBER
   2050      -1.8673E+05     8.3886E-02     6.6458E+00     CG        913

 BOND    =    35139.2437  ANGLE   =      446.8000  DIHED      =      754.1336
 UB      =        0.0000  IMP     =        0.0000  CMAP       =      143.4494
 VDWAALS =    40594.6754  EEL     =  -270254.5359  HBOND      =        0.0000
 1-4 VDW =      554.1691  1-4 EEL =     5892.0820  RESTRAINT  =        0.0000


   NSTEP       ENERGY          RMS            GMAX         NAME    NUMBER
   2100      -1.8674E+05     1.1535E-01     9.7793E+00     CE1       958

 BOND    =    35142.4116  ANGLE   =      446.8005  DIHED      =      754.0752
 UB      =        0.0000  IMP     =        0.0000  CMAP       =      143.2608
 VDWAALS =    40600.9246  EEL     =  -270269.8975  HBOND      =        0.0000
 1-4 VDW =      554.1021  1-4 EEL =     5891.6750  RESTRAINT  =        0.0000


   NSTEP       ENERGY          RMS            GMAX         NAME    NUMBER
   2150      -1.8674E+05     5.2427E-02     3.6528E+00     C1       2850

 BOND    =    35144.9030  ANGLE   =      446.9632  DIHED      =      754.0119
 UB      =        0.0000  IMP     =        0.0000  CMAP       =      143.0612
 VDWAALS =    40606.5133  EEL     =  -270283.8292  HBOND      =        0.0000
 1-4 VDW =      554.0447  1-4 EEL =     5891.3020  RESTRAINT  =        0.0000


   NSTEP       ENERGY          RMS            GMAX         NAME    NUMBER
   2200      -1.8675E+05     1.1221E-01     1.7939E+01     C1       2850

 BOND    =    35147.7482  ANGLE   =      447.0784  DIHED      =      753.9472
 UB      =        0.0000  IMP     =        0.0000  CMAP       =      142.8449
 VDWAALS =    40611.7914  EEL     =  -270297.2633  HBOND      =        0.0000
 1-4 VDW =      553.9914  1-4 EEL =     5890.9541  RESTRAINT  =        0.0000


   NSTEP       ENERGY          RMS            GMAX         NAME    NUMBER
   2250      -1.8675E+05     1.6750E-01     2.1820E+01     C1       2850

 BOND    =    35150.6632  ANGLE   =      447.2025  DIHED      =      753.8874
 UB      =        0.0000  IMP     =        0.0000  CMAP       =      142.6275
 VDWAALS =    40616.6066  EEL     =  -270310.2276  HBOND      =        0.0000
 1-4 VDW =      553.9332  1-4 EEL =     5890.6005  RESTRAINT  =        0.0000


   NSTEP       ENERGY          RMS            GMAX         NAME    NUMBER
   2300      -1.8676E+05     9.8074E-02     1.2124E+01     C1       2850

 BOND    =    35152.9209  ANGLE   =      446.9533  DIHED      =      753.8162
 UB      =        0.0000  IMP     =        0.0000  CMAP       =      142.4214
 VDWAALS =    40621.0286  EEL     =  -270322.6136  HBOND      =        0.0000
 1-4 VDW =      553.8833  1-4 EEL =     5890.2433  RESTRAINT  =        0.0000


   NSTEP       ENERGY          RMS            GMAX         NAME    NUMBER
   2350      -1.8677E+05     3.9750E-02     1.7724E+00     CE1       958

 BOND    =    35155.0625  ANGLE   =      447.0907  DIHED      =      753.7464
 UB      =        0.0000  IMP     =        0.0000  CMAP       =      142.2309
 VDWAALS =    40625.0299  EEL     =  -270334.4982  HBOND      =        0.0000
 1-4 VDW =      553.8187  1-4 EEL =     5889.8673  RESTRAINT  =        0.0000


   NSTEP       ENERGY          RMS            GMAX         NAME    NUMBER
   2400      -1.8677E+05     4.7461E-02     2.9133E+00     CE1       958

 BOND    =    35157.4044  ANGLE   =      447.1633  DIHED      =      753.6760
 UB      =        0.0000  IMP     =        0.0000  CMAP       =      142.0538
 VDWAALS =    40628.9220  EEL     =  -270345.9783  HBOND      =        0.0000
 1-4 VDW =      553.7433  1-4 EEL =     5889.4659  RESTRAINT  =        0.0000


   NSTEP       ENERGY          RMS            GMAX         NAME    NUMBER
   2450      -1.8678E+05     3.8535E-02     2.8354E+00     C1       2850

 BOND    =    35159.6401  ANGLE   =      447.1744  DIHED      =      753.6099
 UB      =        0.0000  IMP     =        0.0000  CMAP       =      141.9014
 VDWAALS =    40632.5392  EEL     =  -270356.8188  HBOND      =        0.0000
 1-4 VDW =      553.6641  1-4 EEL =     5889.0767  RESTRAINT  =        0.0000


   NSTEP       ENERGY          RMS            GMAX         NAME    NUMBER
   2500      -1.8678E+05     4.7686E-02     7.9136E+00     C1       2850

 BOND    =    35161.6526  ANGLE   =      447.2374  DIHED      =      753.5469
 UB      =        0.0000  IMP     =        0.0000  CMAP       =      141.7755
 VDWAALS =    40635.7639  EEL     =  -270366.7939  HBOND      =        0.0000
 1-4 VDW =      553.5905  1-4 EEL =     5888.7236  RESTRAINT  =        0.0000


   NSTEP       ENERGY          RMS            GMAX         NAME    NUMBER
   2550      -1.8687E+05     1.5324E-01     1.3597E+01     O       30166

 BOND    =    35204.6329  ANGLE   =      449.8298  DIHED      =      753.1725
 UB      =        0.0000  IMP     =        0.0000  CMAP       =      139.9073
 VDWAALS =    40706.0341  EEL     =  -270554.9947  HBOND      =        0.0000
 1-4 VDW =      551.6870  1-4 EEL =     5881.9497  RESTRAINT  =        0.0000


   NSTEP       ENERGY          RMS            GMAX         NAME    NUMBER
   2600      -1.8689E+05     1.2295E-01     1.0158E+01     O       30370

 BOND    =    35212.9340  ANGLE   =      450.3599  DIHED      =      753.1661
 UB      =        0.0000  IMP     =        0.0000  CMAP       =      139.8978
 VDWAALS =    40711.9273  EEL     =  -270594.7688  HBOND      =        0.0000
 1-4 VDW =      551.3995  1-4 EEL =     5880.9633  RESTRAINT  =        0.0000


   NSTEP       ENERGY          RMS            GMAX         NAME    NUMBER
   2650      -1.8693E+05     1.4152E-01     9.2042E+00     CZ       1797

 BOND    =    35224.8688  ANGLE   =      452.3686  DIHED      =      753.1732
 UB      =        0.0000  IMP     =        0.0000  CMAP       =      139.7140
 VDWAALS =    40732.8134  EEL     =  -270664.7117  HBOND      =        0.0000
 1-4 VDW =      550.5329  1-4 EEL =     5877.8906  RESTRAINT  =        0.0000


   NSTEP       ENERGY          RMS            GMAX         NAME    NUMBER
   2700      -1.8696E+05     1.0673E-01     7.0108E+00     O       30370

 BOND    =    35233.9364  ANGLE   =      453.0143  DIHED      =      753.2597
 UB      =        0.0000  IMP     =        0.0000  CMAP       =      139.6567
 VDWAALS =    40750.3495  EEL     =  -270716.5964  HBOND      =        0.0000
 1-4 VDW =      549.8378  1-4 EEL =     5876.4717  RESTRAINT  =        0.0000


   NSTEP       ENERGY          RMS            GMAX         NAME    NUMBER
   2750      -1.8698E+05     9.6936E-02     6.5089E+00     CZ       1797

 BOND    =    35248.6109  ANGLE   =      452.7856  DIHED      =      753.4359
 UB      =        0.0000  IMP     =        0.0000  CMAP       =      139.5528
 VDWAALS =    40769.2352  EEL     =  -270771.3924  HBOND      =        0.0000
 1-4 VDW =      549.6979  1-4 EEL =     5874.9800  RESTRAINT  =        0.0000


   NSTEP       ENERGY          RMS            GMAX         NAME    NUMBER
   2800      -1.8700E+05     1.6579E-01     1.1554E+01     H2      30372

 BOND    =    35253.3331  ANGLE   =      453.0120  DIHED      =      753.5295
 UB      =        0.0000  IMP     =        0.0000  CMAP       =      139.1200
 VDWAALS =    40782.7495  EEL     =  -270805.4489  HBOND      =        0.0000
 1-4 VDW =      549.6303  1-4 EEL =     5874.6772  RESTRAINT  =        0.0000


   NSTEP       ENERGY          RMS            GMAX         NAME    NUMBER
   2850      -1.8702E+05     1.3900E-01     1.0845E+01     C        2847

 BOND    =    35265.6920  ANGLE   =      451.7567  DIHED      =      753.9875
 UB      =        0.0000  IMP     =        0.0000  CMAP       =      138.8360
 VDWAALS =    40794.3062  EEL     =  -270846.9581  HBOND      =        0.0000
 1-4 VDW =      549.7293  1-4 EEL =     5874.3724  RESTRAINT  =        0.0000


   NSTEP       ENERGY          RMS            GMAX         NAME    NUMBER
   2900      -1.8703E+05     1.1660E-01     7.3430E+00     C1       2850

 BOND    =    35265.8171  ANGLE   =      452.9288  DIHED      =      754.4332
 UB      =        0.0000  IMP     =        0.0000  CMAP       =      138.2008
 VDWAALS =    40803.8317  EEL     =  -270871.6312  HBOND      =        0.0000
 1-4 VDW =      549.9088  1-4 EEL =     5874.0886  RESTRAINT  =        0.0000


   NSTEP       ENERGY          RMS            GMAX         NAME    NUMBER
   2950      -1.8705E+05     1.1203E-01     7.5862E+00     O       30370

 BOND    =    35275.7692  ANGLE   =      452.5760  DIHED      =      754.8972
 UB      =        0.0000  IMP     =        0.0000  CMAP       =      137.6340
 VDWAALS =    40814.1311  EEL     =  -270905.7758  HBOND      =        0.0000
 1-4 VDW =      549.8774  1-4 EEL =     5873.2929  RESTRAINT  =        0.0000


   NSTEP       ENERGY          RMS            GMAX         NAME    NUMBER
   3000      -1.8706E+05     1.1792E-01     8.1695E+00     C1       2850

 BOND    =    35286.8308  ANGLE   =      452.5826  DIHED      =      755.3511
 UB      =        0.0000  IMP     =        0.0000  CMAP       =      137.3422
 VDWAALS =    40826.1557  EEL     =  -270945.2850  HBOND      =        0.0000
 1-4 VDW =      549.6880  1-4 EEL =     5872.6391  RESTRAINT  =        0.0000


   NSTEP       ENERGY          RMS            GMAX         NAME    NUMBER
   3050      -1.8708E+05     9.1017E-02     6.2264E+00     O       30370

 BOND    =    35296.5633  ANGLE   =      453.0436  DIHED      =      755.6803
 UB      =        0.0000  IMP     =        0.0000  CMAP       =      137.0649
 VDWAALS =    40840.4865  EEL     =  -270988.2467  HBOND      =        0.0000
 1-4 VDW =      549.4068  1-4 EEL =     5871.9382  RESTRAINT  =        0.0000


   NSTEP       ENERGY          RMS            GMAX         NAME    NUMBER
   3100      -1.8710E+05     9.4455E-02     7.1668E+00     O       30370

 BOND    =    35305.2645  ANGLE   =      452.8832  DIHED      =      756.0732
 UB      =        0.0000  IMP     =        0.0000  CMAP       =      136.7518
 VDWAALS =    40856.7340  EEL     =  -271031.2087  HBOND      =        0.0000
 1-4 VDW =      549.3201  1-4 EEL =     5871.2408  RESTRAINT  =        0.0000


   NSTEP       ENERGY          RMS            GMAX         NAME    NUMBER
   3150      -1.8711E+05     1.9655E-01     1.3866E+01     CG       2429

 BOND    =    35319.0078  ANGLE   =      452.9404  DIHED      =      756.3695
 UB      =        0.0000  IMP     =        0.0000  CMAP       =      136.4702
 VDWAALS =    40867.6602  EEL     =  -271065.7256  HBOND      =        0.0000
 1-4 VDW =      549.3168  1-4 EEL =     5870.1995  RESTRAINT  =        0.0000


   NSTEP       ENERGY          RMS            GMAX         NAME    NUMBER
   3200      -1.8713E+05     1.8110E-01     1.5651E+01     CG       2429

 BOND    =    35319.6319  ANGLE   =      451.8067  DIHED      =      756.7980
 UB      =        0.0000  IMP     =        0.0000  CMAP       =      136.3225
 VDWAALS =    40877.5431  EEL     =  -271089.2154  HBOND      =        0.0000
 1-4 VDW =      549.2588  1-4 EEL =     5870.4547  RESTRAINT  =        0.0000


   NSTEP       ENERGY          RMS            GMAX         NAME    NUMBER
   3250      -1.8714E+05     8.0507E-02     9.4509E+00     CG       2429

 BOND    =    35317.4637  ANGLE   =      451.5360  DIHED      =      757.1844
 UB      =        0.0000  IMP     =        0.0000  CMAP       =      136.1825
 VDWAALS =    40881.7502  EEL     =  -271099.9131  HBOND      =        0.0000
 1-4 VDW =      549.1027  1-4 EEL =     5870.1980  RESTRAINT  =        0.0000


   NSTEP       ENERGY          RMS            GMAX         NAME    NUMBER
   3300      -1.8715E+05     2.2350E-01     1.9310E+01     H1      35811

 BOND    =    35326.4609  ANGLE   =      451.0413  DIHED      =      758.1515
 UB      =        0.0000  IMP     =        0.0000  CMAP       =      135.9273
 VDWAALS =    40888.9776  EEL     =  -271130.5634  HBOND      =        0.0000
 1-4 VDW =      548.6296  1-4 EEL =     5869.5494  RESTRAINT  =        0.0000


   NSTEP       ENERGY          RMS            GMAX         NAME    NUMBER
   3350      -1.8717E+05     1.0770E-01     6.9669E+00     O        9938

 BOND    =    35331.9484  ANGLE   =      451.1804  DIHED      =      758.6623
 UB      =        0.0000  IMP     =        0.0000  CMAP       =      135.8137
 VDWAALS =    40896.8026  EEL     =  -271166.9132  HBOND      =        0.0000
 1-4 VDW =      548.8223  1-4 EEL =     5868.7008  RESTRAINT  =        0.0000


   NSTEP       ENERGY          RMS            GMAX         NAME    NUMBER
   3400      -1.8719E+05     9.3971E-02     6.7691E+00     CG       2526

 BOND    =    35332.1751  ANGLE   =      451.2016  DIHED      =      759.3281
 UB      =        0.0000  IMP     =        0.0000  CMAP       =      135.7029
 VDWAALS =    40899.0946  EEL     =  -271180.7092  HBOND      =        0.0000
 1-4 VDW =      548.8497  1-4 EEL =     5868.1645  RESTRAINT  =        0.0000


   NSTEP       ENERGY          RMS            GMAX         NAME    NUMBER
   3450      -1.8719E+05     7.9049E-02     6.4577E+00     C1       2850

 BOND    =    35334.6599  ANGLE   =      450.8447  DIHED      =      759.8667
 UB      =        0.0000  IMP     =        0.0000  CMAP       =      135.6348
 VDWAALS =    40901.2145  EEL     =  -271193.5473  HBOND      =        0.0000
 1-4 VDW =      548.9871  1-4 EEL =     5867.8457  RESTRAINT  =        0.0000


   NSTEP       ENERGY          RMS            GMAX         NAME    NUMBER
   3500      -1.8722E+05     6.5096E-02     6.8918E+00     C1       2850

 BOND    =    35340.8891  ANGLE   =      450.3518  DIHED      =      760.8294
 UB      =        0.0000  IMP     =        0.0000  CMAP       =      135.4090
 VDWAALS =    40902.1146  EEL     =  -271222.6184  HBOND      =        0.0000
 1-4 VDW =      548.7492  1-4 EEL =     5866.5626  RESTRAINT  =        0.0000


   NSTEP       ENERGY          RMS            GMAX         NAME    NUMBER
   3550      -1.8724E+05     2.1330E-01     1.1367E+01     H1      30371

 BOND    =    35344.6890  ANGLE   =      449.9871  DIHED      =      761.2547
 UB      =        0.0000  IMP     =        0.0000  CMAP       =      135.2301
 VDWAALS =    40898.0436  EEL     =  -271247.7072  HBOND      =        0.0000
 1-4 VDW =      547.7124  1-4 EEL =     5868.0139  RESTRAINT  =        0.0000


   NSTEP       ENERGY          RMS            GMAX         NAME    NUMBER
   3600      -1.8727E+05     1.6627E-01     1.7615E+01     C1       2850

 BOND    =    35359.3956  ANGLE   =      449.2898  DIHED      =      760.5397
 UB      =        0.0000  IMP     =        0.0000  CMAP       =      135.2009
 VDWAALS =    40921.0145  EEL     =  -271311.7137  HBOND      =        0.0000
 1-4 VDW =      547.9428  1-4 EEL =     5865.3902  RESTRAINT  =        0.0000


   NSTEP       ENERGY          RMS            GMAX         NAME    NUMBER
   3650      -1.8729E+05     1.1824E-01     6.9159E+00     O       30370

 BOND    =    35359.9422  ANGLE   =      449.3239  DIHED      =      760.9198
 UB      =        0.0000  IMP     =        0.0000  CMAP       =      135.1900
 VDWAALS =    40924.9614  EEL     =  -271330.3737  HBOND      =        0.0000
 1-4 VDW =      548.1278  1-4 EEL =     5866.1421  RESTRAINT  =        0.0000


   NSTEP       ENERGY          RMS            GMAX         NAME    NUMBER
   3700      -1.8730E+05     8.6477E-02     5.2599E+00     CA       1898

 BOND    =    35359.9126  ANGLE   =      448.7598  DIHED      =      761.0540
 UB      =        0.0000  IMP     =        0.0000  CMAP       =      135.2815
 VDWAALS =    40931.5005  EEL     =  -271345.6440  HBOND      =        0.0000
 1-4 VDW =      548.1317  1-4 EEL =     5865.4248  RESTRAINT  =        0.0000


   NSTEP       ENERGY          RMS            GMAX         NAME    NUMBER
   3750      -1.8731E+05     7.2209E-02     4.9201E+00     CB       1900

 BOND    =    35366.0304  ANGLE   =      448.2812  DIHED      =      761.5481
 UB      =        0.0000  IMP     =        0.0000  CMAP       =      135.3331
 VDWAALS =    40939.0171  EEL     =  -271369.5313  HBOND      =        0.0000
 1-4 VDW =      548.0507  1-4 EEL =     5865.1669  RESTRAINT  =        0.0000


   NSTEP       ENERGY          RMS            GMAX         NAME    NUMBER
   3800      -1.8729E+05     1.1878E+00     9.6095E+01     CG       2429

 BOND    =    35321.0220  ANGLE   =      453.3236  DIHED      =      763.6007
 UB      =        0.0000  IMP     =        0.0000  CMAP       =      135.6509
 VDWAALS =    40949.8305  EEL     =  -271323.8335  HBOND      =        0.0000
 1-4 VDW =      548.3442  1-4 EEL =     5865.2821  RESTRAINT  =        0.0000


   NSTEP       ENERGY          RMS            GMAX         NAME    NUMBER
   3850      -1.8733E+05     1.2273E-01     8.0700E+00     C1       2850

 BOND    =    35372.4484  ANGLE   =      447.5890  DIHED      =      762.7723
 UB      =        0.0000  IMP     =        0.0000  CMAP       =      135.6194
 VDWAALS =    40959.1312  EEL     =  -271421.1325  HBOND      =        0.0000
 1-4 VDW =      547.6707  1-4 EEL =     5864.7678  RESTRAINT  =        0.0000


   NSTEP       ENERGY          RMS            GMAX         NAME    NUMBER
   3900      -1.8734E+05     1.4479E-01     1.4381E+01     CG       2429

 BOND    =    35378.3610  ANGLE   =      447.4404  DIHED      =      763.2859
 UB      =        0.0000  IMP     =        0.0000  CMAP       =      135.6926
 VDWAALS =    40971.4604  EEL     =  -271448.5297  HBOND      =        0.0000
 1-4 VDW =      547.5830  1-4 EEL =     5864.4812  RESTRAINT  =        0.0000


   NSTEP       ENERGY          RMS            GMAX         NAME    NUMBER
   3950      -1.8735E+05     1.3098E-01     6.2702E+00     CB       1900

 BOND    =    35385.0503  ANGLE   =      446.8870  DIHED      =      763.7146
 UB      =        0.0000  IMP     =        0.0000  CMAP       =      135.3238
 VDWAALS =    40983.4316  EEL     =  -271477.5717  HBOND      =        0.0000
 1-4 VDW =      547.7137  1-4 EEL =     5865.0437  RESTRAINT  =        0.0000


   NSTEP       ENERGY          RMS            GMAX         NAME    NUMBER
   4000      -1.8736E+05     6.4650E-02     3.7101E+00     O       25922

 BOND    =    35388.8620  ANGLE   =      446.1662  DIHED      =      763.7319
 UB      =        0.0000  IMP     =        0.0000  CMAP       =      135.1133
 VDWAALS =    40989.9156  EEL     =  -271495.1856  HBOND      =        0.0000
 1-4 VDW =      547.7804  1-4 EEL =     5865.1769  RESTRAINT  =        0.0000


   NSTEP       ENERGY          RMS            GMAX         NAME    NUMBER
   4050      -1.8736E+05     5.9760E-01     5.5630E+01     CB       1900

 BOND    =    35389.0868  ANGLE   =      447.1219  DIHED      =      764.2973
 UB      =        0.0000  IMP     =        0.0000  CMAP       =      134.8795
 VDWAALS =    41019.8134  EEL     =  -271530.7527  HBOND      =        0.0000
 1-4 VDW =      547.8638  1-4 EEL =     5864.6053  RESTRAINT  =        0.0000


   NSTEP       ENERGY          RMS            GMAX         NAME    NUMBER
   4100      -1.8738E+05     1.3229E-01     8.5136E+00     H1      13323

 BOND    =    35408.1733  ANGLE   =      446.1446  DIHED      =      764.7944
 UB      =        0.0000  IMP     =        0.0000  CMAP       =      134.9660
 VDWAALS =    41028.2850  EEL     =  -271576.7874  HBOND      =        0.0000
 1-4 VDW =      547.6536  1-4 EEL =     5864.4549  RESTRAINT  =        0.0000


   NSTEP       ENERGY          RMS            GMAX         NAME    NUMBER
   4150      -1.8739E+05     1.5143E-01     1.0762E+01     CD        649

 BOND    =    35405.1603  ANGLE   =      445.5766  DIHED      =      765.5206
 UB      =        0.0000  IMP     =        0.0000  CMAP       =      134.9751
 VDWAALS =    41042.6745  EEL     =  -271597.5322  HBOND      =        0.0000
 1-4 VDW =      547.5135  1-4 EEL =     5863.9600  RESTRAINT  =        0.0000


   NSTEP       ENERGY          RMS            GMAX         NAME    NUMBER
   4200      -1.8740E+05     7.3775E-02     5.2932E+00     O       35962

 BOND    =    35416.2147  ANGLE   =      445.3037  DIHED      =      766.1725
 UB      =        0.0000  IMP     =        0.0000  CMAP       =      134.9053
 VDWAALS =    41049.2180  EEL     =  -271626.9347  HBOND      =        0.0000
 1-4 VDW =      547.4363  1-4 EEL =     5863.8446  RESTRAINT  =        0.0000


   NSTEP       ENERGY          RMS            GMAX         NAME    NUMBER
   4250      -1.8741E+05     7.0232E-02     4.0933E+00     O       35962

 BOND    =    35421.5253  ANGLE   =      444.6963  DIHED      =      766.8472
 UB      =        0.0000  IMP     =        0.0000  CMAP       =      134.9570
 VDWAALS =    41055.6992  EEL     =  -271647.6380  HBOND      =        0.0000
 1-4 VDW =      547.4070  1-4 EEL =     5863.7439  RESTRAINT  =        0.0000

     .... RESTARTED DUE TO LINMIN FAILURE ...


   NSTEP       ENERGY          RMS            GMAX         NAME    NUMBER
   4300      -1.8743E+05     8.4094E-02     9.6655E+00     H1      20911

 BOND    =    35425.6693  ANGLE   =      444.6557  DIHED      =      767.8648
 UB      =        0.0000  IMP     =        0.0000  CMAP       =      134.8844
 VDWAALS =    41072.5946  EEL     =  -271682.2782  HBOND      =        0.0000
 1-4 VDW =      547.5662  1-4 EEL =     5863.9525  RESTRAINT  =        0.0000


   NSTEP       ENERGY          RMS            GMAX         NAME    NUMBER
   4350      -1.8744E+05     7.9739E-02     8.0956E+00     CB       1547

 BOND    =    35423.7902  ANGLE   =      444.5472  DIHED      =      768.0763
 UB      =        0.0000  IMP     =        0.0000  CMAP       =      134.9355
 VDWAALS =    41080.3283  EEL     =  -271698.1850  HBOND      =        0.0000
 1-4 VDW =      547.1929  1-4 EEL =     5863.7460  RESTRAINT  =        0.0000


   NSTEP       ENERGY          RMS            GMAX         NAME    NUMBER
   4400      -1.8744E+05     9.4026E-02     5.5353E+00     CB       1547

 BOND    =    35440.2158  ANGLE   =      444.2767  DIHED      =      768.3681
 UB      =        0.0000  IMP     =        0.0000  CMAP       =      134.9686
 VDWAALS =    41089.5366  EEL     =  -271732.5220  HBOND      =        0.0000
 1-4 VDW =      546.9491  1-4 EEL =     5863.4461  RESTRAINT  =        0.0000


   NSTEP       ENERGY          RMS            GMAX         NAME    NUMBER
   4450      -1.8745E+05     7.5498E-02     5.0509E+00     CD       1086

 BOND    =    35426.8040  ANGLE   =      443.9891  DIHED      =      768.4194
 UB      =        0.0000  IMP     =        0.0000  CMAP       =      134.9641
 VDWAALS =    41093.7895  EEL     =  -271728.5540  HBOND      =        0.0000
 1-4 VDW =      546.9644  1-4 EEL =     5863.4781  RESTRAINT  =        0.0000


   NSTEP       ENERGY          RMS            GMAX         NAME    NUMBER
   4500      -1.8748E+05     6.8268E-02     6.1223E+00     CB       1547

 BOND    =    35454.5124  ANGLE   =      444.2721  DIHED      =      769.4150
 UB      =        0.0000  IMP     =        0.0000  CMAP       =      135.1856
 VDWAALS =    41125.3296  EEL     =  -271814.7700  HBOND      =        0.0000
 1-4 VDW =      546.1178  1-4 EEL =     5862.6884  RESTRAINT  =        0.0000

     .... RESTARTED DUE TO LINMIN FAILURE ...


   NSTEP       ENERGY          RMS            GMAX         NAME    NUMBER
   4550      -1.8749E+05     1.4569E-01     9.4034E+00     O       15242

 BOND    =    35446.9872  ANGLE   =      443.9688  DIHED      =      769.8370
 UB      =        0.0000  IMP     =        0.0000  CMAP       =      135.1455
 VDWAALS =    41140.0781  EEL     =  -271833.3813  HBOND      =        0.0000
 1-4 VDW =      546.5023  1-4 EEL =     5862.8049  RESTRAINT  =        0.0000


   NSTEP       ENERGY          RMS            GMAX         NAME    NUMBER
   4600      -1.8750E+05     1.3303E-01     1.0249E+01     C1       2850

 BOND    =    35448.4827  ANGLE   =      443.9498  DIHED      =      770.1181
 UB      =        0.0000  IMP     =        0.0000  CMAP       =      135.1099
 VDWAALS =    41148.2238  EEL     =  -271851.8884  HBOND      =        0.0000
 1-4 VDW =      546.2709  1-4 EEL =     5862.6566  RESTRAINT  =        0.0000

     .... RESTARTED DUE TO LINMIN FAILURE ...


   NSTEP       ENERGY          RMS            GMAX         NAME    NUMBER
   4650      -1.8750E+05     3.9213E-02     3.0556E+00     H1      26623

 BOND    =    35467.3025  ANGLE   =      443.5737  DIHED      =      770.2857
 UB      =        0.0000  IMP     =        0.0000  CMAP       =      135.1892
 VDWAALS =    41151.9911  EEL     =  -271878.9162  HBOND      =        0.0000
 1-4 VDW =      546.0832  1-4 EEL =     5862.5490  RESTRAINT  =        0.0000


   NSTEP       ENERGY          RMS            GMAX         NAME    NUMBER
   4700      -1.8752E+05     1.0825E-01     9.2165E+00     CA       1545

 BOND    =    35472.1864  ANGLE   =      443.3682  DIHED      =      771.0237
 UB      =        0.0000  IMP     =        0.0000  CMAP       =      135.0208
 VDWAALS =    41177.7885  EEL     =  -271926.3734  HBOND      =        0.0000
 1-4 VDW =      546.4679  1-4 EEL =     5862.8968  RESTRAINT  =        0.0000


   NSTEP       ENERGY          RMS            GMAX         NAME    NUMBER
   4750      -1.8753E+05     1.4897E-01     1.9502E+01     H2      34812

 BOND    =    35477.1900  ANGLE   =      442.1656  DIHED      =      772.0785
 UB      =        0.0000  IMP     =        0.0000  CMAP       =      134.8818
 VDWAALS =    41197.8482  EEL     =  -271959.9067  HBOND      =        0.0000
 1-4 VDW =      546.1992  1-4 EEL =     5863.1793  RESTRAINT  =        0.0000


   NSTEP       ENERGY          RMS            GMAX         NAME    NUMBER
   4800      -1.8753E+05     4.2929E-02     2.8476E+00     CA       1545

 BOND    =    35484.9129  ANGLE   =      442.4655  DIHED      =      771.8828
 UB      =        0.0000  IMP     =        0.0000  CMAP       =      134.9844
 VDWAALS =    41196.7587  EEL     =  -271973.6728  HBOND      =        0.0000
 1-4 VDW =      546.2177  1-4 EEL =     5862.8075  RESTRAINT  =        0.0000


   NSTEP       ENERGY          RMS            GMAX         NAME    NUMBER
   4850      -1.8754E+05     4.9202E-02     4.6262E+00     C1       2850

 BOND    =    35490.8941  ANGLE   =      442.5590  DIHED      =      772.1986
 UB      =        0.0000  IMP     =        0.0000  CMAP       =      135.0939
 VDWAALS =    41203.0203  EEL     =  -271995.2175  HBOND      =        0.0000
 1-4 VDW =      545.9942  1-4 EEL =     5862.7507  RESTRAINT  =        0.0000


   NSTEP       ENERGY          RMS            GMAX         NAME    NUMBER
   4900      -1.8755E+05     1.1065E-01     8.8968E+00     OE1        52

 BOND    =    35502.0602  ANGLE   =      444.1191  DIHED      =      773.0035
 UB      =        0.0000  IMP     =        0.0000  CMAP       =      134.9685
 VDWAALS =    41215.3193  EEL     =  -272032.2211  HBOND      =        0.0000
 1-4 VDW =      545.7587  1-4 EEL =     5864.0383  RESTRAINT  =        0.0000


   NSTEP       ENERGY          RMS            GMAX         NAME    NUMBER
   4950      -1.8756E+05     8.5137E-02     8.0580E+00     C1       2850

 BOND    =    35504.4246  ANGLE   =      443.7852  DIHED      =      773.0037
 UB      =        0.0000  IMP     =        0.0000  CMAP       =      134.9969
 VDWAALS =    41222.6864  EEL     =  -272049.4882  HBOND      =        0.0000
 1-4 VDW =      545.6134  1-4 EEL =     5863.0689  RESTRAINT  =        0.0000


   NSTEP       ENERGY          RMS            GMAX         NAME    NUMBER
   5000      -1.8757E+05     1.8899E-01     1.1258E+01     H1      11323

 BOND    =    35477.8222  ANGLE   =      444.1679  DIHED      =      773.3980
 UB      =        0.0000  IMP     =        0.0000  CMAP       =      134.9501
 VDWAALS =    41233.7747  EEL     =  -272042.6579  HBOND      =        0.0000
 1-4 VDW =      545.4236  1-4 EEL =     5862.8209  RESTRAINT  =        0.0000


  Maximum number of minimization cycles reached.


                    FINAL RESULTS



   NSTEP       ENERGY          RMS            GMAX         NAME    NUMBER
   5000      -1.8757E+05     1.8899E-01     1.1258E+01     H1      11323

 BOND    =    35477.8222  ANGLE   =      444.1679  DIHED      =      773.3980
 UB      =        0.0000  IMP     =        0.0000  CMAP       =      134.9501
 VDWAALS =    41233.7747  EEL     =  -272042.6579  HBOND      =        0.0000
 1-4 VDW =      545.4236  1-4 EEL =     5862.8209  RESTRAINT  =        0.0000
--------------------------------------------------------------------------------
   5.  TIMINGS
--------------------------------------------------------------------------------

|  NonSetup CPU Time in Major Routines:
|
|     Routine           Sec        %
|     ------------------------------
|     Nonbond           3.17   36.14
|     Bond              0.00    0.00
|     Angle             0.00    0.00
|     Dihedral          0.00    0.00
|     Shake             0.00    0.00
|     Other             5.60   63.86
|     ------------------------------
|     Total             8.78

|  PME Nonbond Pairlist CPU Time:
|
|     Routine              Sec        %
|     ---------------------------------
|     Set Up Cit           0.00    0.00
|     Build List           0.00    0.00
|     ---------------------------------
|     Total                0.00    0.00

|  PME Direct Force CPU Time:
|
|     Routine              Sec        %
|     ---------------------------------
|     NonBonded Calc       0.00    0.00
|     Exclude Masked       0.00    0.00
|     Other                0.01    0.12
|     ---------------------------------
|     Total                0.01    0.12

|  PME Reciprocal Force CPU Time:
|
|     Routine              Sec        %
|     ---------------------------------
|     1D bspline           0.00    0.00
|     Grid Charges         0.00    0.00
|     Scalar Sum           0.00    0.00
|     Gradient Sum         0.00    0.00
|     FFT                  0.00    0.00
|     ---------------------------------
|     Total                0.00    0.00

|  Setup CPU time:            0.56 seconds
|  NonSetup CPU time:         8.78 seconds
|  Total CPU time:            9.34 seconds     0.00 hours

|  Setup wall time:           1    seconds
|  NonSetup wall time:        9    seconds
|  Total wall time:          10    seconds     0.00 hours
