            --------------------------------------------------------
                             AMBER SQM VERSION 19
 
                                     By
              Ross C. Walker, Michael F. Crowley, Scott Brozell,
                         Tim Giese, Andreas W. Goetz,
                        Tai-Sung Lee and David A. Case
 
            --------------------------------------------------------
 

--------------------------------------------------------------------------------
  QM CALCULATION INFO
--------------------------------------------------------------------------------

| QMMM: Citation for AMBER QMMM Run:
| QMMM: R.C. Walker, M.F. Crowley and D.A. Case, J. COMP. CHEM. 29:1019, 2008

QMMM: SINGLET STATE CALCULATION
QMMM: RHF CALCULATION, NO. OF DOUBLY OCCUPIED LEVELS = 52

| QMMM: *** Selected Hamiltonian *** 
| QMMM: AM1         

| QMMM: *** Parameter sets in use ***
| QMMM: C : M.J.S.DEWAR et al. JACS, 107, 3902, (1985)
| QMMM: O : M.J.S.DEWAR et al. JACS, 107, 3902, (1985)
| QMMM: N : M.J.S.DEWAR et al. JACS, 107, 3902, (1985)
| QMMM: H : M.J.S.DEWAR et al. JACS, 107, 3902, (1985)
| QMMM: F : M.J.S.DEWAR et al. THEOCHEM, 180, 1, (1988)

| QMMM: *** SCF convergence criteria ***
| QMMM: Energy change                :  0.1D-09 kcal/mol
| QMMM: Error matrix |FP-PF|         :  0.1D+00 au
| QMMM: Density matrix change        :  0.5D-06
| QMMM: Maximum number of SCF cycles :     1000

| QMMM: *** Diagonalization Routine Information ***
| QMMM: Pseudo diagonalizations are allowed.
| QMMM: Auto diagonalization routine selection is in use.
| QMMM:
| QMMM: Timing diagonalization routines:
| QMMM:                              norbs =       87
| QMMM:    diag iterations used for timing =       15
| QMMM:
| QMMM:              Internal diag routine = 0.014276 seconds
| QMMM:                 Dspev diag routine = 0.017817 seconds
| QMMM:                Dspevd diag routine = 0.009619 seconds
| QMMM:                Dspevx diag routine = 0.047534 seconds
| QMMM:                 Dsyev diag routine = 0.017142 seconds
| QMMM:                Dsyevd diag routine = 0.008003 seconds
| QMMM:                Dsyevr diag routine = 0.010808 seconds
| QMMM:
| QMMM:                Pseudo diag routine = 0.004594 seconds
| QMMM:
| QMMM: Using dsyevd routine (diag_routine=6).

  QMMM: QM Region Cartesian Coordinates (*=link atom) 
  QMMM: QM_NO.   MM_NO.  ATOM         X         Y         Z
  QMMM:     1        1      C        1.0750   21.9360   32.6720
  QMMM:     2        2      C        0.6850   22.2410   33.9820
  QMMM:     3        3      C        1.6380   22.4210   34.9860
  QMMM:     4        4      C        2.9970   22.2970   34.6730
  QMMM:     5        5      C        3.4260   22.0150   33.3690
  QMMM:     6        6      C        2.4400   21.8270   32.3770
  QMMM:     7        7      C       -0.4430   22.7010   30.8240
  QMMM:     8        8      O       -0.0350   23.8490   30.6950
  QMMM:     9        9      N        0.0460   21.7640   31.7230
  QMMM:    10       10      H       -0.7210   21.2120   32.0930
  QMMM:    11       11      C       -2.5270   23.2720   29.5360
  QMMM:    12       12      C       -1.5890   22.1470   29.9700
  QMMM:    13       13      C       -1.0540   21.4050   28.7460
  QMMM:    14       14      C        4.8840   21.9120   33.0040
  QMMM:    15       15      F        5.5420   23.0970   33.1210
  QMMM:    16       16      F        5.0810   21.5240   31.7120
  QMMM:    17       17      F        5.5560   21.0090   33.7640
  QMMM:    18       18      N        3.9510   22.4590   35.7620
  QMMM:    19       19      O        4.4200   23.5920   35.9340
  QMMM:    20       20      O        4.1930   21.4630   36.4520
  QMMM:    21       21      H       -0.3680   22.3540   34.2330
  QMMM:    22       22      H        1.3180   22.6530   36.0000
  QMMM:    23       23      H        2.7330   21.6090   31.3500
  QMMM:    24       24      H       -2.9030   23.8210   30.4070
  QMMM:    25       25      H       -2.0190   23.9910   28.8850
  QMMM:    26       26      H       -3.3880   22.8720   28.9910
  QMMM:    27       27      H       -2.1740   21.4460   30.5780
  QMMM:    28       28      H       -0.4080   20.5730   29.0480
  QMMM:    29       29      H       -1.8730   20.9970   28.1450
  QMMM:    30       30      H       -0.4570   22.0690   28.1110

--------------------------------------------------------------------------------
  RESULTS
--------------------------------------------------------------------------------

 
 Final MO eigenvalues (eV):
 -52.6240  -49.2973  -49.1809  -42.7989  -41.3559  -39.9900  -37.3680  -36.5078
 -35.8186  -33.6649  -32.1405  -28.6653  -28.4201  -27.1655  -25.2123  -24.3823
 -23.1925  -21.4682  -20.7644  -20.1247  -19.9634  -19.7861  -19.7236  -18.6779
 -18.4476  -17.9610  -17.0175  -16.3702  -16.2595  -15.9890  -15.7703  -15.6046
 -15.4095  -15.2476  -15.0784  -14.8119  -14.7780  -14.6217  -14.3071  -14.0710
 -13.7847  -13.4792  -13.3351  -12.7335  -12.7041  -12.5370  -12.1136  -11.9750
 -11.8280  -11.4345  -11.1738  -10.4983   -1.3786   -0.9959   -0.7344    0.1690
   0.6198    0.9149    1.1727    1.4360    2.3574    2.7723    2.7856    2.9085
   3.0294    3.1076    3.1638    3.2102    3.2723    3.4638    3.5877    3.6368
   3.7330    3.9141    4.0937    4.1287    4.1491    4.2288    4.3064    4.4060
   4.6557    4.6740    4.7898    4.8569    5.0574    6.3495    6.5577

 Heat of formation   =       -150.01391814 kcal/mol  (       -6.50509163 eV)

 Total SCF energy    =    -101173.15164992 kcal/mol  (    -4387.19707081 eV)
 Electronic energy   =    -551917.82771877 kcal/mol  (   -23932.95293867 eV)
 Core-core repulsion =     450744.67606884 kcal/mol  (    19545.75586787 eV)
 
    Atomic Charges for Step       1 :
  Atom    Element       Mulliken Charge
     1      C                  0.076
     2      C                 -0.132
     3      C                 -0.080
     4      C                 -0.054
     5      C                 -0.124
     6      C                 -0.065
     7      C                  0.303
     8      O                 -0.306
     9      N                 -0.334
    10      H                  0.220
    11      C                 -0.205
    12      C                 -0.121
    13      C                 -0.203
    14      C                  0.483
    15      F                 -0.142
    16      F                 -0.157
    17      F                 -0.146
    18      N                  0.524
    19      O                 -0.317
    20      O                 -0.318
    21      H                  0.151
    22      H                  0.167
    23      H                  0.175
    24      H                  0.079
    25      H                  0.098
    26      H                  0.081
    27      H                  0.090
    28      H                  0.081
    29      H                  0.086
    30      H                  0.090
 Total Mulliken Charge =       0.000
 
                  X        Y        Z     TOTAL  
  QM DIPOLE    -7.353   -2.558   -2.364    8.136
 
 Final Structure

  QMMM: QM Region Cartesian Coordinates (*=link atom) 
  QMMM: QM_NO.   MM_NO.  ATOM         X         Y         Z
  QMMM:     1        1      C        1.0750   21.9360   32.6720
  QMMM:     2        2      C        0.6850   22.2410   33.9820
  QMMM:     3        3      C        1.6380   22.4210   34.9860
  QMMM:     4        4      C        2.9970   22.2970   34.6730
  QMMM:     5        5      C        3.4260   22.0150   33.3690
  QMMM:     6        6      C        2.4400   21.8270   32.3770
  QMMM:     7        7      C       -0.4430   22.7010   30.8240
  QMMM:     8        8      O       -0.0350   23.8490   30.6950
  QMMM:     9        9      N        0.0460   21.7640   31.7230
  QMMM:    10       10      H       -0.7210   21.2120   32.0930
  QMMM:    11       11      C       -2.5270   23.2720   29.5360
  QMMM:    12       12      C       -1.5890   22.1470   29.9700
  QMMM:    13       13      C       -1.0540   21.4050   28.7460
  QMMM:    14       14      C        4.8840   21.9120   33.0040
  QMMM:    15       15      F        5.5420   23.0970   33.1210
  QMMM:    16       16      F        5.0810   21.5240   31.7120
  QMMM:    17       17      F        5.5560   21.0090   33.7640
  QMMM:    18       18      N        3.9510   22.4590   35.7620
  QMMM:    19       19      O        4.4200   23.5920   35.9340
  QMMM:    20       20      O        4.1930   21.4630   36.4520
  QMMM:    21       21      H       -0.3680   22.3540   34.2330
  QMMM:    22       22      H        1.3180   22.6530   36.0000
  QMMM:    23       23      H        2.7330   21.6090   31.3500
  QMMM:    24       24      H       -2.9030   23.8210   30.4070
  QMMM:    25       25      H       -2.0190   23.9910   28.8850
  QMMM:    26       26      H       -3.3880   22.8720   28.9910
  QMMM:    27       27      H       -2.1740   21.4460   30.5780
  QMMM:    28       28      H       -0.4080   20.5730   29.0480
  QMMM:    29       29      H       -1.8730   20.9970   28.1450
  QMMM:    30       30      H       -0.4570   22.0690   28.1110

           --------- Calculation Completed ----------

