
          -------------------------------------------------------
          Amber 22 PMEMD                              2022
          -------------------------------------------------------

| PMEMD implementation of SANDER, Release 22

|  Compiled date/time: Thu Apr 14 11:06:37 2022
| Run on 09/01/2026 at 15:13:52

|   Executable path: pmemd.cuda
| Working directory: /bigdata/cutlerlab/jjaco081/PYR1_pocket_expansion/data/posecheck/fludioxonil_pred/rep1
|          Hostname: gpu09

  [-O]verwriting output

File Assignments:
|   MDIN: eq2.in                                                                
|  MDOUT: eq2.out                                                               
| INPCRD: eq1.rst7                                                              
|   PARM: /bigdata/cutlerlab/jjaco081/PYR1_pocket_expansion/data/posecheck/fludi
| RESTRT: eq2.rst7                                                              
|   REFC: refc                                                                  
|  MDVEL: mdvel                                                                 
|   MDEN: mden                                                                  
|  MDCRD: eq2.nc                                                                
| MDINFO: eq2.info                                                              
|  MDFRC: mdfrc                                                                 


 Here is the input file:

NPT equilibration 2, 1 ns, unrestrained                                        
 &cntrl                                                                        
  imin=0, irest=1, ntx=5,                                                      
  nstlim=500000, dt=0.002,                                                     
  ntc=2, ntf=2, cut=10.0,                                                      
  ntb=2, ntp=1, barostat=2, pres0=1.0, taup=2.0,                               
  ntt=3, gamma_ln=2.0, ig=-1, temp0=300.0,                                     
  ntr=0,                                                                       
  ntpr=5000, ntwx=5000, ntwr=50000,                                            
 /                                                                             


Note: ig = -1. Setting random seed to   435723 based on wallclock time in 
      microseconds.
| irandom = 1, using AMBER's internal random number generator (default).
 
|--------------------- INFORMATION ----------------------
| GPU (CUDA) Version of PMEMD in use: NVIDIA GPU IN USE.
|                    Version 18.0.0
| 
|                      03/25/2018
| 
| Implementation by:
|                    Ross C. Walker     (SDSC)
|                    Scott Le Grand     (nVIDIA)
| 
| Version 18 performance extensions by:
|                    David Cerutti     (Rutgers)
| 
| Precision model in use:
|      [SPFP] - Single Precision Forces, 64-bit Fixed Point
|               Accumulation. (Default)
| 
|--------------------------------------------------------
 
|----------------- CITATION INFORMATION -----------------
|
|    When publishing work that utilized the CUDA version
|    of AMBER, please cite the following in addition to
|    the regular AMBER citations:
|
|  - Romelia Salomon-Ferrer; Andreas W. Goetz; Duncan
|    Poole; Scott Le Grand; Ross C. Walker "Routine
|    microsecond molecular dynamics simulations with
|    AMBER - Part II: Particle Mesh Ewald", J. Chem.
|    Theory Comput., 2013, 9 (9), pp3878-3888,
|    DOI: 10.1021/ct400314y.
|
|  - Andreas W. Goetz; Mark J. Williamson; Dong Xu;
|    Duncan Poole; Scott Le Grand; Ross C. Walker
|    "Routine microsecond molecular dynamics simulations
|    with AMBER - Part I: Generalized Born", J. Chem.
|    Theory Comput., 2012, 8 (5), pp1542-1555.
|
|  - Scott Le Grand; Andreas W. Goetz; Ross C. Walker
|    "SPFP: Speed without compromise - a mixed precision
|    model for GPU accelerated molecular dynamics
|    simulations.", Comp. Phys. Comm., 2013, 184
|    pp374-380, DOI: 10.1016/j.cpc.2012.09.022
|
|--------------------------------------------------------
 
|------------------- GPU DEVICE INFO --------------------
|
|            CUDA_VISIBLE_DEVICES: 0
|   CUDA Capable Devices Detected:      1
|           CUDA Device ID in use:      0
|                CUDA Device Name: NVIDIA RTX 6000 Ada Generation
|     CUDA Device Global Mem Size:  48510 MB
| CUDA Device Num Multiprocessors:    142
|           CUDA Device Core Freq:   2.50 GHz
|
|--------------------------------------------------------
 
 
| Conditional Compilation Defines Used:
| PUBFFT
| BINTRAJ
| CUDA
| EMIL

| Largest sphere to fit in unit cell has radius =    30.927

| New format PARM file being parsed.
| Version =    1.000 Date = 09/01/26 Time = 11:34:27

| Note: 1-4 EEL scale factors are being read from the topology file.

| Note: 1-4 VDW scale factors are being read from the topology file.
| INFO:    Virtual site frames will be inferred from bonding patterns.
| Duplicated    0 dihedrals

| Duplicated    0 dihedrals

--------------------------------------------------------------------------------
   1.  RESOURCE   USE: 
--------------------------------------------------------------------------------

 getting box info from netcdf restart file
 NATOM  =   43878 NTYPES =      29 NBONH =   32129 MBONA  =   11717
 NTHETH =    3223 MTHETA =    2008 NPHIH =    6579 MPHIA  =    6363
 NHPARM =       0 NPARM  =       0 NNB   =   87537 NRES   =   10477
 NBONA  =   11717 NTHETA =    2008 NPHIA =    6363 NUMBND =      89
 NUMANG =     193 NPTRA  =     207 NATYP =      52 NPHB   =       0
 IFBOX  =       2 NMXRS  =      24 IFCAP =       0 NEXTRA =   10236
 NCOPY  =       0


| Coordinate Index Table dimensions:    12   12   12
| Direct force subcell size =     6.3129    6.3129    6.3129

     BOX TYPE: TRUNCATED OCTAHEDRON

--------------------------------------------------------------------------------
   2.  CONTROL  DATA  FOR  THE  RUN
--------------------------------------------------------------------------------

default_name                                                                    

General flags:
     imin    =       0, nmropt  =       0

Nature and format of input:
     ntx     =       5, irest   =       1, ntrx    =       1

Nature and format of output:
     ntxo    =       2, ntpr    =    5000, ntrx    =       1, ntwr    =   50000
     iwrap   =       0, ntwx    =    5000, ntwv    =       0, ntwe    =       0
     ioutfm  =       1, ntwprt  =       0, idecomp =       0, rbornstat=      0

Potential function:
     ntf     =       2, ntb     =       2, igb     =       0, nsnb    =      25
     ipol    =       0, gbsa    =       0, iesp    =       0
     dielc   =   1.00000, cut     =  10.00000, intdiel =   1.00000

Frozen or restrained atoms:
     ibelly  =       0, ntr     =       0

Molecular dynamics:
     nstlim  =    500000, nscm    =      1000, nrespa  =         1
     t       =   0.00000, dt      =   0.00200, vlimit  =  -1.00000

Langevin dynamics temperature regulation:
     ig      =  435723
     temp0   = 300.00000, tempi   =   0.00000, gamma_ln=   2.00000

Pressure regulation:
     ntp     =       1
     pres0   =   1.00000, comp    =  44.60000, taup    =   2.00000
     Monte-Carlo Barostat:
     mcbarint  =     100

SHAKE:
     ntc     =       2, jfastw  =       0
     tol     =   0.00001

| Intermolecular bonds treatment:
|     no_intermolecular_bonds =       1

| Energy averages sample interval:
|     ene_avg_sampling =    5000

Extra-points options:
     frameon =       1, chngmask=       1

Ewald parameters:
     verbose =       0, ew_type =       0, nbflag  =       1, use_pme =       1
     vdwmeth =       1, eedmeth =       1, netfrc  =       1
     Box X =   75.755   Box Y =   75.755   Box Z =   75.755
     Alpha =  109.471   Beta  =  109.471   Gamma =  109.471
     NFFT1 =   80       NFFT2 =   80       NFFT3 =   80
     Cutoff=   10.000   Tol   =0.100E-04
     Ewald Coefficient =  0.27511
     Interpolation order =    4
|      EXTRA_PTS, trim_bonds: num bonds BEFORE trim = 32129     0
|      EXTRA_PTS, trim_bonds: num bonds AFTER  trim = 32129     0
|      EXTRA_PTS, trim_bonds: num bonds BEFORE trim = 11717     0
|      EXTRA_PTS, trim_bonds: num bonds AFTER  trim =  1481     0
|      EXTRA_PTS, trim_theta: num angle BEFORE trim =  3223     0
|      EXTRA_PTS, trim_theta: num angle AFTER  trim =  3223     0
|      EXTRA_PTS, trim_theta: num angle BEFORE trim =  2008     0
|      EXTRA_PTS, trim_theta: num angle AFTER  trim =  2008     0
|      EXTRA_PTS, trim_phi:  num diheds BEFORE trim =  6579     0
|      EXTRA_PTS, trim_phi:  num diheds AFTER  trim =  6579     0
|      EXTRA_PTS, trim_phi:  num diheds BEFORE trim =  6363     0
|      EXTRA_PTS, trim_phi:  num diheds AFTER  trim =  6363     0
| MONTE CARLO BAROSTAT IMPORTANT NOTE:
|   The Monte-Carlo barostat does not require the virial to adjust the system volume.
|   Since it is an expensive calculation, it is skipped for efficiency. A side-effect
|   is that the reported pressure is always 0 because it is not calculated.

--------------------------------------------------------------------------------
   3.  ATOMIC COORDINATES AND VELOCITIES
--------------------------------------------------------------------------------

default_name                                                                    
 begin time read from input coords =   700.000 ps

 
 Number of triangulated 3-point waters found:    10236

     Sum of charges from parm topology file =   0.00005612
     Forcing neutrality...

| Dynamic Memory, Types Used:
| Reals             1888787
| Integers          4328140

| Nonbonded Pairs Initial Allocation:    13271998

| GPU memory information (estimate):
| KB of GPU memory in use:    388488
| KB of CPU memory in use:     97963

--------------------------------------------------------------------------------
   4.  RESULTS
--------------------------------------------------------------------------------

| MC Barostat: Decreasing size of volume moves
| MC Barostat: Decreasing size of volume moves
| MC Barostat: Decreasing size of volume moves
| MC Barostat: Decreasing size of volume moves
| MC Barostat: Decreasing size of volume moves

 NSTEP =     5000   TIME(PS) =     710.000  TEMP(K) =   298.32  PRESS =     0.0
 Etot   =   -117272.6380  EKtot   =     20392.0840  EPtot      =   -137664.7220
 BOND   =       540.0365  ANGLE   =      1530.3839  DIHED      =      1004.6012
 UB     =         0.0000  IMP     =         0.0000  CMAP       =       140.9328
 1-4 NB =       651.5508  1-4 EEL =      5832.8223  VDWAALS    =     16974.4700
 EELEC  =   -164339.5196  EHBOND  =         0.0000  RESTRAINT  =         0.0000
 EKCMT  =         0.0000  VIRIAL  =         0.0000  VOLUME     =    334941.9546
                                                    Density    =         1.0281
 ------------------------------------------------------------------------------

| MC Barostat: Decreasing size of volume moves
| MC Barostat: Decreasing size of volume moves
| MC Barostat: Decreasing size of volume moves
| MC Barostat: Decreasing size of volume moves

 NSTEP =    10000   TIME(PS) =     720.000  TEMP(K) =   302.50  PRESS =     0.0
 Etot   =   -116908.0971  EKtot   =     20677.7812  EPtot      =   -137585.8783
 BOND   =       564.8200  ANGLE   =      1508.6718  DIHED      =       995.5158
 UB     =         0.0000  IMP     =         0.0000  CMAP       =       138.8106
 1-4 NB =       648.9801  1-4 EEL =      5900.4315  VDWAALS    =     16332.8146
 EELEC  =   -163675.9228  EHBOND  =         0.0000  RESTRAINT  =         0.0000
 EKCMT  =         0.0000  VIRIAL  =         0.0000  VOLUME     =    335350.1709
                                                    Density    =         1.0268
 ------------------------------------------------------------------------------


 NSTEP =    15000   TIME(PS) =     730.000  TEMP(K) =   303.74  PRESS =     0.0
 Etot   =   -116816.9344  EKtot   =     20762.4355  EPtot      =   -137579.3699
 BOND   =       574.3948  ANGLE   =      1560.5434  DIHED      =      1006.6835
 UB     =         0.0000  IMP     =         0.0000  CMAP       =       142.6320
 1-4 NB =       629.4144  1-4 EEL =      5835.9495  VDWAALS    =     16155.3285
 EELEC  =   -163484.3159  EHBOND  =         0.0000  RESTRAINT  =         0.0000
 EKCMT  =         0.0000  VIRIAL  =         0.0000  VOLUME     =    332916.8041
                                                    Density    =         1.0343
 ------------------------------------------------------------------------------


 NSTEP =    20000   TIME(PS) =     740.000  TEMP(K) =   302.53  PRESS =     0.0
 Etot   =   -116948.1619  EKtot   =     20680.1133  EPtot      =   -137628.2752
 BOND   =       585.1093  ANGLE   =      1537.2527  DIHED      =       979.1559
 UB     =         0.0000  IMP     =         0.0000  CMAP       =       137.2056
 1-4 NB =       623.8109  1-4 EEL =      5839.6773  VDWAALS    =     16455.7179
 EELEC  =   -163786.2047  EHBOND  =         0.0000  RESTRAINT  =         0.0000
 EKCMT  =         0.0000  VIRIAL  =         0.0000  VOLUME     =    335059.9332
                                                    Density    =         1.0277
 ------------------------------------------------------------------------------


 NSTEP =    25000   TIME(PS) =     750.000  TEMP(K) =   299.72  PRESS =     0.0
 Etot   =   -117031.2228  EKtot   =     20487.6445  EPtot      =   -137518.8673
 BOND   =       593.1485  ANGLE   =      1514.2131  DIHED      =      1000.3982
 UB     =         0.0000  IMP     =         0.0000  CMAP       =       148.8532
 1-4 NB =       633.2300  1-4 EEL =      5858.5503  VDWAALS    =     16545.9350
 EELEC  =   -163813.1956  EHBOND  =         0.0000  RESTRAINT  =         0.0000
 EKCMT  =         0.0000  VIRIAL  =         0.0000  VOLUME     =    333278.6090
                                                    Density    =         1.0332
 ------------------------------------------------------------------------------


 NSTEP =    30000   TIME(PS) =     760.000  TEMP(K) =   300.27  PRESS =     0.0
 Etot   =   -117051.8231  EKtot   =     20525.6973  EPtot      =   -137577.5204
 BOND   =       569.7811  ANGLE   =      1524.8363  DIHED      =      1006.7908
 UB     =         0.0000  IMP     =         0.0000  CMAP       =       136.3485
 1-4 NB =       636.1504  1-4 EEL =      5812.1280  VDWAALS    =     16092.3014
 EELEC  =   -163355.8569  EHBOND  =         0.0000  RESTRAINT  =         0.0000
 EKCMT  =         0.0000  VIRIAL  =         0.0000  VOLUME     =    333518.6942
                                                    Density    =         1.0325
 ------------------------------------------------------------------------------


 NSTEP =    35000   TIME(PS) =     770.000  TEMP(K) =   297.47  PRESS =     0.0
 Etot   =   -117140.4214  EKtot   =     20333.7988  EPtot      =   -137474.2202
 BOND   =       568.4995  ANGLE   =      1564.2643  DIHED      =       981.4225
 UB     =         0.0000  IMP     =         0.0000  CMAP       =       134.6533
 1-4 NB =       624.9792  1-4 EEL =      5866.9355  VDWAALS    =     16696.4809
 EELEC  =   -163911.4555  EHBOND  =         0.0000  RESTRAINT  =         0.0000
 EKCMT  =         0.0000  VIRIAL  =         0.0000  VOLUME     =    333192.6374
                                                    Density    =         1.0335
 ------------------------------------------------------------------------------


 NSTEP =    40000   TIME(PS) =     780.000  TEMP(K) =   299.69  PRESS =     0.0
 Etot   =   -116776.9545  EKtot   =     20485.9570  EPtot      =   -137262.9116
 BOND   =       544.9027  ANGLE   =      1576.6146  DIHED      =      1030.6102
 UB     =         0.0000  IMP     =         0.0000  CMAP       =       136.7069
 1-4 NB =       640.4818  1-4 EEL =      5845.7277  VDWAALS    =     16198.7718
 EELEC  =   -163236.7272  EHBOND  =         0.0000  RESTRAINT  =         0.0000
 EKCMT  =         0.0000  VIRIAL  =         0.0000  VOLUME     =    333620.8235
                                                    Density    =         1.0322
 ------------------------------------------------------------------------------


 NSTEP =    45000   TIME(PS) =     790.000  TEMP(K) =   299.90  PRESS =     0.0
 Etot   =   -116814.3132  EKtot   =     20499.9609  EPtot      =   -137314.2742
 BOND   =       537.3894  ANGLE   =      1536.8634  DIHED      =      1016.7259
 UB     =         0.0000  IMP     =         0.0000  CMAP       =       132.9367
 1-4 NB =       658.9694  1-4 EEL =      5882.7672  VDWAALS    =     16162.6278
 EELEC  =   -163242.5539  EHBOND  =         0.0000  RESTRAINT  =         0.0000
 EKCMT  =         0.0000  VIRIAL  =         0.0000  VOLUME     =    335090.5326
                                                    Density    =         1.0276
 ------------------------------------------------------------------------------


 NSTEP =    50000   TIME(PS) =     800.000  TEMP(K) =   302.26  PRESS =     0.0
 Etot   =   -117031.4332  EKtot   =     20661.0957  EPtot      =   -137692.5289
 BOND   =       535.1516  ANGLE   =      1536.6228  DIHED      =       957.2067
 UB     =         0.0000  IMP     =         0.0000  CMAP       =       140.6645
 1-4 NB =       632.6164  1-4 EEL =      5841.3333  VDWAALS    =     16602.2488
 EELEC  =   -163938.3731  EHBOND  =         0.0000  RESTRAINT  =         0.0000
 EKCMT  =         0.0000  VIRIAL  =         0.0000  VOLUME     =    334435.4601
                                                    Density    =         1.0296
 ------------------------------------------------------------------------------


 NSTEP =    55000   TIME(PS) =     810.000  TEMP(K) =   300.23  PRESS =     0.0
 Etot   =   -116731.0148  EKtot   =     20522.8750  EPtot      =   -137253.8898
 BOND   =       564.7827  ANGLE   =      1499.0386  DIHED      =      1011.0157
 UB     =         0.0000  IMP     =         0.0000  CMAP       =       129.5183
 1-4 NB =       643.5659  1-4 EEL =      5868.4431  VDWAALS    =     16193.3633
 EELEC  =   -163163.6174  EHBOND  =         0.0000  RESTRAINT  =         0.0000
 EKCMT  =         0.0000  VIRIAL  =         0.0000  VOLUME     =    334909.9662
                                                    Density    =         1.0282
 ------------------------------------------------------------------------------


 NSTEP =    60000   TIME(PS) =     820.000  TEMP(K) =   301.49  PRESS =     0.0
 Etot   =   -117002.5459  EKtot   =     20608.7168  EPtot      =   -137611.2627
 BOND   =       563.9681  ANGLE   =      1543.2666  DIHED      =      1000.7494
 UB     =         0.0000  IMP     =         0.0000  CMAP       =       140.9984
 1-4 NB =       636.0671  1-4 EEL =      5823.1448  VDWAALS    =     16493.5865
 EELEC  =   -163813.0436  EHBOND  =         0.0000  RESTRAINT  =         0.0000
 EKCMT  =         0.0000  VIRIAL  =         0.0000  VOLUME     =    335767.1742
                                                    Density    =         1.0256
 ------------------------------------------------------------------------------


 NSTEP =    65000   TIME(PS) =     830.000  TEMP(K) =   300.46  PRESS =     0.0
 Etot   =   -117452.0134  EKtot   =     20538.6426  EPtot      =   -137990.6560
 BOND   =       554.0758  ANGLE   =      1481.2183  DIHED      =      1008.4958
 UB     =         0.0000  IMP     =         0.0000  CMAP       =       141.2652
 1-4 NB =       658.0114  1-4 EEL =      5863.9281  VDWAALS    =     16637.4242
 EELEC  =   -164335.0747  EHBOND  =         0.0000  RESTRAINT  =         0.0000
 EKCMT  =         0.0000  VIRIAL  =         0.0000  VOLUME     =    333617.9008
                                                    Density    =         1.0322
 ------------------------------------------------------------------------------


 NSTEP =    70000   TIME(PS) =     840.000  TEMP(K) =   301.76  PRESS =     0.0
 Etot   =   -117080.3400  EKtot   =     20627.4727  EPtot      =   -137707.8126
 BOND   =       520.7248  ANGLE   =      1517.1800  DIHED      =      1005.0455
 UB     =         0.0000  IMP     =         0.0000  CMAP       =       133.4879
 1-4 NB =       655.1959  1-4 EEL =      5842.5094  VDWAALS    =     16891.1799
 EELEC  =   -164273.1360  EHBOND  =         0.0000  RESTRAINT  =         0.0000
 EKCMT  =         0.0000  VIRIAL  =         0.0000  VOLUME     =    334610.4837
                                                    Density    =         1.0291
 ------------------------------------------------------------------------------


 NSTEP =    75000   TIME(PS) =     850.000  TEMP(K) =   300.54  PRESS =     0.0
 Etot   =   -116772.2447  EKtot   =     20543.7656  EPtot      =   -137316.0104
 BOND   =       536.1306  ANGLE   =      1501.8827  DIHED      =       985.3239
 UB     =         0.0000  IMP     =         0.0000  CMAP       =       140.0647
 1-4 NB =       649.2509  1-4 EEL =      5860.5319  VDWAALS    =     16331.3534
 EELEC  =   -163320.5483  EHBOND  =         0.0000  RESTRAINT  =         0.0000
 EKCMT  =         0.0000  VIRIAL  =         0.0000  VOLUME     =    335310.4887
                                                    Density    =         1.0270
 ------------------------------------------------------------------------------


 NSTEP =    80000   TIME(PS) =     860.000  TEMP(K) =   300.36  PRESS =     0.0
 Etot   =   -117095.7253  EKtot   =     20531.7676  EPtot      =   -137627.4929
 BOND   =       558.3407  ANGLE   =      1503.0130  DIHED      =      1005.8505
 UB     =         0.0000  IMP     =         0.0000  CMAP       =       139.9547
 1-4 NB =       650.4331  1-4 EEL =      5809.8997  VDWAALS    =     16592.7999
 EELEC  =   -163887.7846  EHBOND  =         0.0000  RESTRAINT  =         0.0000
 EKCMT  =         0.0000  VIRIAL  =         0.0000  VOLUME     =    335494.2600
                                                    Density    =         1.0264
 ------------------------------------------------------------------------------


 NSTEP =    85000   TIME(PS) =     870.000  TEMP(K) =   301.13  PRESS =     0.0
 Etot   =   -117147.4650  EKtot   =     20584.0684  EPtot      =   -137731.5333
 BOND   =       578.8984  ANGLE   =      1527.9935  DIHED      =      1016.6642
 UB     =         0.0000  IMP     =         0.0000  CMAP       =       140.1126
 1-4 NB =       652.1071  1-4 EEL =      5811.9174  VDWAALS    =     16743.4082
 EELEC  =   -164202.6348  EHBOND  =         0.0000  RESTRAINT  =         0.0000
 EKCMT  =         0.0000  VIRIAL  =         0.0000  VOLUME     =    333796.0440
                                                    Density    =         1.0316
 ------------------------------------------------------------------------------


 NSTEP =    90000   TIME(PS) =     880.000  TEMP(K) =   295.16  PRESS =     0.0
 Etot   =   -117594.4097  EKtot   =     20176.1680  EPtot      =   -137770.5777
 BOND   =       535.1544  ANGLE   =      1534.0454  DIHED      =      1001.7246
 UB     =         0.0000  IMP     =         0.0000  CMAP       =       143.7467
 1-4 NB =       654.5354  1-4 EEL =      5892.3201  VDWAALS    =     16689.8565
 EELEC  =   -164221.9608  EHBOND  =         0.0000  RESTRAINT  =         0.0000
 EKCMT  =         0.0000  VIRIAL  =         0.0000  VOLUME     =    333606.5175
                                                    Density    =         1.0322
 ------------------------------------------------------------------------------


 NSTEP =    95000   TIME(PS) =     890.000  TEMP(K) =   294.46  PRESS =     0.0
 Etot   =   -117191.8180  EKtot   =     20128.1035  EPtot      =   -137319.9215
 BOND   =       570.9425  ANGLE   =      1523.9471  DIHED      =       968.2949
 UB     =         0.0000  IMP     =         0.0000  CMAP       =       142.7468
 1-4 NB =       653.7808  1-4 EEL =      5807.8063  VDWAALS    =     16121.7704
 EELEC  =   -163109.2103  EHBOND  =         0.0000  RESTRAINT  =         0.0000
 EKCMT  =         0.0000  VIRIAL  =         0.0000  VOLUME     =    333585.9007
                                                    Density    =         1.0323
 ------------------------------------------------------------------------------


 NSTEP =   100000   TIME(PS) =     900.000  TEMP(K) =   299.05  PRESS =     0.0
 Etot   =   -117065.1324  EKtot   =     20441.8066  EPtot      =   -137506.9390
 BOND   =       572.7175  ANGLE   =      1448.8961  DIHED      =       987.8143
 UB     =         0.0000  IMP     =         0.0000  CMAP       =       141.6484
 1-4 NB =       661.9438  1-4 EEL =      5871.2088  VDWAALS    =     16664.0461
 EELEC  =   -163855.2139  EHBOND  =         0.0000  RESTRAINT  =         0.0000
 EKCMT  =         0.0000  VIRIAL  =         0.0000  VOLUME     =    334053.8989
                                                    Density    =         1.0308
 ------------------------------------------------------------------------------


 NSTEP =   105000   TIME(PS) =     910.000  TEMP(K) =   303.31  PRESS =     0.0
 Etot   =   -116886.6848  EKtot   =     20733.3398  EPtot      =   -137620.0246
 BOND   =       550.2677  ANGLE   =      1549.2741  DIHED      =       981.2659
 UB     =         0.0000  IMP     =         0.0000  CMAP       =       152.7686
 1-4 NB =       646.2112  1-4 EEL =      5834.3758  VDWAALS    =     16354.9345
 EELEC  =   -163689.1226  EHBOND  =         0.0000  RESTRAINT  =         0.0000
 EKCMT  =         0.0000  VIRIAL  =         0.0000  VOLUME     =    334450.0450
                                                    Density    =         1.0296
 ------------------------------------------------------------------------------


 NSTEP =   110000   TIME(PS) =     920.000  TEMP(K) =   300.94  PRESS =     0.0
 Etot   =   -117137.7102  EKtot   =     20570.9180  EPtot      =   -137708.6282
 BOND   =       530.8254  ANGLE   =      1505.8245  DIHED      =       974.5927
 UB     =         0.0000  IMP     =         0.0000  CMAP       =       135.7167
 1-4 NB =       644.7305  1-4 EEL =      5885.5748  VDWAALS    =     16439.8838
 EELEC  =   -163825.7765  EHBOND  =         0.0000  RESTRAINT  =         0.0000
 EKCMT  =         0.0000  VIRIAL  =         0.0000  VOLUME     =    332886.7153
                                                    Density    =         1.0344
 ------------------------------------------------------------------------------


 NSTEP =   115000   TIME(PS) =     930.000  TEMP(K) =   297.32  PRESS =     0.0
 Etot   =   -117280.9471  EKtot   =     20324.0039  EPtot      =   -137604.9510
 BOND   =       548.2063  ANGLE   =      1526.9795  DIHED      =       980.2331
 UB     =         0.0000  IMP     =         0.0000  CMAP       =       144.0744
 1-4 NB =       655.1959  1-4 EEL =      5866.8514  VDWAALS    =     16265.8021
 EELEC  =   -163592.2938  EHBOND  =         0.0000  RESTRAINT  =         0.0000
 EKCMT  =         0.0000  VIRIAL  =         0.0000  VOLUME     =    333830.7575
                                                    Density    =         1.0315
 ------------------------------------------------------------------------------


 NSTEP =   120000   TIME(PS) =     940.000  TEMP(K) =   296.83  PRESS =     0.0
 Etot   =   -117369.3471  EKtot   =     20290.3496  EPtot      =   -137659.6967
 BOND   =       566.6886  ANGLE   =      1548.5041  DIHED      =      1001.3569
 UB     =         0.0000  IMP     =         0.0000  CMAP       =       142.2302
 1-4 NB =       637.2864  1-4 EEL =      5859.2175  VDWAALS    =     16501.4740
 EELEC  =   -163916.4544  EHBOND  =         0.0000  RESTRAINT  =         0.0000
 EKCMT  =         0.0000  VIRIAL  =         0.0000  VOLUME     =    333584.0305
                                                    Density    =         1.0323
 ------------------------------------------------------------------------------


 NSTEP =   125000   TIME(PS) =     950.000  TEMP(K) =   298.04  PRESS =     0.0
 Etot   =   -117401.2886  EKtot   =     20372.7539  EPtot      =   -137774.0426
 BOND   =       579.2347  ANGLE   =      1536.5950  DIHED      =       992.0477
 UB     =         0.0000  IMP     =         0.0000  CMAP       =       135.7093
 1-4 NB =       654.5076  1-4 EEL =      5814.3517  VDWAALS    =     16621.0899
 EELEC  =   -164107.5786  EHBOND  =         0.0000  RESTRAINT  =         0.0000
 EKCMT  =         0.0000  VIRIAL  =         0.0000  VOLUME     =    334092.7696
                                                    Density    =         1.0307
 ------------------------------------------------------------------------------


 NSTEP =   130000   TIME(PS) =     960.000  TEMP(K) =   303.75  PRESS =     0.0
 Etot   =   -116516.3354  EKtot   =     20762.9668  EPtot      =   -137279.3022
 BOND   =       566.1306  ANGLE   =      1547.5102  DIHED      =      1000.7257
 UB     =         0.0000  IMP     =         0.0000  CMAP       =       149.6905
 1-4 NB =       643.7159  1-4 EEL =      5792.7263  VDWAALS    =     16119.7927
 EELEC  =   -163099.5941  EHBOND  =         0.0000  RESTRAINT  =         0.0000
 EKCMT  =         0.0000  VIRIAL  =         0.0000  VOLUME     =    333537.1536
                                                    Density    =         1.0324
 ------------------------------------------------------------------------------


 NSTEP =   135000   TIME(PS) =     970.000  TEMP(K) =   299.47  PRESS =     0.0
 Etot   =   -117169.8651  EKtot   =     20470.8594  EPtot      =   -137640.7245
 BOND   =       541.9546  ANGLE   =      1503.1350  DIHED      =      1005.1715
 UB     =         0.0000  IMP     =         0.0000  CMAP       =       136.9116
 1-4 NB =       634.8001  1-4 EEL =      5843.9852  VDWAALS    =     16171.1626
 EELEC  =   -163477.8452  EHBOND  =         0.0000  RESTRAINT  =         0.0000
 EKCMT  =         0.0000  VIRIAL  =         0.0000  VOLUME     =    332544.8807
                                                    Density    =         1.0355
 ------------------------------------------------------------------------------


 NSTEP =   140000   TIME(PS) =     980.000  TEMP(K) =   297.42  PRESS =     0.0
 Etot   =   -117601.9729  EKtot   =     20330.3965  EPtot      =   -137932.3694
 BOND   =       550.4355  ANGLE   =      1514.4283  DIHED      =       992.3949
 UB     =         0.0000  IMP     =         0.0000  CMAP       =       136.0828
 1-4 NB =       634.8985  1-4 EEL =      5874.3832  VDWAALS    =     16659.4711
 EELEC  =   -164294.4636  EHBOND  =         0.0000  RESTRAINT  =         0.0000
 EKCMT  =         0.0000  VIRIAL  =         0.0000  VOLUME     =    332811.2432
                                                    Density    =         1.0347
 ------------------------------------------------------------------------------


 NSTEP =   145000   TIME(PS) =     990.000  TEMP(K) =   297.71  PRESS =     0.0
 Etot   =   -117117.9657  EKtot   =     20350.1641  EPtot      =   -137468.1297
 BOND   =       570.8199  ANGLE   =      1484.2051  DIHED      =       964.3912
 UB     =         0.0000  IMP     =         0.0000  CMAP       =       140.8714
 1-4 NB =       620.8808  1-4 EEL =      5807.2165  VDWAALS    =     16256.9011
 EELEC  =   -163313.4158  EHBOND  =         0.0000  RESTRAINT  =         0.0000
 EKCMT  =         0.0000  VIRIAL  =         0.0000  VOLUME     =    333955.0102
                                                    Density    =         1.0311
 ------------------------------------------------------------------------------


 NSTEP =   150000   TIME(PS) =    1000.000  TEMP(K) =   297.86  PRESS =     0.0
 Etot   =   -117191.9842  EKtot   =     20360.5605  EPtot      =   -137552.5448
 BOND   =       543.4049  ANGLE   =      1527.5267  DIHED      =       996.0448
 UB     =         0.0000  IMP     =         0.0000  CMAP       =       127.3568
 1-4 NB =       653.9880  1-4 EEL =      5855.5644  VDWAALS    =     16581.5347
 EELEC  =   -163837.9650  EHBOND  =         0.0000  RESTRAINT  =         0.0000
 EKCMT  =         0.0000  VIRIAL  =         0.0000  VOLUME     =    333452.3099
                                                    Density    =         1.0327
 ------------------------------------------------------------------------------


 NSTEP =   155000   TIME(PS) =    1010.000  TEMP(K) =   299.51  PRESS =     0.0
 Etot   =   -116907.7314  EKtot   =     20473.5859  EPtot      =   -137381.3174
 BOND   =       526.6263  ANGLE   =      1552.8733  DIHED      =       997.9291
 UB     =         0.0000  IMP     =         0.0000  CMAP       =       133.3422
 1-4 NB =       659.1426  1-4 EEL =      5875.9331  VDWAALS    =     16194.7586
 EELEC  =   -163321.9226  EHBOND  =         0.0000  RESTRAINT  =         0.0000
 EKCMT  =         0.0000  VIRIAL  =         0.0000  VOLUME     =    334464.1148
                                                    Density    =         1.0296
 ------------------------------------------------------------------------------


 NSTEP =   160000   TIME(PS) =    1020.000  TEMP(K) =   299.21  PRESS =     0.0
 Etot   =   -117284.6761  EKtot   =     20453.1035  EPtot      =   -137737.7796
 BOND   =       588.4106  ANGLE   =      1500.4158  DIHED      =       976.1807
 UB     =         0.0000  IMP     =         0.0000  CMAP       =       147.6872
 1-4 NB =       649.4567  1-4 EEL =      5869.2253  VDWAALS    =     16348.7991
 EELEC  =   -163817.9549  EHBOND  =         0.0000  RESTRAINT  =         0.0000
 EKCMT  =         0.0000  VIRIAL  =         0.0000  VOLUME     =    333872.3235
                                                    Density    =         1.0314
 ------------------------------------------------------------------------------


 NSTEP =   165000   TIME(PS) =    1030.000  TEMP(K) =   300.72  PRESS =     0.0
 Etot   =   -116761.3384  EKtot   =     20556.1016  EPtot      =   -137317.4399
 BOND   =       555.6836  ANGLE   =      1561.7452  DIHED      =      1005.6007
 UB     =         0.0000  IMP     =         0.0000  CMAP       =       123.8217
 1-4 NB =       653.3573  1-4 EEL =      5830.6514  VDWAALS    =     16015.8588
 EELEC  =   -163064.1588  EHBOND  =         0.0000  RESTRAINT  =         0.0000
 EKCMT  =         0.0000  VIRIAL  =         0.0000  VOLUME     =    334598.3437
                                                    Density    =         1.0291
 ------------------------------------------------------------------------------


 NSTEP =   170000   TIME(PS) =    1040.000  TEMP(K) =   301.21  PRESS =     0.0
 Etot   =   -117216.8638  EKtot   =     20589.5547  EPtot      =   -137806.4185
 BOND   =       556.1611  ANGLE   =      1476.3152  DIHED      =      1002.9327
 UB     =         0.0000  IMP     =         0.0000  CMAP       =       140.5268
 1-4 NB =       619.3688  1-4 EEL =      5820.1080  VDWAALS    =     16645.5648
 EELEC  =   -164067.3959  EHBOND  =         0.0000  RESTRAINT  =         0.0000
 EKCMT  =         0.0000  VIRIAL  =         0.0000  VOLUME     =    334140.3239
                                                    Density    =         1.0306
 ------------------------------------------------------------------------------


 NSTEP =   175000   TIME(PS) =    1050.000  TEMP(K) =   298.33  PRESS =     0.0
 Etot   =   -117203.0377  EKtot   =     20392.8789  EPtot      =   -137595.9166
 BOND   =       577.3311  ANGLE   =      1589.5685  DIHED      =       997.4559
 UB     =         0.0000  IMP     =         0.0000  CMAP       =       128.1712
 1-4 NB =       636.6330  1-4 EEL =      5842.2698  VDWAALS    =     16451.3367
 EELEC  =   -163818.6828  EHBOND  =         0.0000  RESTRAINT  =         0.0000
 EKCMT  =         0.0000  VIRIAL  =         0.0000  VOLUME     =    334417.2737
                                                    Density    =         1.0297
 ------------------------------------------------------------------------------


 NSTEP =   180000   TIME(PS) =    1060.000  TEMP(K) =   298.80  PRESS =     0.0
 Etot   =   -117178.7814  EKtot   =     20424.5996  EPtot      =   -137603.3810
 BOND   =       518.0214  ANGLE   =      1516.9989  DIHED      =      1006.1951
 UB     =         0.0000  IMP     =         0.0000  CMAP       =       132.4061
 1-4 NB =       660.1057  1-4 EEL =      5853.9439  VDWAALS    =     16655.2698
 EELEC  =   -163946.3220  EHBOND  =         0.0000  RESTRAINT  =         0.0000
 EKCMT  =         0.0000  VIRIAL  =         0.0000  VOLUME     =    334295.5041
                                                    Density    =         1.0301
 ------------------------------------------------------------------------------


 NSTEP =   185000   TIME(PS) =    1070.000  TEMP(K) =   302.95  PRESS =     0.0
 Etot   =   -116935.5858  EKtot   =     20708.8691  EPtot      =   -137644.4549
 BOND   =       612.2277  ANGLE   =      1547.3065  DIHED      =      1017.9004
 UB     =         0.0000  IMP     =         0.0000  CMAP       =       129.6706
 1-4 NB =       642.6859  1-4 EEL =      5816.3138  VDWAALS    =     16636.0725
 EELEC  =   -164046.6325  EHBOND  =         0.0000  RESTRAINT  =         0.0000
 EKCMT  =         0.0000  VIRIAL  =         0.0000  VOLUME     =    334345.3540
                                                    Density    =         1.0299
 ------------------------------------------------------------------------------


 NSTEP =   190000   TIME(PS) =    1080.000  TEMP(K) =   301.53  PRESS =     0.0
 Etot   =   -117073.0086  EKtot   =     20611.4141  EPtot      =   -137684.4227
 BOND   =       567.9161  ANGLE   =      1565.4122  DIHED      =      1011.4471
 UB     =         0.0000  IMP     =         0.0000  CMAP       =       147.0970
 1-4 NB =       646.4411  1-4 EEL =      5816.6782  VDWAALS    =     16870.0619
 EELEC  =   -164309.4763  EHBOND  =         0.0000  RESTRAINT  =         0.0000
 EKCMT  =         0.0000  VIRIAL  =         0.0000  VOLUME     =    332462.1613
                                                    Density    =         1.0358
 ------------------------------------------------------------------------------


 NSTEP =   195000   TIME(PS) =    1090.000  TEMP(K) =   300.22  PRESS =     0.0
 Etot   =   -117035.0591  EKtot   =     20521.7520  EPtot      =   -137556.8111
 BOND   =       541.8947  ANGLE   =      1488.4027  DIHED      =       988.7906
 UB     =         0.0000  IMP     =         0.0000  CMAP       =       144.7037
 1-4 NB =       633.2442  1-4 EEL =      5854.4380  VDWAALS    =     16273.7982
 EELEC  =   -163482.0830  EHBOND  =         0.0000  RESTRAINT  =         0.0000
 EKCMT  =         0.0000  VIRIAL  =         0.0000  VOLUME     =    334327.8873
                                                    Density    =         1.0300
 ------------------------------------------------------------------------------


 NSTEP =   200000   TIME(PS) =    1100.000  TEMP(K) =   298.85  PRESS =     0.0
 Etot   =   -117425.0108  EKtot   =     20428.1055  EPtot      =   -137853.1163
 BOND   =       501.4108  ANGLE   =      1468.2333  DIHED      =       993.4363
 UB     =         0.0000  IMP     =         0.0000  CMAP       =       128.4023
 1-4 NB =       652.0836  1-4 EEL =      5848.2985  VDWAALS    =     16725.0021
 EELEC  =   -164169.9830  EHBOND  =         0.0000  RESTRAINT  =         0.0000
 EKCMT  =         0.0000  VIRIAL  =         0.0000  VOLUME     =    333507.7746
                                                    Density    =         1.0325
 ------------------------------------------------------------------------------


 NSTEP =   205000   TIME(PS) =    1110.000  TEMP(K) =   296.78  PRESS =     0.0
 Etot   =   -117377.4804  EKtot   =     20287.0781  EPtot      =   -137664.5585
 BOND   =       554.2429  ANGLE   =      1490.3449  DIHED      =      1010.6133
 UB     =         0.0000  IMP     =         0.0000  CMAP       =       136.5414
 1-4 NB =       656.2715  1-4 EEL =      5836.9883  VDWAALS    =     16601.9333
 EELEC  =   -163951.4942  EHBOND  =         0.0000  RESTRAINT  =         0.0000
 EKCMT  =         0.0000  VIRIAL  =         0.0000  VOLUME     =    333337.7248
                                                    Density    =         1.0330
 ------------------------------------------------------------------------------


 NSTEP =   210000   TIME(PS) =    1120.000  TEMP(K) =   301.15  PRESS =     0.0
 Etot   =   -116905.5056  EKtot   =     20585.3535  EPtot      =   -137490.8591
 BOND   =       569.7364  ANGLE   =      1536.0040  DIHED      =      1021.0324
 UB     =         0.0000  IMP     =         0.0000  CMAP       =       130.9517
 1-4 NB =       643.5812  1-4 EEL =      5808.8522  VDWAALS    =     16067.5601
 EELEC  =   -163268.5770  EHBOND  =         0.0000  RESTRAINT  =         0.0000
 EKCMT  =         0.0000  VIRIAL  =         0.0000  VOLUME     =    333510.7286
                                                    Density    =         1.0325
 ------------------------------------------------------------------------------


 NSTEP =   215000   TIME(PS) =    1130.000  TEMP(K) =   300.34  PRESS =     0.0
 Etot   =   -117364.7889  EKtot   =     20530.3887  EPtot      =   -137895.1776
 BOND   =       525.7950  ANGLE   =      1513.1019  DIHED      =       989.4627
 UB     =         0.0000  IMP     =         0.0000  CMAP       =       133.0079
 1-4 NB =       637.3500  1-4 EEL =      5838.0012  VDWAALS    =     16466.7290
 EELEC  =   -163998.6254  EHBOND  =         0.0000  RESTRAINT  =         0.0000
 EKCMT  =         0.0000  VIRIAL  =         0.0000  VOLUME     =    332834.3934
                                                    Density    =         1.0346
 ------------------------------------------------------------------------------


 NSTEP =   220000   TIME(PS) =    1140.000  TEMP(K) =   300.60  PRESS =     0.0
 Etot   =   -116808.5312  EKtot   =     20547.9609  EPtot      =   -137356.4922
 BOND   =       546.2390  ANGLE   =      1518.7187  DIHED      =      1001.8843
 UB     =         0.0000  IMP     =         0.0000  CMAP       =       135.0667
 1-4 NB =       635.1539  1-4 EEL =      5825.2564  VDWAALS    =     16413.3159
 EELEC  =   -163432.1271  EHBOND  =         0.0000  RESTRAINT  =         0.0000
 EKCMT  =         0.0000  VIRIAL  =         0.0000  VOLUME     =    332500.8996
                                                    Density    =         1.0356
 ------------------------------------------------------------------------------


 NSTEP =   225000   TIME(PS) =    1150.000  TEMP(K) =   299.81  PRESS =     0.0
 Etot   =   -117152.8114  EKtot   =     20494.1523  EPtot      =   -137646.9638
 BOND   =       565.6837  ANGLE   =      1515.3441  DIHED      =       990.7105
 UB     =         0.0000  IMP     =         0.0000  CMAP       =       138.9711
 1-4 NB =       643.1812  1-4 EEL =      5819.4051  VDWAALS    =     16492.2552
 EELEC  =   -163812.5146  EHBOND  =         0.0000  RESTRAINT  =         0.0000
 EKCMT  =         0.0000  VIRIAL  =         0.0000  VOLUME     =    332845.1099
                                                    Density    =         1.0346
 ------------------------------------------------------------------------------


 NSTEP =   230000   TIME(PS) =    1160.000  TEMP(K) =   300.79  PRESS =     0.0
 Etot   =   -117486.8869  EKtot   =     20560.7910  EPtot      =   -138047.6779
 BOND   =       540.5723  ANGLE   =      1499.6155  DIHED      =       990.1988
 UB     =         0.0000  IMP     =         0.0000  CMAP       =       129.1333
 1-4 NB =       643.1692  1-4 EEL =      5827.1154  VDWAALS    =     16216.8028
 EELEC  =   -163894.2852  EHBOND  =         0.0000  RESTRAINT  =         0.0000
 EKCMT  =         0.0000  VIRIAL  =         0.0000  VOLUME     =    334419.3285
                                                    Density    =         1.0297
 ------------------------------------------------------------------------------


 NSTEP =   235000   TIME(PS) =    1170.000  TEMP(K) =   302.83  PRESS =     0.0
 Etot   =   -116802.0096  EKtot   =     20700.2793  EPtot      =   -137502.2889
 BOND   =       577.2292  ANGLE   =      1511.8017  DIHED      =       956.1081
 UB     =         0.0000  IMP     =         0.0000  CMAP       =       138.8587
 1-4 NB =       636.3292  1-4 EEL =      5871.5944  VDWAALS    =     16728.2502
 EELEC  =   -163922.4604  EHBOND  =         0.0000  RESTRAINT  =         0.0000
 EKCMT  =         0.0000  VIRIAL  =         0.0000  VOLUME     =    333533.6684
                                                    Density    =         1.0324
 ------------------------------------------------------------------------------


 NSTEP =   240000   TIME(PS) =    1180.000  TEMP(K) =   296.84  PRESS =     0.0
 Etot   =   -117186.0215  EKtot   =     20290.6680  EPtot      =   -137476.6894
 BOND   =       546.1379  ANGLE   =      1542.6513  DIHED      =       969.3288
 UB     =         0.0000  IMP     =         0.0000  CMAP       =       132.8375
 1-4 NB =       628.1479  1-4 EEL =      5820.3161  VDWAALS    =     16602.3566
 EELEC  =   -163718.4656  EHBOND  =         0.0000  RESTRAINT  =         0.0000
 EKCMT  =         0.0000  VIRIAL  =         0.0000  VOLUME     =    332966.7868
                                                    Density    =         1.0342
 ------------------------------------------------------------------------------


 NSTEP =   245000   TIME(PS) =    1190.000  TEMP(K) =   300.44  PRESS =     0.0
 Etot   =   -117082.8945  EKtot   =     20536.9727  EPtot      =   -137619.8672
 BOND   =       542.6105  ANGLE   =      1511.9101  DIHED      =       997.8300
 UB     =         0.0000  IMP     =         0.0000  CMAP       =       128.6932
 1-4 NB =       641.7926  1-4 EEL =      5848.5796  VDWAALS    =     16493.8262
 EELEC  =   -163785.1095  EHBOND  =         0.0000  RESTRAINT  =         0.0000
 EKCMT  =         0.0000  VIRIAL  =         0.0000  VOLUME     =    333409.6630
                                                    Density    =         1.0328
 ------------------------------------------------------------------------------


 NSTEP =   250000   TIME(PS) =    1200.000  TEMP(K) =   299.14  PRESS =     0.0
 Etot   =   -117178.5744  EKtot   =     20447.8281  EPtot      =   -137626.4025
 BOND   =       565.2394  ANGLE   =      1471.8491  DIHED      =       992.8775
 UB     =         0.0000  IMP     =         0.0000  CMAP       =       138.3556
 1-4 NB =       621.4291  1-4 EEL =      5845.3752  VDWAALS    =     16553.0005
 EELEC  =   -163814.5291  EHBOND  =         0.0000  RESTRAINT  =         0.0000
 EKCMT  =         0.0000  VIRIAL  =         0.0000  VOLUME     =    334775.6903
                                                    Density    =         1.0286
 ------------------------------------------------------------------------------


 NSTEP =   255000   TIME(PS) =    1210.000  TEMP(K) =   299.97  PRESS =     0.0
 Etot   =   -116935.4145  EKtot   =     20505.0801  EPtot      =   -137440.4946
 BOND   =       580.3239  ANGLE   =      1534.8227  DIHED      =       982.6066
 UB     =         0.0000  IMP     =         0.0000  CMAP       =       137.4863
 1-4 NB =       656.8560  1-4 EEL =      5827.1189  VDWAALS    =     16390.7809
 EELEC  =   -163550.4898  EHBOND  =         0.0000  RESTRAINT  =         0.0000
 EKCMT  =         0.0000  VIRIAL  =         0.0000  VOLUME     =    333904.3442
                                                    Density    =         1.0313
 ------------------------------------------------------------------------------


 NSTEP =   260000   TIME(PS) =    1220.000  TEMP(K) =   299.09  PRESS =     0.0
 Etot   =   -117168.3750  EKtot   =     20444.6914  EPtot      =   -137613.0664
 BOND   =       576.4810  ANGLE   =      1539.5119  DIHED      =      1004.6058
 UB     =         0.0000  IMP     =         0.0000  CMAP       =       131.2450
 1-4 NB =       642.3785  1-4 EEL =      5807.3985  VDWAALS    =     16482.6804
 EELEC  =   -163797.3675  EHBOND  =         0.0000  RESTRAINT  =         0.0000
 EKCMT  =         0.0000  VIRIAL  =         0.0000  VOLUME     =    334021.1657
                                                    Density    =         1.0309
 ------------------------------------------------------------------------------


 NSTEP =   265000   TIME(PS) =    1230.000  TEMP(K) =   296.72  PRESS =     0.0
 Etot   =   -117218.3745  EKtot   =     20282.6758  EPtot      =   -137501.0503
 BOND   =       548.8927  ANGLE   =      1482.8774  DIHED      =      1005.9198
 UB     =         0.0000  IMP     =         0.0000  CMAP       =       136.5299
 1-4 NB =       661.9239  1-4 EEL =      5898.5842  VDWAALS    =     16492.6947
 EELEC  =   -163728.4728  EHBOND  =         0.0000  RESTRAINT  =         0.0000
 EKCMT  =         0.0000  VIRIAL  =         0.0000  VOLUME     =    334230.6143
                                                    Density    =         1.0303
 ------------------------------------------------------------------------------


 NSTEP =   270000   TIME(PS) =    1240.000  TEMP(K) =   297.73  PRESS =     0.0
 Etot   =   -117062.3596  EKtot   =     20351.4707  EPtot      =   -137413.8303
 BOND   =       546.3301  ANGLE   =      1502.1078  DIHED      =      1002.6708
 UB     =         0.0000  IMP     =         0.0000  CMAP       =       125.1602
 1-4 NB =       633.5851  1-4 EEL =      5794.5373  VDWAALS    =     16162.4427
 EELEC  =   -163180.6642  EHBOND  =         0.0000  RESTRAINT  =         0.0000
 EKCMT  =         0.0000  VIRIAL  =         0.0000  VOLUME     =    334030.0487
                                                    Density    =         1.0309
 ------------------------------------------------------------------------------


 NSTEP =   275000   TIME(PS) =    1250.000  TEMP(K) =   301.67  PRESS =     0.0
 Etot   =   -117088.5815  EKtot   =     20621.1660  EPtot      =   -137709.7475
 BOND   =       579.7551  ANGLE   =      1462.3968  DIHED      =      1014.8451
 UB     =         0.0000  IMP     =         0.0000  CMAP       =       132.6455
 1-4 NB =       635.4727  1-4 EEL =      5800.6556  VDWAALS    =     16266.9318
 EELEC  =   -163602.4500  EHBOND  =         0.0000  RESTRAINT  =         0.0000
 EKCMT  =         0.0000  VIRIAL  =         0.0000  VOLUME     =    333271.6060
                                                    Density    =         1.0332
 ------------------------------------------------------------------------------


 NSTEP =   280000   TIME(PS) =    1260.000  TEMP(K) =   298.18  PRESS =     0.0
 Etot   =   -117458.1794  EKtot   =     20382.1934  EPtot      =   -137840.3727
 BOND   =       569.6325  ANGLE   =      1465.9502  DIHED      =       981.8272
 UB     =         0.0000  IMP     =         0.0000  CMAP       =       131.8585
 1-4 NB =       642.6468  1-4 EEL =      5820.0436  VDWAALS    =     16183.7924
 EELEC  =   -163636.1238  EHBOND  =         0.0000  RESTRAINT  =         0.0000
 EKCMT  =         0.0000  VIRIAL  =         0.0000  VOLUME     =    333169.6850
                                                    Density    =         1.0336
 ------------------------------------------------------------------------------


 NSTEP =   285000   TIME(PS) =    1270.000  TEMP(K) =   300.95  PRESS =     0.0
 Etot   =   -117101.7078  EKtot   =     20571.9395  EPtot      =   -137673.6473
 BOND   =       594.9733  ANGLE   =      1556.2177  DIHED      =       980.4249
 UB     =         0.0000  IMP     =         0.0000  CMAP       =       134.6723
 1-4 NB =       632.0907  1-4 EEL =      5830.7341  VDWAALS    =     16349.9712
 EELEC  =   -163752.7315  EHBOND  =         0.0000  RESTRAINT  =         0.0000
 EKCMT  =         0.0000  VIRIAL  =         0.0000  VOLUME     =    333378.3037
                                                    Density    =         1.0329
 ------------------------------------------------------------------------------


 NSTEP =   290000   TIME(PS) =    1280.000  TEMP(K) =   297.26  PRESS =     0.0
 Etot   =   -117447.0218  EKtot   =     20319.9688  EPtot      =   -137766.9905
 BOND   =       541.0832  ANGLE   =      1530.2821  DIHED      =       979.6235
 UB     =         0.0000  IMP     =         0.0000  CMAP       =       142.0023
 1-4 NB =       632.1812  1-4 EEL =      5831.4479  VDWAALS    =     16451.5119
 EELEC  =   -163875.1226  EHBOND  =         0.0000  RESTRAINT  =         0.0000
 EKCMT  =         0.0000  VIRIAL  =         0.0000  VOLUME     =    334345.7727
                                                    Density    =         1.0299
 ------------------------------------------------------------------------------


 NSTEP =   295000   TIME(PS) =    1290.000  TEMP(K) =   300.94  PRESS =     0.0
 Etot   =   -116985.5671  EKtot   =     20571.4023  EPtot      =   -137556.9694
 BOND   =       543.5779  ANGLE   =      1529.9471  DIHED      =       990.2511
 UB     =         0.0000  IMP     =         0.0000  CMAP       =       127.0809
 1-4 NB =       649.8239  1-4 EEL =      5876.0625  VDWAALS    =     16620.3656
 EELEC  =   -163894.0785  EHBOND  =         0.0000  RESTRAINT  =         0.0000
 EKCMT  =         0.0000  VIRIAL  =         0.0000  VOLUME     =    333998.4560
                                                    Density    =         1.0310
 ------------------------------------------------------------------------------


 NSTEP =   300000   TIME(PS) =    1300.000  TEMP(K) =   300.73  PRESS =     0.0
 Etot   =   -117024.5099  EKtot   =     20557.1484  EPtot      =   -137581.6583
 BOND   =       560.7835  ANGLE   =      1500.8959  DIHED      =      1000.5740
 UB     =         0.0000  IMP     =         0.0000  CMAP       =       131.0767
 1-4 NB =       630.0755  1-4 EEL =      5844.6110  VDWAALS    =     16327.0956
 EELEC  =   -163576.7705  EHBOND  =         0.0000  RESTRAINT  =         0.0000
 EKCMT  =         0.0000  VIRIAL  =         0.0000  VOLUME     =    333563.3332
                                                    Density    =         1.0323
 ------------------------------------------------------------------------------


 NSTEP =   305000   TIME(PS) =    1310.000  TEMP(K) =   300.71  PRESS =     0.0
 Etot   =   -117151.1053  EKtot   =     20555.1602  EPtot      =   -137706.2654
 BOND   =       546.1442  ANGLE   =      1543.5607  DIHED      =      1011.1922
 UB     =         0.0000  IMP     =         0.0000  CMAP       =       136.8633
 1-4 NB =       634.4848  1-4 EEL =      5813.7593  VDWAALS    =     16917.3521
 EELEC  =   -164309.6221  EHBOND  =         0.0000  RESTRAINT  =         0.0000
 EKCMT  =         0.0000  VIRIAL  =         0.0000  VOLUME     =    333875.8535
                                                    Density    =         1.0314
 ------------------------------------------------------------------------------


 NSTEP =   310000   TIME(PS) =    1320.000  TEMP(K) =   300.87  PRESS =     0.0
 Etot   =   -117217.6014  EKtot   =     20566.2715  EPtot      =   -137783.8729
 BOND   =       567.1436  ANGLE   =      1538.9181  DIHED      =      1007.4193
 UB     =         0.0000  IMP     =         0.0000  CMAP       =       138.9867
 1-4 NB =       641.7109  1-4 EEL =      5856.0513  VDWAALS    =     16455.8150
 EELEC  =   -163989.9177  EHBOND  =         0.0000  RESTRAINT  =         0.0000
 EKCMT  =         0.0000  VIRIAL  =         0.0000  VOLUME     =    334675.1360
                                                    Density    =         1.0289
 ------------------------------------------------------------------------------


 NSTEP =   315000   TIME(PS) =    1330.000  TEMP(K) =   298.29  PRESS =     0.0
 Etot   =   -117589.1216  EKtot   =     20390.1914  EPtot      =   -137979.3130
 BOND   =       555.1155  ANGLE   =      1504.1892  DIHED      =      1016.3520
 UB     =         0.0000  IMP     =         0.0000  CMAP       =       132.0024
 1-4 NB =       648.3406  1-4 EEL =      5866.3471  VDWAALS    =     16691.1502
 EELEC  =   -164392.8101  EHBOND  =         0.0000  RESTRAINT  =         0.0000
 EKCMT  =         0.0000  VIRIAL  =         0.0000  VOLUME     =    332531.9371
                                                    Density    =         1.0355
 ------------------------------------------------------------------------------


 NSTEP =   320000   TIME(PS) =    1340.000  TEMP(K) =   302.70  PRESS =     0.0
 Etot   =   -116699.2197  EKtot   =     20691.7520  EPtot      =   -137390.9717
 BOND   =       557.9119  ANGLE   =      1474.8773  DIHED      =      1022.9443
 UB     =         0.0000  IMP     =         0.0000  CMAP       =       131.2406
 1-4 NB =       659.6547  1-4 EEL =      5905.4291  VDWAALS    =     16626.8739
 EELEC  =   -163769.9034  EHBOND  =         0.0000  RESTRAINT  =         0.0000
 EKCMT  =         0.0000  VIRIAL  =         0.0000  VOLUME     =    333099.9201
                                                    Density    =         1.0338
 ------------------------------------------------------------------------------


 NSTEP =   325000   TIME(PS) =    1350.000  TEMP(K) =   301.31  PRESS =     0.0
 Etot   =   -116852.8405  EKtot   =     20596.4961  EPtot      =   -137449.3366
 BOND   =       549.7521  ANGLE   =      1523.6371  DIHED      =       990.0372
 UB     =         0.0000  IMP     =         0.0000  CMAP       =       144.8895
 1-4 NB =       638.8490  1-4 EEL =      5851.7919  VDWAALS    =     16418.6259
 EELEC  =   -163566.9193  EHBOND  =         0.0000  RESTRAINT  =         0.0000
 EKCMT  =         0.0000  VIRIAL  =         0.0000  VOLUME     =    333899.7723
                                                    Density    =         1.0313
 ------------------------------------------------------------------------------


 NSTEP =   330000   TIME(PS) =    1360.000  TEMP(K) =   301.43  PRESS =     0.0
 Etot   =   -116878.3252  EKtot   =     20604.3496  EPtot      =   -137482.6749
 BOND   =       587.2372  ANGLE   =      1521.6836  DIHED      =       988.7602
 UB     =         0.0000  IMP     =         0.0000  CMAP       =       137.4486
 1-4 NB =       644.1008  1-4 EEL =      5825.8290  VDWAALS    =     16478.9579
 EELEC  =   -163666.6921  EHBOND  =         0.0000  RESTRAINT  =         0.0000
 EKCMT  =         0.0000  VIRIAL  =         0.0000  VOLUME     =    334622.4876
                                                    Density    =         1.0291
 ------------------------------------------------------------------------------


 NSTEP =   335000   TIME(PS) =    1370.000  TEMP(K) =   301.90  PRESS =     0.0
 Etot   =   -117031.1816  EKtot   =     20636.8594  EPtot      =   -137668.0410
 BOND   =       548.5585  ANGLE   =      1536.7022  DIHED      =       986.2281
 UB     =         0.0000  IMP     =         0.0000  CMAP       =       131.5955
 1-4 NB =       628.6354  1-4 EEL =      5834.0661  VDWAALS    =     16442.1437
 EELEC  =   -163775.9705  EHBOND  =         0.0000  RESTRAINT  =         0.0000
 EKCMT  =         0.0000  VIRIAL  =         0.0000  VOLUME     =    334960.2956
                                                    Density    =         1.0280
 ------------------------------------------------------------------------------


 NSTEP =   340000   TIME(PS) =    1380.000  TEMP(K) =   298.26  PRESS =     0.0
 Etot   =   -117000.6700  EKtot   =     20387.9258  EPtot      =   -137388.5958
 BOND   =       531.2899  ANGLE   =      1548.8667  DIHED      =       987.6464
 UB     =         0.0000  IMP     =         0.0000  CMAP       =       131.1384
 1-4 NB =       659.4528  1-4 EEL =      5899.4657  VDWAALS    =     16199.7781
 EELEC  =   -163346.2338  EHBOND  =         0.0000  RESTRAINT  =         0.0000
 EKCMT  =         0.0000  VIRIAL  =         0.0000  VOLUME     =    334013.3232
                                                    Density    =         1.0309
 ------------------------------------------------------------------------------


 NSTEP =   345000   TIME(PS) =    1390.000  TEMP(K) =   298.24  PRESS =     0.0
 Etot   =   -116799.3976  EKtot   =     20386.6328  EPtot      =   -137186.0305
 BOND   =       551.7674  ANGLE   =      1529.8558  DIHED      =       975.6971
 UB     =         0.0000  IMP     =         0.0000  CMAP       =       134.1550
 1-4 NB =       649.0873  1-4 EEL =      5808.1623  VDWAALS    =     16227.9500
 EELEC  =   -163062.7054  EHBOND  =         0.0000  RESTRAINT  =         0.0000
 EKCMT  =         0.0000  VIRIAL  =         0.0000  VOLUME     =    335588.8686
                                                    Density    =         1.0261
 ------------------------------------------------------------------------------


 NSTEP =   350000   TIME(PS) =    1400.000  TEMP(K) =   300.21  PRESS =     0.0
 Etot   =   -117216.8197  EKtot   =     20521.1348  EPtot      =   -137737.9545
 BOND   =       555.9998  ANGLE   =      1544.7923  DIHED      =       990.4679
 UB     =         0.0000  IMP     =         0.0000  CMAP       =       137.9034
 1-4 NB =       626.7161  1-4 EEL =      5834.3088  VDWAALS    =     16440.3769
 EELEC  =   -163868.5197  EHBOND  =         0.0000  RESTRAINT  =         0.0000
 EKCMT  =         0.0000  VIRIAL  =         0.0000  VOLUME     =    333680.8459
                                                    Density    =         1.0320
 ------------------------------------------------------------------------------


 NSTEP =   355000   TIME(PS) =    1410.000  TEMP(K) =   300.13  PRESS =     0.0
 Etot   =   -117064.2518  EKtot   =     20515.7266  EPtot      =   -137579.9784
 BOND   =       554.6995  ANGLE   =      1538.8884  DIHED      =       973.6473
 UB     =         0.0000  IMP     =         0.0000  CMAP       =       135.9138
 1-4 NB =       642.0947  1-4 EEL =      5892.6492  VDWAALS    =     16437.8992
 EELEC  =   -163755.7705  EHBOND  =         0.0000  RESTRAINT  =         0.0000
 EKCMT  =         0.0000  VIRIAL  =         0.0000  VOLUME     =    334756.6083
                                                    Density    =         1.0287
 ------------------------------------------------------------------------------


 NSTEP =   360000   TIME(PS) =    1420.000  TEMP(K) =   300.53  PRESS =     0.0
 Etot   =   -117083.0475  EKtot   =     20542.8262  EPtot      =   -137625.8737
 BOND   =       561.6137  ANGLE   =      1485.0568  DIHED      =       990.5983
 UB     =         0.0000  IMP     =         0.0000  CMAP       =       140.9385
 1-4 NB =       627.4907  1-4 EEL =      5842.9056  VDWAALS    =     16310.9880
 EELEC  =   -163585.4653  EHBOND  =         0.0000  RESTRAINT  =         0.0000
 EKCMT  =         0.0000  VIRIAL  =         0.0000  VOLUME     =    333918.4916
                                                    Density    =         1.0312
 ------------------------------------------------------------------------------


 NSTEP =   365000   TIME(PS) =    1430.000  TEMP(K) =   299.91  PRESS =     0.0
 Etot   =   -117071.7838  EKtot   =     20500.4473  EPtot      =   -137572.2310
 BOND   =       560.6092  ANGLE   =      1485.3740  DIHED      =       990.7520
 UB     =         0.0000  IMP     =         0.0000  CMAP       =       134.7859
 1-4 NB =       645.8380  1-4 EEL =      5871.6617  VDWAALS    =     16392.9247
 EELEC  =   -163654.1767  EHBOND  =         0.0000  RESTRAINT  =         0.0000
 EKCMT  =         0.0000  VIRIAL  =         0.0000  VOLUME     =    334053.5683
                                                    Density    =         1.0308
 ------------------------------------------------------------------------------


 NSTEP =   370000   TIME(PS) =    1440.000  TEMP(K) =   299.48  PRESS =     0.0
 Etot   =   -117021.6352  EKtot   =     20471.6328  EPtot      =   -137493.2680
 BOND   =       563.6682  ANGLE   =      1557.9780  DIHED      =      1016.2600
 UB     =         0.0000  IMP     =         0.0000  CMAP       =       144.0818
 1-4 NB =       633.2774  1-4 EEL =      5830.5068  VDWAALS    =     16095.7079
 EELEC  =   -163334.7480  EHBOND  =         0.0000  RESTRAINT  =         0.0000
 EKCMT  =         0.0000  VIRIAL  =         0.0000  VOLUME     =    334847.2286
                                                    Density    =         1.0284
 ------------------------------------------------------------------------------


 NSTEP =   375000   TIME(PS) =    1450.000  TEMP(K) =   299.23  PRESS =     0.0
 Etot   =   -117382.9038  EKtot   =     20454.6230  EPtot      =   -137837.5268
 BOND   =       532.2286  ANGLE   =      1473.8710  DIHED      =      1017.1119
 UB     =         0.0000  IMP     =         0.0000  CMAP       =       137.9496
 1-4 NB =       654.6934  1-4 EEL =      5855.6687  VDWAALS    =     16653.0313
 EELEC  =   -164162.0813  EHBOND  =         0.0000  RESTRAINT  =         0.0000
 EKCMT  =         0.0000  VIRIAL  =         0.0000  VOLUME     =    331713.1140
                                                    Density    =         1.0381
 ------------------------------------------------------------------------------


 NSTEP =   380000   TIME(PS) =    1460.000  TEMP(K) =   299.93  PRESS =     0.0
 Etot   =   -116877.4067  EKtot   =     20502.2500  EPtot      =   -137379.6567
 BOND   =       609.4821  ANGLE   =      1473.9429  DIHED      =      1020.1856
 UB     =         0.0000  IMP     =         0.0000  CMAP       =       136.6766
 1-4 NB =       625.7344  1-4 EEL =      5850.7055  VDWAALS    =     16626.1522
 EELEC  =   -163722.5360  EHBOND  =         0.0000  RESTRAINT  =         0.0000
 EKCMT  =         0.0000  VIRIAL  =         0.0000  VOLUME     =    332275.2756
                                                    Density    =         1.0363
 ------------------------------------------------------------------------------


 NSTEP =   385000   TIME(PS) =    1470.000  TEMP(K) =   296.09  PRESS =     0.0
 Etot   =   -117197.3530  EKtot   =     20239.6758  EPtot      =   -137437.0288
 BOND   =       592.7681  ANGLE   =      1551.8796  DIHED      =       976.7580
 UB     =         0.0000  IMP     =         0.0000  CMAP       =       133.4339
 1-4 NB =       645.7926  1-4 EEL =      5807.2983  VDWAALS    =     16350.7947
 EELEC  =   -163495.7540  EHBOND  =         0.0000  RESTRAINT  =         0.0000
 EKCMT  =         0.0000  VIRIAL  =         0.0000  VOLUME     =    332961.8109
                                                    Density    =         1.0342
 ------------------------------------------------------------------------------


 NSTEP =   390000   TIME(PS) =    1480.000  TEMP(K) =   300.66  PRESS =     0.0
 Etot   =   -117082.7823  EKtot   =     20551.7695  EPtot      =   -137634.5518
 BOND   =       555.2634  ANGLE   =      1542.6749  DIHED      =       998.1210
 UB     =         0.0000  IMP     =         0.0000  CMAP       =       145.3398
 1-4 NB =       635.5945  1-4 EEL =      5850.7059  VDWAALS    =     16320.0583
 EELEC  =   -163682.3095  EHBOND  =         0.0000  RESTRAINT  =         0.0000
 EKCMT  =         0.0000  VIRIAL  =         0.0000  VOLUME     =    333490.9060
                                                    Density    =         1.0326
 ------------------------------------------------------------------------------


 NSTEP =   395000   TIME(PS) =    1490.000  TEMP(K) =   299.17  PRESS =     0.0
 Etot   =   -117234.3464  EKtot   =     20450.1309  EPtot      =   -137684.4773
 BOND   =       579.8040  ANGLE   =      1503.3076  DIHED      =       988.1856
 UB     =         0.0000  IMP     =         0.0000  CMAP       =       142.8201
 1-4 NB =       637.3156  1-4 EEL =      5787.3440  VDWAALS    =     16647.8296
 EELEC  =   -163971.0840  EHBOND  =         0.0000  RESTRAINT  =         0.0000
 EKCMT  =         0.0000  VIRIAL  =         0.0000  VOLUME     =    335324.8973
                                                    Density    =         1.0269
 ------------------------------------------------------------------------------


 NSTEP =   400000   TIME(PS) =    1500.000  TEMP(K) =   300.51  PRESS =     0.0
 Etot   =   -117077.0583  EKtot   =     20541.8086  EPtot      =   -137618.8669
 BOND   =       545.1752  ANGLE   =      1529.3061  DIHED      =      1003.8343
 UB     =         0.0000  IMP     =         0.0000  CMAP       =       144.0229
 1-4 NB =       637.4455  1-4 EEL =      5866.6037  VDWAALS    =     16397.9019
 EELEC  =   -163743.1565  EHBOND  =         0.0000  RESTRAINT  =         0.0000
 EKCMT  =         0.0000  VIRIAL  =         0.0000  VOLUME     =    334824.3970
                                                    Density    =         1.0285
 ------------------------------------------------------------------------------


 NSTEP =   405000   TIME(PS) =    1510.000  TEMP(K) =   303.74  PRESS =     0.0
 Etot   =   -116829.8059  EKtot   =     20762.4844  EPtot      =   -137592.2903
 BOND   =       575.8133  ANGLE   =      1495.9317  DIHED      =      1005.0674
 UB     =         0.0000  IMP     =         0.0000  CMAP       =       147.6468
 1-4 NB =       639.9492  1-4 EEL =      5829.1492  VDWAALS    =     16439.0629
 EELEC  =   -163724.9108  EHBOND  =         0.0000  RESTRAINT  =         0.0000
 EKCMT  =         0.0000  VIRIAL  =         0.0000  VOLUME     =    333213.3101
                                                    Density    =         1.0334
 ------------------------------------------------------------------------------


 NSTEP =   410000   TIME(PS) =    1520.000  TEMP(K) =   300.68  PRESS =     0.0
 Etot   =   -116957.1846  EKtot   =     20553.5996  EPtot      =   -137510.7842
 BOND   =       547.2156  ANGLE   =      1527.3218  DIHED      =       979.2313
 UB     =         0.0000  IMP     =         0.0000  CMAP       =       128.3428
 1-4 NB =       643.2012  1-4 EEL =      5825.7433  VDWAALS    =     15921.9707
 EELEC  =   -163083.8109  EHBOND  =         0.0000  RESTRAINT  =         0.0000
 EKCMT  =         0.0000  VIRIAL  =         0.0000  VOLUME     =    334008.5164
                                                    Density    =         1.0310
 ------------------------------------------------------------------------------


 NSTEP =   415000   TIME(PS) =    1530.000  TEMP(K) =   298.89  PRESS =     0.0
 Etot   =   -117292.3226  EKtot   =     20430.7871  EPtot      =   -137723.1097
 BOND   =       567.8341  ANGLE   =      1509.9679  DIHED      =      1003.5461
 UB     =         0.0000  IMP     =         0.0000  CMAP       =       135.6439
 1-4 NB =       624.9216  1-4 EEL =      5800.3802  VDWAALS    =     16543.8330
 EELEC  =   -163909.2365  EHBOND  =         0.0000  RESTRAINT  =         0.0000
 EKCMT  =         0.0000  VIRIAL  =         0.0000  VOLUME     =    333083.3487
                                                    Density    =         1.0338
 ------------------------------------------------------------------------------


 NSTEP =   420000   TIME(PS) =    1540.000  TEMP(K) =   302.77  PRESS =     0.0
 Etot   =   -116921.4158  EKtot   =     20696.5371  EPtot      =   -137617.9529
 BOND   =       565.2244  ANGLE   =      1515.1162  DIHED      =       998.4398
 UB     =         0.0000  IMP     =         0.0000  CMAP       =       144.6186
 1-4 NB =       651.9808  1-4 EEL =      5856.7938  VDWAALS    =     16340.4870
 EELEC  =   -163690.6134  EHBOND  =         0.0000  RESTRAINT  =         0.0000
 EKCMT  =         0.0000  VIRIAL  =         0.0000  VOLUME     =    333352.2261
                                                    Density    =         1.0330
 ------------------------------------------------------------------------------


 NSTEP =   425000   TIME(PS) =    1550.000  TEMP(K) =   300.56  PRESS =     0.0
 Etot   =   -117198.1534  EKtot   =     20545.5449  EPtot      =   -137743.6983
 BOND   =       555.9631  ANGLE   =      1524.8085  DIHED      =       968.5394
 UB     =         0.0000  IMP     =         0.0000  CMAP       =       137.8041
 1-4 NB =       632.8503  1-4 EEL =      5843.2543  VDWAALS    =     16381.2486
 EELEC  =   -163788.1667  EHBOND  =         0.0000  RESTRAINT  =         0.0000
 EKCMT  =         0.0000  VIRIAL  =         0.0000  VOLUME     =    334045.6566
                                                    Density    =         1.0308
 ------------------------------------------------------------------------------


 NSTEP =   430000   TIME(PS) =    1560.000  TEMP(K) =   301.31  PRESS =     0.0
 Etot   =   -117218.1762  EKtot   =     20596.6660  EPtot      =   -137814.8422
 BOND   =       580.5816  ANGLE   =      1501.2182  DIHED      =       987.3926
 UB     =         0.0000  IMP     =         0.0000  CMAP       =       141.1025
 1-4 NB =       656.5613  1-4 EEL =      5776.2068  VDWAALS    =     16571.6259
 EELEC  =   -164029.5310  EHBOND  =         0.0000  RESTRAINT  =         0.0000
 EKCMT  =         0.0000  VIRIAL  =         0.0000  VOLUME     =    334130.7820
                                                    Density    =         1.0306
 ------------------------------------------------------------------------------


 NSTEP =   435000   TIME(PS) =    1570.000  TEMP(K) =   300.36  PRESS =     0.0
 Etot   =   -116940.8875  EKtot   =     20531.8438  EPtot      =   -137472.7312
 BOND   =       602.0413  ANGLE   =      1507.8823  DIHED      =      1006.3135
 UB     =         0.0000  IMP     =         0.0000  CMAP       =       141.7542
 1-4 NB =       647.8906  1-4 EEL =      5782.4100  VDWAALS    =     16111.6319
 EELEC  =   -163272.6550  EHBOND  =         0.0000  RESTRAINT  =         0.0000
 EKCMT  =         0.0000  VIRIAL  =         0.0000  VOLUME     =    333839.0650
                                                    Density    =         1.0315
 ------------------------------------------------------------------------------


 NSTEP =   440000   TIME(PS) =    1580.000  TEMP(K) =   299.16  PRESS =     0.0
 Etot   =   -117073.4739  EKtot   =     20449.6113  EPtot      =   -137523.0852
 BOND   =       596.6915  ANGLE   =      1574.5246  DIHED      =       991.3026
 UB     =         0.0000  IMP     =         0.0000  CMAP       =       146.1917
 1-4 NB =       642.1539  1-4 EEL =      5810.2034  VDWAALS    =     16209.1026
 EELEC  =   -163493.2556  EHBOND  =         0.0000  RESTRAINT  =         0.0000
 EKCMT  =         0.0000  VIRIAL  =         0.0000  VOLUME     =    335537.0595
                                                    Density    =         1.0263
 ------------------------------------------------------------------------------


 NSTEP =   445000   TIME(PS) =    1590.000  TEMP(K) =   300.85  PRESS =     0.0
 Etot   =   -117120.7092  EKtot   =     20565.1641  EPtot      =   -137685.8732
 BOND   =       553.8753  ANGLE   =      1504.8147  DIHED      =      1007.7291
 UB     =         0.0000  IMP     =         0.0000  CMAP       =       131.9731
 1-4 NB =       638.5389  1-4 EEL =      5775.7214  VDWAALS    =     16733.8114
 EELEC  =   -164032.3372  EHBOND  =         0.0000  RESTRAINT  =         0.0000
 EKCMT  =         0.0000  VIRIAL  =         0.0000  VOLUME     =    333772.7923
                                                    Density    =         1.0317
 ------------------------------------------------------------------------------


 NSTEP =   450000   TIME(PS) =    1600.000  TEMP(K) =   300.54  PRESS =     0.0
 Etot   =   -116764.6065  EKtot   =     20543.8438  EPtot      =   -137308.4503
 BOND   =       548.6862  ANGLE   =      1533.3441  DIHED      =      1026.1498
 UB     =         0.0000  IMP     =         0.0000  CMAP       =       144.6884
 1-4 NB =       633.7376  1-4 EEL =      5797.3445  VDWAALS    =     16222.6549
 EELEC  =   -163215.0557  EHBOND  =         0.0000  RESTRAINT  =         0.0000
 EKCMT  =         0.0000  VIRIAL  =         0.0000  VOLUME     =    333587.9264
                                                    Density    =         1.0323
 ------------------------------------------------------------------------------


 NSTEP =   455000   TIME(PS) =    1610.000  TEMP(K) =   300.62  PRESS =     0.0
 Etot   =   -117185.2295  EKtot   =     20549.2051  EPtot      =   -137734.4346
 BOND   =       553.8486  ANGLE   =      1509.3732  DIHED      =       976.6576
 UB     =         0.0000  IMP     =         0.0000  CMAP       =       139.1257
 1-4 NB =       641.6842  1-4 EEL =      5848.1269  VDWAALS    =     16249.8254
 EELEC  =   -163653.0762  EHBOND  =         0.0000  RESTRAINT  =         0.0000
 EKCMT  =         0.0000  VIRIAL  =         0.0000  VOLUME     =    333317.8226
                                                    Density    =         1.0331
 ------------------------------------------------------------------------------


 NSTEP =   460000   TIME(PS) =    1620.000  TEMP(K) =   298.54  PRESS =     0.0
 Etot   =   -117397.5060  EKtot   =     20407.3457  EPtot      =   -137804.8517
 BOND   =       588.0560  ANGLE   =      1541.1875  DIHED      =       993.7228
 UB     =         0.0000  IMP     =         0.0000  CMAP       =       136.1073
 1-4 NB =       613.7132  1-4 EEL =      5758.6549  VDWAALS    =     16355.9357
 EELEC  =   -163792.2291  EHBOND  =         0.0000  RESTRAINT  =         0.0000
 EKCMT  =         0.0000  VIRIAL  =         0.0000  VOLUME     =    332219.0164
                                                    Density    =         1.0365
 ------------------------------------------------------------------------------


 NSTEP =   465000   TIME(PS) =    1630.000  TEMP(K) =   301.79  PRESS =     0.0
 Etot   =   -117007.6905  EKtot   =     20629.5137  EPtot      =   -137637.2041
 BOND   =       549.0463  ANGLE   =      1538.1897  DIHED      =      1000.3048
 UB     =         0.0000  IMP     =         0.0000  CMAP       =       133.4880
 1-4 NB =       653.3323  1-4 EEL =      5827.0298  VDWAALS    =     16355.8347
 EELEC  =   -163694.4298  EHBOND  =         0.0000  RESTRAINT  =         0.0000
 EKCMT  =         0.0000  VIRIAL  =         0.0000  VOLUME     =    333979.3117
                                                    Density    =         1.0311
 ------------------------------------------------------------------------------


 NSTEP =   470000   TIME(PS) =    1640.000  TEMP(K) =   298.67  PRESS =     0.0
 Etot   =   -117324.6765  EKtot   =     20416.0430  EPtot      =   -137740.7194
 BOND   =       550.3218  ANGLE   =      1516.9848  DIHED      =       978.3876
 UB     =         0.0000  IMP     =         0.0000  CMAP       =       151.0952
 1-4 NB =       645.1779  1-4 EEL =      5797.3511  VDWAALS    =     16293.2810
 EELEC  =   -163673.3188  EHBOND  =         0.0000  RESTRAINT  =         0.0000
 EKCMT  =         0.0000  VIRIAL  =         0.0000  VOLUME     =    333818.6228
                                                    Density    =         1.0315
 ------------------------------------------------------------------------------


 NSTEP =   475000   TIME(PS) =    1650.000  TEMP(K) =   299.91  PRESS =     0.0
 Etot   =   -116879.9705  EKtot   =     20500.5742  EPtot      =   -137380.5447
 BOND   =       588.8250  ANGLE   =      1516.1397  DIHED      =      1014.0820
 UB     =         0.0000  IMP     =         0.0000  CMAP       =       144.5250
 1-4 NB =       621.2365  1-4 EEL =      5788.8258  VDWAALS    =     16305.2822
 EELEC  =   -163359.4609  EHBOND  =         0.0000  RESTRAINT  =         0.0000
 EKCMT  =         0.0000  VIRIAL  =         0.0000  VOLUME     =    334459.4855
                                                    Density    =         1.0296
 ------------------------------------------------------------------------------


 NSTEP =   480000   TIME(PS) =    1660.000  TEMP(K) =   303.95  PRESS =     0.0
 Etot   =   -116779.4968  EKtot   =     20776.7598  EPtot      =   -137556.2566
 BOND   =       532.8220  ANGLE   =      1495.7839  DIHED      =       987.4485
 UB     =         0.0000  IMP     =         0.0000  CMAP       =       137.3834
 1-4 NB =       641.7156  1-4 EEL =      5796.2346  VDWAALS    =     16558.0355
 EELEC  =   -163705.6801  EHBOND  =         0.0000  RESTRAINT  =         0.0000
 EKCMT  =         0.0000  VIRIAL  =         0.0000  VOLUME     =    334722.3065
                                                    Density    =         1.0288
 ------------------------------------------------------------------------------


 NSTEP =   485000   TIME(PS) =    1670.000  TEMP(K) =   303.13  PRESS =     0.0
 Etot   =   -116854.4520  EKtot   =     20720.6387  EPtot      =   -137575.0907
 BOND   =       567.3730  ANGLE   =      1507.2703  DIHED      =       986.6067
 UB     =         0.0000  IMP     =         0.0000  CMAP       =       132.3865
 1-4 NB =       621.7505  1-4 EEL =      5777.9305  VDWAALS    =     16532.8449
 EELEC  =   -163701.2531  EHBOND  =         0.0000  RESTRAINT  =         0.0000
 EKCMT  =         0.0000  VIRIAL  =         0.0000  VOLUME     =    333645.8972
                                                    Density    =         1.0321
 ------------------------------------------------------------------------------


 NSTEP =   490000   TIME(PS) =    1680.000  TEMP(K) =   300.91  PRESS =     0.0
 Etot   =   -117278.9949  EKtot   =     20569.3379  EPtot      =   -137848.3328
 BOND   =       570.5160  ANGLE   =      1524.9419  DIHED      =      1014.6326
 UB     =         0.0000  IMP     =         0.0000  CMAP       =       138.2553
 1-4 NB =       631.2781  1-4 EEL =      5783.9816  VDWAALS    =     16543.9825
 EELEC  =   -164055.9208  EHBOND  =         0.0000  RESTRAINT  =         0.0000
 EKCMT  =         0.0000  VIRIAL  =         0.0000  VOLUME     =    333633.5125
                                                    Density    =         1.0321
 ------------------------------------------------------------------------------


 NSTEP =   495000   TIME(PS) =    1690.000  TEMP(K) =   297.43  PRESS =     0.0
 Etot   =   -117183.2226  EKtot   =     20331.4453  EPtot      =   -137514.6680
 BOND   =       568.3697  ANGLE   =      1526.4610  DIHED      =      1024.5781
 UB     =         0.0000  IMP     =         0.0000  CMAP       =       130.5503
 1-4 NB =       633.5575  1-4 EEL =      5757.0648  VDWAALS    =     16142.2892
 EELEC  =   -163297.5386  EHBOND  =         0.0000  RESTRAINT  =         0.0000
 EKCMT  =         0.0000  VIRIAL  =         0.0000  VOLUME     =    334478.0170
                                                    Density    =         1.0295
 ------------------------------------------------------------------------------


 NSTEP =   500000   TIME(PS) =    1700.000  TEMP(K) =   301.84  PRESS =     0.0
 Etot   =   -117127.6242  EKtot   =     20632.5410  EPtot      =   -137760.1652
 BOND   =       568.1220  ANGLE   =      1515.2282  DIHED      =      1008.2860
 UB     =         0.0000  IMP     =         0.0000  CMAP       =       120.4047
 1-4 NB =       630.4385  1-4 EEL =      5797.1505  VDWAALS    =     16763.7917
 EELEC  =   -164163.5868  EHBOND  =         0.0000  RESTRAINT  =         0.0000
 EKCMT  =         0.0000  VIRIAL  =         0.0000  VOLUME     =    333973.8879
                                                    Density    =         1.0311
 ------------------------------------------------------------------------------


      A V E R A G E S   O V E R     100 S T E P S


 NSTEP =   500000   TIME(PS) =    1700.000  TEMP(K) =   300.02  PRESS =     0.0
 Etot   =   -117093.1995  EKtot   =     20508.4259  EPtot      =   -137601.6254
 BOND   =       559.7540  ANGLE   =      1519.9420  DIHED      =       996.3019
 UB     =         0.0000  IMP     =         0.0000  CMAP       =       137.2798
 1-4 NB =       641.3923  1-4 EEL =      5834.8363  VDWAALS    =     16434.3719
 EELEC  =   -163725.5037  EHBOND  =         0.0000  RESTRAINT  =         0.0000
 EKCMT  =         0.0000  VIRIAL  =         0.0000  VOLUME     =    333897.1485
                                                    Density    =         1.0313
 ------------------------------------------------------------------------------


      R M S  F L U C T U A T I O N S


 NSTEP =   500000   TIME(PS) =    1700.000  TEMP(K) =     1.91  PRESS =     0.0
 Etot   =       214.0939  EKtot   =       130.5848  EPtot      =       171.3518
 BOND   =        20.1348  ANGLE   =        27.2545  DIHED      =        15.4552
 UB     =         0.0000  IMP     =         0.0000  CMAP       =         6.2071
 1-4 NB =        11.1151  1-4 EEL =        32.3488  VDWAALS    =       214.8494
 EELEC  =       324.8333  EHBOND  =         0.0000  RESTRAINT  =         0.0000
 EKCMT  =         0.0000  VIRIAL  =         0.0000  VOLUME     =       807.0851
                                                    Density    =         0.0025
 ------------------------------------------------------------------------------

| MC Barostat:       5000 volume changes attempted.
| MC Barostat:       1394 changes successful ( 27.88%)
 ------------------------------------------------------------------------------

--------------------------------------------------------------------------------
   5.  TIMINGS
--------------------------------------------------------------------------------

|  NonSetup CPU Time in Major Routines:
|
|     Routine           Sec        %
|     ------------------------------
|     Nonbond          25.57   13.25
|     Bond              0.00    0.00
|     Angle             0.00    0.00
|     Dihedral          0.00    0.00
|     Shake             2.41    1.25
|     RunMD           160.33   83.05
|     Other             4.74    2.46
|     ------------------------------
|     Total           193.05

|  PME Nonbond Pairlist CPU Time:
|
|     Routine              Sec        %
|     ---------------------------------
|     Set Up Cit           0.00    0.00
|     Build List           0.00    0.00
|     ---------------------------------
|     Total                0.00    0.00

|  PME Direct Force CPU Time:
|
|     Routine              Sec        %
|     ---------------------------------
|     NonBonded Calc       0.00    0.00
|     Exclude Masked       0.00    0.00
|     Other                0.76    0.39
|     ---------------------------------
|     Total                0.76    0.39

|  PME Reciprocal Force CPU Time:
|
|     Routine              Sec        %
|     ---------------------------------
|     1D bspline           0.00    0.00
|     Grid Charges         0.00    0.00
|     Scalar Sum           0.00    0.00
|     Gradient Sum         0.00    0.00
|     FFT                  0.00    0.00
|     ---------------------------------
|     Total                0.00    0.00

|  Final Performance Info:
|     -----------------------------------------------------
|     Average timings for last   30000 steps:
|     Elapsed(s) =      11.63 Per Step(ms) =       0.39
|         ns/day =     445.64   seconds/ns =     193.88
|
|     Average timings for all steps:
|     Elapsed(s) =     193.71 Per Step(ms) =       0.39
|         ns/day =     446.03   seconds/ns =     193.71
|     -----------------------------------------------------

|  Setup CPU time:            0.55 seconds
|  NonSetup CPU time:       193.05 seconds
|  Total CPU time:          193.60 seconds     0.05 hours

|  Setup wall time:           1    seconds
|  NonSetup wall time:      194    seconds
|  Total wall time:         195    seconds     0.05 hours
