
          -------------------------------------------------------
          Amber 22 PMEMD                              2022
          -------------------------------------------------------

| PMEMD implementation of SANDER, Release 22

|  Compiled date/time: Thu Apr 14 11:06:37 2022
| Run on 09/01/2026 at 14:03:03

|   Executable path: pmemd.cuda
| Working directory: /bigdata/cutlerlab/jjaco081/PYR1_pocket_expansion/data/posecheck/win_crystal/rep0
|          Hostname: gpu09

  [-O]verwriting output

File Assignments:
|   MDIN: heat.in                                                               
|  MDOUT: heat.out                                                              
| INPCRD: min2.rst7                                                             
|   PARM: /bigdata/cutlerlab/jjaco081/PYR1_pocket_expansion/data/posecheck/win_c
| RESTRT: heat.rst7                                                             
|   REFC: min2.rst7                                                             
|  MDVEL: mdvel                                                                 
|   MDEN: mden                                                                  
|  MDCRD: heat.nc                                                               
| MDINFO: heat.info                                                             
|  MDFRC: mdfrc                                                                 


 Here is the input file:

NVT heating 0 -> 300.0 K over 200 ps                                           
 &cntrl                                                                        
  imin=0, irest=0, ntx=1,                                                      
  nstlim=100000, dt=0.002,                                                     
  ntc=2, ntf=2, cut=10.0,                                                      
  ntb=1, ntp=0,                                                                
  ntt=3, gamma_ln=2.0, ig=-1,                                                  
  tempi=0.0, temp0=300.0,                                                      
  nmropt=1,                                                                    
  ntr=1, restraintmask='!:WAT,Na+,K+,Cl- & !@H=', restraint_wt=5.0,            
  ntpr=5000, ntwx=5000, ntwr=50000,                                            
 /                                                                             
 &wt type='TEMP0', istep1=0, istep2=80000, value1=0.0, value2=300.0 /          
 &wt type='TEMP0', istep1=80001, istep2=100000, value1=300.0, value2=300.0 /   
 &wt type='END' /                                                              


Note: ig = -1. Setting random seed to   120880 based on wallclock time in 
      microseconds.
| irandom = 1, using AMBER's internal random number generator (default).
 
|--------------------- INFORMATION ----------------------
| GPU (CUDA) Version of PMEMD in use: NVIDIA GPU IN USE.
|                    Version 18.0.0
| 
|                      03/25/2018
| 
| Implementation by:
|                    Ross C. Walker     (SDSC)
|                    Scott Le Grand     (nVIDIA)
| 
| Version 18 performance extensions by:
|                    David Cerutti     (Rutgers)
| 
| Precision model in use:
|      [SPFP] - Single Precision Forces, 64-bit Fixed Point
|               Accumulation. (Default)
| 
|--------------------------------------------------------
 
|----------------- CITATION INFORMATION -----------------
|
|    When publishing work that utilized the CUDA version
|    of AMBER, please cite the following in addition to
|    the regular AMBER citations:
|
|  - Romelia Salomon-Ferrer; Andreas W. Goetz; Duncan
|    Poole; Scott Le Grand; Ross C. Walker "Routine
|    microsecond molecular dynamics simulations with
|    AMBER - Part II: Particle Mesh Ewald", J. Chem.
|    Theory Comput., 2013, 9 (9), pp3878-3888,
|    DOI: 10.1021/ct400314y.
|
|  - Andreas W. Goetz; Mark J. Williamson; Dong Xu;
|    Duncan Poole; Scott Le Grand; Ross C. Walker
|    "Routine microsecond molecular dynamics simulations
|    with AMBER - Part I: Generalized Born", J. Chem.
|    Theory Comput., 2012, 8 (5), pp1542-1555.
|
|  - Scott Le Grand; Andreas W. Goetz; Ross C. Walker
|    "SPFP: Speed without compromise - a mixed precision
|    model for GPU accelerated molecular dynamics
|    simulations.", Comp. Phys. Comm., 2013, 184
|    pp374-380, DOI: 10.1016/j.cpc.2012.09.022
|
|--------------------------------------------------------
 
|------------------- GPU DEVICE INFO --------------------
|
|            CUDA_VISIBLE_DEVICES: 0
|   CUDA Capable Devices Detected:      1
|           CUDA Device ID in use:      0
|                CUDA Device Name: NVIDIA RTX 6000 Ada Generation
|     CUDA Device Global Mem Size:  48510 MB
| CUDA Device Num Multiprocessors:    142
|           CUDA Device Core Freq:   2.50 GHz
|
|--------------------------------------------------------
 
 
| Conditional Compilation Defines Used:
| PUBFFT
| BINTRAJ
| CUDA
| EMIL

| Largest sphere to fit in unit cell has radius =    31.279

| New format PARM file being parsed.
| Version =    1.000 Date = 09/01/26 Time = 11:34:17

| Note: 1-4 EEL scale factors are being read from the topology file.

| Note: 1-4 VDW scale factors are being read from the topology file.
| INFO:    Virtual site frames will be inferred from bonding patterns.
| Duplicated    0 dihedrals

| Duplicated    0 dihedrals

--------------------------------------------------------------------------------
   1.  RESOURCE   USE: 
--------------------------------------------------------------------------------

 getting box info from netcdf restart file
 NATOM  =   39507 NTYPES =      28 NBONH =   28861 MBONA  =   10622
 NTHETH =    3275 MTHETA =    2018 NPHIH =    6664 MPHIA  =    6408
 NHPARM =       0 NPARM  =       0 NNB   =   80055 NRES   =    9376
 NBONA  =   10622 NTHETA =    2018 NPHIA =    6408 NUMBND =      90
 NUMANG =     199 NPTRA  =     208 NATYP =      51 NPHB   =       0
 IFBOX  =       2 NMXRS  =      58 IFCAP =       0 NEXTRA =    9140
 NCOPY  =       0


| Coordinate Index Table dimensions:    12   12   12
| Direct force subcell size =     6.3847    6.3847    6.3847

     BOX TYPE: TRUNCATED OCTAHEDRON

--------------------------------------------------------------------------------
   2.  CONTROL  DATA  FOR  THE  RUN
--------------------------------------------------------------------------------

default_name                                                                    

General flags:
     imin    =       0, nmropt  =       1

Nature and format of input:
     ntx     =       1, irest   =       0, ntrx    =       1

Nature and format of output:
     ntxo    =       2, ntpr    =    5000, ntrx    =       1, ntwr    =   50000
     iwrap   =       0, ntwx    =    5000, ntwv    =       0, ntwe    =       0
     ioutfm  =       1, ntwprt  =       0, idecomp =       0, rbornstat=      0

Potential function:
     ntf     =       2, ntb     =       1, igb     =       0, nsnb    =      25
     ipol    =       0, gbsa    =       0, iesp    =       0
     dielc   =   1.00000, cut     =  10.00000, intdiel =   1.00000

Frozen or restrained atoms:
     ibelly  =       0, ntr     =       1
     restraint_wt =   5.00000

Molecular dynamics:
     nstlim  =    100000, nscm    =         0, nrespa  =         1
     t       =   0.00000, dt      =   0.00200, vlimit  =  -1.00000

Langevin dynamics temperature regulation:
     ig      =  120880
     temp0   = 300.00000, tempi   =   0.00000, gamma_ln=   2.00000

SHAKE:
     ntc     =       2, jfastw  =       0
     tol     =   0.00001

NMR refinement options:
     iscale  =       0, noeskp  =       1, ipnlty  =       1, mxsub   =       1
     scalm   = 100.00000, pencut  =   0.10000, tausw   =   0.10000

| Intermolecular bonds treatment:
|     no_intermolecular_bonds =       1

| Energy averages sample interval:
|     ene_avg_sampling =    5000

Extra-points options:
     frameon =       1, chngmask=       1

Ewald parameters:
     verbose =       0, ew_type =       0, nbflag  =       1, use_pme =       1
     vdwmeth =       1, eedmeth =       1, netfrc  =       1
     Box X =   76.617   Box Y =   76.617   Box Z =   76.617
     Alpha =  109.471   Beta  =  109.471   Gamma =  109.471
     NFFT1 =   80       NFFT2 =   80       NFFT3 =   80
     Cutoff=   10.000   Tol   =0.100E-04
     Ewald Coefficient =  0.27511
     Interpolation order =    4

    LOADING THE CONSTRAINED ATOMS AS GROUPS


   5.  REFERENCE ATOM COORDINATES

  default_name                                                                    
     Mask !:WAT,Na+,K+,Cl- & !@H=; matches  1451 atoms
|      EXTRA_PTS, trim_bonds: num bonds BEFORE trim = 28861     0
|      EXTRA_PTS, trim_bonds: num bonds AFTER  trim = 28861     0
|      EXTRA_PTS, trim_bonds: num bonds BEFORE trim = 10622     0
|      EXTRA_PTS, trim_bonds: num bonds AFTER  trim =  1482     0
|      EXTRA_PTS, trim_theta: num angle BEFORE trim =  3275     0
|      EXTRA_PTS, trim_theta: num angle AFTER  trim =  3275     0
|      EXTRA_PTS, trim_theta: num angle BEFORE trim =  2018     0
|      EXTRA_PTS, trim_theta: num angle AFTER  trim =  2018     0
|      EXTRA_PTS, trim_phi:  num diheds BEFORE trim =  6664     0
|      EXTRA_PTS, trim_phi:  num diheds AFTER  trim =  6664     0
|      EXTRA_PTS, trim_phi:  num diheds BEFORE trim =  6408     0
|      EXTRA_PTS, trim_phi:  num diheds AFTER  trim =  6408     0

--------------------------------------------------------------------------------
   3.  ATOMIC COORDINATES AND VELOCITIES
--------------------------------------------------------------------------------

default_name                                                                    
 begin time read from input coords =     0.000 ps



           Begin reading energy term weight changes/NMR restraints
 WEIGHT CHANGES:
 TEMP0         0  80000    0.000000  300.000000      0      0
 TEMP0     80001 100000  300.000000  300.000000      0      0

 RESTRAINTS:
                          ** No restraint defined **

                  Done reading weight changes/NMR restraints


 
 Number of triangulated 3-point waters found:     9140

     Sum of charges from parm topology file =   0.00104909
     Forcing neutrality...

| Dynamic Memory, Types Used:
| Reals             1381560
| Integers          3947797

| Nonbonded Pairs Initial Allocation:    11949879

| GPU memory information (estimate):
| KB of GPU memory in use:    370366
| KB of CPU memory in use:     92994

--------------------------------------------------------------------------------
   4.  RESULTS
--------------------------------------------------------------------------------


 NSTEP =        0   TIME(PS) =       0.000  TEMP(K) =     0.00  PRESS =     0.0
 Etot   =   -199262.1417  EKtot   =         0.0000  EPtot      =   -199262.1417
 BOND   =       108.1523  ANGLE   =       423.4049  DIHED      =       789.3232
 UB     =         0.0000  IMP     =         0.0000  CMAP       =       130.0644
 1-4 NB =       565.4287  1-4 EEL =      6202.8769  VDWAALS    =     36680.3650
 EELEC  =   -244161.7572  EHBOND  =         0.0000  RESTRAINT  =         0.0000
 ------------------------------------------------------------------------------

 NMR restraints: Bond =    0.000   Angle =     0.000   Torsion =     0.000
===============================================================================

 NSTEP =     5000   TIME(PS) =      10.000  TEMP(K) =    18.17  PRESS =     0.0
 Etot   =   -140936.1390  EKtot   =      1123.4838  EPtot      =   -142059.6228
 BOND   =       135.1572  ANGLE   =       478.2902  DIHED      =       806.4187
 UB     =         0.0000  IMP     =         0.0000  CMAP       =       129.8664
 1-4 NB =       571.9788  1-4 EEL =      6191.3488  VDWAALS    =     21668.6476
 EELEC  =   -172070.7678  EHBOND  =         0.0000  RESTRAINT  =        29.4372
 EAMBER (non-restraint)  =   -142089.0600
 ------------------------------------------------------------------------------

 NMR restraints: Bond =    0.000   Angle =     0.000   Torsion =     0.000
===============================================================================

 NSTEP =    10000   TIME(PS) =      20.000  TEMP(K) =    37.06  PRESS =     0.0
 Etot   =   -138950.8082  EKtot   =      2291.8101  EPtot      =   -141242.6182
 BOND   =       162.1239  ANGLE   =       547.5727  DIHED      =       814.5169
 UB     =         0.0000  IMP     =         0.0000  CMAP       =       132.5483
 1-4 NB =       578.9936  1-4 EEL =      6202.2081  VDWAALS    =     21505.5598
 EELEC  =   -171227.1631  EHBOND  =         0.0000  RESTRAINT  =        41.0216
 EAMBER (non-restraint)  =   -141283.6399
 ------------------------------------------------------------------------------

 NMR restraints: Bond =    0.000   Angle =     0.000   Torsion =     0.000
===============================================================================

 NSTEP =    15000   TIME(PS) =      30.000  TEMP(K) =    55.79  PRESS =     0.0
 Etot   =   -137062.7713  EKtot   =      3449.8342  EPtot      =   -140512.6055
 BOND   =       187.1889  ANGLE   =       628.8012  DIHED      =       830.8985
 UB     =         0.0000  IMP     =         0.0000  CMAP       =       134.3766
 1-4 NB =       578.5685  1-4 EEL =      6190.8736  VDWAALS    =     21271.1105
 EELEC  =   -170396.7014  EHBOND  =         0.0000  RESTRAINT  =        62.2783
 EAMBER (non-restraint)  =   -140574.8838
 ------------------------------------------------------------------------------

 NMR restraints: Bond =    0.000   Angle =     0.000   Torsion =     0.000
===============================================================================

 NSTEP =    20000   TIME(PS) =      40.000  TEMP(K) =    74.84  PRESS =     0.0
 Etot   =   -135133.7109  EKtot   =      4628.5161  EPtot      =   -139762.2270
 BOND   =       219.9463  ANGLE   =       690.8398  DIHED      =       839.0493
 UB     =         0.0000  IMP     =         0.0000  CMAP       =       132.7848
 1-4 NB =       584.6416  1-4 EEL =      6170.8731  VDWAALS    =     21111.3512
 EELEC  =   -169581.8623  EHBOND  =         0.0000  RESTRAINT  =        70.1491
 EAMBER (non-restraint)  =   -139832.3761
 ------------------------------------------------------------------------------

 NMR restraints: Bond =    0.000   Angle =     0.000   Torsion =     0.000
===============================================================================

 NSTEP =    25000   TIME(PS) =      50.000  TEMP(K) =    92.29  PRESS =     0.0
 Etot   =   -133189.9173  EKtot   =      5707.6167  EPtot      =   -138897.5340
 BOND   =       243.9535  ANGLE   =       726.2798  DIHED      =       860.0229
 UB     =         0.0000  IMP     =         0.0000  CMAP       =       134.5444
 1-4 NB =       593.9266  1-4 EEL =      6195.6009  VDWAALS    =     21079.5760
 EELEC  =   -168819.4197  EHBOND  =         0.0000  RESTRAINT  =        87.9816
 EAMBER (non-restraint)  =   -138985.5156
 ------------------------------------------------------------------------------

 NMR restraints: Bond =    0.000   Angle =     0.000   Torsion =     0.000
===============================================================================

 NSTEP =    30000   TIME(PS) =      60.000  TEMP(K) =   111.23  PRESS =     0.0
 Etot   =   -131206.2269  EKtot   =      6878.7480  EPtot      =   -138084.9749
 BOND   =       291.6850  ANGLE   =       808.3266  DIHED      =       872.0534
 UB     =         0.0000  IMP     =         0.0000  CMAP       =       128.1664
 1-4 NB =       597.0215  1-4 EEL =      6206.0973  VDWAALS    =     20912.8861
 EELEC  =   -168003.2217  EHBOND  =         0.0000  RESTRAINT  =       102.0104
 EAMBER (non-restraint)  =   -138186.9853
 ------------------------------------------------------------------------------

 NMR restraints: Bond =    0.000   Angle =     0.000   Torsion =     0.000
===============================================================================

 NSTEP =    35000   TIME(PS) =      70.000  TEMP(K) =   127.90  PRESS =     0.0
 Etot   =   -129268.9140  EKtot   =      7909.7783  EPtot      =   -137178.6924
 BOND   =       317.5501  ANGLE   =       862.2558  DIHED      =       881.2602
 UB     =         0.0000  IMP     =         0.0000  CMAP       =       136.8123
 1-4 NB =       600.9245  1-4 EEL =      6213.7417  VDWAALS    =     20763.8805
 EELEC  =   -167076.0266  EHBOND  =         0.0000  RESTRAINT  =       120.9092
 EAMBER (non-restraint)  =   -137299.6015
 ------------------------------------------------------------------------------

 NMR restraints: Bond =    0.000   Angle =     0.000   Torsion =     0.000
===============================================================================

 NSTEP =    40000   TIME(PS) =      80.000  TEMP(K) =   149.67  PRESS =     0.0
 Etot   =   -127065.1192  EKtot   =      9255.7842  EPtot      =   -136320.9034
 BOND   =       339.2419  ANGLE   =       956.1753  DIHED      =       915.8413
 UB     =         0.0000  IMP     =         0.0000  CMAP       =       134.1968
 1-4 NB =       621.5556  1-4 EEL =      6192.5891  VDWAALS    =     20455.4998
 EELEC  =   -166073.0795  EHBOND  =         0.0000  RESTRAINT  =       137.0762
 EAMBER (non-restraint)  =   -136457.9796
 ------------------------------------------------------------------------------

 NMR restraints: Bond =    0.000   Angle =     0.000   Torsion =     0.000
===============================================================================

 NSTEP =    45000   TIME(PS) =      90.000  TEMP(K) =   168.65  PRESS =     0.0
 Etot   =   -124835.9615  EKtot   =     10429.5938  EPtot      =   -135265.5552
 BOND   =       375.9285  ANGLE   =      1006.8970  DIHED      =       898.9781
 UB     =         0.0000  IMP     =         0.0000  CMAP       =       138.5906
 1-4 NB =       617.6845  1-4 EEL =      6202.6068  VDWAALS    =     20386.4073
 EELEC  =   -165030.4495  EHBOND  =         0.0000  RESTRAINT  =       137.8016
 EAMBER (non-restraint)  =   -135403.3568
 ------------------------------------------------------------------------------

 NMR restraints: Bond =    0.000   Angle =     0.000   Torsion =     0.000
===============================================================================

 NSTEP =    50000   TIME(PS) =     100.000  TEMP(K) =   186.85  PRESS =     0.0
 Etot   =   -122552.4024  EKtot   =     11554.8428  EPtot      =   -134107.2452
 BOND   =       379.8560  ANGLE   =      1045.0646  DIHED      =       923.3873
 UB     =         0.0000  IMP     =         0.0000  CMAP       =       138.1958
 1-4 NB =       610.6808  1-4 EEL =      6203.7528  VDWAALS    =     19961.1638
 EELEC  =   -163524.2485  EHBOND  =         0.0000  RESTRAINT  =       154.9022
 EAMBER (non-restraint)  =   -134262.1474
 ------------------------------------------------------------------------------

 NMR restraints: Bond =    0.000   Angle =     0.000   Torsion =     0.000
===============================================================================

 NSTEP =    55000   TIME(PS) =     110.000  TEMP(K) =   204.37  PRESS =     0.0
 Etot   =   -120189.5852  EKtot   =     12638.4756  EPtot      =   -132828.0608
 BOND   =       442.2927  ANGLE   =      1170.2491  DIHED      =       959.6625
 UB     =         0.0000  IMP     =         0.0000  CMAP       =       140.0163
 1-4 NB =       615.7129  1-4 EEL =      6191.0432  VDWAALS    =     19692.0499
 EELEC  =   -162224.8009  EHBOND  =         0.0000  RESTRAINT  =       185.7136
 EAMBER (non-restraint)  =   -133013.7743
 ------------------------------------------------------------------------------

 NMR restraints: Bond =    0.000   Angle =     0.000   Torsion =     0.000
===============================================================================

 NSTEP =    60000   TIME(PS) =     120.000  TEMP(K) =   221.89  PRESS =     0.0
 Etot   =   -117805.2033  EKtot   =     13722.0537  EPtot      =   -131527.2570
 BOND   =       427.2143  ANGLE   =      1190.3053  DIHED      =       955.5322
 UB     =         0.0000  IMP     =         0.0000  CMAP       =       139.3623
 1-4 NB =       626.1216  1-4 EEL =      6201.8862  VDWAALS    =     19170.2270
 EELEC  =   -160420.1683  EHBOND  =         0.0000  RESTRAINT  =       182.2624
 EAMBER (non-restraint)  =   -131709.5194
 ------------------------------------------------------------------------------

 NMR restraints: Bond =    0.000   Angle =     0.000   Torsion =     0.000
===============================================================================

 NSTEP =    65000   TIME(PS) =     130.000  TEMP(K) =   241.71  PRESS =     0.0
 Etot   =   -115136.4739  EKtot   =     14947.8779  EPtot      =   -130084.3518
 BOND   =       464.4202  ANGLE   =      1271.5221  DIHED      =       956.2143
 UB     =         0.0000  IMP     =         0.0000  CMAP       =       138.2169
 1-4 NB =       637.3076  1-4 EEL =      6160.3833  VDWAALS    =     18370.8480
 EELEC  =   -158272.8685  EHBOND  =         0.0000  RESTRAINT  =       189.6043
 EAMBER (non-restraint)  =   -130273.9561
 ------------------------------------------------------------------------------

 NMR restraints: Bond =    0.000   Angle =     0.000   Torsion =     0.000
===============================================================================

 NSTEP =    70000   TIME(PS) =     140.000  TEMP(K) =   260.91  PRESS =     0.0
 Etot   =   -112106.6450  EKtot   =     16135.3203  EPtot      =   -128241.9654
 BOND   =       483.8282  ANGLE   =      1366.5501  DIHED      =      1001.8052
 UB     =         0.0000  IMP     =         0.0000  CMAP       =       135.8965
 1-4 NB =       649.5614  1-4 EEL =      6238.6285  VDWAALS    =     17569.7672
 EELEC  =   -155902.1957  EHBOND  =         0.0000  RESTRAINT  =       214.1934
 EAMBER (non-restraint)  =   -128456.1587
 ------------------------------------------------------------------------------

 NMR restraints: Bond =    0.000   Angle =     0.000   Torsion =     0.000
===============================================================================

 NSTEP =    75000   TIME(PS) =     150.000  TEMP(K) =   279.23  PRESS =     0.0
 Etot   =   -108528.6219  EKtot   =     17268.0723  EPtot      =   -125796.6942
 BOND   =       537.5757  ANGLE   =      1415.7901  DIHED      =      1006.8405
 UB     =         0.0000  IMP     =         0.0000  CMAP       =       141.5161
 1-4 NB =       633.4593  1-4 EEL =      6133.4895  VDWAALS    =     16423.9248
 EELEC  =   -152295.4042  EHBOND  =         0.0000  RESTRAINT  =       206.1139
 EAMBER (non-restraint)  =   -126002.8081
 ------------------------------------------------------------------------------

 NMR restraints: Bond =    0.000   Angle =     0.000   Torsion =     0.000
===============================================================================

 NSTEP =    80000   TIME(PS) =     160.000  TEMP(K) =   296.55  PRESS =     0.0
 Etot   =   -103684.3638  EKtot   =     18338.9668  EPtot      =   -122023.3306
 BOND   =       583.0259  ANGLE   =      1468.7350  DIHED      =      1025.4324
 UB     =         0.0000  IMP     =         0.0000  CMAP       =       132.8297
 1-4 NB =       642.5434  1-4 EEL =      6224.3062  VDWAALS    =     14953.7795
 EELEC  =   -147287.2625  EHBOND  =         0.0000  RESTRAINT  =       233.2797
 EAMBER (non-restraint)  =   -122256.6102
 ------------------------------------------------------------------------------

 NMR restraints: Bond =    0.000   Angle =     0.000   Torsion =     0.000
===============================================================================

 NSTEP =    85000   TIME(PS) =     170.000  TEMP(K) =   301.72  PRESS =     0.0
 Etot   =   -102595.5640  EKtot   =     18658.6680  EPtot      =   -121254.2319
 BOND   =       560.4600  ANGLE   =      1490.0695  DIHED      =      1025.7438
 UB     =         0.0000  IMP     =         0.0000  CMAP       =       145.4597
 1-4 NB =       626.9185  1-4 EEL =      6230.8208  VDWAALS    =     14199.1461
 EELEC  =   -145764.9775  EHBOND  =         0.0000  RESTRAINT  =       232.1272
 EAMBER (non-restraint)  =   -121486.3592
 ------------------------------------------------------------------------------

 NMR restraints: Bond =    0.000   Angle =     0.000   Torsion =     0.000
===============================================================================

 NSTEP =    90000   TIME(PS) =     180.000  TEMP(K) =   299.91  PRESS =     0.0
 Etot   =   -102374.6460  EKtot   =     18546.9277  EPtot      =   -120921.5737
 BOND   =       547.6258  ANGLE   =      1489.1889  DIHED      =      1039.4366
 UB     =         0.0000  IMP     =         0.0000  CMAP       =       136.8727
 1-4 NB =       632.6334  1-4 EEL =      6169.6424  VDWAALS    =     14150.8718
 EELEC  =   -145308.0944  EHBOND  =         0.0000  RESTRAINT  =       220.2491
 EAMBER (non-restraint)  =   -121141.8229
 ------------------------------------------------------------------------------

 NMR restraints: Bond =    0.000   Angle =     0.000   Torsion =     0.000
===============================================================================

 NSTEP =    95000   TIME(PS) =     190.000  TEMP(K) =   302.20  PRESS =     0.0
 Etot   =   -102303.8878  EKtot   =     18688.3066  EPtot      =   -120992.1944
 BOND   =       541.2894  ANGLE   =      1471.7060  DIHED      =       995.3446
 UB     =         0.0000  IMP     =         0.0000  CMAP       =       140.5173
 1-4 NB =       647.0751  1-4 EEL =      6195.6816  VDWAALS    =     14194.6689
 EELEC  =   -145416.9148  EHBOND  =         0.0000  RESTRAINT  =       238.4373
 EAMBER (non-restraint)  =   -121230.6317
 ------------------------------------------------------------------------------

 NMR restraints: Bond =    0.000   Angle =     0.000   Torsion =     0.000
===============================================================================

 NSTEP =   100000   TIME(PS) =     200.000  TEMP(K) =   299.66  PRESS =     0.0
 Etot   =   -102372.2057  EKtot   =     18531.1348  EPtot      =   -120903.3405
 BOND   =       543.3502  ANGLE   =      1433.7165  DIHED      =      1036.0336
 UB     =         0.0000  IMP     =         0.0000  CMAP       =       134.7467
 1-4 NB =       646.5549  1-4 EEL =      6230.6709  VDWAALS    =     13968.3610
 EELEC  =   -145126.7030  EHBOND  =         0.0000  RESTRAINT  =       229.9288
 EAMBER (non-restraint)  =   -121133.2693
 ------------------------------------------------------------------------------

 NMR restraints: Bond =    0.000   Angle =     0.000   Torsion =     0.000
===============================================================================

      A V E R A G E S   O V E R      20 S T E P S


 NSTEP =   100000   TIME(PS) =     200.000  TEMP(K) =   186.53  PRESS =     0.0
 Etot   =   -120364.9584  EKtot   =     11535.2906  EPtot      =   -131900.2489
 BOND   =       389.1857  ANGLE   =      1075.9168  DIHED      =       932.2236
 UB     =         0.0000  IMP     =         0.0000  CMAP       =       136.2758
 1-4 NB =       615.6932  1-4 EEL =      6197.3122  VDWAALS    =     18590.4863
 EELEC  =   -159991.1165  EHBOND  =         0.0000  RESTRAINT  =       153.7738
 EAMBER (non-restraint)  =   -132054.0228
 ------------------------------------------------------------------------------

 NMR restraints: Bond =    0.000   Angle =     0.000   Torsion =     0.000
===============================================================================

      R M S  F L U C T U A T I O N S


 NSTEP =   100000   TIME(PS) =     200.000  TEMP(K) =    95.67  PRESS =     0.0
 Etot   =     13240.6674  EKtot   =      5916.5328  EPtot      =      7428.2005
 BOND   =       142.0982  ANGLE   =       338.0514  DIHED      =        76.6429
 UB     =         0.0000  IMP     =         0.0000  CMAP       =         4.0310
 1-4 NB =        24.3044  1-4 EEL =        24.6767  VDWAALS    =      2798.6508
 EELEC  =      9582.3053  EHBOND  =         0.0000  RESTRAINT  =        67.6436
 EAMBER (non-restraint)  =      7360.5569
 ------------------------------------------------------------------------------


 NMR restraints on final step:

--------------------------------------------------------------------------------
   5.  TIMINGS
--------------------------------------------------------------------------------

|  NonSetup CPU Time in Major Routines:
|
|     Routine           Sec        %
|     ------------------------------
|     Nonbond           7.34   20.42
|     Bond              0.00    0.00
|     Angle             0.00    0.00
|     Dihedral          0.00    0.00
|     Shake             0.50    1.38
|     RunMD            27.86   77.51
|     Other             0.25    0.69
|     ------------------------------
|     Total            35.94

|  PME Nonbond Pairlist CPU Time:
|
|     Routine              Sec        %
|     ---------------------------------
|     Set Up Cit           0.00    0.00
|     Build List           0.00    0.00
|     ---------------------------------
|     Total                0.00    0.00

|  PME Direct Force CPU Time:
|
|     Routine              Sec        %
|     ---------------------------------
|     NonBonded Calc       0.00    0.00
|     Exclude Masked       0.00    0.00
|     Other                0.16    0.45
|     ---------------------------------
|     Total                0.16    0.45

|  PME Reciprocal Force CPU Time:
|
|     Routine              Sec        %
|     ---------------------------------
|     1D bspline           0.00    0.00
|     Grid Charges         0.00    0.00
|     Scalar Sum           0.00    0.00
|     Gradient Sum         0.00    0.00
|     FFT                  0.00    0.00
|     ---------------------------------
|     Total                0.00    0.00

|  Final Performance Info:
|     -----------------------------------------------------
|     Average timings for last  100000 steps:
|     Elapsed(s) =      36.06 Per Step(ms) =       0.36
|         ns/day =     479.14   seconds/ns =     180.32
|
|     Average timings for all steps:
|     Elapsed(s) =      36.06 Per Step(ms) =       0.36
|         ns/day =     479.14   seconds/ns =     180.32
|     -----------------------------------------------------

|  Setup CPU time:            0.55 seconds
|  NonSetup CPU time:        35.94 seconds
|  Total CPU time:           36.50 seconds     0.01 hours

|  Setup wall time:           1    seconds
|  NonSetup wall time:       36    seconds
|  Total wall time:          37    seconds     0.01 hours
