
          -------------------------------------------------------
          Amber 22 PMEMD                              2022
          -------------------------------------------------------

| PMEMD implementation of SANDER, Release 22

|  Compiled date/time: Thu Apr 14 11:06:37 2022
| Run on 09/01/2026 at 12:54:53

|   Executable path: pmemd.cuda
| Working directory: /bigdata/cutlerlab/jjaco081/PYR1_pocket_expansion/data/posecheck/mandi_predicted/rep0
|          Hostname: gpu09

  [-O]verwriting output

File Assignments:
|   MDIN: eq2.in                                                                
|  MDOUT: eq2.out                                                               
| INPCRD: eq1.rst7                                                              
|   PARM: /bigdata/cutlerlab/jjaco081/PYR1_pocket_expansion/data/posecheck/mandi
| RESTRT: eq2.rst7                                                              
|   REFC: refc                                                                  
|  MDVEL: mdvel                                                                 
|   MDEN: mden                                                                  
|  MDCRD: eq2.nc                                                                
| MDINFO: eq2.info                                                              
|  MDFRC: mdfrc                                                                 


 Here is the input file:

NPT equilibration 2, 1 ns, unrestrained                                        
 &cntrl                                                                        
  imin=0, irest=1, ntx=5,                                                      
  nstlim=500000, dt=0.002,                                                     
  ntc=2, ntf=2, cut=10.0,                                                      
  ntb=2, ntp=1, barostat=2, pres0=1.0, taup=2.0,                               
  ntt=3, gamma_ln=2.0, ig=-1, temp0=300.0,                                     
  ntr=0,                                                                       
  ntpr=5000, ntwx=5000, ntwr=50000,                                            
 /                                                                             


Note: ig = -1. Setting random seed to   120813 based on wallclock time in 
      microseconds.
| irandom = 1, using AMBER's internal random number generator (default).
 
|--------------------- INFORMATION ----------------------
| GPU (CUDA) Version of PMEMD in use: NVIDIA GPU IN USE.
|                    Version 18.0.0
| 
|                      03/25/2018
| 
| Implementation by:
|                    Ross C. Walker     (SDSC)
|                    Scott Le Grand     (nVIDIA)
| 
| Version 18 performance extensions by:
|                    David Cerutti     (Rutgers)
| 
| Precision model in use:
|      [SPFP] - Single Precision Forces, 64-bit Fixed Point
|               Accumulation. (Default)
| 
|--------------------------------------------------------
 
|----------------- CITATION INFORMATION -----------------
|
|    When publishing work that utilized the CUDA version
|    of AMBER, please cite the following in addition to
|    the regular AMBER citations:
|
|  - Romelia Salomon-Ferrer; Andreas W. Goetz; Duncan
|    Poole; Scott Le Grand; Ross C. Walker "Routine
|    microsecond molecular dynamics simulations with
|    AMBER - Part II: Particle Mesh Ewald", J. Chem.
|    Theory Comput., 2013, 9 (9), pp3878-3888,
|    DOI: 10.1021/ct400314y.
|
|  - Andreas W. Goetz; Mark J. Williamson; Dong Xu;
|    Duncan Poole; Scott Le Grand; Ross C. Walker
|    "Routine microsecond molecular dynamics simulations
|    with AMBER - Part I: Generalized Born", J. Chem.
|    Theory Comput., 2012, 8 (5), pp1542-1555.
|
|  - Scott Le Grand; Andreas W. Goetz; Ross C. Walker
|    "SPFP: Speed without compromise - a mixed precision
|    model for GPU accelerated molecular dynamics
|    simulations.", Comp. Phys. Comm., 2013, 184
|    pp374-380, DOI: 10.1016/j.cpc.2012.09.022
|
|--------------------------------------------------------
 
|------------------- GPU DEVICE INFO --------------------
|
|            CUDA_VISIBLE_DEVICES: 0
|   CUDA Capable Devices Detected:      1
|           CUDA Device ID in use:      0
|                CUDA Device Name: NVIDIA RTX 6000 Ada Generation
|     CUDA Device Global Mem Size:  48510 MB
| CUDA Device Num Multiprocessors:    142
|           CUDA Device Core Freq:   2.50 GHz
|
|--------------------------------------------------------
 
 
| Conditional Compilation Defines Used:
| PUBFFT
| BINTRAJ
| CUDA
| EMIL

| Largest sphere to fit in unit cell has radius =    30.930

| New format PARM file being parsed.
| Version =    1.000 Date = 09/01/26 Time = 11:34:09

| Note: 1-4 EEL scale factors are being read from the topology file.

| Note: 1-4 VDW scale factors are being read from the topology file.
| INFO:    Virtual site frames will be inferred from bonding patterns.
| Duplicated    0 dihedrals

| Duplicated    0 dihedrals

--------------------------------------------------------------------------------
   1.  RESOURCE   USE: 
--------------------------------------------------------------------------------

 getting box info from netcdf restart file
 NATOM  =   43858 NTYPES =      30 NBONH =   32110 MBONA  =   11715
 NTHETH =    3266 MTHETA =    2018 NPHIH =    6640 MPHIA  =    6378
 NHPARM =       0 NPARM  =       0 NNB   =   87608 NRES   =   10464
 NBONA  =   11715 NTHETA =    2018 NPHIA =    6378 NUMBND =      96
 NUMANG =     212 NPTRA  =     219 NATYP =      53 NPHB   =       0
 IFBOX  =       2 NMXRS  =      56 IFCAP =       0 NEXTRA =   10223
 NCOPY  =       0


| Coordinate Index Table dimensions:    12   12   12
| Direct force subcell size =     6.3136    6.3136    6.3136

     BOX TYPE: TRUNCATED OCTAHEDRON

--------------------------------------------------------------------------------
   2.  CONTROL  DATA  FOR  THE  RUN
--------------------------------------------------------------------------------

default_name                                                                    

General flags:
     imin    =       0, nmropt  =       0

Nature and format of input:
     ntx     =       5, irest   =       1, ntrx    =       1

Nature and format of output:
     ntxo    =       2, ntpr    =    5000, ntrx    =       1, ntwr    =   50000
     iwrap   =       0, ntwx    =    5000, ntwv    =       0, ntwe    =       0
     ioutfm  =       1, ntwprt  =       0, idecomp =       0, rbornstat=      0

Potential function:
     ntf     =       2, ntb     =       2, igb     =       0, nsnb    =      25
     ipol    =       0, gbsa    =       0, iesp    =       0
     dielc   =   1.00000, cut     =  10.00000, intdiel =   1.00000

Frozen or restrained atoms:
     ibelly  =       0, ntr     =       0

Molecular dynamics:
     nstlim  =    500000, nscm    =      1000, nrespa  =         1
     t       =   0.00000, dt      =   0.00200, vlimit  =  -1.00000

Langevin dynamics temperature regulation:
     ig      =  120813
     temp0   = 300.00000, tempi   =   0.00000, gamma_ln=   2.00000

Pressure regulation:
     ntp     =       1
     pres0   =   1.00000, comp    =  44.60000, taup    =   2.00000
     Monte-Carlo Barostat:
     mcbarint  =     100

SHAKE:
     ntc     =       2, jfastw  =       0
     tol     =   0.00001

| Intermolecular bonds treatment:
|     no_intermolecular_bonds =       1

| Energy averages sample interval:
|     ene_avg_sampling =    5000

Extra-points options:
     frameon =       1, chngmask=       1

Ewald parameters:
     verbose =       0, ew_type =       0, nbflag  =       1, use_pme =       1
     vdwmeth =       1, eedmeth =       1, netfrc  =       1
     Box X =   75.764   Box Y =   75.764   Box Z =   75.764
     Alpha =  109.471   Beta  =  109.471   Gamma =  109.471
     NFFT1 =   80       NFFT2 =   80       NFFT3 =   80
     Cutoff=   10.000   Tol   =0.100E-04
     Ewald Coefficient =  0.27511
     Interpolation order =    4
|      EXTRA_PTS, trim_bonds: num bonds BEFORE trim = 32110     0
|      EXTRA_PTS, trim_bonds: num bonds AFTER  trim = 32110     0
|      EXTRA_PTS, trim_bonds: num bonds BEFORE trim = 11715     0
|      EXTRA_PTS, trim_bonds: num bonds AFTER  trim =  1492     0
|      EXTRA_PTS, trim_theta: num angle BEFORE trim =  3266     0
|      EXTRA_PTS, trim_theta: num angle AFTER  trim =  3266     0
|      EXTRA_PTS, trim_theta: num angle BEFORE trim =  2018     0
|      EXTRA_PTS, trim_theta: num angle AFTER  trim =  2018     0
|      EXTRA_PTS, trim_phi:  num diheds BEFORE trim =  6640     0
|      EXTRA_PTS, trim_phi:  num diheds AFTER  trim =  6640     0
|      EXTRA_PTS, trim_phi:  num diheds BEFORE trim =  6378     0
|      EXTRA_PTS, trim_phi:  num diheds AFTER  trim =  6378     0
| MONTE CARLO BAROSTAT IMPORTANT NOTE:
|   The Monte-Carlo barostat does not require the virial to adjust the system volume.
|   Since it is an expensive calculation, it is skipped for efficiency. A side-effect
|   is that the reported pressure is always 0 because it is not calculated.

--------------------------------------------------------------------------------
   3.  ATOMIC COORDINATES AND VELOCITIES
--------------------------------------------------------------------------------

default_name                                                                    
 begin time read from input coords =   700.000 ps

 
 Number of triangulated 3-point waters found:    10223

     Sum of charges from parm topology file =   0.00205605
     Forcing neutrality...

| Dynamic Memory, Types Used:
| Reals             1888120
| Integers          4333342

| Nonbonded Pairs Initial Allocation:    13265948

| GPU memory information (estimate):
| KB of GPU memory in use:    388403
| KB of CPU memory in use:     97975

--------------------------------------------------------------------------------
   4.  RESULTS
--------------------------------------------------------------------------------

| MC Barostat: Decreasing size of volume moves
| MC Barostat: Decreasing size of volume moves
| MC Barostat: Decreasing size of volume moves
| MC Barostat: Decreasing size of volume moves

 NSTEP =     5000   TIME(PS) =     710.000  TEMP(K) =   299.46  PRESS =     0.0
 Etot   =   -116865.1708  EKtot   =     20469.2324  EPtot      =   -137334.4032
 BOND   =       561.1446  ANGLE   =      1510.4429  DIHED      =      1010.0208
 UB     =         0.0000  IMP     =         0.0000  CMAP       =       141.5962
 1-4 NB =       660.0309  1-4 EEL =      5869.3705  VDWAALS    =     16549.0777
 EELEC  =   -163636.0868  EHBOND  =         0.0000  RESTRAINT  =         0.0000
 EKCMT  =         0.0000  VIRIAL  =         0.0000  VOLUME     =    334566.9483
                                                    Density    =         1.0290
 ------------------------------------------------------------------------------

| MC Barostat: Decreasing size of volume moves
| MC Barostat: Decreasing size of volume moves
| MC Barostat: Decreasing size of volume moves
| MC Barostat: Decreasing size of volume moves
| MC Barostat: Decreasing size of volume moves

 NSTEP =    10000   TIME(PS) =     720.000  TEMP(K) =   300.81  PRESS =     0.0
 Etot   =   -116610.6951  EKtot   =     20561.6465  EPtot      =   -137172.3416
 BOND   =       591.5241  ANGLE   =      1510.7053  DIHED      =      1023.1222
 UB     =         0.0000  IMP     =         0.0000  CMAP       =       152.5265
 1-4 NB =       638.2765  1-4 EEL =      5863.6005  VDWAALS    =     16091.6098
 EELEC  =   -163043.7066  EHBOND  =         0.0000  RESTRAINT  =         0.0000
 EKCMT  =         0.0000  VIRIAL  =         0.0000  VOLUME     =    333802.5122
                                                    Density    =         1.0313
 ------------------------------------------------------------------------------

| MC Barostat: Decreasing size of volume moves
| MC Barostat: Decreasing size of volume moves
| MC Barostat: Decreasing size of volume moves
| MC Barostat: Decreasing size of volume moves

 NSTEP =    15000   TIME(PS) =     730.000  TEMP(K) =   302.50  PRESS =     0.0
 Etot   =   -117052.8631  EKtot   =     20677.4863  EPtot      =   -137730.3494
 BOND   =       555.5192  ANGLE   =      1476.6760  DIHED      =      1003.6704
 UB     =         0.0000  IMP     =         0.0000  CMAP       =       142.2021
 1-4 NB =       658.0899  1-4 EEL =      5886.6309  VDWAALS    =     16529.4465
 EELEC  =   -163982.5844  EHBOND  =         0.0000  RESTRAINT  =         0.0000
 EKCMT  =         0.0000  VIRIAL  =         0.0000  VOLUME     =    332919.5385
                                                    Density    =         1.0341
 ------------------------------------------------------------------------------


 NSTEP =    20000   TIME(PS) =     740.000  TEMP(K) =   296.70  PRESS =     0.0
 Etot   =   -117373.9787  EKtot   =     20280.7852  EPtot      =   -137654.7639
 BOND   =       584.2874  ANGLE   =      1515.3522  DIHED      =      1001.8986
 UB     =         0.0000  IMP     =         0.0000  CMAP       =       141.7736
 1-4 NB =       649.3096  1-4 EEL =      5850.2035  VDWAALS    =     16639.8524
 EELEC  =   -164037.4413  EHBOND  =         0.0000  RESTRAINT  =         0.0000
 EKCMT  =         0.0000  VIRIAL  =         0.0000  VOLUME     =    331938.1821
                                                    Density    =         1.0371
 ------------------------------------------------------------------------------


 NSTEP =    25000   TIME(PS) =     750.000  TEMP(K) =   299.57  PRESS =     0.0
 Etot   =   -116483.8404  EKtot   =     20477.0156  EPtot      =   -136960.8560
 BOND   =       586.2961  ANGLE   =      1559.6194  DIHED      =      1000.5665
 UB     =         0.0000  IMP     =         0.0000  CMAP       =       148.1956
 1-4 NB =       648.2243  1-4 EEL =      5879.5655  VDWAALS    =     16391.9777
 EELEC  =   -163175.3010  EHBOND  =         0.0000  RESTRAINT  =         0.0000
 EKCMT  =         0.0000  VIRIAL  =         0.0000  VOLUME     =    334305.7519
                                                    Density    =         1.0298
 ------------------------------------------------------------------------------


 NSTEP =    30000   TIME(PS) =     760.000  TEMP(K) =   299.68  PRESS =     0.0
 Etot   =   -116865.2015  EKtot   =     20484.7305  EPtot      =   -137349.9320
 BOND   =       591.5591  ANGLE   =      1588.0134  DIHED      =      1024.5353
 UB     =         0.0000  IMP     =         0.0000  CMAP       =       145.5622
 1-4 NB =       627.4272  1-4 EEL =      5804.9555  VDWAALS    =     16523.9955
 EELEC  =   -163655.9803  EHBOND  =         0.0000  RESTRAINT  =         0.0000
 EKCMT  =         0.0000  VIRIAL  =         0.0000  VOLUME     =    335413.7039
                                                    Density    =         1.0264
 ------------------------------------------------------------------------------


 NSTEP =    35000   TIME(PS) =     770.000  TEMP(K) =   300.23  PRESS =     0.0
 Etot   =   -116802.1574  EKtot   =     20522.1230  EPtot      =   -137324.2805
 BOND   =       577.9358  ANGLE   =      1516.8060  DIHED      =      1033.9591
 UB     =         0.0000  IMP     =         0.0000  CMAP       =       142.6843
 1-4 NB =       650.3055  1-4 EEL =      5839.5152  VDWAALS    =     16349.3453
 EELEC  =   -163434.8315  EHBOND  =         0.0000  RESTRAINT  =         0.0000
 EKCMT  =         0.0000  VIRIAL  =         0.0000  VOLUME     =    334211.4246
                                                    Density    =         1.0301
 ------------------------------------------------------------------------------


 NSTEP =    40000   TIME(PS) =     780.000  TEMP(K) =   296.96  PRESS =     0.0
 Etot   =   -117117.0601  EKtot   =     20298.4355  EPtot      =   -137415.4956
 BOND   =       559.7215  ANGLE   =      1507.0498  DIHED      =      1019.0363
 UB     =         0.0000  IMP     =         0.0000  CMAP       =       144.1914
 1-4 NB =       668.5112  1-4 EEL =      5867.9342  VDWAALS    =     16158.5962
 EELEC  =   -163340.5362  EHBOND  =         0.0000  RESTRAINT  =         0.0000
 EKCMT  =         0.0000  VIRIAL  =         0.0000  VOLUME     =    333790.3229
                                                    Density    =         1.0314
 ------------------------------------------------------------------------------


 NSTEP =    45000   TIME(PS) =     790.000  TEMP(K) =   301.23  PRESS =     0.0
 Etot   =   -116848.2819  EKtot   =     20590.7383  EPtot      =   -137439.0202
 BOND   =       563.7291  ANGLE   =      1507.3860  DIHED      =      1048.3140
 UB     =         0.0000  IMP     =         0.0000  CMAP       =       145.2021
 1-4 NB =       644.5996  1-4 EEL =      5855.3921  VDWAALS    =     16617.9307
 EELEC  =   -163821.5739  EHBOND  =         0.0000  RESTRAINT  =         0.0000
 EKCMT  =         0.0000  VIRIAL  =         0.0000  VOLUME     =    331711.0303
                                                    Density    =         1.0378
 ------------------------------------------------------------------------------


 NSTEP =    50000   TIME(PS) =     800.000  TEMP(K) =   297.77  PRESS =     0.0
 Etot   =   -117117.1380  EKtot   =     20353.5957  EPtot      =   -137470.7337
 BOND   =       579.9813  ANGLE   =      1499.1713  DIHED      =      1004.3366
 UB     =         0.0000  IMP     =         0.0000  CMAP       =       149.6538
 1-4 NB =       632.9890  1-4 EEL =      5828.8037  VDWAALS    =     16406.1561
 EELEC  =   -163571.8254  EHBOND  =         0.0000  RESTRAINT  =         0.0000
 EKCMT  =         0.0000  VIRIAL  =         0.0000  VOLUME     =    332875.9616
                                                    Density    =         1.0342
 ------------------------------------------------------------------------------


 NSTEP =    55000   TIME(PS) =     810.000  TEMP(K) =   298.08  PRESS =     0.0
 Etot   =   -117021.4901  EKtot   =     20375.2383  EPtot      =   -137396.7284
 BOND   =       574.4291  ANGLE   =      1495.8931  DIHED      =      1008.2888
 UB     =         0.0000  IMP     =         0.0000  CMAP       =       141.3219
 1-4 NB =       650.9966  1-4 EEL =      5878.5501  VDWAALS    =     16398.2402
 EELEC  =   -163544.4481  EHBOND  =         0.0000  RESTRAINT  =         0.0000
 EKCMT  =         0.0000  VIRIAL  =         0.0000  VOLUME     =    333692.0983
                                                    Density    =         1.0317
 ------------------------------------------------------------------------------


 NSTEP =    60000   TIME(PS) =     820.000  TEMP(K) =   301.41  PRESS =     0.0
 Etot   =   -116693.2207  EKtot   =     20602.8223  EPtot      =   -137296.0429
 BOND   =       563.5118  ANGLE   =      1532.1982  DIHED      =      1011.1556
 UB     =         0.0000  IMP     =         0.0000  CMAP       =       142.4128
 1-4 NB =       670.1066  1-4 EEL =      5870.7747  VDWAALS    =     16488.6834
 EELEC  =   -163574.8861  EHBOND  =         0.0000  RESTRAINT  =         0.0000
 EKCMT  =         0.0000  VIRIAL  =         0.0000  VOLUME     =    334494.0045
                                                    Density    =         1.0292
 ------------------------------------------------------------------------------


 NSTEP =    65000   TIME(PS) =     830.000  TEMP(K) =   300.54  PRESS =     0.0
 Etot   =   -116949.9066  EKtot   =     20543.1172  EPtot      =   -137493.0237
 BOND   =       533.8783  ANGLE   =      1471.9659  DIHED      =       985.1688
 UB     =         0.0000  IMP     =         0.0000  CMAP       =       144.4725
 1-4 NB =       648.0715  1-4 EEL =      5870.4901  VDWAALS    =     16473.4302
 EELEC  =   -163620.5010  EHBOND  =         0.0000  RESTRAINT  =         0.0000
 EKCMT  =         0.0000  VIRIAL  =         0.0000  VOLUME     =    333684.1841
                                                    Density    =         1.0317
 ------------------------------------------------------------------------------


 NSTEP =    70000   TIME(PS) =     840.000  TEMP(K) =   299.06  PRESS =     0.0
 Etot   =   -116998.5584  EKtot   =     20442.2773  EPtot      =   -137440.8358
 BOND   =       580.1017  ANGLE   =      1515.7450  DIHED      =      1002.6618
 UB     =         0.0000  IMP     =         0.0000  CMAP       =       136.3421
 1-4 NB =       641.2328  1-4 EEL =      5873.0187  VDWAALS    =     16466.4358
 EELEC  =   -163656.3737  EHBOND  =         0.0000  RESTRAINT  =         0.0000
 EKCMT  =         0.0000  VIRIAL  =         0.0000  VOLUME     =    334126.1342
                                                    Density    =         1.0303
 ------------------------------------------------------------------------------


 NSTEP =    75000   TIME(PS) =     850.000  TEMP(K) =   299.68  PRESS =     0.0
 Etot   =   -117027.3449  EKtot   =     20484.2949  EPtot      =   -137511.6398
 BOND   =       553.8977  ANGLE   =      1592.8701  DIHED      =       999.5624
 UB     =         0.0000  IMP     =         0.0000  CMAP       =       142.4762
 1-4 NB =       628.5468  1-4 EEL =      5816.9623  VDWAALS    =     16544.2389
 EELEC  =   -163790.1942  EHBOND  =         0.0000  RESTRAINT  =         0.0000
 EKCMT  =         0.0000  VIRIAL  =         0.0000  VOLUME     =    335027.8365
                                                    Density    =         1.0276
 ------------------------------------------------------------------------------


 NSTEP =    80000   TIME(PS) =     860.000  TEMP(K) =   298.26  PRESS =     0.0
 Etot   =   -117225.4526  EKtot   =     20387.1074  EPtot      =   -137612.5600
 BOND   =       553.8821  ANGLE   =      1525.8517  DIHED      =      1034.8634
 UB     =         0.0000  IMP     =         0.0000  CMAP       =       138.3404
 1-4 NB =       654.4035  1-4 EEL =      5873.1556  VDWAALS    =     16395.5875
 EELEC  =   -163788.6442  EHBOND  =         0.0000  RESTRAINT  =         0.0000
 EKCMT  =         0.0000  VIRIAL  =         0.0000  VOLUME     =    333272.3019
                                                    Density    =         1.0330
 ------------------------------------------------------------------------------


 NSTEP =    85000   TIME(PS) =     870.000  TEMP(K) =   299.59  PRESS =     0.0
 Etot   =   -117083.8853  EKtot   =     20478.5098  EPtot      =   -137562.3951
 BOND   =       565.7857  ANGLE   =      1525.8929  DIHED      =       996.0296
 UB     =         0.0000  IMP     =         0.0000  CMAP       =       143.9827
 1-4 NB =       635.1736  1-4 EEL =      5845.6520  VDWAALS    =     16010.7229
 EELEC  =   -163285.6345  EHBOND  =         0.0000  RESTRAINT  =         0.0000
 EKCMT  =         0.0000  VIRIAL  =         0.0000  VOLUME     =    334139.4940
                                                    Density    =         1.0303
 ------------------------------------------------------------------------------


 NSTEP =    90000   TIME(PS) =     880.000  TEMP(K) =   301.47  PRESS =     0.0
 Etot   =   -117039.5468  EKtot   =     20606.6172  EPtot      =   -137646.1640
 BOND   =       573.5480  ANGLE   =      1541.8999  DIHED      =      1013.9044
 UB     =         0.0000  IMP     =         0.0000  CMAP       =       130.9999
 1-4 NB =       639.2654  1-4 EEL =      5847.3074  VDWAALS    =     16803.2738
 EELEC  =   -164196.3627  EHBOND  =         0.0000  RESTRAINT  =         0.0000
 EKCMT  =         0.0000  VIRIAL  =         0.0000  VOLUME     =    334205.6697
                                                    Density    =         1.0301
 ------------------------------------------------------------------------------


 NSTEP =    95000   TIME(PS) =     890.000  TEMP(K) =   299.01  PRESS =     0.0
 Etot   =   -117119.9244  EKtot   =     20438.9609  EPtot      =   -137558.8853
 BOND   =       580.4780  ANGLE   =      1484.5835  DIHED      =       998.2541
 UB     =         0.0000  IMP     =         0.0000  CMAP       =       139.5217
 1-4 NB =       645.9572  1-4 EEL =      5826.0323  VDWAALS    =     16507.3199
 EELEC  =   -163741.0321  EHBOND  =         0.0000  RESTRAINT  =         0.0000
 EKCMT  =         0.0000  VIRIAL  =         0.0000  VOLUME     =    334724.2037
                                                    Density    =         1.0285
 ------------------------------------------------------------------------------


 NSTEP =   100000   TIME(PS) =     900.000  TEMP(K) =   299.82  PRESS =     0.0
 Etot   =   -117007.1813  EKtot   =     20494.0605  EPtot      =   -137501.2419
 BOND   =       559.6993  ANGLE   =      1481.8679  DIHED      =       991.8103
 UB     =         0.0000  IMP     =         0.0000  CMAP       =       143.6159
 1-4 NB =       656.7167  1-4 EEL =      5861.3193  VDWAALS    =     16451.3165
 EELEC  =   -163647.5878  EHBOND  =         0.0000  RESTRAINT  =         0.0000
 EKCMT  =         0.0000  VIRIAL  =         0.0000  VOLUME     =    333711.8886
                                                    Density    =         1.0316
 ------------------------------------------------------------------------------


 NSTEP =   105000   TIME(PS) =     910.000  TEMP(K) =   300.92  PRESS =     0.0
 Etot   =   -116729.7747  EKtot   =     20568.9160  EPtot      =   -137298.6908
 BOND   =       558.7447  ANGLE   =      1515.4649  DIHED      =      1002.4043
 UB     =         0.0000  IMP     =         0.0000  CMAP       =       129.8343
 1-4 NB =       657.9889  1-4 EEL =      5865.3698  VDWAALS    =     15927.3089
 EELEC  =   -162955.8065  EHBOND  =         0.0000  RESTRAINT  =         0.0000
 EKCMT  =         0.0000  VIRIAL  =         0.0000  VOLUME     =    333949.3697
                                                    Density    =         1.0309
 ------------------------------------------------------------------------------


 NSTEP =   110000   TIME(PS) =     920.000  TEMP(K) =   298.83  PRESS =     0.0
 Etot   =   -116920.4270  EKtot   =     20426.4688  EPtot      =   -137346.8957
 BOND   =       607.3674  ANGLE   =      1491.9132  DIHED      =      1004.9335
 UB     =         0.0000  IMP     =         0.0000  CMAP       =       137.2164
 1-4 NB =       650.4351  1-4 EEL =      5897.7341  VDWAALS    =     15827.1274
 EELEC  =   -162963.6227  EHBOND  =         0.0000  RESTRAINT  =         0.0000
 EKCMT  =         0.0000  VIRIAL  =         0.0000  VOLUME     =    333378.9128
                                                    Density    =         1.0326
 ------------------------------------------------------------------------------


 NSTEP =   115000   TIME(PS) =     930.000  TEMP(K) =   300.47  PRESS =     0.0
 Etot   =   -117007.7168  EKtot   =     20538.7070  EPtot      =   -137546.4239
 BOND   =       579.2569  ANGLE   =      1506.1082  DIHED      =       997.3427
 UB     =         0.0000  IMP     =         0.0000  CMAP       =       145.1479
 1-4 NB =       636.4548  1-4 EEL =      5839.0098  VDWAALS    =     16705.8235
 EELEC  =   -163955.5676  EHBOND  =         0.0000  RESTRAINT  =         0.0000
 EKCMT  =         0.0000  VIRIAL  =         0.0000  VOLUME     =    333940.6870
                                                    Density    =         1.0309
 ------------------------------------------------------------------------------


 NSTEP =   120000   TIME(PS) =     940.000  TEMP(K) =   298.62  PRESS =     0.0
 Etot   =   -116771.4343  EKtot   =     20412.0625  EPtot      =   -137183.4968
 BOND   =       558.3895  ANGLE   =      1566.6203  DIHED      =       990.2584
 UB     =         0.0000  IMP     =         0.0000  CMAP       =       143.0072
 1-4 NB =       666.4672  1-4 EEL =      5825.6276  VDWAALS    =     16425.8634
 EELEC  =   -163359.7304  EHBOND  =         0.0000  RESTRAINT  =         0.0000
 EKCMT  =         0.0000  VIRIAL  =         0.0000  VOLUME     =    335201.0559
                                                    Density    =         1.0270
 ------------------------------------------------------------------------------


 NSTEP =   125000   TIME(PS) =     950.000  TEMP(K) =   297.08  PRESS =     0.0
 Etot   =   -116890.5782  EKtot   =     20306.5918  EPtot      =   -137197.1700
 BOND   =       571.6980  ANGLE   =      1533.7378  DIHED      =      1003.9754
 UB     =         0.0000  IMP     =         0.0000  CMAP       =       138.9037
 1-4 NB =       648.7174  1-4 EEL =      5889.1416  VDWAALS    =     16292.3616
 EELEC  =   -163275.7055  EHBOND  =         0.0000  RESTRAINT  =         0.0000
 EKCMT  =         0.0000  VIRIAL  =         0.0000  VOLUME     =    333151.7329
                                                    Density    =         1.0333
 ------------------------------------------------------------------------------


 NSTEP =   130000   TIME(PS) =     960.000  TEMP(K) =   299.76  PRESS =     0.0
 Etot   =   -117180.8218  EKtot   =     20490.0254  EPtot      =   -137670.8472
 BOND   =       566.8446  ANGLE   =      1524.7988  DIHED      =      1023.6003
 UB     =         0.0000  IMP     =         0.0000  CMAP       =       141.8633
 1-4 NB =       631.4096  1-4 EEL =      5920.0533  VDWAALS    =     16225.6831
 EELEC  =   -163705.1002  EHBOND  =         0.0000  RESTRAINT  =         0.0000
 EKCMT  =         0.0000  VIRIAL  =         0.0000  VOLUME     =    333385.9841
                                                    Density    =         1.0326
 ------------------------------------------------------------------------------


 NSTEP =   135000   TIME(PS) =     970.000  TEMP(K) =   296.40  PRESS =     0.0
 Etot   =   -117060.2876  EKtot   =     20260.4805  EPtot      =   -137320.7681
 BOND   =       535.4674  ANGLE   =      1535.7813  DIHED      =       981.4203
 UB     =         0.0000  IMP     =         0.0000  CMAP       =       142.6315
 1-4 NB =       670.1609  1-4 EEL =      5924.9224  VDWAALS    =     16679.3592
 EELEC  =   -163790.5110  EHBOND  =         0.0000  RESTRAINT  =         0.0000
 EKCMT  =         0.0000  VIRIAL  =         0.0000  VOLUME     =    333273.7464
                                                    Density    =         1.0330
 ------------------------------------------------------------------------------


 NSTEP =   140000   TIME(PS) =     980.000  TEMP(K) =   301.21  PRESS =     0.0
 Etot   =   -116927.8014  EKtot   =     20589.2383  EPtot      =   -137517.0397
 BOND   =       545.0863  ANGLE   =      1526.4241  DIHED      =       996.5117
 UB     =         0.0000  IMP     =         0.0000  CMAP       =       145.3539
 1-4 NB =       646.9681  1-4 EEL =      5884.0092  VDWAALS    =     16353.5504
 EELEC  =   -163614.9434  EHBOND  =         0.0000  RESTRAINT  =         0.0000
 EKCMT  =         0.0000  VIRIAL  =         0.0000  VOLUME     =    334440.7552
                                                    Density    =         1.0294
 ------------------------------------------------------------------------------


 NSTEP =   145000   TIME(PS) =     990.000  TEMP(K) =   300.70  PRESS =     0.0
 Etot   =   -116870.1797  EKtot   =     20553.8359  EPtot      =   -137424.0157
 BOND   =       554.8634  ANGLE   =      1481.3037  DIHED      =      1014.2708
 UB     =         0.0000  IMP     =         0.0000  CMAP       =       141.4103
 1-4 NB =       641.0077  1-4 EEL =      5868.3310  VDWAALS    =     16471.9263
 EELEC  =   -163597.1289  EHBOND  =         0.0000  RESTRAINT  =         0.0000
 EKCMT  =         0.0000  VIRIAL  =         0.0000  VOLUME     =    333708.5832
                                                    Density    =         1.0316
 ------------------------------------------------------------------------------


 NSTEP =   150000   TIME(PS) =    1000.000  TEMP(K) =   302.32  PRESS =     0.0
 Etot   =   -116411.8297  EKtot   =     20664.7773  EPtot      =   -137076.6070
 BOND   =       571.4196  ANGLE   =      1510.4457  DIHED      =       992.2065
 UB     =         0.0000  IMP     =         0.0000  CMAP       =       140.2443
 1-4 NB =       658.9025  1-4 EEL =      5902.5867  VDWAALS    =     16362.8117
 EELEC  =   -163215.2241  EHBOND  =         0.0000  RESTRAINT  =         0.0000
 EKCMT  =         0.0000  VIRIAL  =         0.0000  VOLUME     =    334859.2626
                                                    Density    =         1.0281
 ------------------------------------------------------------------------------


 NSTEP =   155000   TIME(PS) =    1010.000  TEMP(K) =   300.67  PRESS =     0.0
 Etot   =   -116578.7606  EKtot   =     20551.8477  EPtot      =   -137130.6083
 BOND   =       577.5061  ANGLE   =      1513.5420  DIHED      =      1017.3310
 UB     =         0.0000  IMP     =         0.0000  CMAP       =       142.1564
 1-4 NB =       651.2090  1-4 EEL =      5818.1214  VDWAALS    =     16469.2786
 EELEC  =   -163319.7528  EHBOND  =         0.0000  RESTRAINT  =         0.0000
 EKCMT  =         0.0000  VIRIAL  =         0.0000  VOLUME     =    334142.4333
                                                    Density    =         1.0303
 ------------------------------------------------------------------------------


 NSTEP =   160000   TIME(PS) =    1020.000  TEMP(K) =   297.94  PRESS =     0.0
 Etot   =   -116852.2595  EKtot   =     20365.6230  EPtot      =   -137217.8826
 BOND   =       583.1536  ANGLE   =      1584.9766  DIHED      =      1033.5462
 UB     =         0.0000  IMP     =         0.0000  CMAP       =       142.4990
 1-4 NB =       653.8761  1-4 EEL =      5859.7418  VDWAALS    =     16479.1512
 EELEC  =   -163554.8272  EHBOND  =         0.0000  RESTRAINT  =         0.0000
 EKCMT  =         0.0000  VIRIAL  =         0.0000  VOLUME     =    333441.2681
                                                    Density    =         1.0324
 ------------------------------------------------------------------------------


 NSTEP =   165000   TIME(PS) =    1030.000  TEMP(K) =   299.32  PRESS =     0.0
 Etot   =   -116910.9152  EKtot   =     20459.6387  EPtot      =   -137370.5538
 BOND   =       559.9568  ANGLE   =      1536.2242  DIHED      =      1007.9974
 UB     =         0.0000  IMP     =         0.0000  CMAP       =       130.8018
 1-4 NB =       648.0179  1-4 EEL =      5840.6641  VDWAALS    =     16480.6058
 EELEC  =   -163574.8219  EHBOND  =         0.0000  RESTRAINT  =         0.0000
 EKCMT  =         0.0000  VIRIAL  =         0.0000  VOLUME     =    333921.6432
                                                    Density    =         1.0310
 ------------------------------------------------------------------------------


 NSTEP =   170000   TIME(PS) =    1040.000  TEMP(K) =   301.19  PRESS =     0.0
 Etot   =   -116857.0185  EKtot   =     20587.3770  EPtot      =   -137444.3954
 BOND   =       536.0932  ANGLE   =      1521.4343  DIHED      =       987.0887
 UB     =         0.0000  IMP     =         0.0000  CMAP       =       133.4793
 1-4 NB =       641.8803  1-4 EEL =      5854.6354  VDWAALS    =     16148.9679
 EELEC  =   -163267.9745  EHBOND  =         0.0000  RESTRAINT  =         0.0000
 EKCMT  =         0.0000  VIRIAL  =         0.0000  VOLUME     =    333387.7080
                                                    Density    =         1.0326
 ------------------------------------------------------------------------------


 NSTEP =   175000   TIME(PS) =    1050.000  TEMP(K) =   300.75  PRESS =     0.0
 Etot   =   -117147.2819  EKtot   =     20557.3516  EPtot      =   -137704.6335
 BOND   =       539.1710  ANGLE   =      1499.6785  DIHED      =      1005.4319
 UB     =         0.0000  IMP     =         0.0000  CMAP       =       142.0770
 1-4 NB =       642.3825  1-4 EEL =      5843.8441  VDWAALS    =     16261.3161
 EELEC  =   -163638.5348  EHBOND  =         0.0000  RESTRAINT  =         0.0000
 EKCMT  =         0.0000  VIRIAL  =         0.0000  VOLUME     =    332946.1190
                                                    Density    =         1.0340
 ------------------------------------------------------------------------------


 NSTEP =   180000   TIME(PS) =    1060.000  TEMP(K) =   304.04  PRESS =     0.0
 Etot   =   -116636.8598  EKtot   =     20782.8184  EPtot      =   -137419.6782
 BOND   =       548.5527  ANGLE   =      1532.3154  DIHED      =      1019.2896
 UB     =         0.0000  IMP     =         0.0000  CMAP       =       132.4198
 1-4 NB =       646.8091  1-4 EEL =      5875.7341  VDWAALS    =     16270.1040
 EELEC  =   -163444.9029  EHBOND  =         0.0000  RESTRAINT  =         0.0000
 EKCMT  =         0.0000  VIRIAL  =         0.0000  VOLUME     =    333982.7462
                                                    Density    =         1.0308
 ------------------------------------------------------------------------------


 NSTEP =   185000   TIME(PS) =    1070.000  TEMP(K) =   301.46  PRESS =     0.0
 Etot   =   -116766.7023  EKtot   =     20605.8164  EPtot      =   -137372.5187
 BOND   =       587.1389  ANGLE   =      1518.6767  DIHED      =       996.4796
 UB     =         0.0000  IMP     =         0.0000  CMAP       =       125.9420
 1-4 NB =       645.5066  1-4 EEL =      5853.4277  VDWAALS    =     16093.8762
 EELEC  =   -163193.5662  EHBOND  =         0.0000  RESTRAINT  =         0.0000
 EKCMT  =         0.0000  VIRIAL  =         0.0000  VOLUME     =    332653.7605
                                                    Density    =         1.0349
 ------------------------------------------------------------------------------


 NSTEP =   190000   TIME(PS) =    1080.000  TEMP(K) =   301.65  PRESS =     0.0
 Etot   =   -116623.2540  EKtot   =     20619.2793  EPtot      =   -137242.5333
 BOND   =       566.0017  ANGLE   =      1475.4427  DIHED      =       996.3622
 UB     =         0.0000  IMP     =         0.0000  CMAP       =       128.0283
 1-4 NB =       654.0582  1-4 EEL =      5905.5875  VDWAALS    =     16341.2817
 EELEC  =   -163309.2957  EHBOND  =         0.0000  RESTRAINT  =         0.0000
 EKCMT  =         0.0000  VIRIAL  =         0.0000  VOLUME     =    332946.6863
                                                    Density    =         1.0340
 ------------------------------------------------------------------------------


 NSTEP =   195000   TIME(PS) =    1090.000  TEMP(K) =   294.85  PRESS =     0.0
 Etot   =   -117431.0385  EKtot   =     20154.3691  EPtot      =   -137585.4076
 BOND   =       615.9685  ANGLE   =      1518.4912  DIHED      =       989.0996
 UB     =         0.0000  IMP     =         0.0000  CMAP       =       142.8491
 1-4 NB =       639.2095  1-4 EEL =      5826.7201  VDWAALS    =     16191.6747
 EELEC  =   -163509.4202  EHBOND  =         0.0000  RESTRAINT  =         0.0000
 EKCMT  =         0.0000  VIRIAL  =         0.0000  VOLUME     =    334758.1226
                                                    Density    =         1.0284
 ------------------------------------------------------------------------------


 NSTEP =   200000   TIME(PS) =    1100.000  TEMP(K) =   301.90  PRESS =     0.0
 Etot   =   -116800.9628  EKtot   =     20636.4531  EPtot      =   -137437.4159
 BOND   =       548.7626  ANGLE   =      1519.7750  DIHED      =      1011.3873
 UB     =         0.0000  IMP     =         0.0000  CMAP       =       142.9218
 1-4 NB =       651.9476  1-4 EEL =      5863.8060  VDWAALS    =     16748.0294
 EELEC  =   -163924.0456  EHBOND  =         0.0000  RESTRAINT  =         0.0000
 EKCMT  =         0.0000  VIRIAL  =         0.0000  VOLUME     =    333424.5538
                                                    Density    =         1.0325
 ------------------------------------------------------------------------------


 NSTEP =   205000   TIME(PS) =    1110.000  TEMP(K) =   300.27  PRESS =     0.0
 Etot   =   -116781.6738  EKtot   =     20524.6523  EPtot      =   -137306.3262
 BOND   =       599.9163  ANGLE   =      1533.2707  DIHED      =      1016.6035
 UB     =         0.0000  IMP     =         0.0000  CMAP       =       141.2771
 1-4 NB =       671.7083  1-4 EEL =      5830.8618  VDWAALS    =     16157.4640
 EELEC  =   -163257.4278  EHBOND  =         0.0000  RESTRAINT  =         0.0000
 EKCMT  =         0.0000  VIRIAL  =         0.0000  VOLUME     =    334018.7182
                                                    Density    =         1.0307
 ------------------------------------------------------------------------------


 NSTEP =   210000   TIME(PS) =    1120.000  TEMP(K) =   300.23  PRESS =     0.0
 Etot   =   -116431.4115  EKtot   =     20521.7559  EPtot      =   -136953.1674
 BOND   =       587.4238  ANGLE   =      1572.1227  DIHED      =       987.8755
 UB     =         0.0000  IMP     =         0.0000  CMAP       =       142.3248
 1-4 NB =       647.3441  1-4 EEL =      5802.2844  VDWAALS    =     16194.2748
 EELEC  =   -162886.8174  EHBOND  =         0.0000  RESTRAINT  =         0.0000
 EKCMT  =         0.0000  VIRIAL  =         0.0000  VOLUME     =    335011.9813
                                                    Density    =         1.0276
 ------------------------------------------------------------------------------


 NSTEP =   215000   TIME(PS) =    1130.000  TEMP(K) =   303.97  PRESS =     0.0
 Etot   =   -116585.0106  EKtot   =     20777.6328  EPtot      =   -137362.6434
 BOND   =       551.9146  ANGLE   =      1517.5150  DIHED      =       985.0138
 UB     =         0.0000  IMP     =         0.0000  CMAP       =       143.1661
 1-4 NB =       639.0332  1-4 EEL =      5866.3971  VDWAALS    =     16339.1279
 EELEC  =   -163404.8110  EHBOND  =         0.0000  RESTRAINT  =         0.0000
 EKCMT  =         0.0000  VIRIAL  =         0.0000  VOLUME     =    333798.8988
                                                    Density    =         1.0313
 ------------------------------------------------------------------------------


 NSTEP =   220000   TIME(PS) =    1140.000  TEMP(K) =   299.80  PRESS =     0.0
 Etot   =   -116938.0078  EKtot   =     20492.8320  EPtot      =   -137430.8398
 BOND   =       527.7757  ANGLE   =      1547.9007  DIHED      =      1013.5704
 UB     =         0.0000  IMP     =         0.0000  CMAP       =       143.2296
 1-4 NB =       625.4685  1-4 EEL =      5825.6455  VDWAALS    =     16431.9243
 EELEC  =   -163546.3546  EHBOND  =         0.0000  RESTRAINT  =         0.0000
 EKCMT  =         0.0000  VIRIAL  =         0.0000  VOLUME     =    334078.6325
                                                    Density    =         1.0305
 ------------------------------------------------------------------------------


 NSTEP =   225000   TIME(PS) =    1150.000  TEMP(K) =   298.76  PRESS =     0.0
 Etot   =   -116971.4541  EKtot   =     20421.4082  EPtot      =   -137392.8623
 BOND   =       585.1079  ANGLE   =      1514.1228  DIHED      =      1009.2389
 UB     =         0.0000  IMP     =         0.0000  CMAP       =       138.8088
 1-4 NB =       649.4386  1-4 EEL =      5876.5192  VDWAALS    =     16210.1386
 EELEC  =   -163376.2372  EHBOND  =         0.0000  RESTRAINT  =         0.0000
 EKCMT  =         0.0000  VIRIAL  =         0.0000  VOLUME     =    333555.3901
                                                    Density    =         1.0321
 ------------------------------------------------------------------------------


 NSTEP =   230000   TIME(PS) =    1160.000  TEMP(K) =   299.77  PRESS =     0.0
 Etot   =   -116939.9905  EKtot   =     20490.7285  EPtot      =   -137430.7190
 BOND   =       569.5856  ANGLE   =      1509.3396  DIHED      =      1006.4149
 UB     =         0.0000  IMP     =         0.0000  CMAP       =       147.1019
 1-4 NB =       650.3431  1-4 EEL =      5803.7468  VDWAALS    =     16275.2873
 EELEC  =   -163392.5380  EHBOND  =         0.0000  RESTRAINT  =         0.0000
 EKCMT  =         0.0000  VIRIAL  =         0.0000  VOLUME     =    334350.1431
                                                    Density    =         1.0296
 ------------------------------------------------------------------------------


 NSTEP =   235000   TIME(PS) =    1170.000  TEMP(K) =   299.95  PRESS =     0.0
 Etot   =   -116922.7965  EKtot   =     20502.6445  EPtot      =   -137425.4410
 BOND   =       575.4789  ANGLE   =      1488.3718  DIHED      =       991.4281
 UB     =         0.0000  IMP     =         0.0000  CMAP       =       138.7717
 1-4 NB =       652.5736  1-4 EEL =      5918.0444  VDWAALS    =     16649.1172
 EELEC  =   -163839.2265  EHBOND  =         0.0000  RESTRAINT  =         0.0000
 EKCMT  =         0.0000  VIRIAL  =         0.0000  VOLUME     =    333582.0353
                                                    Density    =         1.0320
 ------------------------------------------------------------------------------


 NSTEP =   240000   TIME(PS) =    1180.000  TEMP(K) =   298.53  PRESS =     0.0
 Etot   =   -117203.6015  EKtot   =     20405.9551  EPtot      =   -137609.5566
 BOND   =       567.8157  ANGLE   =      1589.6026  DIHED      =       976.2105
 UB     =         0.0000  IMP     =         0.0000  CMAP       =       142.0857
 1-4 NB =       630.3814  1-4 EEL =      5842.0264  VDWAALS    =     16509.1632
 EELEC  =   -163866.8421  EHBOND  =         0.0000  RESTRAINT  =         0.0000
 EKCMT  =         0.0000  VIRIAL  =         0.0000  VOLUME     =    334945.8778
                                                    Density    =         1.0278
 ------------------------------------------------------------------------------


 NSTEP =   245000   TIME(PS) =    1190.000  TEMP(K) =   300.38  PRESS =     0.0
 Etot   =   -116994.0575  EKtot   =     20532.4844  EPtot      =   -137526.5418
 BOND   =       575.7914  ANGLE   =      1467.1200  DIHED      =       987.1352
 UB     =         0.0000  IMP     =         0.0000  CMAP       =       143.4287
 1-4 NB =       660.4893  1-4 EEL =      5836.8265  VDWAALS    =     16468.8673
 EELEC  =   -163666.2002  EHBOND  =         0.0000  RESTRAINT  =         0.0000
 EKCMT  =         0.0000  VIRIAL  =         0.0000  VOLUME     =    332128.3451
                                                    Density    =         1.0365
 ------------------------------------------------------------------------------


 NSTEP =   250000   TIME(PS) =    1200.000  TEMP(K) =   299.29  PRESS =     0.0
 Etot   =   -117000.3996  EKtot   =     20457.8379  EPtot      =   -137458.2375
 BOND   =       583.5360  ANGLE   =      1504.8447  DIHED      =      1007.0760
 UB     =         0.0000  IMP     =         0.0000  CMAP       =       138.3962
 1-4 NB =       662.3938  1-4 EEL =      5911.5502  VDWAALS    =     16474.6859
 EELEC  =   -163740.7203  EHBOND  =         0.0000  RESTRAINT  =         0.0000
 EKCMT  =         0.0000  VIRIAL  =         0.0000  VOLUME     =    332682.5623
                                                    Density    =         1.0348
 ------------------------------------------------------------------------------


 NSTEP =   255000   TIME(PS) =    1210.000  TEMP(K) =   300.02  PRESS =     0.0
 Etot   =   -117334.3433  EKtot   =     20507.5977  EPtot      =   -137841.9410
 BOND   =       593.0959  ANGLE   =      1491.3343  DIHED      =       990.8425
 UB     =         0.0000  IMP     =         0.0000  CMAP       =       140.7469
 1-4 NB =       635.7085  1-4 EEL =      5846.1127  VDWAALS    =     16549.5704
 EELEC  =   -164089.3521  EHBOND  =         0.0000  RESTRAINT  =         0.0000
 EKCMT  =         0.0000  VIRIAL  =         0.0000  VOLUME     =    332892.4160
                                                    Density    =         1.0341
 ------------------------------------------------------------------------------


 NSTEP =   260000   TIME(PS) =    1220.000  TEMP(K) =   301.08  PRESS =     0.0
 Etot   =   -116572.4216  EKtot   =     20580.4668  EPtot      =   -137152.8884
 BOND   =       578.0116  ANGLE   =      1501.8378  DIHED      =      1003.5040
 UB     =         0.0000  IMP     =         0.0000  CMAP       =       139.8005
 1-4 NB =       640.9284  1-4 EEL =      5821.0691  VDWAALS    =     16419.7228
 EELEC  =   -163257.7624  EHBOND  =         0.0000  RESTRAINT  =         0.0000
 EKCMT  =         0.0000  VIRIAL  =         0.0000  VOLUME     =    333536.7173
                                                    Density    =         1.0321
 ------------------------------------------------------------------------------


 NSTEP =   265000   TIME(PS) =    1230.000  TEMP(K) =   299.93  PRESS =     0.0
 Etot   =   -116938.9236  EKtot   =     20501.7070  EPtot      =   -137440.6306
 BOND   =       555.1173  ANGLE   =      1445.7389  DIHED      =      1002.6083
 UB     =         0.0000  IMP     =         0.0000  CMAP       =       144.9362
 1-4 NB =       674.3846  1-4 EEL =      5898.1595  VDWAALS    =     16254.6268
 EELEC  =   -163416.2022  EHBOND  =         0.0000  RESTRAINT  =         0.0000
 EKCMT  =         0.0000  VIRIAL  =         0.0000  VOLUME     =    333842.4105
                                                    Density    =         1.0312
 ------------------------------------------------------------------------------


 NSTEP =   270000   TIME(PS) =    1240.000  TEMP(K) =   300.82  PRESS =     0.0
 Etot   =   -116903.5442  EKtot   =     20562.1133  EPtot      =   -137465.6575
 BOND   =       568.8009  ANGLE   =      1517.8966  DIHED      =      1040.5524
 UB     =         0.0000  IMP     =         0.0000  CMAP       =       141.4618
 1-4 NB =       654.7923  1-4 EEL =      5894.9156  VDWAALS    =     16606.7114
 EELEC  =   -163890.7886  EHBOND  =         0.0000  RESTRAINT  =         0.0000
 EKCMT  =         0.0000  VIRIAL  =         0.0000  VOLUME     =    333940.6248
                                                    Density    =         1.0309
 ------------------------------------------------------------------------------


 NSTEP =   275000   TIME(PS) =    1250.000  TEMP(K) =   298.98  PRESS =     0.0
 Etot   =   -116832.4015  EKtot   =     20436.8652  EPtot      =   -137269.2667
 BOND   =       578.8237  ANGLE   =      1496.1834  DIHED      =       967.2020
 UB     =         0.0000  IMP     =         0.0000  CMAP       =       140.3405
 1-4 NB =       639.2326  1-4 EEL =      5859.3011  VDWAALS    =     16470.9072
 EELEC  =   -163421.2572  EHBOND  =         0.0000  RESTRAINT  =         0.0000
 EKCMT  =         0.0000  VIRIAL  =         0.0000  VOLUME     =    334358.6211
                                                    Density    =         1.0296
 ------------------------------------------------------------------------------


 NSTEP =   280000   TIME(PS) =    1260.000  TEMP(K) =   300.05  PRESS =     0.0
 Etot   =   -116507.2213  EKtot   =     20509.8770  EPtot      =   -137017.0983
 BOND   =       569.4941  ANGLE   =      1597.9126  DIHED      =       995.4034
 UB     =         0.0000  IMP     =         0.0000  CMAP       =       135.6905
 1-4 NB =       646.1130  1-4 EEL =      5798.1261  VDWAALS    =     16186.9201
 EELEC  =   -162946.7581  EHBOND  =         0.0000  RESTRAINT  =         0.0000
 EKCMT  =         0.0000  VIRIAL  =         0.0000  VOLUME     =    334185.2579
                                                    Density    =         1.0301
 ------------------------------------------------------------------------------


 NSTEP =   285000   TIME(PS) =    1270.000  TEMP(K) =   300.12  PRESS =     0.0
 Etot   =   -117015.5593  EKtot   =     20514.7539  EPtot      =   -137530.3132
 BOND   =       554.2366  ANGLE   =      1496.9678  DIHED      =      1009.2650
 UB     =         0.0000  IMP     =         0.0000  CMAP       =       139.2025
 1-4 NB =       660.3923  1-4 EEL =      5833.7860  VDWAALS    =     15774.9766
 EELEC  =   -162999.1399  EHBOND  =         0.0000  RESTRAINT  =         0.0000
 EKCMT  =         0.0000  VIRIAL  =         0.0000  VOLUME     =    334011.6115
                                                    Density    =         1.0307
 ------------------------------------------------------------------------------


 NSTEP =   290000   TIME(PS) =    1280.000  TEMP(K) =   298.08  PRESS =     0.0
 Etot   =   -116868.5250  EKtot   =     20375.0352  EPtot      =   -137243.5601
 BOND   =       556.8089  ANGLE   =      1556.2788  DIHED      =      1015.3628
 UB     =         0.0000  IMP     =         0.0000  CMAP       =       145.4371
 1-4 NB =       654.2373  1-4 EEL =      5839.4862  VDWAALS    =     16055.5353
 EELEC  =   -163066.7065  EHBOND  =         0.0000  RESTRAINT  =         0.0000
 EKCMT  =         0.0000  VIRIAL  =         0.0000  VOLUME     =    334282.8851
                                                    Density    =         1.0298
 ------------------------------------------------------------------------------


 NSTEP =   295000   TIME(PS) =    1290.000  TEMP(K) =   298.09  PRESS =     0.0
 Etot   =   -117000.2476  EKtot   =     20375.6875  EPtot      =   -137375.9351
 BOND   =       599.2688  ANGLE   =      1505.7368  DIHED      =      1022.2489
 UB     =         0.0000  IMP     =         0.0000  CMAP       =       131.3351
 1-4 NB =       662.5725  1-4 EEL =      5817.4461  VDWAALS    =     16300.1972
 EELEC  =   -163414.7405  EHBOND  =         0.0000  RESTRAINT  =         0.0000
 EKCMT  =         0.0000  VIRIAL  =         0.0000  VOLUME     =    334793.3493
                                                    Density    =         1.0283
 ------------------------------------------------------------------------------


 NSTEP =   300000   TIME(PS) =    1300.000  TEMP(K) =   300.68  PRESS =     0.0
 Etot   =   -116753.5522  EKtot   =     20553.0977  EPtot      =   -137306.6499
 BOND   =       586.7902  ANGLE   =      1471.5249  DIHED      =      1034.8229
 UB     =         0.0000  IMP     =         0.0000  CMAP       =       131.7484
 1-4 NB =       657.4496  1-4 EEL =      5831.8433  VDWAALS    =     16553.8572
 EELEC  =   -163574.6863  EHBOND  =         0.0000  RESTRAINT  =         0.0000
 EKCMT  =         0.0000  VIRIAL  =         0.0000  VOLUME     =    333807.9331
                                                    Density    =         1.0313
 ------------------------------------------------------------------------------


 NSTEP =   305000   TIME(PS) =    1310.000  TEMP(K) =   301.52  PRESS =     0.0
 Etot   =   -116994.7225  EKtot   =     20610.2480  EPtot      =   -137604.9706
 BOND   =       575.4333  ANGLE   =      1547.4784  DIHED      =      1024.0485
 UB     =         0.0000  IMP     =         0.0000  CMAP       =       144.4276
 1-4 NB =       650.9840  1-4 EEL =      5840.9180  VDWAALS    =     16664.9087
 EELEC  =   -164053.1691  EHBOND  =         0.0000  RESTRAINT  =         0.0000
 EKCMT  =         0.0000  VIRIAL  =         0.0000  VOLUME     =    332653.5548
                                                    Density    =         1.0349
 ------------------------------------------------------------------------------


 NSTEP =   310000   TIME(PS) =    1320.000  TEMP(K) =   300.94  PRESS =     0.0
 Etot   =   -116998.4319  EKtot   =     20570.2480  EPtot      =   -137568.6799
 BOND   =       579.7356  ANGLE   =      1502.0468  DIHED      =       987.5765
 UB     =         0.0000  IMP     =         0.0000  CMAP       =       148.2886
 1-4 NB =       666.3472  1-4 EEL =      5906.2453  VDWAALS    =     16123.8128
 EELEC  =   -163482.7328  EHBOND  =         0.0000  RESTRAINT  =         0.0000
 EKCMT  =         0.0000  VIRIAL  =         0.0000  VOLUME     =    333201.8715
                                                    Density    =         1.0332
 ------------------------------------------------------------------------------


 NSTEP =   315000   TIME(PS) =    1330.000  TEMP(K) =   298.53  PRESS =     0.0
 Etot   =   -116829.8919  EKtot   =     20406.0645  EPtot      =   -137235.9564
 BOND   =       574.0034  ANGLE   =      1440.8081  DIHED      =      1007.1735
 UB     =         0.0000  IMP     =         0.0000  CMAP       =       141.9788
 1-4 NB =       651.2936  1-4 EEL =      5865.0380  VDWAALS    =     16138.0647
 EELEC  =   -163054.3165  EHBOND  =         0.0000  RESTRAINT  =         0.0000
 EKCMT  =         0.0000  VIRIAL  =         0.0000  VOLUME     =    334892.0580
                                                    Density    =         1.0280
 ------------------------------------------------------------------------------


 NSTEP =   320000   TIME(PS) =    1340.000  TEMP(K) =   300.16  PRESS =     0.0
 Etot   =   -117052.2960  EKtot   =     20517.5156  EPtot      =   -137569.8116
 BOND   =       594.6820  ANGLE   =      1501.3309  DIHED      =      1046.6607
 UB     =         0.0000  IMP     =         0.0000  CMAP       =       142.4994
 1-4 NB =       650.0327  1-4 EEL =      5872.3272  VDWAALS    =     16293.0372
 EELEC  =   -163670.3816  EHBOND  =         0.0000  RESTRAINT  =         0.0000
 EKCMT  =         0.0000  VIRIAL  =         0.0000  VOLUME     =    334534.4166
                                                    Density    =         1.0291
 ------------------------------------------------------------------------------


 NSTEP =   325000   TIME(PS) =    1350.000  TEMP(K) =   301.78  PRESS =     0.0
 Etot   =   -116589.7249  EKtot   =     20627.7539  EPtot      =   -137217.4788
 BOND   =       575.3003  ANGLE   =      1475.2886  DIHED      =      1019.6576
 UB     =         0.0000  IMP     =         0.0000  CMAP       =       140.2471
 1-4 NB =       670.1633  1-4 EEL =      5844.3762  VDWAALS    =     16230.5509
 EELEC  =   -163173.0629  EHBOND  =         0.0000  RESTRAINT  =         0.0000
 EKCMT  =         0.0000  VIRIAL  =         0.0000  VOLUME     =    336170.6042
                                                    Density    =         1.0241
 ------------------------------------------------------------------------------


 NSTEP =   330000   TIME(PS) =    1360.000  TEMP(K) =   300.81  PRESS =     0.0
 Etot   =   -116752.8925  EKtot   =     20561.4766  EPtot      =   -137314.3691
 BOND   =       568.9593  ANGLE   =      1482.2388  DIHED      =      1050.5668
 UB     =         0.0000  IMP     =         0.0000  CMAP       =       135.4011
 1-4 NB =       674.0192  1-4 EEL =      5907.7748  VDWAALS    =     15970.2035
 EELEC  =   -163103.5326  EHBOND  =         0.0000  RESTRAINT  =         0.0000
 EKCMT  =         0.0000  VIRIAL  =         0.0000  VOLUME     =    334213.0396
                                                    Density    =         1.0301
 ------------------------------------------------------------------------------


 NSTEP =   335000   TIME(PS) =    1370.000  TEMP(K) =   299.40  PRESS =     0.0
 Etot   =   -116869.0008  EKtot   =     20465.3066  EPtot      =   -137334.3074
 BOND   =       546.3669  ANGLE   =      1541.4485  DIHED      =       987.7179
 UB     =         0.0000  IMP     =         0.0000  CMAP       =       128.1088
 1-4 NB =       644.8182  1-4 EEL =      5842.2835  VDWAALS    =     16413.9223
 EELEC  =   -163438.9736  EHBOND  =         0.0000  RESTRAINT  =         0.0000
 EKCMT  =         0.0000  VIRIAL  =         0.0000  VOLUME     =    333757.7931
                                                    Density    =         1.0315
 ------------------------------------------------------------------------------


 NSTEP =   340000   TIME(PS) =    1380.000  TEMP(K) =   301.21  PRESS =     0.0
 Etot   =   -116844.8538  EKtot   =     20589.0059  EPtot      =   -137433.8597
 BOND   =       527.0229  ANGLE   =      1498.4208  DIHED      =       991.9004
 UB     =         0.0000  IMP     =         0.0000  CMAP       =       142.9106
 1-4 NB =       644.7178  1-4 EEL =      5876.6989  VDWAALS    =     16174.1751
 EELEC  =   -163289.7062  EHBOND  =         0.0000  RESTRAINT  =         0.0000
 EKCMT  =         0.0000  VIRIAL  =         0.0000  VOLUME     =    334278.5713
                                                    Density    =         1.0299
 ------------------------------------------------------------------------------


 NSTEP =   345000   TIME(PS) =    1390.000  TEMP(K) =   299.55  PRESS =     0.0
 Etot   =   -117136.8665  EKtot   =     20475.8027  EPtot      =   -137612.6692
 BOND   =       554.8598  ANGLE   =      1526.8102  DIHED      =       975.4832
 UB     =         0.0000  IMP     =         0.0000  CMAP       =       136.3472
 1-4 NB =       639.8350  1-4 EEL =      5818.5928  VDWAALS    =     16415.8258
 EELEC  =   -163680.4232  EHBOND  =         0.0000  RESTRAINT  =         0.0000
 EKCMT  =         0.0000  VIRIAL  =         0.0000  VOLUME     =    334003.0742
                                                    Density    =         1.0307
 ------------------------------------------------------------------------------


 NSTEP =   350000   TIME(PS) =    1400.000  TEMP(K) =   300.43  PRESS =     0.0
 Etot   =   -116874.7173  EKtot   =     20535.9980  EPtot      =   -137410.7154
 BOND   =       558.5722  ANGLE   =      1503.8412  DIHED      =      1010.9202
 UB     =         0.0000  IMP     =         0.0000  CMAP       =       130.0773
 1-4 NB =       654.3137  1-4 EEL =      5846.8741  VDWAALS    =     16493.3419
 EELEC  =   -163608.6559  EHBOND  =         0.0000  RESTRAINT  =         0.0000
 EKCMT  =         0.0000  VIRIAL  =         0.0000  VOLUME     =    333759.6472
                                                    Density    =         1.0315
 ------------------------------------------------------------------------------


 NSTEP =   355000   TIME(PS) =    1410.000  TEMP(K) =   299.96  PRESS =     0.0
 Etot   =   -117070.2161  EKtot   =     20503.4355  EPtot      =   -137573.6517
 BOND   =       546.4438  ANGLE   =      1557.3319  DIHED      =      1004.3497
 UB     =         0.0000  IMP     =         0.0000  CMAP       =       127.7434
 1-4 NB =       647.3361  1-4 EEL =      5875.7155  VDWAALS    =     16292.8517
 EELEC  =   -163625.4239  EHBOND  =         0.0000  RESTRAINT  =         0.0000
 EKCMT  =         0.0000  VIRIAL  =         0.0000  VOLUME     =    332832.6873
                                                    Density    =         1.0343
 ------------------------------------------------------------------------------


 NSTEP =   360000   TIME(PS) =    1420.000  TEMP(K) =   301.12  PRESS =     0.0
 Etot   =   -116412.6011  EKtot   =     20582.9141  EPtot      =   -136995.5152
 BOND   =       570.4835  ANGLE   =      1528.7167  DIHED      =      1017.5361
 UB     =         0.0000  IMP     =         0.0000  CMAP       =       128.6163
 1-4 NB =       647.9353  1-4 EEL =      5881.1534  VDWAALS    =     16512.9391
 EELEC  =   -163282.8955  EHBOND  =         0.0000  RESTRAINT  =         0.0000
 EKCMT  =         0.0000  VIRIAL  =         0.0000  VOLUME     =    333332.5350
                                                    Density    =         1.0328
 ------------------------------------------------------------------------------


 NSTEP =   365000   TIME(PS) =    1430.000  TEMP(K) =   299.46  PRESS =     0.0
 Etot   =   -116846.1834  EKtot   =     20469.4668  EPtot      =   -137315.6502
 BOND   =       588.3715  ANGLE   =      1531.5035  DIHED      =      1021.7634
 UB     =         0.0000  IMP     =         0.0000  CMAP       =       139.1877
 1-4 NB =       659.2282  1-4 EEL =      5815.8797  VDWAALS    =     16285.7524
 EELEC  =   -163357.3367  EHBOND  =         0.0000  RESTRAINT  =         0.0000
 EKCMT  =         0.0000  VIRIAL  =         0.0000  VOLUME     =    333421.3487
                                                    Density    =         1.0325
 ------------------------------------------------------------------------------


 NSTEP =   370000   TIME(PS) =    1440.000  TEMP(K) =   300.76  PRESS =     0.0
 Etot   =   -116862.5541  EKtot   =     20558.1523  EPtot      =   -137420.7065
 BOND   =       568.2096  ANGLE   =      1542.9027  DIHED      =       996.0068
 UB     =         0.0000  IMP     =         0.0000  CMAP       =       142.0395
 1-4 NB =       633.4674  1-4 EEL =      5875.2430  VDWAALS    =     16176.1459
 EELEC  =   -163354.7215  EHBOND  =         0.0000  RESTRAINT  =         0.0000
 EKCMT  =         0.0000  VIRIAL  =         0.0000  VOLUME     =    334472.0044
                                                    Density    =         1.0293
 ------------------------------------------------------------------------------


 NSTEP =   375000   TIME(PS) =    1450.000  TEMP(K) =   296.27  PRESS =     0.0
 Etot   =   -116991.6719  EKtot   =     20251.5977  EPtot      =   -137243.2695
 BOND   =       530.5011  ANGLE   =      1520.8981  DIHED      =      1027.0738
 UB     =         0.0000  IMP     =         0.0000  CMAP       =       139.6028
 1-4 NB =       658.4710  1-4 EEL =      5877.4213  VDWAALS    =     16606.5812
 EELEC  =   -163603.8188  EHBOND  =         0.0000  RESTRAINT  =         0.0000
 EKCMT  =         0.0000  VIRIAL  =         0.0000  VOLUME     =    334165.9818
                                                    Density    =         1.0302
 ------------------------------------------------------------------------------


 NSTEP =   380000   TIME(PS) =    1460.000  TEMP(K) =   299.56  PRESS =     0.0
 Etot   =   -117296.9004  EKtot   =     20476.4062  EPtot      =   -137773.3067
 BOND   =       544.2381  ANGLE   =      1454.8281  DIHED      =       993.1552
 UB     =         0.0000  IMP     =         0.0000  CMAP       =       131.6376
 1-4 NB =       668.5793  1-4 EEL =      5934.6093  VDWAALS    =     16061.0273
 EELEC  =   -163561.3817  EHBOND  =         0.0000  RESTRAINT  =         0.0000
 EKCMT  =         0.0000  VIRIAL  =         0.0000  VOLUME     =    334151.4821
                                                    Density    =         1.0303
 ------------------------------------------------------------------------------


 NSTEP =   385000   TIME(PS) =    1470.000  TEMP(K) =   299.26  PRESS =     0.0
 Etot   =   -116729.3629  EKtot   =     20455.8184  EPtot      =   -137185.1813
 BOND   =       535.2863  ANGLE   =      1536.5670  DIHED      =      1035.1328
 UB     =         0.0000  IMP     =         0.0000  CMAP       =       138.5850
 1-4 NB =       664.1334  1-4 EEL =      5879.3332  VDWAALS    =     16244.4495
 EELEC  =   -163218.6685  EHBOND  =         0.0000  RESTRAINT  =         0.0000
 EKCMT  =         0.0000  VIRIAL  =         0.0000  VOLUME     =    333324.6251
                                                    Density    =         1.0328
 ------------------------------------------------------------------------------


 NSTEP =   390000   TIME(PS) =    1480.000  TEMP(K) =   302.39  PRESS =     0.0
 Etot   =   -116769.3946  EKtot   =     20669.6133  EPtot      =   -137439.0079
 BOND   =       541.7544  ANGLE   =      1513.5548  DIHED      =       988.5104
 UB     =         0.0000  IMP     =         0.0000  CMAP       =       137.6434
 1-4 NB =       656.0167  1-4 EEL =      5885.8403  VDWAALS    =     16328.5950
 EELEC  =   -163490.9230  EHBOND  =         0.0000  RESTRAINT  =         0.0000
 EKCMT  =         0.0000  VIRIAL  =         0.0000  VOLUME     =    333867.4737
                                                    Density    =         1.0311
 ------------------------------------------------------------------------------


 NSTEP =   395000   TIME(PS) =    1490.000  TEMP(K) =   300.81  PRESS =     0.0
 Etot   =   -116618.8733  EKtot   =     20561.7559  EPtot      =   -137180.6292
 BOND   =       561.5522  ANGLE   =      1496.1148  DIHED      =      1038.7535
 UB     =         0.0000  IMP     =         0.0000  CMAP       =       137.8219
 1-4 NB =       667.6764  1-4 EEL =      5856.9703  VDWAALS    =     16179.0239
 EELEC  =   -163118.5422  EHBOND  =         0.0000  RESTRAINT  =         0.0000
 EKCMT  =         0.0000  VIRIAL  =         0.0000  VOLUME     =    333427.5499
                                                    Density    =         1.0325
 ------------------------------------------------------------------------------


 NSTEP =   400000   TIME(PS) =    1500.000  TEMP(K) =   297.76  PRESS =     0.0
 Etot   =   -116913.7016  EKtot   =     20353.5215  EPtot      =   -137267.2231
 BOND   =       590.7347  ANGLE   =      1538.5257  DIHED      =      1002.7837
 UB     =         0.0000  IMP     =         0.0000  CMAP       =       137.1181
 1-4 NB =       645.6895  1-4 EEL =      5851.4525  VDWAALS    =     16420.8382
 EELEC  =   -163454.3654  EHBOND  =         0.0000  RESTRAINT  =         0.0000
 EKCMT  =         0.0000  VIRIAL  =         0.0000  VOLUME     =    335503.3071
                                                    Density    =         1.0261
 ------------------------------------------------------------------------------


 NSTEP =   405000   TIME(PS) =    1510.000  TEMP(K) =   299.98  PRESS =     0.0
 Etot   =   -116773.4551  EKtot   =     20505.1113  EPtot      =   -137278.5664
 BOND   =       572.4151  ANGLE   =      1519.1271  DIHED      =      1021.5984
 UB     =         0.0000  IMP     =         0.0000  CMAP       =       143.8280
 1-4 NB =       641.7776  1-4 EEL =      5842.6692  VDWAALS    =     16489.0479
 EELEC  =   -163509.0298  EHBOND  =         0.0000  RESTRAINT  =         0.0000
 EKCMT  =         0.0000  VIRIAL  =         0.0000  VOLUME     =    335159.1914
                                                    Density    =         1.0272
 ------------------------------------------------------------------------------


 NSTEP =   410000   TIME(PS) =    1520.000  TEMP(K) =   299.74  PRESS =     0.0
 Etot   =   -116994.4420  EKtot   =     20488.3125  EPtot      =   -137482.7545
 BOND   =       561.4768  ANGLE   =      1524.8277  DIHED      =      1001.0679
 UB     =         0.0000  IMP     =         0.0000  CMAP       =       142.0574
 1-4 NB =       645.7923  1-4 EEL =      5823.4084  VDWAALS    =     16439.7899
 EELEC  =   -163621.1749  EHBOND  =         0.0000  RESTRAINT  =         0.0000
 EKCMT  =         0.0000  VIRIAL  =         0.0000  VOLUME     =    334080.9095
                                                    Density    =         1.0305
 ------------------------------------------------------------------------------


 NSTEP =   415000   TIME(PS) =    1530.000  TEMP(K) =   301.36  PRESS =     0.0
 Etot   =   -116726.4537  EKtot   =     20599.1113  EPtot      =   -137325.5650
 BOND   =       570.2551  ANGLE   =      1482.5707  DIHED      =      1041.3232
 UB     =         0.0000  IMP     =         0.0000  CMAP       =       136.7460
 1-4 NB =       671.0937  1-4 EEL =      5873.6311  VDWAALS    =     16210.4186
 EELEC  =   -163311.6035  EHBOND  =         0.0000  RESTRAINT  =         0.0000
 EKCMT  =         0.0000  VIRIAL  =         0.0000  VOLUME     =    333771.2667
                                                    Density    =         1.0314
 ------------------------------------------------------------------------------


 NSTEP =   420000   TIME(PS) =    1540.000  TEMP(K) =   298.02  PRESS =     0.0
 Etot   =   -116991.3299  EKtot   =     20371.1543  EPtot      =   -137362.4842
 BOND   =       561.6139  ANGLE   =      1494.7651  DIHED      =      1003.6323
 UB     =         0.0000  IMP     =         0.0000  CMAP       =       136.0252
 1-4 NB =       647.4415  1-4 EEL =      5846.9193  VDWAALS    =     16341.6538
 EELEC  =   -163394.5353  EHBOND  =         0.0000  RESTRAINT  =         0.0000
 EKCMT  =         0.0000  VIRIAL  =         0.0000  VOLUME     =    334386.8680
                                                    Density    =         1.0295
 ------------------------------------------------------------------------------


 NSTEP =   425000   TIME(PS) =    1550.000  TEMP(K) =   301.89  PRESS =     0.0
 Etot   =   -116678.7586  EKtot   =     20635.6387  EPtot      =   -137314.3973
 BOND   =       551.8476  ANGLE   =      1487.6069  DIHED      =      1020.4634
 UB     =         0.0000  IMP     =         0.0000  CMAP       =       138.2829
 1-4 NB =       631.2721  1-4 EEL =      5876.1535  VDWAALS    =     16360.4565
 EELEC  =   -163380.4802  EHBOND  =         0.0000  RESTRAINT  =         0.0000
 EKCMT  =         0.0000  VIRIAL  =         0.0000  VOLUME     =    333776.9362
                                                    Density    =         1.0314
 ------------------------------------------------------------------------------


 NSTEP =   430000   TIME(PS) =    1560.000  TEMP(K) =   295.75  PRESS =     0.0
 Etot   =   -117103.9211  EKtot   =     20215.8984  EPtot      =   -137319.8196
 BOND   =       546.6392  ANGLE   =      1521.3670  DIHED      =      1029.7239
 UB     =         0.0000  IMP     =         0.0000  CMAP       =       142.5375
 1-4 NB =       644.4511  1-4 EEL =      5871.3525  VDWAALS    =     16232.1063
 EELEC  =   -163307.9972  EHBOND  =         0.0000  RESTRAINT  =         0.0000
 EKCMT  =         0.0000  VIRIAL  =         0.0000  VOLUME     =    334279.8560
                                                    Density    =         1.0299
 ------------------------------------------------------------------------------


 NSTEP =   435000   TIME(PS) =    1570.000  TEMP(K) =   299.61  PRESS =     0.0
 Etot   =   -116927.9083  EKtot   =     20479.5449  EPtot      =   -137407.4532
 BOND   =       580.2204  ANGLE   =      1502.4604  DIHED      =       990.6805
 UB     =         0.0000  IMP     =         0.0000  CMAP       =       155.1339
 1-4 NB =       631.4172  1-4 EEL =      5850.6133  VDWAALS    =     16111.9797
 EELEC  =   -163229.9587  EHBOND  =         0.0000  RESTRAINT  =         0.0000
 EKCMT  =         0.0000  VIRIAL  =         0.0000  VOLUME     =    332662.6421
                                                    Density    =         1.0349
 ------------------------------------------------------------------------------


 NSTEP =   440000   TIME(PS) =    1580.000  TEMP(K) =   299.82  PRESS =     0.0
 Etot   =   -116615.6859  EKtot   =     20494.0371  EPtot      =   -137109.7230
 BOND   =       569.2747  ANGLE   =      1499.3857  DIHED      =      1006.5578
 UB     =         0.0000  IMP     =         0.0000  CMAP       =       138.7549
 1-4 NB =       643.0047  1-4 EEL =      5820.4996  VDWAALS    =     16080.6552
 EELEC  =   -162867.8558  EHBOND  =         0.0000  RESTRAINT  =         0.0000
 EKCMT  =         0.0000  VIRIAL  =         0.0000  VOLUME     =    334306.7913
                                                    Density    =         1.0298
 ------------------------------------------------------------------------------


 NSTEP =   445000   TIME(PS) =    1590.000  TEMP(K) =   297.13  PRESS =     0.0
 Etot   =   -117173.7970  EKtot   =     20310.4551  EPtot      =   -137484.2521
 BOND   =       554.9626  ANGLE   =      1490.0675  DIHED      =       994.2960
 UB     =         0.0000  IMP     =         0.0000  CMAP       =       148.3394
 1-4 NB =       625.5170  1-4 EEL =      5806.9779  VDWAALS    =     16322.4886
 EELEC  =   -163426.9011  EHBOND  =         0.0000  RESTRAINT  =         0.0000
 EKCMT  =         0.0000  VIRIAL  =         0.0000  VOLUME     =    332884.0192
                                                    Density    =         1.0342
 ------------------------------------------------------------------------------


 NSTEP =   450000   TIME(PS) =    1600.000  TEMP(K) =   301.18  PRESS =     0.0
 Etot   =   -116725.0098  EKtot   =     20587.1191  EPtot      =   -137312.1290
 BOND   =       541.3603  ANGLE   =      1521.1769  DIHED      =       997.1680
 UB     =         0.0000  IMP     =         0.0000  CMAP       =       131.8807
 1-4 NB =       656.2355  1-4 EEL =      5866.6856  VDWAALS    =     16533.6885
 EELEC  =   -163560.3244  EHBOND  =         0.0000  RESTRAINT  =         0.0000
 EKCMT  =         0.0000  VIRIAL  =         0.0000  VOLUME     =    333339.1177
                                                    Density    =         1.0328
 ------------------------------------------------------------------------------


 NSTEP =   455000   TIME(PS) =    1610.000  TEMP(K) =   300.41  PRESS =     0.0
 Etot   =   -116747.2201  EKtot   =     20534.5078  EPtot      =   -137281.7279
 BOND   =       590.8654  ANGLE   =      1493.0670  DIHED      =       989.8286
 UB     =         0.0000  IMP     =         0.0000  CMAP       =       136.0323
 1-4 NB =       659.7975  1-4 EEL =      5841.6704  VDWAALS    =     16278.9025
 EELEC  =   -163271.8916  EHBOND  =         0.0000  RESTRAINT  =         0.0000
 EKCMT  =         0.0000  VIRIAL  =         0.0000  VOLUME     =    334560.3258
                                                    Density    =         1.0290
 ------------------------------------------------------------------------------


 NSTEP =   460000   TIME(PS) =    1620.000  TEMP(K) =   299.81  PRESS =     0.0
 Etot   =   -116930.5701  EKtot   =     20493.2891  EPtot      =   -137423.8591
 BOND   =       568.4498  ANGLE   =      1563.4675  DIHED      =      1025.6297
 UB     =         0.0000  IMP     =         0.0000  CMAP       =       140.1335
 1-4 NB =       629.2251  1-4 EEL =      5851.7731  VDWAALS    =     16449.5822
 EELEC  =   -163652.1201  EHBOND  =         0.0000  RESTRAINT  =         0.0000
 EKCMT  =         0.0000  VIRIAL  =         0.0000  VOLUME     =    334168.0477
                                                    Density    =         1.0302
 ------------------------------------------------------------------------------


 NSTEP =   465000   TIME(PS) =    1630.000  TEMP(K) =   300.07  PRESS =     0.0
 Etot   =   -116941.4559  EKtot   =     20511.3750  EPtot      =   -137452.8309
 BOND   =       546.3667  ANGLE   =      1548.4665  DIHED      =       991.6718
 UB     =         0.0000  IMP     =         0.0000  CMAP       =       141.2417
 1-4 NB =       648.8713  1-4 EEL =      5831.4645  VDWAALS    =     16429.5820
 EELEC  =   -163590.4955  EHBOND  =         0.0000  RESTRAINT  =         0.0000
 EKCMT  =         0.0000  VIRIAL  =         0.0000  VOLUME     =    334845.0159
                                                    Density    =         1.0281
 ------------------------------------------------------------------------------


 NSTEP =   470000   TIME(PS) =    1640.000  TEMP(K) =   299.74  PRESS =     0.0
 Etot   =   -116508.0716  EKtot   =     20488.6680  EPtot      =   -136996.7396
 BOND   =       571.5353  ANGLE   =      1529.7702  DIHED      =       988.4570
 UB     =         0.0000  IMP     =         0.0000  CMAP       =       138.1898
 1-4 NB =       650.4342  1-4 EEL =      5916.4543  VDWAALS    =     16551.2433
 EELEC  =   -163342.8237  EHBOND  =         0.0000  RESTRAINT  =         0.0000
 EKCMT  =         0.0000  VIRIAL  =         0.0000  VOLUME     =    334987.3957
                                                    Density    =         1.0277
 ------------------------------------------------------------------------------


 NSTEP =   475000   TIME(PS) =    1650.000  TEMP(K) =   299.68  PRESS =     0.0
 Etot   =   -117066.1516  EKtot   =     20484.1582  EPtot      =   -137550.3098
 BOND   =       599.0522  ANGLE   =      1552.6583  DIHED      =      1014.3211
 UB     =         0.0000  IMP     =         0.0000  CMAP       =       146.6814
 1-4 NB =       648.4800  1-4 EEL =      5820.2735  VDWAALS    =     16323.7115
 EELEC  =   -163655.4877  EHBOND  =         0.0000  RESTRAINT  =         0.0000
 EKCMT  =         0.0000  VIRIAL  =         0.0000  VOLUME     =    334265.3383
                                                    Density    =         1.0299
 ------------------------------------------------------------------------------


 NSTEP =   480000   TIME(PS) =    1660.000  TEMP(K) =   301.48  PRESS =     0.0
 Etot   =   -116770.1080  EKtot   =     20607.3105  EPtot      =   -137377.4186
 BOND   =       577.1504  ANGLE   =      1564.0949  DIHED      =       994.7167
 UB     =         0.0000  IMP     =         0.0000  CMAP       =       144.6225
 1-4 NB =       660.2054  1-4 EEL =      5813.4293  VDWAALS    =     16567.9765
 EELEC  =   -163699.6143  EHBOND  =         0.0000  RESTRAINT  =         0.0000
 EKCMT  =         0.0000  VIRIAL  =         0.0000  VOLUME     =    333059.9136
                                                    Density    =         1.0336
 ------------------------------------------------------------------------------


 NSTEP =   485000   TIME(PS) =    1670.000  TEMP(K) =   297.49  PRESS =     0.0
 Etot   =   -116771.6829  EKtot   =     20334.8691  EPtot      =   -137106.5520
 BOND   =       584.1373  ANGLE   =      1497.4887  DIHED      =      1002.7120
 UB     =         0.0000  IMP     =         0.0000  CMAP       =       133.3571
 1-4 NB =       645.3516  1-4 EEL =      5886.6613  VDWAALS    =     15893.2476
 EELEC  =   -162749.5077  EHBOND  =         0.0000  RESTRAINT  =         0.0000
 EKCMT  =         0.0000  VIRIAL  =         0.0000  VOLUME     =    334372.8915
                                                    Density    =         1.0296
 ------------------------------------------------------------------------------


 NSTEP =   490000   TIME(PS) =    1680.000  TEMP(K) =   300.67  PRESS =     0.0
 Etot   =   -116837.7482  EKtot   =     20552.0566  EPtot      =   -137389.8048
 BOND   =       566.6364  ANGLE   =      1480.5453  DIHED      =      1035.0865
 UB     =         0.0000  IMP     =         0.0000  CMAP       =       134.1077
 1-4 NB =       654.1816  1-4 EEL =      5912.2316  VDWAALS    =     15986.2989
 EELEC  =   -163158.8928  EHBOND  =         0.0000  RESTRAINT  =         0.0000
 EKCMT  =         0.0000  VIRIAL  =         0.0000  VOLUME     =    333847.3294
                                                    Density    =         1.0312
 ------------------------------------------------------------------------------


 NSTEP =   495000   TIME(PS) =    1690.000  TEMP(K) =   301.66  PRESS =     0.0
 Etot   =   -117009.9289  EKtot   =     20619.8223  EPtot      =   -137629.7512
 BOND   =       537.1930  ANGLE   =      1506.7519  DIHED      =      1007.0449
 UB     =         0.0000  IMP     =         0.0000  CMAP       =       141.3305
 1-4 NB =       633.3885  1-4 EEL =      5907.2771  VDWAALS    =     16001.6982
 EELEC  =   -163364.4353  EHBOND  =         0.0000  RESTRAINT  =         0.0000
 EKCMT  =         0.0000  VIRIAL  =         0.0000  VOLUME     =    333563.3066
                                                    Density    =         1.0321
 ------------------------------------------------------------------------------


 NSTEP =   500000   TIME(PS) =    1700.000  TEMP(K) =   298.25  PRESS =     0.0
 Etot   =   -117106.3648  EKtot   =     20386.3672  EPtot      =   -137492.7320
 BOND   =       587.2735  ANGLE   =      1523.3320  DIHED      =      1005.9362
 UB     =         0.0000  IMP     =         0.0000  CMAP       =       137.6782
 1-4 NB =       625.4508  1-4 EEL =      5854.6215  VDWAALS    =     16319.8067
 EELEC  =   -163546.8309  EHBOND  =         0.0000  RESTRAINT  =         0.0000
 EKCMT  =         0.0000  VIRIAL  =         0.0000  VOLUME     =    334769.8692
                                                    Density    =         1.0283
 ------------------------------------------------------------------------------


      A V E R A G E S   O V E R     100 S T E P S


 NSTEP =   500000   TIME(PS) =    1700.000  TEMP(K) =   299.86  PRESS =     0.0
 Etot   =   -116890.2887  EKtot   =     20496.8651  EPtot      =   -137387.1538
 BOND   =       567.3838  ANGLE   =      1516.4242  DIHED      =      1007.3316
 UB     =         0.0000  IMP     =         0.0000  CMAP       =       139.9239
 1-4 NB =       649.3507  1-4 EEL =      5858.9196  VDWAALS    =     16343.8679
 EELEC  =   -163470.3558  EHBOND  =         0.0000  RESTRAINT  =         0.0000
 EKCMT  =         0.0000  VIRIAL  =         0.0000  VOLUME     =    333903.6339
                                                    Density    =         1.0310
 ------------------------------------------------------------------------------


      R M S  F L U C T U A T I O N S


 NSTEP =   500000   TIME(PS) =    1700.000  TEMP(K) =     1.61  PRESS =     0.0
 Etot   =       207.8003  EKtot   =       110.2517  EPtot      =       177.4216
 BOND   =        18.4876  ANGLE   =        30.9233  DIHED      =        17.1761
 UB     =         0.0000  IMP     =         0.0000  CMAP       =         5.4636
 1-4 NB =        11.8615  1-4 EEL =        30.9884  VDWAALS    =       205.4467
 EELEC  =       284.8203  EHBOND  =         0.0000  RESTRAINT  =         0.0000
 EKCMT  =         0.0000  VIRIAL  =         0.0000  VOLUME     =       771.9220
                                                    Density    =         0.0024
 ------------------------------------------------------------------------------

| MC Barostat:       5000 volume changes attempted.
| MC Barostat:       1939 changes successful ( 38.78%)
 ------------------------------------------------------------------------------

--------------------------------------------------------------------------------
   5.  TIMINGS
--------------------------------------------------------------------------------

|  NonSetup CPU Time in Major Routines:
|
|     Routine           Sec        %
|     ------------------------------
|     Nonbond          25.57   13.18
|     Bond              0.00    0.00
|     Angle             0.00    0.00
|     Dihedral          0.00    0.00
|     Shake             2.42    1.25
|     RunMD           161.25   83.13
|     Other             4.72    2.44
|     ------------------------------
|     Total           193.97

|  PME Nonbond Pairlist CPU Time:
|
|     Routine              Sec        %
|     ---------------------------------
|     Set Up Cit           0.00    0.00
|     Build List           0.00    0.00
|     ---------------------------------
|     Total                0.00    0.00

|  PME Direct Force CPU Time:
|
|     Routine              Sec        %
|     ---------------------------------
|     NonBonded Calc       0.00    0.00
|     Exclude Masked       0.00    0.00
|     Other                0.76    0.39
|     ---------------------------------
|     Total                0.76    0.39

|  PME Reciprocal Force CPU Time:
|
|     Routine              Sec        %
|     ---------------------------------
|     1D bspline           0.00    0.00
|     Grid Charges         0.00    0.00
|     Scalar Sum           0.00    0.00
|     Gradient Sum         0.00    0.00
|     FFT                  0.00    0.00
|     ---------------------------------
|     Total                0.00    0.00

|  Final Performance Info:
|     -----------------------------------------------------
|     Average timings for last   30000 steps:
|     Elapsed(s) =      11.69 Per Step(ms) =       0.39
|         ns/day =     443.55   seconds/ns =     194.79
|
|     Average timings for all steps:
|     Elapsed(s) =     194.59 Per Step(ms) =       0.39
|         ns/day =     444.02   seconds/ns =     194.59
|     -----------------------------------------------------

|  Setup CPU time:            0.53 seconds
|  NonSetup CPU time:       193.97 seconds
|  Total CPU time:          194.50 seconds     0.05 hours

|  Setup wall time:           1    seconds
|  NonSetup wall time:      194    seconds
|  Total wall time:         195    seconds     0.05 hours
