
          -------------------------------------------------------
          Amber 22 PMEMD                              2022
          -------------------------------------------------------

| PMEMD implementation of SANDER, Release 22

|  Compiled date/time: Thu Apr 14 11:06:37 2022
| Run on 09/01/2026 at 12:52:35

|   Executable path: pmemd.cuda
| Working directory: /bigdata/cutlerlab/jjaco081/PYR1_pocket_expansion/data/posecheck/mandi_predicted/rep0
|          Hostname: gpu09

  [-O]verwriting output

File Assignments:
|   MDIN: heat.in                                                               
|  MDOUT: heat.out                                                              
| INPCRD: min2.rst7                                                             
|   PARM: /bigdata/cutlerlab/jjaco081/PYR1_pocket_expansion/data/posecheck/mandi
| RESTRT: heat.rst7                                                             
|   REFC: min2.rst7                                                             
|  MDVEL: mdvel                                                                 
|   MDEN: mden                                                                  
|  MDCRD: heat.nc                                                               
| MDINFO: heat.info                                                             
|  MDFRC: mdfrc                                                                 


 Here is the input file:

NVT heating 0 -> 300.0 K over 200 ps                                           
 &cntrl                                                                        
  imin=0, irest=0, ntx=1,                                                      
  nstlim=100000, dt=0.002,                                                     
  ntc=2, ntf=2, cut=10.0,                                                      
  ntb=1, ntp=0,                                                                
  ntt=3, gamma_ln=2.0, ig=-1,                                                  
  tempi=0.0, temp0=300.0,                                                      
  nmropt=1,                                                                    
  ntr=1, restraintmask='!:WAT,Na+,K+,Cl- & !@H=', restraint_wt=5.0,            
  ntpr=5000, ntwx=5000, ntwr=50000,                                            
 /                                                                             
 &wt type='TEMP0', istep1=0, istep2=80000, value1=0.0, value2=300.0 /          
 &wt type='TEMP0', istep1=80001, istep2=100000, value1=300.0, value2=300.0 /   
 &wt type='END' /                                                              


Note: ig = -1. Setting random seed to   325605 based on wallclock time in 
      microseconds.
| irandom = 1, using AMBER's internal random number generator (default).
 
|--------------------- INFORMATION ----------------------
| GPU (CUDA) Version of PMEMD in use: NVIDIA GPU IN USE.
|                    Version 18.0.0
| 
|                      03/25/2018
| 
| Implementation by:
|                    Ross C. Walker     (SDSC)
|                    Scott Le Grand     (nVIDIA)
| 
| Version 18 performance extensions by:
|                    David Cerutti     (Rutgers)
| 
| Precision model in use:
|      [SPFP] - Single Precision Forces, 64-bit Fixed Point
|               Accumulation. (Default)
| 
|--------------------------------------------------------
 
|----------------- CITATION INFORMATION -----------------
|
|    When publishing work that utilized the CUDA version
|    of AMBER, please cite the following in addition to
|    the regular AMBER citations:
|
|  - Romelia Salomon-Ferrer; Andreas W. Goetz; Duncan
|    Poole; Scott Le Grand; Ross C. Walker "Routine
|    microsecond molecular dynamics simulations with
|    AMBER - Part II: Particle Mesh Ewald", J. Chem.
|    Theory Comput., 2013, 9 (9), pp3878-3888,
|    DOI: 10.1021/ct400314y.
|
|  - Andreas W. Goetz; Mark J. Williamson; Dong Xu;
|    Duncan Poole; Scott Le Grand; Ross C. Walker
|    "Routine microsecond molecular dynamics simulations
|    with AMBER - Part I: Generalized Born", J. Chem.
|    Theory Comput., 2012, 8 (5), pp1542-1555.
|
|  - Scott Le Grand; Andreas W. Goetz; Ross C. Walker
|    "SPFP: Speed without compromise - a mixed precision
|    model for GPU accelerated molecular dynamics
|    simulations.", Comp. Phys. Comm., 2013, 184
|    pp374-380, DOI: 10.1016/j.cpc.2012.09.022
|
|--------------------------------------------------------
 
|------------------- GPU DEVICE INFO --------------------
|
|            CUDA_VISIBLE_DEVICES: 0
|   CUDA Capable Devices Detected:      1
|           CUDA Device ID in use:      0
|                CUDA Device Name: NVIDIA RTX 6000 Ada Generation
|     CUDA Device Global Mem Size:  48510 MB
| CUDA Device Num Multiprocessors:    142
|           CUDA Device Core Freq:   2.50 GHz
|
|--------------------------------------------------------
 
 
| Conditional Compilation Defines Used:
| PUBFFT
| BINTRAJ
| CUDA
| EMIL

| Largest sphere to fit in unit cell has radius =    32.308

| New format PARM file being parsed.
| Version =    1.000 Date = 09/01/26 Time = 11:34:09

| Note: 1-4 EEL scale factors are being read from the topology file.

| Note: 1-4 VDW scale factors are being read from the topology file.
| INFO:    Virtual site frames will be inferred from bonding patterns.
| Duplicated    0 dihedrals

| Duplicated    0 dihedrals

--------------------------------------------------------------------------------
   1.  RESOURCE   USE: 
--------------------------------------------------------------------------------

 getting box info from netcdf restart file
 NATOM  =   43858 NTYPES =      30 NBONH =   32110 MBONA  =   11715
 NTHETH =    3266 MTHETA =    2018 NPHIH =    6640 MPHIA  =    6378
 NHPARM =       0 NPARM  =       0 NNB   =   87608 NRES   =   10464
 NBONA  =   11715 NTHETA =    2018 NPHIA =    6378 NUMBND =      96
 NUMANG =     212 NPTRA  =     219 NATYP =      53 NPHB   =       0
 IFBOX  =       2 NMXRS  =      56 IFCAP =       0 NEXTRA =   10223
 NCOPY  =       0


| Coordinate Index Table dimensions:    12   12   12
| Direct force subcell size =     6.5948    6.5948    6.5948

     BOX TYPE: TRUNCATED OCTAHEDRON

--------------------------------------------------------------------------------
   2.  CONTROL  DATA  FOR  THE  RUN
--------------------------------------------------------------------------------

default_name                                                                    

General flags:
     imin    =       0, nmropt  =       1

Nature and format of input:
     ntx     =       1, irest   =       0, ntrx    =       1

Nature and format of output:
     ntxo    =       2, ntpr    =    5000, ntrx    =       1, ntwr    =   50000
     iwrap   =       0, ntwx    =    5000, ntwv    =       0, ntwe    =       0
     ioutfm  =       1, ntwprt  =       0, idecomp =       0, rbornstat=      0

Potential function:
     ntf     =       2, ntb     =       1, igb     =       0, nsnb    =      25
     ipol    =       0, gbsa    =       0, iesp    =       0
     dielc   =   1.00000, cut     =  10.00000, intdiel =   1.00000

Frozen or restrained atoms:
     ibelly  =       0, ntr     =       1
     restraint_wt =   5.00000

Molecular dynamics:
     nstlim  =    100000, nscm    =         0, nrespa  =         1
     t       =   0.00000, dt      =   0.00200, vlimit  =  -1.00000

Langevin dynamics temperature regulation:
     ig      =  325605
     temp0   = 300.00000, tempi   =   0.00000, gamma_ln=   2.00000

SHAKE:
     ntc     =       2, jfastw  =       0
     tol     =   0.00001

NMR refinement options:
     iscale  =       0, noeskp  =       1, ipnlty  =       1, mxsub   =       1
     scalm   = 100.00000, pencut  =   0.10000, tausw   =   0.10000

| Intermolecular bonds treatment:
|     no_intermolecular_bonds =       1

| Energy averages sample interval:
|     ene_avg_sampling =    5000

Extra-points options:
     frameon =       1, chngmask=       1

Ewald parameters:
     verbose =       0, ew_type =       0, nbflag  =       1, use_pme =       1
     vdwmeth =       1, eedmeth =       1, netfrc  =       1
     Box X =   79.137   Box Y =   79.137   Box Z =   79.137
     Alpha =  109.471   Beta  =  109.471   Gamma =  109.471
     NFFT1 =   80       NFFT2 =   80       NFFT3 =   80
     Cutoff=   10.000   Tol   =0.100E-04
     Ewald Coefficient =  0.27511
     Interpolation order =    4

    LOADING THE CONSTRAINED ATOMS AS GROUPS


   5.  REFERENCE ATOM COORDINATES

  default_name                                                                    
     Mask !:WAT,Na+,K+,Cl- & !@H=; matches  1464 atoms
|      EXTRA_PTS, trim_bonds: num bonds BEFORE trim = 32110     0
|      EXTRA_PTS, trim_bonds: num bonds AFTER  trim = 32110     0
|      EXTRA_PTS, trim_bonds: num bonds BEFORE trim = 11715     0
|      EXTRA_PTS, trim_bonds: num bonds AFTER  trim =  1492     0
|      EXTRA_PTS, trim_theta: num angle BEFORE trim =  3266     0
|      EXTRA_PTS, trim_theta: num angle AFTER  trim =  3266     0
|      EXTRA_PTS, trim_theta: num angle BEFORE trim =  2018     0
|      EXTRA_PTS, trim_theta: num angle AFTER  trim =  2018     0
|      EXTRA_PTS, trim_phi:  num diheds BEFORE trim =  6640     0
|      EXTRA_PTS, trim_phi:  num diheds AFTER  trim =  6640     0
|      EXTRA_PTS, trim_phi:  num diheds BEFORE trim =  6378     0
|      EXTRA_PTS, trim_phi:  num diheds AFTER  trim =  6378     0

--------------------------------------------------------------------------------
   3.  ATOMIC COORDINATES AND VELOCITIES
--------------------------------------------------------------------------------

default_name                                                                    
 begin time read from input coords =     0.000 ps



           Begin reading energy term weight changes/NMR restraints
 WEIGHT CHANGES:
 TEMP0         0  80000    0.000000  300.000000      0      0
 TEMP0     80001 100000  300.000000  300.000000      0      0

 RESTRAINTS:
                          ** No restraint defined **

                  Done reading weight changes/NMR restraints


 
 Number of triangulated 3-point waters found:    10223

     Sum of charges from parm topology file =   0.00205605
     Forcing neutrality...

| Dynamic Memory, Types Used:
| Reals             1514564
| Integers          4281977

| Nonbonded Pairs Initial Allocation:    13265948

| GPU memory information (estimate):
| KB of GPU memory in use:    421404
| KB of CPU memory in use:    100788

--------------------------------------------------------------------------------
   4.  RESULTS
--------------------------------------------------------------------------------


 NSTEP =        0   TIME(PS) =       0.000  TEMP(K) =     0.00  PRESS =     0.0
 Etot   =   -222279.5853  EKtot   =         0.0000  EPtot      =   -222279.5853
 BOND   =       111.7451  ANGLE   =       431.6388  DIHED      =       748.5010
 UB     =         0.0000  IMP     =         0.0000  CMAP       =       137.5048
 1-4 NB =       548.5743  1-4 EEL =      5894.3776  VDWAALS    =     40861.0942
 EELEC  =   -271013.0211  EHBOND  =         0.0000  RESTRAINT  =         0.0000
 ------------------------------------------------------------------------------

 NMR restraints: Bond =    0.000   Angle =     0.000   Torsion =     0.000
===============================================================================

 NSTEP =     5000   TIME(PS) =      10.000  TEMP(K) =    17.71  PRESS =     0.0
 Etot   =   -157117.0978  EKtot   =      1210.7877  EPtot      =   -158327.8855
 BOND   =       134.3790  ANGLE   =       485.3034  DIHED      =       762.0585
 UB     =         0.0000  IMP     =         0.0000  CMAP       =       137.9338
 1-4 NB =       557.9784  1-4 EEL =      5903.5941  VDWAALS    =     24539.8834
 EELEC  =   -190876.3822  EHBOND  =         0.0000  RESTRAINT  =        27.3660
 EAMBER (non-restraint)  =   -158355.2515
 ------------------------------------------------------------------------------

 NMR restraints: Bond =    0.000   Angle =     0.000   Torsion =     0.000
===============================================================================

 NSTEP =    10000   TIME(PS) =      20.000  TEMP(K) =    36.65  PRESS =     0.0
 Etot   =   -155026.1212  EKtot   =      2505.0156  EPtot      =   -157531.1368
 BOND   =       157.8414  ANGLE   =       562.8511  DIHED      =       777.2763
 UB     =         0.0000  IMP     =         0.0000  CMAP       =       140.1682
 1-4 NB =       561.7158  1-4 EEL =      5897.5576  VDWAALS    =     24391.6897
 EELEC  =   -190063.8733  EHBOND  =         0.0000  RESTRAINT  =        43.6364
 EAMBER (non-restraint)  =   -157574.7732
 ------------------------------------------------------------------------------

 NMR restraints: Bond =    0.000   Angle =     0.000   Torsion =     0.000
===============================================================================

 NSTEP =    15000   TIME(PS) =      30.000  TEMP(K) =    55.66  PRESS =     0.0
 Etot   =   -152933.1827  EKtot   =      3804.3184  EPtot      =   -156737.5010
 BOND   =       200.3545  ANGLE   =       625.3085  DIHED      =       791.1356
 UB     =         0.0000  IMP     =         0.0000  CMAP       =       139.3872
 1-4 NB =       563.9048  1-4 EEL =      5894.8504  VDWAALS    =     24138.5942
 EELEC  =   -189149.4813  EHBOND  =         0.0000  RESTRAINT  =        58.4451
 EAMBER (non-restraint)  =   -156795.9461
 ------------------------------------------------------------------------------

 NMR restraints: Bond =    0.000   Angle =     0.000   Torsion =     0.000
===============================================================================

 NSTEP =    20000   TIME(PS) =      40.000  TEMP(K) =    73.88  PRESS =     0.0
 Etot   =   -150813.8135  EKtot   =      5049.8652  EPtot      =   -155863.6788
 BOND   =       212.2473  ANGLE   =       703.5571  DIHED      =       815.3921
 UB     =         0.0000  IMP     =         0.0000  CMAP       =       140.0201
 1-4 NB =       575.5088  1-4 EEL =      5889.9734  VDWAALS    =     24100.6835
 EELEC  =   -188382.9300  EHBOND  =         0.0000  RESTRAINT  =        81.8691
 EAMBER (non-restraint)  =   -155945.5479
 ------------------------------------------------------------------------------

 NMR restraints: Bond =    0.000   Angle =     0.000   Torsion =     0.000
===============================================================================

 NSTEP =    25000   TIME(PS) =      50.000  TEMP(K) =    92.35  PRESS =     0.0
 Etot   =   -148728.6766  EKtot   =      6312.6113  EPtot      =   -155041.2880
 BOND   =       252.7839  ANGLE   =       743.9114  DIHED      =       818.9619
 UB     =         0.0000  IMP     =         0.0000  CMAP       =       144.3080
 1-4 NB =       570.3874  1-4 EEL =      5884.5151  VDWAALS    =     23897.5936
 EELEC  =   -187442.6159  EHBOND  =         0.0000  RESTRAINT  =        88.8667
 EAMBER (non-restraint)  =   -155130.1546
 ------------------------------------------------------------------------------

 NMR restraints: Bond =    0.000   Angle =     0.000   Torsion =     0.000
===============================================================================

 NSTEP =    30000   TIME(PS) =      60.000  TEMP(K) =   111.56  PRESS =     0.0
 Etot   =   -146452.6315  EKtot   =      7625.4160  EPtot      =   -154078.0475
 BOND   =       280.9170  ANGLE   =       834.0510  DIHED      =       824.7987
 UB     =         0.0000  IMP     =         0.0000  CMAP       =       140.4114
 1-4 NB =       578.4828  1-4 EEL =      5873.7901  VDWAALS    =     23748.1607
 EELEC  =   -186457.0435  EHBOND  =         0.0000  RESTRAINT  =        98.3845
 EAMBER (non-restraint)  =   -154176.4320
 ------------------------------------------------------------------------------

 NMR restraints: Bond =    0.000   Angle =     0.000   Torsion =     0.000
===============================================================================

 NSTEP =    35000   TIME(PS) =      70.000  TEMP(K) =   130.54  PRESS =     0.0
 Etot   =   -144203.6921  EKtot   =      8922.9980  EPtot      =   -153126.6901
 BOND   =       295.5835  ANGLE   =       906.9989  DIHED      =       854.8084
 UB     =         0.0000  IMP     =         0.0000  CMAP       =       143.3206
 1-4 NB =       577.2028  1-4 EEL =      5876.4018  VDWAALS    =     23297.2905
 EELEC  =   -185206.8256  EHBOND  =         0.0000  RESTRAINT  =       128.5290
 EAMBER (non-restraint)  =   -153255.2191
 ------------------------------------------------------------------------------

 NMR restraints: Bond =    0.000   Angle =     0.000   Torsion =     0.000
===============================================================================

 NSTEP =    40000   TIME(PS) =      80.000  TEMP(K) =   148.23  PRESS =     0.0
 Etot   =   -141917.3429  EKtot   =     10132.4121  EPtot      =   -152049.7550
 BOND   =       348.8944  ANGLE   =       944.2585  DIHED      =       877.7432
 UB     =         0.0000  IMP     =         0.0000  CMAP       =       138.9061
 1-4 NB =       595.3899  1-4 EEL =      5920.8682  VDWAALS    =     23296.4912
 EELEC  =   -184300.4303  EHBOND  =         0.0000  RESTRAINT  =       128.1238
 EAMBER (non-restraint)  =   -152177.8789
 ------------------------------------------------------------------------------

 NMR restraints: Bond =    0.000   Angle =     0.000   Torsion =     0.000
===============================================================================

 NSTEP =    45000   TIME(PS) =      90.000  TEMP(K) =   167.24  PRESS =     0.0
 Etot   =   -139478.7129  EKtot   =     11431.7832  EPtot      =   -150910.4961
 BOND   =       360.8074  ANGLE   =      1024.3904  DIHED      =       885.8815
 UB     =         0.0000  IMP     =         0.0000  CMAP       =       141.2954
 1-4 NB =       596.9586  1-4 EEL =      5877.9566  VDWAALS    =     22693.3983
 EELEC  =   -182641.3419  EHBOND  =         0.0000  RESTRAINT  =       150.1578
 EAMBER (non-restraint)  =   -151060.6538
 ------------------------------------------------------------------------------

 NMR restraints: Bond =    0.000   Angle =     0.000   Torsion =     0.000
===============================================================================

 NSTEP =    50000   TIME(PS) =     100.000  TEMP(K) =   186.84  PRESS =     0.0
 Etot   =   -136955.9494  EKtot   =     12771.5908  EPtot      =   -149727.5402
 BOND   =       400.7410  ANGLE   =      1119.2959  DIHED      =       909.0694
 UB     =         0.0000  IMP     =         0.0000  CMAP       =       143.7721
 1-4 NB =       600.1749  1-4 EEL =      5902.8115  VDWAALS    =     22756.3864
 EELEC  =   -181711.1181  EHBOND  =         0.0000  RESTRAINT  =       151.3267
 EAMBER (non-restraint)  =   -149878.8668
 ------------------------------------------------------------------------------

 NMR restraints: Bond =    0.000   Angle =     0.000   Torsion =     0.000
===============================================================================

 NSTEP =    55000   TIME(PS) =     110.000  TEMP(K) =   204.10  PRESS =     0.0
 Etot   =   -134506.5864  EKtot   =     13951.1494  EPtot      =   -148457.7358
 BOND   =       426.4009  ANGLE   =      1148.3924  DIHED      =       905.0875
 UB     =         0.0000  IMP     =         0.0000  CMAP       =       146.9029
 1-4 NB =       619.2382  1-4 EEL =      5903.5700  VDWAALS    =     21906.2602
 EELEC  =   -179689.7662  EHBOND  =         0.0000  RESTRAINT  =       176.1783
 EAMBER (non-restraint)  =   -148633.9141
 ------------------------------------------------------------------------------

 NMR restraints: Bond =    0.000   Angle =     0.000   Torsion =     0.000
===============================================================================

 NSTEP =    60000   TIME(PS) =     120.000  TEMP(K) =   222.70  PRESS =     0.0
 Etot   =   -131939.8813  EKtot   =     15222.4883  EPtot      =   -147162.3696
 BOND   =       453.0394  ANGLE   =      1185.9065  DIHED      =       929.6015
 UB     =         0.0000  IMP     =         0.0000  CMAP       =       146.9943
 1-4 NB =       604.6266  1-4 EEL =      5911.5935  VDWAALS    =     21980.3345
 EELEC  =   -178562.1997  EHBOND  =         0.0000  RESTRAINT  =       187.7338
 EAMBER (non-restraint)  =   -147350.1035
 ------------------------------------------------------------------------------

 NMR restraints: Bond =    0.000   Angle =     0.000   Torsion =     0.000
===============================================================================

 NSTEP =    65000   TIME(PS) =     130.000  TEMP(K) =   242.45  PRESS =     0.0
 Etot   =   -128734.8361  EKtot   =     16572.2246  EPtot      =   -145307.0607
 BOND   =       473.5234  ANGLE   =      1252.7111  DIHED      =       964.9108
 UB     =         0.0000  IMP     =         0.0000  CMAP       =       150.2319
 1-4 NB =       599.7741  1-4 EEL =      5891.2669  VDWAALS    =     20604.3372
 EELEC  =   -175450.4135  EHBOND  =         0.0000  RESTRAINT  =       206.5974
 EAMBER (non-restraint)  =   -145513.6581
 ------------------------------------------------------------------------------

 NMR restraints: Bond =    0.000   Angle =     0.000   Torsion =     0.000
===============================================================================

 NSTEP =    70000   TIME(PS) =     140.000  TEMP(K) =   261.98  PRESS =     0.0
 Etot   =   -125075.1684  EKtot   =     17907.3906  EPtot      =   -142982.5590
 BOND   =       534.0413  ANGLE   =      1337.7573  DIHED      =       966.7504
 UB     =         0.0000  IMP     =         0.0000  CMAP       =       146.2668
 1-4 NB =       621.0631  1-4 EEL =      5869.5406  VDWAALS    =     19909.1096
 EELEC  =   -172572.4995  EHBOND  =         0.0000  RESTRAINT  =       205.4113
 EAMBER (non-restraint)  =   -143187.9703
 ------------------------------------------------------------------------------

 NMR restraints: Bond =    0.000   Angle =     0.000   Torsion =     0.000
===============================================================================

 NSTEP =    75000   TIME(PS) =     150.000  TEMP(K) =   278.51  PRESS =     0.0
 Etot   =   -120919.2606  EKtot   =     19037.3398  EPtot      =   -139956.6004
 BOND   =       514.1897  ANGLE   =      1428.4491  DIHED      =       983.4906
 UB     =         0.0000  IMP     =         0.0000  CMAP       =       144.5457
 1-4 NB =       610.7454  1-4 EEL =      5879.2484  VDWAALS    =     18011.9396
 EELEC  =   -167751.6034  EHBOND  =         0.0000  RESTRAINT  =       222.3944
 EAMBER (non-restraint)  =   -140178.9948
 ------------------------------------------------------------------------------

 NMR restraints: Bond =    0.000   Angle =     0.000   Torsion =     0.000
===============================================================================

 NSTEP =    80000   TIME(PS) =     160.000  TEMP(K) =   295.71  PRESS =     0.0
 Etot   =   -115957.7579  EKtot   =     20213.2930  EPtot      =   -136171.0509
 BOND   =       540.5952  ANGLE   =      1489.9977  DIHED      =      1003.4351
 UB     =         0.0000  IMP     =         0.0000  CMAP       =       142.1087
 1-4 NB =       625.9410  1-4 EEL =      5891.8331  VDWAALS    =     16859.4051
 EELEC  =   -162961.9796  EHBOND  =         0.0000  RESTRAINT  =       237.6128
 EAMBER (non-restraint)  =   -136408.6637
 ------------------------------------------------------------------------------

 NMR restraints: Bond =    0.000   Angle =     0.000   Torsion =     0.000
===============================================================================

 NSTEP =    85000   TIME(PS) =     170.000  TEMP(K) =   295.40  PRESS =     0.0
 Etot   =   -115037.1155  EKtot   =     20191.6445  EPtot      =   -135228.7600
 BOND   =       581.7083  ANGLE   =      1530.3411  DIHED      =      1000.5852
 UB     =         0.0000  IMP     =         0.0000  CMAP       =       142.0071
 1-4 NB =       620.8600  1-4 EEL =      5893.8432  VDWAALS    =     16131.0953
 EELEC  =   -161360.2241  EHBOND  =         0.0000  RESTRAINT  =       231.0238
 EAMBER (non-restraint)  =   -135459.7839
 ------------------------------------------------------------------------------

 NMR restraints: Bond =    0.000   Angle =     0.000   Torsion =     0.000
===============================================================================

 NSTEP =    90000   TIME(PS) =     180.000  TEMP(K) =   299.33  PRESS =     0.0
 Etot   =   -114709.3710  EKtot   =     20460.6875  EPtot      =   -135170.0585
 BOND   =       538.8792  ANGLE   =      1524.1736  DIHED      =       966.5013
 UB     =         0.0000  IMP     =         0.0000  CMAP       =       146.3365
 1-4 NB =       649.2308  1-4 EEL =      5893.5745  VDWAALS    =     15806.1071
 EELEC  =   -160929.8702  EHBOND  =         0.0000  RESTRAINT  =       235.0086
 EAMBER (non-restraint)  =   -135405.0671
 ------------------------------------------------------------------------------

 NMR restraints: Bond =    0.000   Angle =     0.000   Torsion =     0.000
===============================================================================

 NSTEP =    95000   TIME(PS) =     190.000  TEMP(K) =   300.76  PRESS =     0.0
 Etot   =   -114535.2099  EKtot   =     20558.0371  EPtot      =   -135093.2470
 BOND   =       578.6626  ANGLE   =      1498.7069  DIHED      =      1005.8831
 UB     =         0.0000  IMP     =         0.0000  CMAP       =       149.0063
 1-4 NB =       632.5898  1-4 EEL =      5895.2259  VDWAALS    =     15704.1083
 EELEC  =   -160800.7919  EHBOND  =         0.0000  RESTRAINT  =       243.3619
 EAMBER (non-restraint)  =   -135336.6089
 ------------------------------------------------------------------------------

 NMR restraints: Bond =    0.000   Angle =     0.000   Torsion =     0.000
===============================================================================

 NSTEP =   100000   TIME(PS) =     200.000  TEMP(K) =   301.80  PRESS =     0.0
 Etot   =   -114692.9095  EKtot   =     20629.5176  EPtot      =   -135322.4271
 BOND   =       565.6281  ANGLE   =      1446.0453  DIHED      =       997.5929
 UB     =         0.0000  IMP     =         0.0000  CMAP       =       156.8563
 1-4 NB =       623.9899  1-4 EEL =      5907.0734  VDWAALS    =     16349.9308
 EELEC  =   -161614.5988  EHBOND  =         0.0000  RESTRAINT  =       245.0551
 EAMBER (non-restraint)  =   -135567.4822
 ------------------------------------------------------------------------------

 NMR restraints: Bond =    0.000   Angle =     0.000   Torsion =     0.000
===============================================================================

      A V E R A G E S   O V E R      20 S T E P S


 NSTEP =   100000   TIME(PS) =     200.000  TEMP(K) =   186.17  PRESS =     0.0
 Etot   =   -134486.7659  EKtot   =     12725.5285  EPtot      =   -147212.2944
 BOND   =       392.5609  ANGLE   =      1089.6204  DIHED      =       902.0482
 UB     =         0.0000  IMP     =         0.0000  CMAP       =       144.0390
 1-4 NB =       599.2882  1-4 EEL =      5892.9544  VDWAALS    =     21006.1400
 EELEC  =   -177396.2995  EHBOND  =         0.0000  RESTRAINT  =       157.3541
 EAMBER (non-restraint)  =   -147369.6485
 ------------------------------------------------------------------------------

 NMR restraints: Bond =    0.000   Angle =     0.000   Torsion =     0.000
===============================================================================

      R M S  F L U C T U A T I O N S


 NSTEP =   100000   TIME(PS) =     200.000  TEMP(K) =    95.39  PRESS =     0.0
 Etot   =     14632.7528  EKtot   =      6520.1077  EPtot      =      8236.8562
 BOND   =       145.8510  ANGLE   =       339.5016  DIHED      =        80.8000
 UB     =         0.0000  IMP     =         0.0000  CMAP       =         4.4740
 1-4 NB =        25.6264  1-4 EEL =        12.9742  VDWAALS    =      3205.5053
 EELEC  =     10785.7892  EHBOND  =         0.0000  RESTRAINT  =        70.1714
 EAMBER (non-restraint)  =      8166.6848
 ------------------------------------------------------------------------------


 NMR restraints on final step:

--------------------------------------------------------------------------------
   5.  TIMINGS
--------------------------------------------------------------------------------

|  NonSetup CPU Time in Major Routines:
|
|     Routine           Sec        %
|     ------------------------------
|     Nonbond           7.48   19.45
|     Bond              0.00    0.00
|     Angle             0.00    0.00
|     Dihedral          0.00    0.00
|     Shake             0.48    1.25
|     RunMD            30.25   78.64
|     Other             0.25    0.65
|     ------------------------------
|     Total            38.46

|  PME Nonbond Pairlist CPU Time:
|
|     Routine              Sec        %
|     ---------------------------------
|     Set Up Cit           0.00    0.00
|     Build List           0.00    0.00
|     ---------------------------------
|     Total                0.00    0.00

|  PME Direct Force CPU Time:
|
|     Routine              Sec        %
|     ---------------------------------
|     NonBonded Calc       0.00    0.00
|     Exclude Masked       0.00    0.00
|     Other                0.16    0.42
|     ---------------------------------
|     Total                0.16    0.42

|  PME Reciprocal Force CPU Time:
|
|     Routine              Sec        %
|     ---------------------------------
|     1D bspline           0.00    0.00
|     Grid Charges         0.00    0.00
|     Scalar Sum           0.00    0.00
|     Gradient Sum         0.00    0.00
|     FFT                  0.00    0.00
|     ---------------------------------
|     Total                0.00    0.00

|  Final Performance Info:
|     -----------------------------------------------------
|     Average timings for last  100000 steps:
|     Elapsed(s) =      38.59 Per Step(ms) =       0.39
|         ns/day =     447.83   seconds/ns =     192.93
|
|     Average timings for all steps:
|     Elapsed(s) =      38.59 Per Step(ms) =       0.39
|         ns/day =     447.83   seconds/ns =     192.93
|     -----------------------------------------------------

|  Setup CPU time:            0.63 seconds
|  NonSetup CPU time:        38.46 seconds
|  Total CPU time:           39.09 seconds     0.01 hours

|  Setup wall time:           1    seconds
|  NonSetup wall time:       39    seconds
|  Total wall time:          40    seconds     0.01 hours
