
          -------------------------------------------------------
          Amber 22 PMEMD                              2022
          -------------------------------------------------------

| PMEMD implementation of SANDER, Release 22

|  Compiled date/time: Thu Apr 14 11:06:37 2022
| Run on 09/01/2026 at 16:23:33

|   Executable path: pmemd.cuda
| Working directory: /bigdata/cutlerlab/jjaco081/PYR1_pocket_expansion/data/posecheck/benoxacor_pred/rep2
|          Hostname: gpu09

  [-O]verwriting output

File Assignments:
|   MDIN: eq1.in                                                                
|  MDOUT: eq1.out                                                               
| INPCRD: heat.rst7                                                             
|   PARM: /bigdata/cutlerlab/jjaco081/PYR1_pocket_expansion/data/posecheck/benox
| RESTRT: eq1.rst7                                                              
|   REFC: heat.rst7                                                             
|  MDVEL: mdvel                                                                 
|   MDEN: mden                                                                  
|  MDCRD: eq1.nc                                                                
| MDINFO: eq1.info                                                              
|  MDFRC: mdfrc                                                                 


 Here is the input file:

NPT equilibration 1, 500 ps, light restraints                                  
 &cntrl                                                                        
  imin=0, irest=1, ntx=5,                                                      
  nstlim=250000, dt=0.002,                                                     
  ntc=2, ntf=2, cut=10.0,                                                      
  ntb=2, ntp=1, barostat=2, pres0=1.0, taup=2.0,                               
  ntt=3, gamma_ln=2.0, ig=-1, temp0=300.0,                                     
  ntr=1, restraintmask='!:WAT,Na+,K+,Cl- & !@H=', restraint_wt=1.0,            
  ntpr=5000, ntwx=5000, ntwr=50000,                                            
 /                                                                             


Note: ig = -1. Setting random seed to   486699 based on wallclock time in 
      microseconds.
| irandom = 1, using AMBER's internal random number generator (default).
 
|--------------------- INFORMATION ----------------------
| GPU (CUDA) Version of PMEMD in use: NVIDIA GPU IN USE.
|                    Version 18.0.0
| 
|                      03/25/2018
| 
| Implementation by:
|                    Ross C. Walker     (SDSC)
|                    Scott Le Grand     (nVIDIA)
| 
| Version 18 performance extensions by:
|                    David Cerutti     (Rutgers)
| 
| Precision model in use:
|      [SPFP] - Single Precision Forces, 64-bit Fixed Point
|               Accumulation. (Default)
| 
|--------------------------------------------------------
 
|----------------- CITATION INFORMATION -----------------
|
|    When publishing work that utilized the CUDA version
|    of AMBER, please cite the following in addition to
|    the regular AMBER citations:
|
|  - Romelia Salomon-Ferrer; Andreas W. Goetz; Duncan
|    Poole; Scott Le Grand; Ross C. Walker "Routine
|    microsecond molecular dynamics simulations with
|    AMBER - Part II: Particle Mesh Ewald", J. Chem.
|    Theory Comput., 2013, 9 (9), pp3878-3888,
|    DOI: 10.1021/ct400314y.
|
|  - Andreas W. Goetz; Mark J. Williamson; Dong Xu;
|    Duncan Poole; Scott Le Grand; Ross C. Walker
|    "Routine microsecond molecular dynamics simulations
|    with AMBER - Part I: Generalized Born", J. Chem.
|    Theory Comput., 2012, 8 (5), pp1542-1555.
|
|  - Scott Le Grand; Andreas W. Goetz; Ross C. Walker
|    "SPFP: Speed without compromise - a mixed precision
|    model for GPU accelerated molecular dynamics
|    simulations.", Comp. Phys. Comm., 2013, 184
|    pp374-380, DOI: 10.1016/j.cpc.2012.09.022
|
|--------------------------------------------------------
 
|------------------- GPU DEVICE INFO --------------------
|
|            CUDA_VISIBLE_DEVICES: 0
|   CUDA Capable Devices Detected:      1
|           CUDA Device ID in use:      0
|                CUDA Device Name: NVIDIA RTX 6000 Ada Generation
|     CUDA Device Global Mem Size:  48510 MB
| CUDA Device Num Multiprocessors:    142
|           CUDA Device Core Freq:   2.50 GHz
|
|--------------------------------------------------------
 
 
| Conditional Compilation Defines Used:
| PUBFFT
| BINTRAJ
| CUDA
| EMIL

| Largest sphere to fit in unit cell has radius =    32.323

| New format PARM file being parsed.
| Version =    1.000 Date = 09/01/26 Time = 11:34:36

| Note: 1-4 EEL scale factors are being read from the topology file.

| Note: 1-4 VDW scale factors are being read from the topology file.
| INFO:    Virtual site frames will be inferred from bonding patterns.
| Duplicated    0 dihedrals

| Duplicated    0 dihedrals

--------------------------------------------------------------------------------
   1.  RESOURCE   USE: 
--------------------------------------------------------------------------------

 getting box info from netcdf restart file
 NATOM  =   43881 NTYPES =      29 NBONH =   32134 MBONA  =   11714
 NTHETH =    3236 MTHETA =    2002 NPHIH =    6593 MPHIA  =    6360
 NHPARM =       0 NPARM  =       0 NNB   =   87561 NRES   =   10477
 NBONA  =   11714 NTHETA =    2002 NPHIA =    6360 NUMBND =      90
 NUMANG =     198 NPTRA  =     214 NATYP =      51 NPHB   =       0
 IFBOX  =       2 NMXRS  =      27 IFCAP =       0 NEXTRA =   10236
 NCOPY  =       0


| Coordinate Index Table dimensions:    12   12   12
| Direct force subcell size =     6.5978    6.5978    6.5978

     BOX TYPE: TRUNCATED OCTAHEDRON

--------------------------------------------------------------------------------
   2.  CONTROL  DATA  FOR  THE  RUN
--------------------------------------------------------------------------------

default_name                                                                    

General flags:
     imin    =       0, nmropt  =       0

Nature and format of input:
     ntx     =       5, irest   =       1, ntrx    =       1

Nature and format of output:
     ntxo    =       2, ntpr    =    5000, ntrx    =       1, ntwr    =   50000
     iwrap   =       0, ntwx    =    5000, ntwv    =       0, ntwe    =       0
     ioutfm  =       1, ntwprt  =       0, idecomp =       0, rbornstat=      0

Potential function:
     ntf     =       2, ntb     =       2, igb     =       0, nsnb    =      25
     ipol    =       0, gbsa    =       0, iesp    =       0
     dielc   =   1.00000, cut     =  10.00000, intdiel =   1.00000

Frozen or restrained atoms:
     ibelly  =       0, ntr     =       1
     restraint_wt =   1.00000

Molecular dynamics:
     nstlim  =    250000, nscm    =         0, nrespa  =         1
     t       =   0.00000, dt      =   0.00200, vlimit  =  -1.00000

Langevin dynamics temperature regulation:
     ig      =  486699
     temp0   = 300.00000, tempi   =   0.00000, gamma_ln=   2.00000

Pressure regulation:
     ntp     =       1
     pres0   =   1.00000, comp    =  44.60000, taup    =   2.00000
     Monte-Carlo Barostat:
     mcbarint  =     100

SHAKE:
     ntc     =       2, jfastw  =       0
     tol     =   0.00001

| Intermolecular bonds treatment:
|     no_intermolecular_bonds =       1

| Energy averages sample interval:
|     ene_avg_sampling =    5000

Extra-points options:
     frameon =       1, chngmask=       1

Ewald parameters:
     verbose =       0, ew_type =       0, nbflag  =       1, use_pme =       1
     vdwmeth =       1, eedmeth =       1, netfrc  =       1
     Box X =   79.174   Box Y =   79.174   Box Z =   79.174
     Alpha =  109.471   Beta  =  109.471   Gamma =  109.471
     NFFT1 =   80       NFFT2 =   80       NFFT3 =   80
     Cutoff=   10.000   Tol   =0.100E-04
     Ewald Coefficient =  0.27511
     Interpolation order =    4

    LOADING THE CONSTRAINED ATOMS AS GROUPS


   5.  REFERENCE ATOM COORDINATES

  default_name                                                                    
     Mask !:WAT,Na+,K+,Cl- & !@H=; matches  1450 atoms
|      EXTRA_PTS, trim_bonds: num bonds BEFORE trim = 32134     0
|      EXTRA_PTS, trim_bonds: num bonds AFTER  trim = 32134     0
|      EXTRA_PTS, trim_bonds: num bonds BEFORE trim = 11714     0
|      EXTRA_PTS, trim_bonds: num bonds AFTER  trim =  1478     0
|      EXTRA_PTS, trim_theta: num angle BEFORE trim =  3236     0
|      EXTRA_PTS, trim_theta: num angle AFTER  trim =  3236     0
|      EXTRA_PTS, trim_theta: num angle BEFORE trim =  2002     0
|      EXTRA_PTS, trim_theta: num angle AFTER  trim =  2002     0
|      EXTRA_PTS, trim_phi:  num diheds BEFORE trim =  6593     0
|      EXTRA_PTS, trim_phi:  num diheds AFTER  trim =  6593     0
|      EXTRA_PTS, trim_phi:  num diheds BEFORE trim =  6360     0
|      EXTRA_PTS, trim_phi:  num diheds AFTER  trim =  6360     0
| MONTE CARLO BAROSTAT IMPORTANT NOTE:
|   The Monte-Carlo barostat does not require the virial to adjust the system volume.
|   Since it is an expensive calculation, it is skipped for efficiency. A side-effect
|   is that the reported pressure is always 0 because it is not calculated.

--------------------------------------------------------------------------------
   3.  ATOMIC COORDINATES AND VELOCITIES
--------------------------------------------------------------------------------

default_name                                                                    
 begin time read from input coords =   200.000 ps

 
 Number of triangulated 3-point waters found:    10236

     Sum of charges from parm topology file =   0.00005712
     Forcing neutrality...

| Dynamic Memory, Types Used:
| Reals             2064490
| Integers          4373382

| Nonbonded Pairs Initial Allocation:    13272905

| GPU memory information (estimate):
| KB of GPU memory in use:    422583
| KB of CPU memory in use:    101871

--------------------------------------------------------------------------------
   4.  RESULTS
--------------------------------------------------------------------------------


 NSTEP =     5000   TIME(PS) =     210.000  TEMP(K) =   298.01  PRESS =     0.0
 Etot   =   -116598.9140  EKtot   =     20372.0312  EPtot      =   -136970.9452
 BOND   =       548.0881  ANGLE   =      1488.1819  DIHED      =       958.3821
 UB     =         0.0000  IMP     =         0.0000  CMAP       =       133.5073
 1-4 NB =       652.1875  1-4 EEL =      5883.3061  VDWAALS    =     16571.7865
 EELEC  =   -163351.6863  EHBOND  =         0.0000  RESTRAINT  =       145.3014
 EAMBER (non-restraint)  =   -137116.2467
 EKCMT  =         0.0000  VIRIAL  =         0.0000  VOLUME     =    349919.8727
                                                    Density    =         0.9841
 ------------------------------------------------------------------------------


 NSTEP =    10000   TIME(PS) =     220.000  TEMP(K) =   301.67  PRESS =     0.0
 Etot   =   -116342.7525  EKtot   =     20622.1367  EPtot      =   -136964.8892
 BOND   =       515.9184  ANGLE   =      1465.3355  DIHED      =       972.0656
 UB     =         0.0000  IMP     =         0.0000  CMAP       =       142.0216
 1-4 NB =       645.4218  1-4 EEL =      5851.7647  VDWAALS    =     16342.5832
 EELEC  =   -163058.4271  EHBOND  =         0.0000  RESTRAINT  =       158.4270
 EAMBER (non-restraint)  =   -137123.3162
 EKCMT  =         0.0000  VIRIAL  =         0.0000  VOLUME     =    341847.1270
                                                    Density    =         1.0074
 ------------------------------------------------------------------------------


 NSTEP =    15000   TIME(PS) =     230.000  TEMP(K) =   303.75  PRESS =     0.0
 Etot   =   -116401.6343  EKtot   =     20764.5566  EPtot      =   -137166.1910
 BOND   =       547.8174  ANGLE   =      1510.8233  DIHED      =       996.4810
 UB     =         0.0000  IMP     =         0.0000  CMAP       =       147.3271
 1-4 NB =       649.5906  1-4 EEL =      5864.6497  VDWAALS    =     16690.0917
 EELEC  =   -163723.4073  EHBOND  =         0.0000  RESTRAINT  =       150.4356
 EAMBER (non-restraint)  =   -137316.6266
 EKCMT  =         0.0000  VIRIAL  =         0.0000  VOLUME     =    337405.4770
                                                    Density    =         1.0206
 ------------------------------------------------------------------------------


 NSTEP =    20000   TIME(PS) =     240.000  TEMP(K) =   298.77  PRESS =     0.0
 Etot   =   -117077.6337  EKtot   =     20423.8320  EPtot      =   -137501.4657
 BOND   =       548.8097  ANGLE   =      1487.9812  DIHED      =       982.0059
 UB     =         0.0000  IMP     =         0.0000  CMAP       =       147.3356
 1-4 NB =       653.2507  1-4 EEL =      5858.5851  VDWAALS    =     16393.7959
 EELEC  =   -163744.2780  EHBOND  =         0.0000  RESTRAINT  =       171.0481
 EAMBER (non-restraint)  =   -137672.5138
 EKCMT  =         0.0000  VIRIAL  =         0.0000  VOLUME     =    335445.6915
                                                    Density    =         1.0266
 ------------------------------------------------------------------------------

| MC Barostat: Decreasing size of volume moves
| MC Barostat: Decreasing size of volume moves
| MC Barostat: Decreasing size of volume moves

 NSTEP =    25000   TIME(PS) =     250.000  TEMP(K) =   298.04  PRESS =     0.0
 Etot   =   -116810.3774  EKtot   =     20373.8730  EPtot      =   -137184.2505
 BOND   =       548.9015  ANGLE   =      1489.3325  DIHED      =       999.2086
 UB     =         0.0000  IMP     =         0.0000  CMAP       =       134.6085
 1-4 NB =       640.7804  1-4 EEL =      5856.5569  VDWAALS    =     16313.8550
 EELEC  =   -163326.4190  EHBOND  =         0.0000  RESTRAINT  =       158.9251
 EAMBER (non-restraint)  =   -137343.1756
 EKCMT  =         0.0000  VIRIAL  =         0.0000  VOLUME     =    334932.6679
                                                    Density    =         1.0282
 ------------------------------------------------------------------------------

| MC Barostat: Decreasing size of volume moves
| MC Barostat: Decreasing size of volume moves
| MC Barostat: Decreasing size of volume moves
| MC Barostat: Decreasing size of volume moves
| MC Barostat: Decreasing size of volume moves

 NSTEP =    30000   TIME(PS) =     260.000  TEMP(K) =   299.20  PRESS =     0.0
 Etot   =   -116505.1304  EKtot   =     20453.2109  EPtot      =   -136958.3413
 BOND   =       511.6736  ANGLE   =      1552.9128  DIHED      =       993.3696
 UB     =         0.0000  IMP     =         0.0000  CMAP       =       143.0413
 1-4 NB =       628.7631  1-4 EEL =      5817.6132  VDWAALS    =     16443.1615
 EELEC  =   -163216.9665  EHBOND  =         0.0000  RESTRAINT  =       168.0903
 EAMBER (non-restraint)  =   -137126.4316
 EKCMT  =         0.0000  VIRIAL  =         0.0000  VOLUME     =    334083.5963
                                                    Density    =         1.0308
 ------------------------------------------------------------------------------

| MC Barostat: Decreasing size of volume moves
| MC Barostat: Decreasing size of volume moves

 NSTEP =    35000   TIME(PS) =     270.000  TEMP(K) =   301.22  PRESS =     0.0
 Etot   =   -116610.0604  EKtot   =     20591.7109  EPtot      =   -137201.7713
 BOND   =       578.4147  ANGLE   =      1547.0017  DIHED      =      1019.3955
 UB     =         0.0000  IMP     =         0.0000  CMAP       =       139.4526
 1-4 NB =       661.3096  1-4 EEL =      5840.7524  VDWAALS    =     16654.4353
 EELEC  =   -163805.6223  EHBOND  =         0.0000  RESTRAINT  =       163.0891
 EAMBER (non-restraint)  =   -137364.8604
 EKCMT  =         0.0000  VIRIAL  =         0.0000  VOLUME     =    335570.1590
                                                    Density    =         1.0262
 ------------------------------------------------------------------------------

| MC Barostat: Decreasing size of volume moves

 NSTEP =    40000   TIME(PS) =     280.000  TEMP(K) =   300.40  PRESS =     0.0
 Etot   =   -116768.4332  EKtot   =     20535.2969  EPtot      =   -137303.7301
 BOND   =       584.6570  ANGLE   =      1497.4307  DIHED      =       971.0982
 UB     =         0.0000  IMP     =         0.0000  CMAP       =       147.6218
 1-4 NB =       634.2390  1-4 EEL =      5794.6237  VDWAALS    =     16452.7157
 EELEC  =   -163529.1975  EHBOND  =         0.0000  RESTRAINT  =       143.0813
 EAMBER (non-restraint)  =   -137446.8114
 EKCMT  =         0.0000  VIRIAL  =         0.0000  VOLUME     =    334986.7846
                                                    Density    =         1.0280
 ------------------------------------------------------------------------------


 NSTEP =    45000   TIME(PS) =     290.000  TEMP(K) =   301.85  PRESS =     0.0
 Etot   =   -116628.9894  EKtot   =     20634.7500  EPtot      =   -137263.7394
 BOND   =       556.0397  ANGLE   =      1490.2250  DIHED      =       992.1208
 UB     =         0.0000  IMP     =         0.0000  CMAP       =       144.0217
 1-4 NB =       641.2643  1-4 EEL =      5865.6352  VDWAALS    =     16314.4150
 EELEC  =   -163447.5145  EHBOND  =         0.0000  RESTRAINT  =       180.0534
 EAMBER (non-restraint)  =   -137443.7929
 EKCMT  =         0.0000  VIRIAL  =         0.0000  VOLUME     =    335030.2507
                                                    Density    =         1.0279
 ------------------------------------------------------------------------------


 NSTEP =    50000   TIME(PS) =     300.000  TEMP(K) =   301.61  PRESS =     0.0
 Etot   =   -116513.7030  EKtot   =     20618.4102  EPtot      =   -137132.1132
 BOND   =       574.9387  ANGLE   =      1565.5536  DIHED      =       976.6504
 UB     =         0.0000  IMP     =         0.0000  CMAP       =       139.5539
 1-4 NB =       647.4531  1-4 EEL =      5854.0275  VDWAALS    =     16551.4059
 EELEC  =   -163609.9915  EHBOND  =         0.0000  RESTRAINT  =       168.2953
 EAMBER (non-restraint)  =   -137300.4085
 EKCMT  =         0.0000  VIRIAL  =         0.0000  VOLUME     =    333435.4759
                                                    Density    =         1.0328
 ------------------------------------------------------------------------------


 NSTEP =    55000   TIME(PS) =     310.000  TEMP(K) =   299.12  PRESS =     0.0
 Etot   =   -116928.4257  EKtot   =     20448.1406  EPtot      =   -137376.5663
 BOND   =       563.1934  ANGLE   =      1438.7201  DIHED      =       992.4090
 UB     =         0.0000  IMP     =         0.0000  CMAP       =       150.8881
 1-4 NB =       628.0631  1-4 EEL =      5871.5731  VDWAALS    =     16583.7714
 EELEC  =   -163784.2301  EHBOND  =         0.0000  RESTRAINT  =       179.0456
 EAMBER (non-restraint)  =   -137555.6119
 EKCMT  =         0.0000  VIRIAL  =         0.0000  VOLUME     =    333830.6074
                                                    Density    =         1.0316
 ------------------------------------------------------------------------------


 NSTEP =    60000   TIME(PS) =     320.000  TEMP(K) =   296.76  PRESS =     0.0
 Etot   =   -117042.1592  EKtot   =     20286.7441  EPtot      =   -137328.9033
 BOND   =       536.8876  ANGLE   =      1537.6295  DIHED      =       998.9809
 UB     =         0.0000  IMP     =         0.0000  CMAP       =       141.8747
 1-4 NB =       653.1429  1-4 EEL =      5844.3964  VDWAALS    =     16286.6202
 EELEC  =   -163489.6410  EHBOND  =         0.0000  RESTRAINT  =       161.2054
 EAMBER (non-restraint)  =   -137490.1088
 EKCMT  =         0.0000  VIRIAL  =         0.0000  VOLUME     =    333847.5161
                                                    Density    =         1.0315
 ------------------------------------------------------------------------------


 NSTEP =    65000   TIME(PS) =     330.000  TEMP(K) =   301.11  PRESS =     0.0
 Etot   =   -116727.7473  EKtot   =     20583.8008  EPtot      =   -137311.5481
 BOND   =       555.1949  ANGLE   =      1498.0132  DIHED      =       994.0191
 UB     =         0.0000  IMP     =         0.0000  CMAP       =       145.8848
 1-4 NB =       620.6260  1-4 EEL =      5859.6285  VDWAALS    =     16600.5780
 EELEC  =   -163756.8512  EHBOND  =         0.0000  RESTRAINT  =       171.3586
 EAMBER (non-restraint)  =   -137482.9067
 EKCMT  =         0.0000  VIRIAL  =         0.0000  VOLUME     =    335069.5116
                                                    Density    =         1.0278
 ------------------------------------------------------------------------------


 NSTEP =    70000   TIME(PS) =     340.000  TEMP(K) =   300.90  PRESS =     0.0
 Etot   =   -116832.1067  EKtot   =     20569.4512  EPtot      =   -137401.5579
 BOND   =       535.6053  ANGLE   =      1514.2460  DIHED      =      1016.5158
 UB     =         0.0000  IMP     =         0.0000  CMAP       =       141.3147
 1-4 NB =       640.8603  1-4 EEL =      5855.6178  VDWAALS    =     16455.4532
 EELEC  =   -163731.3664  EHBOND  =         0.0000  RESTRAINT  =       170.1954
 EAMBER (non-restraint)  =   -137571.7533
 EKCMT  =         0.0000  VIRIAL  =         0.0000  VOLUME     =    334764.2411
                                                    Density    =         1.0287
 ------------------------------------------------------------------------------


 NSTEP =    75000   TIME(PS) =     350.000  TEMP(K) =   300.96  PRESS =     0.0
 Etot   =   -116855.0957  EKtot   =     20573.8184  EPtot      =   -137428.9141
 BOND   =       570.6301  ANGLE   =      1512.5630  DIHED      =       997.0900
 UB     =         0.0000  IMP     =         0.0000  CMAP       =       145.0615
 1-4 NB =       638.2070  1-4 EEL =      5812.9513  VDWAALS    =     16259.7772
 EELEC  =   -163528.6816  EHBOND  =         0.0000  RESTRAINT  =       163.4875
 EAMBER (non-restraint)  =   -137592.4016
 EKCMT  =         0.0000  VIRIAL  =         0.0000  VOLUME     =    335748.2911
                                                    Density    =         1.0257
 ------------------------------------------------------------------------------


 NSTEP =    80000   TIME(PS) =     360.000  TEMP(K) =   301.43  PRESS =     0.0
 Etot   =   -116602.6179  EKtot   =     20606.1621  EPtot      =   -137208.7800
 BOND   =       550.4141  ANGLE   =      1536.9147  DIHED      =      1026.8190
 UB     =         0.0000  IMP     =         0.0000  CMAP       =       139.5247
 1-4 NB =       656.7706  1-4 EEL =      5877.7809  VDWAALS    =     16340.4146
 EELEC  =   -163497.1310  EHBOND  =         0.0000  RESTRAINT  =       159.7125
 EAMBER (non-restraint)  =   -137368.4925
 EKCMT  =         0.0000  VIRIAL  =         0.0000  VOLUME     =    334860.6665
                                                    Density    =         1.0284
 ------------------------------------------------------------------------------


 NSTEP =    85000   TIME(PS) =     370.000  TEMP(K) =   299.87  PRESS =     0.0
 Etot   =   -116970.7054  EKtot   =     20499.2617  EPtot      =   -137469.9671
 BOND   =       528.8026  ANGLE   =      1490.1507  DIHED      =      1009.3636
 UB     =         0.0000  IMP     =         0.0000  CMAP       =       148.5013
 1-4 NB =       640.5196  1-4 EEL =      5875.6612  VDWAALS    =     16392.9312
 EELEC  =   -163724.9890  EHBOND  =         0.0000  RESTRAINT  =       169.0918
 EAMBER (non-restraint)  =   -137639.0588
 EKCMT  =         0.0000  VIRIAL  =         0.0000  VOLUME     =    334753.2837
                                                    Density    =         1.0287
 ------------------------------------------------------------------------------


 NSTEP =    90000   TIME(PS) =     380.000  TEMP(K) =   298.43  PRESS =     0.0
 Etot   =   -117334.6776  EKtot   =     20400.7324  EPtot      =   -137735.4100
 BOND   =       550.8774  ANGLE   =      1529.8905  DIHED      =       993.7306
 UB     =         0.0000  IMP     =         0.0000  CMAP       =       137.0626
 1-4 NB =       632.5714  1-4 EEL =      5831.3826  VDWAALS    =     16873.6569
 EELEC  =   -164444.0370  EHBOND  =         0.0000  RESTRAINT  =       159.4549
 EAMBER (non-restraint)  =   -137894.8649
 EKCMT  =         0.0000  VIRIAL  =         0.0000  VOLUME     =    333942.7341
                                                    Density    =         1.0312
 ------------------------------------------------------------------------------


 NSTEP =    95000   TIME(PS) =     390.000  TEMP(K) =   300.35  PRESS =     0.0
 Etot   =   -116650.7803  EKtot   =     20531.9141  EPtot      =   -137182.6944
 BOND   =       611.3986  ANGLE   =      1474.0687  DIHED      =       998.4067
 UB     =         0.0000  IMP     =         0.0000  CMAP       =       138.9865
 1-4 NB =       618.3428  1-4 EEL =      5810.9092  VDWAALS    =     16305.7441
 EELEC  =   -163305.4951  EHBOND  =         0.0000  RESTRAINT  =       164.9442
 EAMBER (non-restraint)  =   -137347.6386
 EKCMT  =         0.0000  VIRIAL  =         0.0000  VOLUME     =    334260.1798
                                                    Density    =         1.0302
 ------------------------------------------------------------------------------


 NSTEP =   100000   TIME(PS) =     400.000  TEMP(K) =   298.93  PRESS =     0.0
 Etot   =   -116868.8668  EKtot   =     20435.1172  EPtot      =   -137303.9840
 BOND   =       581.8272  ANGLE   =      1511.0284  DIHED      =      1013.2530
 UB     =         0.0000  IMP     =         0.0000  CMAP       =       135.9255
 1-4 NB =       647.8850  1-4 EEL =      5840.9031  VDWAALS    =     16376.0964
 EELEC  =   -163575.2812  EHBOND  =         0.0000  RESTRAINT  =       164.3786
 EAMBER (non-restraint)  =   -137468.3626
 EKCMT  =         0.0000  VIRIAL  =         0.0000  VOLUME     =    334890.9331
                                                    Density    =         1.0283
 ------------------------------------------------------------------------------


 NSTEP =   105000   TIME(PS) =     410.000  TEMP(K) =   299.46  PRESS =     0.0
 Etot   =   -116939.5144  EKtot   =     20471.2500  EPtot      =   -137410.7644
 BOND   =       582.9207  ANGLE   =      1520.4194  DIHED      =       987.4143
 UB     =         0.0000  IMP     =         0.0000  CMAP       =       145.1572
 1-4 NB =       612.1112  1-4 EEL =      5841.8977  VDWAALS    =     16438.7612
 EELEC  =   -163716.8052  EHBOND  =         0.0000  RESTRAINT  =       177.3592
 EAMBER (non-restraint)  =   -137588.1235
 EKCMT  =         0.0000  VIRIAL  =         0.0000  VOLUME     =    335358.0347
                                                    Density    =         1.0269
 ------------------------------------------------------------------------------


 NSTEP =   110000   TIME(PS) =     420.000  TEMP(K) =   299.49  PRESS =     0.0
 Etot   =   -116845.6686  EKtot   =     20472.9688  EPtot      =   -137318.6374
 BOND   =       529.1166  ANGLE   =      1496.3758  DIHED      =      1001.8171
 UB     =         0.0000  IMP     =         0.0000  CMAP       =       137.3450
 1-4 NB =       646.2088  1-4 EEL =      5853.1409  VDWAALS    =     16588.7589
 EELEC  =   -163738.9513  EHBOND  =         0.0000  RESTRAINT  =       167.5508
 EAMBER (non-restraint)  =   -137486.1882
 EKCMT  =         0.0000  VIRIAL  =         0.0000  VOLUME     =    334844.2359
                                                    Density    =         1.0284
 ------------------------------------------------------------------------------


 NSTEP =   115000   TIME(PS) =     430.000  TEMP(K) =   302.22  PRESS =     0.0
 Etot   =   -116708.6286  EKtot   =     20660.1699  EPtot      =   -137368.7985
 BOND   =       556.6291  ANGLE   =      1501.4989  DIHED      =       989.8019
 UB     =         0.0000  IMP     =         0.0000  CMAP       =       145.7235
 1-4 NB =       637.3668  1-4 EEL =      5791.0451  VDWAALS    =     16407.6526
 EELEC  =   -163553.9937  EHBOND  =         0.0000  RESTRAINT  =       155.4773
 EAMBER (non-restraint)  =   -137524.2758
 EKCMT  =         0.0000  VIRIAL  =         0.0000  VOLUME     =    335518.3496
                                                    Density    =         1.0264
 ------------------------------------------------------------------------------


 NSTEP =   120000   TIME(PS) =     440.000  TEMP(K) =   297.18  PRESS =     0.0
 Etot   =   -117065.8261  EKtot   =     20315.1816  EPtot      =   -137381.0077
 BOND   =       537.1096  ANGLE   =      1452.7174  DIHED      =       973.4805
 UB     =         0.0000  IMP     =         0.0000  CMAP       =       143.1238
 1-4 NB =       628.1902  1-4 EEL =      5852.4632  VDWAALS    =     16390.2115
 EELEC  =   -163540.9302  EHBOND  =         0.0000  RESTRAINT  =       182.6262
 EAMBER (non-restraint)  =   -137563.6339
 EKCMT  =         0.0000  VIRIAL  =         0.0000  VOLUME     =    334497.8904
                                                    Density    =         1.0295
 ------------------------------------------------------------------------------


 NSTEP =   125000   TIME(PS) =     450.000  TEMP(K) =   300.36  PRESS =     0.0
 Etot   =   -116800.3457  EKtot   =     20532.3926  EPtot      =   -137332.7383
 BOND   =       567.8293  ANGLE   =      1510.6150  DIHED      =       991.9444
 UB     =         0.0000  IMP     =         0.0000  CMAP       =       142.8627
 1-4 NB =       647.2462  1-4 EEL =      5795.3291  VDWAALS    =     16455.0957
 EELEC  =   -163616.5346  EHBOND  =         0.0000  RESTRAINT  =       172.8738
 EAMBER (non-restraint)  =   -137505.6121
 EKCMT  =         0.0000  VIRIAL  =         0.0000  VOLUME     =    333868.8622
                                                    Density    =         1.0315
 ------------------------------------------------------------------------------


 NSTEP =   130000   TIME(PS) =     460.000  TEMP(K) =   300.98  PRESS =     0.0
 Etot   =   -116903.3304  EKtot   =     20575.1387  EPtot      =   -137478.4691
 BOND   =       537.9911  ANGLE   =      1460.4733  DIHED      =      1004.2401
 UB     =         0.0000  IMP     =         0.0000  CMAP       =       133.0760
 1-4 NB =       653.7132  1-4 EEL =      5814.0853  VDWAALS    =     16375.8414
 EELEC  =   -163622.4161  EHBOND  =         0.0000  RESTRAINT  =       164.5266
 EAMBER (non-restraint)  =   -137642.9957
 EKCMT  =         0.0000  VIRIAL  =         0.0000  VOLUME     =    333884.6111
                                                    Density    =         1.0314
 ------------------------------------------------------------------------------


 NSTEP =   135000   TIME(PS) =     470.000  TEMP(K) =   300.08  PRESS =     0.0
 Etot   =   -117013.8625  EKtot   =     20513.4863  EPtot      =   -137527.3489
 BOND   =       540.6704  ANGLE   =      1463.9059  DIHED      =       997.2350
 UB     =         0.0000  IMP     =         0.0000  CMAP       =       138.4300
 1-4 NB =       638.1990  1-4 EEL =      5793.0119  VDWAALS    =     16422.0423
 EELEC  =   -163672.7399  EHBOND  =         0.0000  RESTRAINT  =       151.8966
 EAMBER (non-restraint)  =   -137679.2454
 EKCMT  =         0.0000  VIRIAL  =         0.0000  VOLUME     =    334583.7899
                                                    Density    =         1.0292
 ------------------------------------------------------------------------------


 NSTEP =   140000   TIME(PS) =     480.000  TEMP(K) =   294.96  PRESS =     0.0
 Etot   =   -117261.3376  EKtot   =     20163.7344  EPtot      =   -137425.0720
 BOND   =       562.1520  ANGLE   =      1509.2852  DIHED      =       988.5866
 UB     =         0.0000  IMP     =         0.0000  CMAP       =       144.4107
 1-4 NB =       622.1655  1-4 EEL =      5826.5769  VDWAALS    =     16446.2745
 EELEC  =   -163687.5079  EHBOND  =         0.0000  RESTRAINT  =       162.9845
 EAMBER (non-restraint)  =   -137588.0565
 EKCMT  =         0.0000  VIRIAL  =         0.0000  VOLUME     =    334928.3334
                                                    Density    =         1.0282
 ------------------------------------------------------------------------------


 NSTEP =   145000   TIME(PS) =     490.000  TEMP(K) =   301.94  PRESS =     0.0
 Etot   =   -116560.1963  EKtot   =     20640.4785  EPtot      =   -137200.6748
 BOND   =       561.0238  ANGLE   =      1473.2005  DIHED      =       986.1622
 UB     =         0.0000  IMP     =         0.0000  CMAP       =       143.8760
 1-4 NB =       627.9643  1-4 EEL =      5842.3676  VDWAALS    =     16376.7698
 EELEC  =   -163366.8070  EHBOND  =         0.0000  RESTRAINT  =       154.7679
 EAMBER (non-restraint)  =   -137355.4427
 EKCMT  =         0.0000  VIRIAL  =         0.0000  VOLUME     =    335008.0402
                                                    Density    =         1.0279
 ------------------------------------------------------------------------------


 NSTEP =   150000   TIME(PS) =     500.000  TEMP(K) =   300.87  PRESS =     0.0
 Etot   =   -116581.5309  EKtot   =     20567.9043  EPtot      =   -137149.4351
 BOND   =       565.7315  ANGLE   =      1504.0533  DIHED      =      1014.7545
 UB     =         0.0000  IMP     =         0.0000  CMAP       =       150.4101
 1-4 NB =       640.5519  1-4 EEL =      5798.6402  VDWAALS    =     16205.2612
 EELEC  =   -163203.5216  EHBOND  =         0.0000  RESTRAINT  =       174.6838
 EAMBER (non-restraint)  =   -137324.1189
 EKCMT  =         0.0000  VIRIAL  =         0.0000  VOLUME     =    334992.3339
                                                    Density    =         1.0280
 ------------------------------------------------------------------------------


 NSTEP =   155000   TIME(PS) =     510.000  TEMP(K) =   299.75  PRESS =     0.0
 Etot   =   -116944.2462  EKtot   =     20490.7500  EPtot      =   -137434.9962
 BOND   =       558.1517  ANGLE   =      1458.2482  DIHED      =      1011.7418
 UB     =         0.0000  IMP     =         0.0000  CMAP       =       142.6757
 1-4 NB =       645.7887  1-4 EEL =      5868.0329  VDWAALS    =     16347.8284
 EELEC  =   -163628.2985  EHBOND  =         0.0000  RESTRAINT  =       160.8350
 EAMBER (non-restraint)  =   -137595.8312
 EKCMT  =         0.0000  VIRIAL  =         0.0000  VOLUME     =    334780.1114
                                                    Density    =         1.0286
 ------------------------------------------------------------------------------


 NSTEP =   160000   TIME(PS) =     520.000  TEMP(K) =   299.59  PRESS =     0.0
 Etot   =   -116699.2278  EKtot   =     20480.2793  EPtot      =   -137179.5071
 BOND   =       554.9762  ANGLE   =      1487.7418  DIHED      =       999.5785
 UB     =         0.0000  IMP     =         0.0000  CMAP       =       150.1345
 1-4 NB =       638.0670  1-4 EEL =      5865.3207  VDWAALS    =     16181.5395
 EELEC  =   -163208.1876  EHBOND  =         0.0000  RESTRAINT  =       151.3223
 EAMBER (non-restraint)  =   -137330.8293
 EKCMT  =         0.0000  VIRIAL  =         0.0000  VOLUME     =    334116.1477
                                                    Density    =         1.0307
 ------------------------------------------------------------------------------


 NSTEP =   165000   TIME(PS) =     530.000  TEMP(K) =   299.99  PRESS =     0.0
 Etot   =   -117184.2919  EKtot   =     20507.5195  EPtot      =   -137691.8114
 BOND   =       594.7688  ANGLE   =      1526.6883  DIHED      =       977.4198
 UB     =         0.0000  IMP     =         0.0000  CMAP       =       143.4607
 1-4 NB =       627.4267  1-4 EEL =      5831.9393  VDWAALS    =     16609.4577
 EELEC  =   -164159.3756  EHBOND  =         0.0000  RESTRAINT  =       156.4029
 EAMBER (non-restraint)  =   -137848.2144
 EKCMT  =         0.0000  VIRIAL  =         0.0000  VOLUME     =    334233.9268
                                                    Density    =         1.0303
 ------------------------------------------------------------------------------


 NSTEP =   170000   TIME(PS) =     540.000  TEMP(K) =   300.97  PRESS =     0.0
 Etot   =   -116532.9167  EKtot   =     20574.6074  EPtot      =   -137107.5241
 BOND   =       561.2443  ANGLE   =      1549.0841  DIHED      =       970.9099
 UB     =         0.0000  IMP     =         0.0000  CMAP       =       144.6973
 1-4 NB =       632.3975  1-4 EEL =      5795.8317  VDWAALS    =     16078.4675
 EELEC  =   -163006.5514  EHBOND  =         0.0000  RESTRAINT  =       166.3950
 EAMBER (non-restraint)  =   -137273.9191
 EKCMT  =         0.0000  VIRIAL  =         0.0000  VOLUME     =    334761.2946
                                                    Density    =         1.0287
 ------------------------------------------------------------------------------


 NSTEP =   175000   TIME(PS) =     550.000  TEMP(K) =   300.11  PRESS =     0.0
 Etot   =   -117046.7099  EKtot   =     20515.8984  EPtot      =   -137562.6084
 BOND   =       554.8594  ANGLE   =      1497.0581  DIHED      =      1003.2227
 UB     =         0.0000  IMP     =         0.0000  CMAP       =       141.4565
 1-4 NB =       625.5093  1-4 EEL =      5779.7739  VDWAALS    =     16727.7597
 EELEC  =   -164049.4716  EHBOND  =         0.0000  RESTRAINT  =       157.2237
 EAMBER (non-restraint)  =   -137719.8320
 EKCMT  =         0.0000  VIRIAL  =         0.0000  VOLUME     =    336471.4078
                                                    Density    =         1.0235
 ------------------------------------------------------------------------------


 NSTEP =   180000   TIME(PS) =     560.000  TEMP(K) =   295.70  PRESS =     0.0
 Etot   =   -117073.7570  EKtot   =     20214.2129  EPtot      =   -137287.9699
 BOND   =       580.2952  ANGLE   =      1503.7988  DIHED      =       991.4388
 UB     =         0.0000  IMP     =         0.0000  CMAP       =       153.0006
 1-4 NB =       639.1565  1-4 EEL =      5808.8553  VDWAALS    =     16371.2426
 EELEC  =   -163491.8524  EHBOND  =         0.0000  RESTRAINT  =       156.0946
 EAMBER (non-restraint)  =   -137444.0645
 EKCMT  =         0.0000  VIRIAL  =         0.0000  VOLUME     =    334153.9668
                                                    Density    =         1.0306
 ------------------------------------------------------------------------------


 NSTEP =   185000   TIME(PS) =     570.000  TEMP(K) =   300.83  PRESS =     0.0
 Etot   =   -116765.5436  EKtot   =     20565.1562  EPtot      =   -137330.6999
 BOND   =       552.4249  ANGLE   =      1486.2469  DIHED      =       985.9635
 UB     =         0.0000  IMP     =         0.0000  CMAP       =       143.0575
 1-4 NB =       639.9700  1-4 EEL =      5841.5273  VDWAALS    =     16549.9834
 EELEC  =   -163693.2510  EHBOND  =         0.0000  RESTRAINT  =       163.3775
 EAMBER (non-restraint)  =   -137494.0774
 EKCMT  =         0.0000  VIRIAL  =         0.0000  VOLUME     =    333298.3453
                                                    Density    =         1.0332
 ------------------------------------------------------------------------------


 NSTEP =   190000   TIME(PS) =     580.000  TEMP(K) =   300.68  PRESS =     0.0
 Etot   =   -116800.8755  EKtot   =     20554.6660  EPtot      =   -137355.5415
 BOND   =       525.8480  ANGLE   =      1511.9876  DIHED      =       969.1366
 UB     =         0.0000  IMP     =         0.0000  CMAP       =       144.4948
 1-4 NB =       655.3044  1-4 EEL =      5863.5100  VDWAALS    =     16313.3424
 EELEC  =   -163505.4775  EHBOND  =         0.0000  RESTRAINT  =       166.3122
 EAMBER (non-restraint)  =   -137521.8537
 EKCMT  =         0.0000  VIRIAL  =         0.0000  VOLUME     =    334231.7934
                                                    Density    =         1.0303
 ------------------------------------------------------------------------------


 NSTEP =   195000   TIME(PS) =     590.000  TEMP(K) =   300.07  PRESS =     0.0
 Etot   =   -116574.1718  EKtot   =     20512.8555  EPtot      =   -137087.0273
 BOND   =       558.3961  ANGLE   =      1547.2729  DIHED      =      1009.4032
 UB     =         0.0000  IMP     =         0.0000  CMAP       =       135.9604
 1-4 NB =       632.6505  1-4 EEL =      5814.6958  VDWAALS    =     16288.0700
 EELEC  =   -163254.4343  EHBOND  =         0.0000  RESTRAINT  =       180.9582
 EAMBER (non-restraint)  =   -137267.9855
 EKCMT  =         0.0000  VIRIAL  =         0.0000  VOLUME     =    333937.4579
                                                    Density    =         1.0312
 ------------------------------------------------------------------------------


 NSTEP =   200000   TIME(PS) =     600.000  TEMP(K) =   299.34  PRESS =     0.0
 Etot   =   -116649.6133  EKtot   =     20462.8457  EPtot      =   -137112.4590
 BOND   =       576.2324  ANGLE   =      1537.9386  DIHED      =      1004.9904
 UB     =         0.0000  IMP     =         0.0000  CMAP       =       147.6081
 1-4 NB =       630.6136  1-4 EEL =      5833.2778  VDWAALS    =     16584.8086
 EELEC  =   -163587.6706  EHBOND  =         0.0000  RESTRAINT  =       159.7421
 EAMBER (non-restraint)  =   -137272.2011
 EKCMT  =         0.0000  VIRIAL  =         0.0000  VOLUME     =    335181.6321
                                                    Density    =         1.0274
 ------------------------------------------------------------------------------


 NSTEP =   205000   TIME(PS) =     610.000  TEMP(K) =   297.72  PRESS =     0.0
 Etot   =   -116988.3376  EKtot   =     20351.9238  EPtot      =   -137340.2614
 BOND   =       558.0454  ANGLE   =      1522.4218  DIHED      =       951.9742
 UB     =         0.0000  IMP     =         0.0000  CMAP       =       141.0739
 1-4 NB =       634.0022  1-4 EEL =      5809.6088  VDWAALS    =     16243.8424
 EELEC  =   -163366.6835  EHBOND  =         0.0000  RESTRAINT  =       165.4533
 EAMBER (non-restraint)  =   -137505.7147
 EKCMT  =         0.0000  VIRIAL  =         0.0000  VOLUME     =    333574.9071
                                                    Density    =         1.0324
 ------------------------------------------------------------------------------


 NSTEP =   210000   TIME(PS) =     620.000  TEMP(K) =   297.24  PRESS =     0.0
 Etot   =   -117332.9676  EKtot   =     20319.3691  EPtot      =   -137652.3368
 BOND   =       573.8951  ANGLE   =      1509.2916  DIHED      =       979.3101
 UB     =         0.0000  IMP     =         0.0000  CMAP       =       142.9797
 1-4 NB =       643.9735  1-4 EEL =      5836.0518  VDWAALS    =     16679.5130
 EELEC  =   -164180.0098  EHBOND  =         0.0000  RESTRAINT  =       162.6582
 EAMBER (non-restraint)  =   -137814.9950
 EKCMT  =         0.0000  VIRIAL  =         0.0000  VOLUME     =    333937.2307
                                                    Density    =         1.0312
 ------------------------------------------------------------------------------


 NSTEP =   215000   TIME(PS) =     630.000  TEMP(K) =   298.24  PRESS =     0.0
 Etot   =   -117306.3233  EKtot   =     20387.8730  EPtot      =   -137694.1963
 BOND   =       558.5224  ANGLE   =      1472.3726  DIHED      =      1004.0277
 UB     =         0.0000  IMP     =         0.0000  CMAP       =       143.1745
 1-4 NB =       639.1124  1-4 EEL =      5869.6034  VDWAALS    =     16261.5247
 EELEC  =   -163799.7080  EHBOND  =         0.0000  RESTRAINT  =       157.1740
 EAMBER (non-restraint)  =   -137851.3703
 EKCMT  =         0.0000  VIRIAL  =         0.0000  VOLUME     =    335782.6977
                                                    Density    =         1.0256
 ------------------------------------------------------------------------------


 NSTEP =   220000   TIME(PS) =     640.000  TEMP(K) =   296.18  PRESS =     0.0
 Etot   =   -117253.2255  EKtot   =     20246.9863  EPtot      =   -137500.2119
 BOND   =       530.1520  ANGLE   =      1532.5638  DIHED      =       981.1595
 UB     =         0.0000  IMP     =         0.0000  CMAP       =       144.1053
 1-4 NB =       627.4283  1-4 EEL =      5866.9926  VDWAALS    =     16090.2530
 EELEC  =   -163429.6423  EHBOND  =         0.0000  RESTRAINT  =       156.7759
 EAMBER (non-restraint)  =   -137656.9878
 EKCMT  =         0.0000  VIRIAL  =         0.0000  VOLUME     =    334058.5141
                                                    Density    =         1.0309
 ------------------------------------------------------------------------------


 NSTEP =   225000   TIME(PS) =     650.000  TEMP(K) =   301.45  PRESS =     0.0
 Etot   =   -116554.1266  EKtot   =     20607.3496  EPtot      =   -137161.4762
 BOND   =       543.5340  ANGLE   =      1528.6509  DIHED      =       996.3006
 UB     =         0.0000  IMP     =         0.0000  CMAP       =       150.5552
 1-4 NB =       640.4280  1-4 EEL =      5870.1184  VDWAALS    =     16395.9500
 EELEC  =   -163445.4390  EHBOND  =         0.0000  RESTRAINT  =       158.4255
 EAMBER (non-restraint)  =   -137319.9017
 EKCMT  =         0.0000  VIRIAL  =         0.0000  VOLUME     =    333327.8279
                                                    Density    =         1.0331
 ------------------------------------------------------------------------------


 NSTEP =   230000   TIME(PS) =     660.000  TEMP(K) =   298.27  PRESS =     0.0
 Etot   =   -117141.6294  EKtot   =     20389.7363  EPtot      =   -137531.3658
 BOND   =       555.5007  ANGLE   =      1466.4127  DIHED      =       998.7051
 UB     =         0.0000  IMP     =         0.0000  CMAP       =       147.2470
 1-4 NB =       630.1049  1-4 EEL =      5821.3922  VDWAALS    =     16408.4294
 EELEC  =   -163724.2078  EHBOND  =         0.0000  RESTRAINT  =       165.0501
 EAMBER (non-restraint)  =   -137696.4158
 EKCMT  =         0.0000  VIRIAL  =         0.0000  VOLUME     =    334922.0645
                                                    Density    =         1.0282
 ------------------------------------------------------------------------------


 NSTEP =   235000   TIME(PS) =     670.000  TEMP(K) =   300.66  PRESS =     0.0
 Etot   =   -116915.5106  EKtot   =     20553.0586  EPtot      =   -137468.5692
 BOND   =       526.4626  ANGLE   =      1517.8386  DIHED      =       989.2591
 UB     =         0.0000  IMP     =         0.0000  CMAP       =       147.3614
 1-4 NB =       628.0618  1-4 EEL =      5862.6763  VDWAALS    =     16532.4166
 EELEC  =   -163829.0432  EHBOND  =         0.0000  RESTRAINT  =       156.3976
 EAMBER (non-restraint)  =   -137624.9668
 EKCMT  =         0.0000  VIRIAL  =         0.0000  VOLUME     =    333940.9011
                                                    Density    =         1.0312
 ------------------------------------------------------------------------------


 NSTEP =   240000   TIME(PS) =     680.000  TEMP(K) =   300.35  PRESS =     0.0
 Etot   =   -117113.1791  EKtot   =     20532.3730  EPtot      =   -137645.5522
 BOND   =       577.2961  ANGLE   =      1510.8053  DIHED      =       980.5552
 UB     =         0.0000  IMP     =         0.0000  CMAP       =       149.9507
 1-4 NB =       622.4921  1-4 EEL =      5813.5652  VDWAALS    =     16721.2892
 EELEC  =   -164173.0294  EHBOND  =         0.0000  RESTRAINT  =       151.5234
 EAMBER (non-restraint)  =   -137797.0756
 EKCMT  =         0.0000  VIRIAL  =         0.0000  VOLUME     =    334447.0824
                                                    Density    =         1.0297
 ------------------------------------------------------------------------------


 NSTEP =   245000   TIME(PS) =     690.000  TEMP(K) =   301.68  PRESS =     0.0
 Etot   =   -116759.6527  EKtot   =     20623.1914  EPtot      =   -137382.8441
 BOND   =       554.5044  ANGLE   =      1533.9665  DIHED      =      1011.4924
 UB     =         0.0000  IMP     =         0.0000  CMAP       =       142.7145
 1-4 NB =       627.3920  1-4 EEL =      5795.8305  VDWAALS    =     16366.9964
 EELEC  =   -163582.9008  EHBOND  =         0.0000  RESTRAINT  =       167.1602
 EAMBER (non-restraint)  =   -137550.0043
 EKCMT  =         0.0000  VIRIAL  =         0.0000  VOLUME     =    334619.3436
                                                    Density    =         1.0291
 ------------------------------------------------------------------------------


 NSTEP =   250000   TIME(PS) =     700.000  TEMP(K) =   299.98  PRESS =     0.0
 Etot   =   -117044.4918  EKtot   =     20506.7539  EPtot      =   -137551.2457
 BOND   =       569.6515  ANGLE   =      1527.6654  DIHED      =       981.4413
 UB     =         0.0000  IMP     =         0.0000  CMAP       =       141.7084
 1-4 NB =       640.6099  1-4 EEL =      5833.7633  VDWAALS    =     16272.5911
 EELEC  =   -163686.1379  EHBOND  =         0.0000  RESTRAINT  =       167.4612
 EAMBER (non-restraint)  =   -137718.7069
 EKCMT  =         0.0000  VIRIAL  =         0.0000  VOLUME     =    337476.4761
                                                    Density    =         1.0204
 ------------------------------------------------------------------------------


      A V E R A G E S   O V E R      50 S T E P S


 NSTEP =   250000   TIME(PS) =     700.000  TEMP(K) =   299.77  PRESS =     0.0
 Etot   =   -116848.6370  EKtot   =     20492.7012  EPtot      =   -137341.3383
 BOND   =       556.1205  ANGLE   =      1505.1720  DIHED      =       992.6966
 UB     =         0.0000  IMP     =         0.0000  CMAP       =       143.3070
 1-4 NB =       637.7091  1-4 EEL =      5837.1849  VDWAALS    =     16426.7053
 EELEC  =   -163603.4559  EHBOND  =         0.0000  RESTRAINT  =       163.2222
 EAMBER (non-restraint)  =   -137504.5605
 EKCMT  =         0.0000  VIRIAL  =         0.0000  VOLUME     =    335147.2535
                                                    Density    =         1.0276
 ------------------------------------------------------------------------------


      R M S  F L U C T U A T I O N S


 NSTEP =   250000   TIME(PS) =     700.000  TEMP(K) =     1.77  PRESS =     0.0
 Etot   =       250.3871  EKtot   =       121.0413  EPtot      =       188.8220
 BOND   =        19.9304  ANGLE   =        28.5300  DIHED      =        15.4763
 UB     =         0.0000  IMP     =         0.0000  CMAP       =         4.6122
 1-4 NB =        10.8110  1-4 EEL =        27.5816  VDWAALS    =       164.6714
 EELEC  =       280.1217  EHBOND  =         0.0000  RESTRAINT  =         8.7122
 EAMBER (non-restraint)  =       180.1099
 EKCMT  =         0.0000  VIRIAL  =         0.0000  VOLUME     =      2492.4777
                                                    Density    =         0.0074
 ------------------------------------------------------------------------------

| MC Barostat:       2500 volume changes attempted.
| MC Barostat:        762 changes successful ( 30.48%)
 ------------------------------------------------------------------------------

--------------------------------------------------------------------------------
   5.  TIMINGS
--------------------------------------------------------------------------------

|  NonSetup CPU Time in Major Routines:
|
|     Routine           Sec        %
|     ------------------------------
|     Nonbond          10.68   11.19
|     Bond              0.00    0.00
|     Angle             0.00    0.00
|     Dihedral          0.00    0.00
|     Shake             1.08    1.13
|     RunMD            81.37   85.25
|     Other             2.32    2.43
|     ------------------------------
|     Total            95.46

|  PME Nonbond Pairlist CPU Time:
|
|     Routine              Sec        %
|     ---------------------------------
|     Set Up Cit           0.00    0.00
|     Build List           0.00    0.00
|     ---------------------------------
|     Total                0.00    0.00

|  PME Direct Force CPU Time:
|
|     Routine              Sec        %
|     ---------------------------------
|     NonBonded Calc       0.00    0.00
|     Exclude Masked       0.00    0.00
|     Other                0.37    0.39
|     ---------------------------------
|     Total                0.37    0.39

|  PME Reciprocal Force CPU Time:
|
|     Routine              Sec        %
|     ---------------------------------
|     1D bspline           0.00    0.00
|     Grid Charges         0.00    0.00
|     Scalar Sum           0.00    0.00
|     Gradient Sum         0.00    0.00
|     FFT                  0.00    0.00
|     ---------------------------------
|     Total                0.00    0.00

|  Final Performance Info:
|     -----------------------------------------------------
|     Average timings for last   90000 steps:
|     Elapsed(s) =      34.57 Per Step(ms) =       0.38
|         ns/day =     449.88   seconds/ns =     192.05
|
|     Average timings for all steps:
|     Elapsed(s) =      95.78 Per Step(ms) =       0.38
|         ns/day =     451.05   seconds/ns =     191.55
|     -----------------------------------------------------

|  Setup CPU time:            0.54 seconds
|  NonSetup CPU time:        95.46 seconds
|  Total CPU time:           96.00 seconds     0.03 hours

|  Setup wall time:           1    seconds
|  NonSetup wall time:       96    seconds
|  Total wall time:          97    seconds     0.03 hours
